157.55.32.84 - - [06/Sep/2013:09:58:09 +0800] "GET / HTTP/1.1" 302 72 "-" "Mozilla/5.0 (compatible; bingbot/2.0; +http://www.bing.com/bingbot.htm)"
5.10.83.2 - - [06/Sep/2013:09:59:51 +0800] "GET /clothing-5/news/article-8895/ HTTP/1.1" 500 3634 "-" "Mozilla/5.0 (compatible; AhrefsBot/5.0; +http://ahrefs.com/robot/)"
123.125.71.100 - - [06/Sep/2013:10:18:08 +0800] "GET /jingpin-9/news/article-138785/ HTTP/1.1" 500 3634 "-" "Mozilla/5.0 (compatible; Baiduspider/2.0; +http://www.baidu.com/search/spider.html)"
5.10.83.70 - - [06/Sep/2013:10:30:43 +0800] "GET /jingpin-9/news/sort-53/ HTTP/1.1" 500 3633 "-" "Mozilla/5.0 (compatible; AhrefsBot/5.0; +http://ahrefs.com/robot/)"
5.10.83.100 - - [06/Sep/2013:11:27:54 +0800] "GET /clothing-5/news/article-138596/ HTTP/1.1" 500 3634 "-" "Mozilla/5.0 (compatible; AhrefsBot/5.0; +http://ahrefs.com/robot/)"
123.125.71.115 - - [06/Sep/2013:11:28:50 +0800] "GET /robots.txt HTTP/1.1" 404 194 "-" "Mozilla/5.0 (compatible; Baiduspider/2.0; +http://www.baidu.com/search/spider.html)"
101.226.168.249 - - [06/Sep/2013:12:30:09 +0800] "GET /Clothing-5/news/article-8887-page1/ HTTP/1.1" 500 4384 "http://clothing.ding9.com/Clothing-5/news/article-8887-page1/" "Mozilla/4.0 (compatible; MSIE 8.0; Windows NT 6.1; Trident/4.0; SLCC2; .NET CLR 2.0.50727; .NET CLR 3.5.30729; .NET CLR 3.0.30729; Media Center PC 6.0; MDDR; .NET4.0C; .NET4.0E; .NET CLR 1.1.4322; Tablet PC 2.0); 360Spider"
101.226.168.249 - - [06/Sep/2013:12:30:10 +0800] "GET /clothing-5/news/article-8885-page6/ HTTP/1.1" 500 4384 "http://clothing.ding9.com/clothing-5/news/article-8885-page6/" "Mozilla/4.0 (compatible; MSIE 8.0; Windows NT 6.1; Trident/4.0; SLCC2; .NET CLR 2.0.50727; .NET CLR 3.5.30729; .NET CLR 3.0.30729; Media Center PC 6.0; MDDR; .NET4.0C; .NET4.0E; .NET CLR 1.1.4322; Tablet PC 2.0); 360Spider"
208.115.113.84 - - [06/Sep/2013:13:59:23 +0800] "GET /robots.txt HTTP/1.1" 404 194 "-" "Mozilla/5.0 (compatible; Ezooms/1.0; ezooms.bot@gmail.com)"
220.181.89.184 - - [06/Sep/2013:14:36:35 +0800] "GET /Mobile-6/news/article-138558-page5/ HTTP/1.1" 500 3634 "-" "Sogou web spider/4.0(+http://www.sogou.com/docs/help/webmasters.htm#07)"
220.181.89.184 - - [06/Sep/2013:14:38:23 +0800] "GET /jewelry-9/news/article-138783-page2/ HTTP/1.1" 500 3634 "-" "Sogou web spider/4.0(+http://www.sogou.com/docs/help/webmasters.htm#07)"
220.181.89.184 - - [06/Sep/2013:14:40:36 +0800] "GET /Clothing-5/news/article-8890-page2/ HTTP/1.1" 500 3634 "-" "Sogou web spider/4.0(+http://www.sogou.com/docs/help/webmasters.htm#07)"
123.125.71.42 - - [06/Sep/2013:14:44:26 +0800] "GET /index.htm HTTP/1.1" 200 28578 "-" "Mozilla/5.0 (compatible; Baiduspider/2.0; +http://www.baidu.com/search/spider.html)"
123.125.71.55 - - [06/Sep/2013:14:44:26 +0800] "GET / HTTP/1.1" 302 73 "-" "Mozilla/5.0 (compatible; Baiduspider/2.0; +http://www.baidu.com/search/spider.html)"
123.125.71.31 - - [06/Sep/2013:14:44:30 +0800] "GET /index.htm HTTP/1.1" 200 28578 "-" "Mozilla/5.0 (compatible; Baiduspider/2.0; +http://www.baidu.com/search/spider.html)"
220.181.89.184 - - [06/Sep/2013:14:46:23 +0800] "GET /Mobile-6/news/article-138617-page3/ HTTP/1.1" 500 3634 "-" "Sogou web spider/4.0(+http://www.sogou.com/docs/help/webmasters.htm#07)"
220.181.108.79 - - [06/Sep/2013:14:50:46 +0800] "GET /clothing-5/news/article-8898/ HTTP/1.1" 500 3634 "-" "Mozilla/5.0 (compatible; Baiduspider/2.0; +http://www.baidu.com/search/spider.html)"
220.181.89.184 - - [06/Sep/2013:14:52:52 +0800] "GET /Clothing-5/news/article-8899-page4/ HTTP/1.1" 500 3634 "-" "Sogou web spider/4.0(+http://www.sogou.com/docs/help/webmasters.htm#07)"
220.181.89.184 - - [06/Sep/2013:14:55:08 +0800] "GET /Jewelry-9/news/article-138632-page1/ HTTP/1.1" 500 3634 "-" "Sogou web spider/4.0(+http://www.sogou.com/docs/help/webmasters.htm#07)"
220.181.108.104 - - [06/Sep/2013:14:57:07 +0800] "GET /clothing-5/news/article-8900/ HTTP/1.1" 500 3634 "-" "Mozilla/5.0 (compatible; Baiduspider/2.0; +http://www.baidu.com/search/spider.html)"
220.181.89.184 - - [06/Sep/2013:14:58:12 +0800] "GET /news/news-info.do?article_id=138599&prso_id_one=9&prso_name_one_en=&current_page=1 HTTP/1.1" 500 3183 "-" "Sogou web spider/4.0(+http://www.sogou.com/docs/help/webmasters.htm#07)"
220.181.89.184 - - [06/Sep/2013:15:02:04 +0800] "GET /news/news-info.do?article_id=8902&prso_id_one=9&prso_name_one_en= HTTP/1.1" 500 3183 "-" "Sogou web spider/4.0(+http://www.sogou.com/docs/help/webmasters.htm#07)"
123.125.71.115 - - [06/Sep/2013:15:03:32 +0800] "GET /clothing-5/news/article-138595/ HTTP/1.1" 500 3634 "-" "Mozilla/5.0 (compatible; Baiduspider/2.0; +http://www.baidu.com/search/spider.html)"
220.181.89.184 - - [06/Sep/2013:15:07:05 +0800] "GET /Mobile-6/news/article-138558-page5/ HTTP/1.1" 500 3634 "-" "Sogou web spider/4.0(+http://www.sogou.com/docs/help/webmasters.htm#07)"
220.181.89.184 - - [06/Sep/2013:15:09:13 +0800] "GET /jewelry-9/news/article-138783-page2/ HTTP/1.1" 500 3634 "-" "Sogou web spider/4.0(+http://www.sogou.com/docs/help/webmasters.htm#07)"
220.181.108.89 - - [06/Sep/2013:15:09:50 +0800] "GET /clothing-5/news/article-138892/ HTTP/1.1" 500 3634 "-" "Mozilla/5.0 (compatible; Baiduspider/2.0; +http://www.baidu.com/search/spider.html)"
220.181.89.184 - - [06/Sep/2013:15:11:01 +0800] "GET /Clothing-5/news/article-8890-page2/ HTTP/1.1" 500 3634 "-" "Sogou web spider/4.0(+http://www.sogou.com/docs/help/webmasters.htm#07)"
220.181.108.109 - - [06/Sep/2013:15:16:11 +0800] "GET /clothing-5/news/article-138893/ HTTP/1.1" 500 3634 "-" "Mozilla/5.0 (compatible; Baiduspider/2.0; +http://www.baidu.com/search/spider.html)"
220.181.89.184 - - [06/Sep/2013:15:17:59 +0800] "GET /Mobile-6/news/article-138617-page3/ HTTP/1.1" 500 3634 "-" "Sogou web spider/4.0(+http://www.sogou.com/docs/help/webmasters.htm#07)"
220.181.108.178 - - [06/Sep/2013:15:22:32 +0800] "GET /clothing-5/news/article-138596/ HTTP/1.1" 500 3634 "-" "Mozilla/5.0 (compatible; Baiduspider/2.0; +http://www.baidu.com/search/spider.html)"
220.181.89.184 - - [06/Sep/2013:15:24:46 +0800] "GET /Clothing-5/news/article-8899-page4/ HTTP/1.1" 500 3634 "-" "Sogou web spider/4.0(+http://www.sogou.com/docs/help/webmasters.htm#07)"
208.115.113.84 - - [06/Sep/2013:15:28:04 +0800] "GET /Jewelry-9/news/article-138631-page5/ HTTP/1.1" 500 3634 "-" "Mozilla/5.0 (compatible; Ezooms/1.0; ezooms.bot@gmail.com)"
220.181.89.184 - - [06/Sep/2013:15:28:30 +0800] "GET /Jewelry-9/news/article-138632-page1/ HTTP/1.1" 500 3634 "-" "Sogou web spider/4.0(+http://www.sogou.com/docs/help/webmasters.htm#07)"
123.125.71.55 - - [06/Sep/2013:15:28:53 +0800] "GET /clothing-5/news/article-138877/ HTTP/1.1" 500 3634 "-" "Mozilla/5.0 (compatible; Baiduspider/2.0; +http://www.baidu.com/search/spider.html)"
208.115.113.84 - - [06/Sep/2013:15:30:05 +0800] "GET /Jewelry-9/news/article-138786/ HTTP/1.1" 500 3634 "-" "Mozilla/5.0 (compatible; Ezooms/1.0; ezooms.bot@gmail.com)"
220.181.89.184 - - [06/Sep/2013:15:30:18 +0800] "GET /news/news-info.do?article_id=138599&prso_id_one=9&prso_name_one_en=&current_page=1 HTTP/1.1" 500 3183 "-" "Sogou web spider/4.0(+http://www.sogou.com/docs/help/webmasters.htm#07)"
220.181.89.184 - - [06/Sep/2013:15:34:46 +0800] "GET /news/news-info.do?article_id=8902&prso_id_one=9&prso_name_one_en= HTTP/1.1" 500 3183 "-" "Sogou web spider/4.0(+http://www.sogou.com/docs/help/webmasters.htm#07)"
123.125.71.59 - - [06/Sep/2013:15:35:14 +0800] "GET /clothing-5/news/article-8899/ HTTP/1.1" 500 3634 "-" "Mozilla/5.0 (compatible; Baiduspider/2.0; +http://www.baidu.com/search/spider.html)"
220.181.108.109 - - [06/Sep/2013:15:41:35 +0800] "GET /clothing-5/news/article-8896/ HTTP/1.1" 500 3634 "-" "Mozilla/5.0 (compatible; Baiduspider/2.0; +http://www.baidu.com/search/spider.html)"
123.125.71.18 - - [06/Sep/2013:15:47:56 +0800] "GET /clothing-5/news/sort-51/ HTTP/1.1" 500 3633 "-" "Mozilla/5.0 (compatible; Baiduspider/2.0; +http://www.baidu.com/search/spider.html)"
123.125.71.78 - - [06/Sep/2013:15:54:17 +0800] "GET /clothing-5/news/article-138598/ HTTP/1.1" 500 3634 "-" "Mozilla/5.0 (compatible; Baiduspider/2.0; +http://www.baidu.com/search/spider.html)"
208.115.111.68 - - [06/Sep/2013:15:59:43 +0800] "GET /robots.txt HTTP/1.1" 404 194 "-" "Mozilla/5.0 (compatible; Ezooms/1.0; ezooms.bot@gmail.com)"
5.10.83.35 - - [06/Sep/2013:16:00:36 +0800] "GET / HTTP/1.1" 302 72 "-" "Mozilla/5.0 (compatible; AhrefsBot/5.0; +http://ahrefs.com/robot/)"
123.125.71.78 - - [06/Sep/2013:16:00:39 +0800] "GET /clothing-5/news/article-138925/ HTTP/1.1" 500 3634 "-" "Mozilla/5.0 (compatible; Baiduspider/2.0; +http://www.baidu.com/search/spider.html)"
123.125.71.42 - - [06/Sep/2013:16:06:59 +0800] "GET /clothing-5/news/sort-50/ HTTP/1.1" 500 3633 "-" "Mozilla/5.0 (compatible; Baiduspider/2.0; +http://www.baidu.com/search/spider.html)"
123.125.71.43 - - [06/Sep/2013:16:13:20 +0800] "GET /clothing-5/news/article-8897/ HTTP/1.1" 500 3634 "-" "Mozilla/5.0 (compatible; Baiduspider/2.0; +http://www.baidu.com/search/spider.html)"
220.181.108.142 - - [06/Sep/2013:16:19:41 +0800] "GET /clothing-5/news/article-8887/ HTTP/1.1" 500 3634 "-" "Mozilla/5.0 (compatible; Baiduspider/2.0; +http://www.baidu.com/search/spider.html)"
220.181.108.106 - - [06/Sep/2013:16:26:02 +0800] "GET /clothing-5/news/article-138597/ HTTP/1.1" 500 3634 "-" "Mozilla/5.0 (compatible; Baiduspider/2.0; +http://www.baidu.com/search/spider.html)"
123.125.71.34 - - [06/Sep/2013:16:32:23 +0800] "GET /clothing-5/news/article-138876/ HTTP/1.1" 500 3634 "-" "Mozilla/5.0 (compatible; Baiduspider/2.0; +http://www.baidu.com/search/spider.html)"
66.249.73.162 - - [06/Sep/2013:16:34:45 +0800] "GET /robots.txt HTTP/1.1" 404 194 "-" "Mozilla/5.0 (compatible; Googlebot/2.1; +http://www.google.com/bot.html)"
66.249.73.162 - - [06/Sep/2013:16:34:46 +0800] "GET / HTTP/1.1" 302 72 "-" "SAMSUNG-SGH-E250/1.0 Profile/MIDP-2.0 Configuration/CLDC-1.1 UP.Browser/6.2.3.3.c.1.101 (GUI) MMP/2.0 (compatible; Googlebot-Mobile/2.1; +http://www.google.com/bot.html)"
66.249.73.162 - - [06/Sep/2013:16:34:46 +0800] "GET /index.htm HTTP/1.1" 200 24766 "-" "SAMSUNG-SGH-E250/1.0 Profile/MIDP-2.0 Configuration/CLDC-1.1 UP.Browser/6.2.3.3.c.1.101 (GUI) MMP/2.0 (compatible; Googlebot-Mobile/2.1; +http://www.google.com/bot.html)"
220.181.108.145 - - [06/Sep/2013:16:38:43 +0800] "GET /clothing-5/news/article-138921/ HTTP/1.1" 500 3634 "-" "Mozilla/5.0 (compatible; Baiduspider/2.0; +http://www.baidu.com/search/spider.html)"
123.125.71.12 - - [06/Sep/2013:16:45:04 +0800] "GET /clothing-5/news/article-8888/ HTTP/1.1" 500 3634 "-" "Mozilla/5.0 (compatible; Baiduspider/2.0; +http://www.baidu.com/search/spider.html)"
157.55.36.50 - - [06/Sep/2013:17:15:33 +0800] "GET /robots.txt HTTP/1.1" 404 194 "-" "Mozilla/5.0 (compatible; bingbot/2.0; +http://www.bing.com/bingbot.htm)"
157.55.36.50 - - [06/Sep/2013:17:16:00 +0800] "GET /Clothing-5/news/article-138598/ HTTP/1.1" 500 3634 "-" "Mozilla/5.0 (compatible; bingbot/2.0; +http://www.bing.com/bingbot.htm)"
157.55.36.50 - - [06/Sep/2013:17:17:01 +0800] "GET /Clothing-5/news/article-138598/ HTTP/1.0" 500 3634 "-" "Mozilla/5.0 (compatible; bingbot/2.0; +http://www.bing.com/bingbot.htm)"
180.76.6.17 - - [06/Sep/2013:17:18:47 +0800] "GET /robots.txt HTTP/1.1" 404 194 "-" "Mozilla/5.0 (Windows NT 5.1; rv:6.0.2) Gecko/20100101 Firefox/6.0.2"
123.125.71.106 - - [06/Sep/2013:18:07:51 +0800] "GET /robots.txt HTTP/1.1" 404 194 "-" "Mozilla/5.0 (compatible; Baiduspider/2.0; +http://www.baidu.com/search/spider.html)"
157.55.36.50 - - [06/Sep/2013:18:20:52 +0800] "GET /Clothing-5/news/article-138598/ HTTP/1.0" 500 3634 "-" "Mozilla/5.0 (compatible; bingbot/2.0; +http://www.bing.com/bingbot.htm)"
220.181.108.101 - - [06/Sep/2013:19:21:15 +0800] "GET /jingpin-9/news/article-138785/ HTTP/1.1" 500 3634 "-" "Mozilla/5.0 (compatible; Baiduspider/2.0; +http://www.baidu.com/search/spider.html)"
157.55.36.50 - - [06/Sep/2013:19:40:51 +0800] "GET /robots.txt HTTP/1.1" 404 194 "-" "Mozilla/5.0 (compatible; bingbot/2.0; +http://www.bing.com/bingbot.htm)"
157.55.36.50 - - [06/Sep/2013:19:41:19 +0800] "GET / HTTP/1.1" 302 73 "-" "Mozilla/5.0 (compatible; bingbot/2.0; +http://www.bing.com/bingbot.htm)"
5.10.83.45 - - [06/Sep/2013:19:44:35 +0800] "GET /jingpin-9/news/sort-52/ HTTP/1.1" 500 3633 "-" "Mozilla/5.0 (compatible; AhrefsBot/5.0; +http://ahrefs.com/robot/)"
123.125.71.71 - - [06/Sep/2013:19:55:41 +0800] "GET /robots.txt HTTP/1.1" 404 194 "-" "Mozilla/5.0 (compatible; Baiduspider/2.0; +http://www.baidu.com/search/spider.html)"
208.115.111.68 - - [06/Sep/2013:19:56:14 +0800] "GET /robots.txt HTTP/1.1" 404 194 "-" "Mozilla/5.0 (compatible; Ezooms/1.0; ezooms.bot@gmail.com)"
157.55.32.84 - - [06/Sep/2013:20:02:52 +0800] "GET /robots.txt HTTP/1.1" 404 194 "-" "Mozilla/5.0 (compatible; bingbot/2.0; +http://www.bing.com/bingbot.htm)"
157.55.32.84 - - [06/Sep/2013:20:03:20 +0800] "GET / HTTP/1.1" 302 72 "-" "Mozilla/5.0 (compatible; bingbot/2.0; +http://www.bing.com/bingbot.htm)"
157.55.32.84 - - [06/Sep/2013:21:02:20 +0800] "GET /robots.txt HTTP/1.1" 404 194 "-" "Mozilla/5.0 (compatible; bingbot/2.0; +http://www.bing.com/bingbot.htm)"
157.55.32.84 - - [06/Sep/2013:21:03:00 +0800] "GET / HTTP/1.1" 302 72 "-" "Mozilla/5.0 (compatible; bingbot/2.0; +http://www.bing.com/bingbot.htm)"
157.55.32.84 - - [06/Sep/2013:21:03:02 +0800] "GET /index.htm HTTP/1.1" 200 24766 "-" "Mozilla/5.0 (compatible; bingbot/2.0; +http://www.bing.com/bingbot.htm)"
208.115.111.68 - - [06/Sep/2013:21:46:17 +0800] "GET /Clothing-5/news/article-8885-page5/ HTTP/1.1" 500 3634 "-" "Mozilla/5.0 (compatible; Ezooms/1.0; ezooms.bot@gmail.com)"
220.181.108.116 - - [06/Sep/2013:23:47:23 +0800] "GET /index.htm HTTP/1.1" 200 28578 "-" "Mozilla/5.0 (compatible; Baiduspider/2.0; +http://www.baidu.com/search/spider.html)"
220.181.108.82 - - [06/Sep/2013:23:47:23 +0800] "GET / HTTP/1.1" 302 73 "-" "Mozilla/5.0 (compatible; Baiduspider/2.0; +http://www.baidu.com/search/spider.html)"
220.181.108.104 - - [06/Sep/2013:23:47:26 +0800] "GET /index.htm HTTP/1.1" 200 28578 "-" "Mozilla/5.0 (compatible; Baiduspider/2.0; +http://www.baidu.com/search/spider.html)"
208.115.111.68 - - [06/Sep/2013:23:54:56 +0800] "GET /robots.txt HTTP/1.1" 404 194 "-" "Mozilla/5.0 (compatible; Ezooms/1.0; ezooms.bot@gmail.com)"
66.249.73.211 - - [06/Sep/2013:23:55:40 +0800] "GET /robots.txt HTTP/1.1" 404 194 "-" "Mozilla/5.0 (compatible; Googlebot/2.1; +http://www.google.com/bot.html)"
66.249.73.211 - - [06/Sep/2013:23:55:40 +0800] "GET / HTTP/1.1" 302 73 "-" "DoCoMo/2.0 N905i(c100;TB;W24H16) (compatible; Googlebot-Mobile/2.1; +http://www.google.com/bot.html)"
66.249.73.211 - - [06/Sep/2013:23:55:41 +0800] "GET /index.htm HTTP/1.1" 200 28578 "-" "DoCoMo/2.0 N905i(c100;TB;W24H16) (compatible; Googlebot-Mobile/2.1; +http://www.google.com/bot.html)"
157.55.32.84 - - [07/Sep/2013:00:08:12 +0800] "GET /robots.txt HTTP/1.1" 404 194 "-" "Mozilla/5.0 (compatible; bingbot/2.0; +http://www.bing.com/bingbot.htm)"
157.55.32.84 - - [07/Sep/2013:00:08:50 +0800] "GET /index.htm HTTP/1.1" 200 24766 "-" "Mozilla/5.0 (compatible; bingbot/2.0; +http://www.bing.com/bingbot.htm)"
157.55.32.84 - - [07/Sep/2013:00:19:49 +0800] "GET /Jewelry-9/news/article-138662/ HTTP/1.1" 500 3634 "-" "Mozilla/5.0 (compatible; bingbot/2.0; +http://www.bing.com/bingbot.htm)"
157.55.32.84 - - [07/Sep/2013:00:20:50 +0800] "GET /Jewelry-9/news/article-138662/ HTTP/1.0" 500 3634 "-" "Mozilla/5.0 (compatible; bingbot/2.0; +http://www.bing.com/bingbot.htm)"
14.147.84.219 - - [07/Sep/2013:01:08:25 +0800] "GET /index.htm HTTP/1.1" 200 28578 "http://www.ding9.com/www.onlylove.hk" "Mozilla/4.0 (compatible; MSIE 6.0; Windows NT 5.1; SV1;)"
101.226.166.238 - - [07/Sep/2013:01:14:58 +0800] "GET /Clothing-5/news/article-8887-page1/ HTTP/1.1" 500 4384 "http://clothing.ding9.com/Clothing-5/news/article-8887-page1/" "Mozilla/4.0 (compatible; MSIE 8.0; Windows NT 6.1; Trident/4.0; SLCC2; .NET CLR 2.0.50727; .NET CLR 3.5.30729; .NET CLR 3.0.30729; Media Center PC 6.0; MDDR; .NET4.0C; .NET4.0E; .NET CLR 1.1.4322; Tablet PC 2.0); 360Spider"
101.226.166.238 - - [07/Sep/2013:01:14:58 +0800] "GET /clothing-5/news/article-8885-page6/ HTTP/1.1" 500 4384 "http://clothing.ding9.com/clothing-5/news/article-8885-page6/" "Mozilla/4.0 (compatible; MSIE 8.0; Windows NT 6.1; Trident/4.0; SLCC2; .NET CLR 2.0.50727; .NET CLR 3.5.30729; .NET CLR 3.0.30729; Media Center PC 6.0; MDDR; .NET4.0C; .NET4.0E; .NET CLR 1.1.4322; Tablet PC 2.0); 360Spider"
157.55.32.84 - - [07/Sep/2013:01:21:57 +0800] "GET /Jewelry-9/news/article-138662/ HTTP/1.0" 500 3634 "-" "Mozilla/5.0 (compatible; bingbot/2.0; +http://www.bing.com/bingbot.htm)"
208.115.111.68 - - [07/Sep/2013:01:31:23 +0800] "GET /Clothing-5/news/article-8825-page5/ HTTP/1.1" 500 3634 "-" "Mozilla/5.0 (compatible; Ezooms/1.0; ezooms.bot@gmail.com)"
66.249.73.165 - - [07/Sep/2013:02:25:23 +0800] "GET /Mobile-6/news/article-138554/ HTTP/1.1" 500 3634 "-" "Mozilla/5.0 (compatible; Googlebot/2.1; +http://www.google.com/bot.html)"
123.125.71.39 - - [07/Sep/2013:02:34:27 +0800] "GET /robots.txt HTTP/1.1" 404 194 "-" "Mozilla/5.0 (compatible; Baiduspider/2.0; +http://www.baidu.com/search/spider.html)"
66.249.73.165 - - [07/Sep/2013:03:02:38 +0800] "GET /Mobile-6/news/article-138553/ HTTP/1.1" 500 3634 "-" "Mozilla/5.0 (compatible; Googlebot/2.1; +http://www.google.com/bot.html)"
5.10.83.96 - - [07/Sep/2013:03:11:35 +0800] "GET /clothing-5/news/article-138598/ HTTP/1.1" 500 3634 "-" "Mozilla/5.0 (compatible; AhrefsBot/5.0; +http://ahrefs.com/robot/)"
208.115.111.68 - - [07/Sep/2013:03:54:50 +0800] "GET /robots.txt HTTP/1.1" 404 194 "-" "Mozilla/5.0 (compatible; Ezooms/1.0; ezooms.bot@gmail.com)"
123.125.71.29 - - [07/Sep/2013:04:21:58 +0800] "GET /robots.txt HTTP/1.1" 404 194 "-" "Mozilla/5.0 (compatible; Baiduspider/2.0; +http://www.baidu.com/search/spider.html)"
157.55.32.84 - - [07/Sep/2013:04:31:56 +0800] "GET /robots.txt HTTP/1.1" 404 194 "-" "Mozilla/5.0 (compatible; bingbot/2.0; +http://www.bing.com/bingbot.htm)"
157.55.32.84 - - [07/Sep/2013:04:32:28 +0800] "GET /Jewelry-9/news/article-138786/ HTTP/1.1" 500 3634 "-" "Mozilla/5.0 (compatible; bingbot/2.0; +http://www.bing.com/bingbot.htm)"
157.55.32.84 - - [07/Sep/2013:04:33:30 +0800] "GET /Jewelry-9/news/article-138786/ HTTP/1.0" 500 3634 "-" "Mozilla/5.0 (compatible; bingbot/2.0; +http://www.bing.com/bingbot.htm)"
157.56.92.150 - - [07/Sep/2013:05:15:32 +0800] "GET /robots.txt HTTP/1.1" 404 194 "-" "Mozilla/5.0 (compatible; bingbot/2.0; +http://www.bing.com/bingbot.htm)"
157.56.92.150 - - [07/Sep/2013:05:16:39 +0800] "GET /Clothing-5/news/article-8900/ HTTP/1.1" 500 3634 "-" "Mozilla/5.0 (compatible; bingbot/2.0; +http://www.bing.com/bingbot.htm)"
157.56.92.150 - - [07/Sep/2013:05:18:37 +0800] "GET /Clothing-5/news/article-8900/ HTTP/1.0" 500 3634 "-" "Mozilla/5.0 (compatible; bingbot/2.0; +http://www.bing.com/bingbot.htm)"
157.55.32.84 - - [07/Sep/2013:05:33:58 +0800] "GET /Jewelry-9/news/article-138786/ HTTP/1.0" 500 3634 "-" "Mozilla/5.0 (compatible; bingbot/2.0; +http://www.bing.com/bingbot.htm)"
208.115.111.68 - - [07/Sep/2013:05:47:56 +0800] "GET /Jewelry-9/news/article-138784-page4/ HTTP/1.1" 500 3634 "-" "Mozilla/5.0 (compatible; Ezooms/1.0; ezooms.bot@gmail.com)"
208.115.111.68 - - [07/Sep/2013:05:49:57 +0800] "GET /Jewelry-9/news/sort-53/ HTTP/1.1" 500 3633 "-" "Mozilla/5.0 (compatible; Ezooms/1.0; ezooms.bot@gmail.com)"
66.249.73.165 - - [07/Sep/2013:05:56:24 +0800] "GET /robots.txt HTTP/1.1" 404 194 "-" "Mozilla/5.0 (compatible; Googlebot/2.1; +http://www.google.com/bot.html)"
66.249.73.165 - - [07/Sep/2013:05:56:25 +0800] "GET /jingpin-9/news/sort-53/ HTTP/1.1" 500 3633 "-" "Mozilla/5.0 (compatible; Googlebot/2.1; +http://www.google.com/bot.html)"
123.125.68.36 - - [07/Sep/2013:05:59:41 +0800] "GET /clothing-5/news/article-138595/ HTTP/1.1" 500 3634 "-" "Mozilla/5.0 (Windows; U; Windows NT 5.1; zh-CN; rv:1.9.1.2) Firefox/3.5.2"
123.125.68.14 - - [07/Sep/2013:06:08:09 +0800] "GET /clothing-5/news/article-138598/ HTTP/1.1" 500 3634 "-" "Mozilla/5.0 (Windows; U; Windows NT 5.1; zh-CN; rv:1.9.1.2) Firefox/3.5.2"
5.10.83.96 - - [07/Sep/2013:06:15:30 +0800] "GET /jingpin-9/news/article-138664/ HTTP/1.1" 500 3634 "-" "Mozilla/5.0 (compatible; AhrefsBot/5.0; +http://ahrefs.com/robot/)"
157.56.92.150 - - [07/Sep/2013:06:19:15 +0800] "GET /Clothing-5/news/article-8900/ HTTP/1.0" 500 3634 "-" "Mozilla/5.0 (compatible; bingbot/2.0; +http://www.bing.com/bingbot.htm)"
66.249.73.163 - - [07/Sep/2013:06:21:05 +0800] "GET /Mobile-6/news/article-10382-page5/ HTTP/1.1" 500 3634 "-" "Mozilla/5.0 (compatible; Googlebot/2.1; +http://www.google.com/bot.html)"
123.125.71.110 - - [07/Sep/2013:06:44:56 +0800] "GET /jingpin-9/news/article-138780/ HTTP/1.1" 500 3634 "-" "Mozilla/5.0 (compatible; Baiduspider/2.0; +http://www.baidu.com/search/spider.html)"
220.181.108.155 - - [07/Sep/2013:07:06:47 +0800] "GET /clothing-5/news/article-138925/ HTTP/1.1" 500 3634 "-" "Mozilla/5.0 (compatible; Baiduspider/2.0; +http://www.baidu.com/search/spider.html)"
66.249.73.164 - - [07/Sep/2013:07:10:43 +0800] "GET /jingpin-9/news/sort-52/ HTTP/1.1" 500 3633 "-" "Mozilla/5.0 (compatible; Googlebot/2.1; +http://www.google.com/bot.html)"
220.181.89.184 - - [07/Sep/2013:07:22:55 +0800] "GET /Clothing-5/news/article-138893-page3/ HTTP/1.1" 500 3634 "-" "Sogou web spider/4.0(+http://www.sogou.com/docs/help/webmasters.htm#07)"
220.181.89.184 - - [07/Sep/2013:07:23:02 +0800] "GET /news/news-info.do?article_id=138783&prso_id_one=9&prso_name_one_en=&current_page=11 HTTP/1.1" 500 3183 "-" "Sogou web spider/4.0(+http://www.sogou.com/docs/help/webmasters.htm#07)"
66.249.73.166 - - [07/Sep/2013:07:23:18 +0800] "GET /Mobile-6/news/article-10397-page4/ HTTP/1.1" 500 3634 "-" "Mozilla/5.0 (compatible; Googlebot/2.1; +http://www.google.com/bot.html)"
157.56.92.150 - - [07/Sep/2013:07:24:48 +0800] "GET /robots.txt HTTP/1.1" 404 194 "-" "Mozilla/5.0 (compatible; bingbot/2.0; +http://www.bing.com/bingbot.htm)"
157.56.92.150 - - [07/Sep/2013:07:25:28 +0800] "GET / HTTP/1.1" 302 73 "-" "Mozilla/5.0 (compatible; bingbot/2.0; +http://www.bing.com/bingbot.htm)"
220.181.89.184 - - [07/Sep/2013:07:34:18 +0800] "GET /Clothing-5/news/article-8898-page6/ HTTP/1.1" 500 3634 "-" "Sogou web spider/4.0(+http://www.sogou.com/docs/help/webmasters.htm#07)"
220.181.89.184 - - [07/Sep/2013:07:38:16 +0800] "GET /news/news-info.do?article_id=138630&prso_id_one=9&prso_name_one_en=&current_page=2 HTTP/1.1" 500 3183 "-" "Sogou web spider/4.0(+http://www.sogou.com/docs/help/webmasters.htm#07)"
220.181.89.184 - - [07/Sep/2013:07:40:34 +0800] "GET /Mobile-6/news/article-10398-page1/ HTTP/1.1" 500 3634 "-" "Sogou web spider/4.0(+http://www.sogou.com/docs/help/webmasters.htm#07)"
157.55.32.84 - - [07/Sep/2013:07:41:48 +0800] "GET /robots.txt HTTP/1.1" 404 194 "-" "Mozilla/5.0 (compatible; bingbot/2.0; +http://www.bing.com/bingbot.htm)"
157.55.32.84 - - [07/Sep/2013:07:43:11 +0800] "GET / HTTP/1.1" 302 72 "-" "Mozilla/5.0 (compatible; bingbot/2.0; +http://www.bing.com/bingbot.htm)"
220.181.89.184 - - [07/Sep/2013:07:44:58 +0800] "GET /Mobile-6/news/article-10396-page4/ HTTP/1.1" 500 3634 "-" "Sogou web spider/4.0(+http://www.sogou.com/docs/help/webmasters.htm#07)"
220.181.89.184 - - [07/Sep/2013:07:46:18 +0800] "GET / HTTP/1.1" 302 72 "-" "Sogou web spider/4.0(+http://www.sogou.com/docs/help/webmasters.htm#07)"
220.181.89.184 - - [07/Sep/2013:07:46:28 +0800] "GET /index.htm HTTP/1.1" 200 24766 "-" "Sogou web spider/4.0(+http://www.sogou.com/docs/help/webmasters.htm#07)"
220.181.89.184 - - [07/Sep/2013:07:50:55 +0800] "GET /jewelry-9/news/article-138783-page10/ HTTP/1.1" 500 3634 "-" "Sogou web spider/4.0(+http://www.sogou.com/docs/help/webmasters.htm#07)"
208.115.111.68 - - [07/Sep/2013:07:56:01 +0800] "GET /robots.txt HTTP/1.1" 404 194 "-" "Mozilla/5.0 (compatible; Ezooms/1.0; ezooms.bot@gmail.com)"
220.181.89.184 - - [07/Sep/2013:07:56:24 +0800] "GET /jewelry-9/news/article-138666-page4/ HTTP/1.1" 500 3634 "-" "Sogou web spider/4.0(+http://www.sogou.com/docs/help/webmasters.htm#07)"
220.181.89.184 - - [07/Sep/2013:08:01:34 +0800] "GET /Clothing-5/news/article-138893-page3/ HTTP/1.1" 500 3634 "-" "Sogou web spider/4.0(+http://www.sogou.com/docs/help/webmasters.htm#07)"
220.181.89.184 - - [07/Sep/2013:08:01:42 +0800] "GET /news/news-info.do?article_id=138783&prso_id_one=9&prso_name_one_en=&current_page=11 HTTP/1.1" 500 3183 "-" "Sogou web spider/4.0(+http://www.sogou.com/docs/help/webmasters.htm#07)"
220.181.89.184 - - [07/Sep/2013:08:12:17 +0800] "GET /Clothing-5/news/article-8898-page6/ HTTP/1.1" 500 3634 "-" "Sogou web spider/4.0(+http://www.sogou.com/docs/help/webmasters.htm#07)"
123.125.71.91 - - [07/Sep/2013:08:13:06 +0800] "GET /robots.txt HTTP/1.1" 404 194 "-" "Mozilla/5.0 (compatible; Baiduspider/2.0; +http://www.baidu.com/search/spider.html)"
220.181.89.184 - - [07/Sep/2013:08:14:15 +0800] "GET /news/news-info.do?article_id=138630&prso_id_one=9&prso_name_one_en=&current_page=2 HTTP/1.1" 500 3183 "-" "Sogou web spider/4.0(+http://www.sogou.com/docs/help/webmasters.htm#07)"
220.181.89.184 - - [07/Sep/2013:08:16:38 +0800] "GET /Mobile-6/news/article-10398-page1/ HTTP/1.1" 500 3634 "-" "Sogou web spider/4.0(+http://www.sogou.com/docs/help/webmasters.htm#07)"
220.181.89.184 - - [07/Sep/2013:08:20:11 +0800] "GET / HTTP/1.1" 302 72 "-" "Sogou web spider/4.0(+http://www.sogou.com/docs/help/webmasters.htm#07)"
220.181.89.184 - - [07/Sep/2013:08:20:19 +0800] "GET /Mobile-6/news/article-10396-page4/ HTTP/1.1" 500 3634 "-" "Sogou web spider/4.0(+http://www.sogou.com/docs/help/webmasters.htm#07)"
220.181.89.184 - - [07/Sep/2013:08:21:05 +0800] "GET /robots.txt HTTP/1.1" 404 194 "-" "Sogou web spider/4.0"
220.181.89.184 - - [07/Sep/2013:08:21:36 +0800] "GET /index.htm HTTP/1.1" 200 24766 "-" "Sogou web spider/4.0(+http://www.sogou.com/docs/help/webmasters.htm#07)"
66.249.73.161 - - [07/Sep/2013:08:25:12 +0800] "GET /Jewelry-9/news/article-138635/ HTTP/1.1" 500 3634 "-" "Mozilla/5.0 (compatible; Googlebot/2.1; +http://www.google.com/bot.html)"
220.181.89.183 - - [07/Sep/2013:08:26:52 +0800] "GET /robots.txt HTTP/1.1" 404 194 "-" "Sogou web spider/4.0(+http://www.sogou.com/docs/help/webmasters.htm#07)"
220.181.89.183 - - [07/Sep/2013:08:26:52 +0800] "GET /css3.0/te.css HTTP/1.1" 200 3436 "-" "Mozilla/4.0 (compatible; MSIE 7.0; Windows NT 6.0; Trident/4.0)"
66.249.73.164 - - [07/Sep/2013:08:50:02 +0800] "GET /Mobile-6/news/article-10397-page6/ HTTP/1.1" 500 3634 "-" "Mozilla/5.0 (compatible; Googlebot/2.1; +http://www.google.com/bot.html)"
5.10.83.24 - - [07/Sep/2013:09:12:51 +0800] "GET /clothing-5/news/article-8897/ HTTP/1.1" 500 3634 "-" "Mozilla/5.0 (compatible; AhrefsBot/5.0; +http://ahrefs.com/robot/)"
66.249.73.162 - - [07/Sep/2013:09:27:27 +0800] "GET /Mobile-6/news/article-138553-page4/ HTTP/1.1" 500 3634 "-" "Mozilla/5.0 (compatible; Googlebot/2.1; +http://www.google.com/bot.html)"
66.249.73.162 - - [07/Sep/2013:09:30:21 +0800] "GET / HTTP/1.1" 302 72 "-" "DoCoMo/2.0 N905i(c100;TB;W24H16) (compatible; Googlebot-Mobile/2.1; +http://www.google.com/bot.html)"
66.249.73.165 - - [07/Sep/2013:09:30:23 +0800] "GET /index.htm HTTP/1.1" 200 24766 "-" "DoCoMo/2.0 N905i(c100;TB;W24H16) (compatible; Googlebot-Mobile/2.1; +http://www.google.com/bot.html)"
208.115.111.68 - - [07/Sep/2013:09:49:37 +0800] "GET /Jewelry-9/news/article-8907/ HTTP/1.1" 500 3634 "-" "Mozilla/5.0 (compatible; Ezooms/1.0; ezooms.bot@gmail.com)"
208.115.113.84 - - [07/Sep/2013:09:56:36 +0800] "GET /robots.txt HTTP/1.1" 404 194 "-" "Mozilla/5.0 (compatible; Ezooms/1.0; ezooms.bot@gmail.com)"
123.125.71.89 - - [07/Sep/2013:09:57:45 +0800] "GET /robots.txt HTTP/1.1" 404 194 "-" "Mozilla/5.0 (compatible; Baiduspider/2.0; +http://www.baidu.com/search/spider.html)"
66.249.73.167 - - [07/Sep/2013:10:29:21 +0800] "GET /Mobile-6/news/article-138559-page2/ HTTP/1.1" 500 3634 "-" "Mozilla/5.0 (compatible; Googlebot/2.1; +http://www.google.com/bot.html)"
66.249.73.163 - - [07/Sep/2013:11:06:35 +0800] "GET /Mobile-6/news/article-138859-page3/ HTTP/1.1" 500 3634 "-" "Mozilla/5.0 (compatible; Googlebot/2.1; +http://www.google.com/bot.html)"
208.115.111.68 - - [07/Sep/2013:11:57:05 +0800] "GET /robots.txt HTTP/1.1" 404 194 "-" "Mozilla/5.0 (compatible; Ezooms/1.0; ezooms.bot@gmail.com)"
66.249.75.148 - - [07/Sep/2013:12:08:39 +0800] "GET /robots.txt HTTP/1.1" 404 194 "-" "Mozilla/5.0 (compatible; Googlebot/2.1; +http://www.google.com/bot.html)"
66.249.75.148 - - [07/Sep/2013:12:08:40 +0800] "GET /Mobile-6/news/article-138859-page5/ HTTP/1.1" 500 3634 "-" "Mozilla/5.0 (compatible; Googlebot/2.1; +http://www.google.com/bot.html)"
66.249.75.144 - - [07/Sep/2013:12:21:06 +0800] "GET /Jewelry-9/news/article-138778/ HTTP/1.1" 500 3634 "-" "Mozilla/5.0 (compatible; Googlebot/2.1; +http://www.google.com/bot.html)"
208.115.111.68 - - [07/Sep/2013:13:28:31 +0800] "GET /Clothing-5/news/article-138598-page5/ HTTP/1.1" 500 3634 "-" "Mozilla/5.0 (compatible; Ezooms/1.0; ezooms.bot@gmail.com)"
208.115.113.84 - - [07/Sep/2013:13:58:53 +0800] "GET /robots.txt HTTP/1.1" 404 194 "-" "Mozilla/5.0 (compatible; Ezooms/1.0; ezooms.bot@gmail.com)"
66.249.75.142 - - [07/Sep/2013:14:23:38 +0800] "GET /Jewelry-9/news/article-138782/ HTTP/1.1" 500 3634 "-" "Mozilla/5.0 (compatible; Googlebot/2.1; +http://www.google.com/bot.html)"
157.56.92.157 - - [07/Sep/2013:14:36:00 +0800] "GET /robots.txt HTTP/1.1" 404 194 "-" "Mozilla/5.0 (compatible; bingbot/2.0; +http://www.bing.com/bingbot.htm)"
66.249.75.143 - - [07/Sep/2013:14:36:12 +0800] "GET /Mobile-6/news/article-138865-page4/ HTTP/1.1" 500 3634 "-" "Mozilla/5.0 (compatible; Googlebot/2.1; +http://www.google.com/bot.html)"
157.56.92.157 - - [07/Sep/2013:14:36:41 +0800] "GET /Clothing-5/news/article-138595/ HTTP/1.1" 500 3634 "-" "Mozilla/5.0 (compatible; bingbot/2.0; +http://www.bing.com/bingbot.htm)"
157.56.92.157 - - [07/Sep/2013:14:38:02 +0800] "GET /Clothing-5/news/article-138595/ HTTP/1.0" 500 3634 "-" "Mozilla/5.0 (compatible; bingbot/2.0; +http://www.bing.com/bingbot.htm)"
111.161.55.158 - - [07/Sep/2013:14:57:37 +0800] "GET /robots.txt HTTP/1.1" 404 944 "http://clothing.ding9.com/" "Mozilla/5.0 (compatible; MSIE 8.0; Windows NT 6.1)"
157.56.92.157 - - [07/Sep/2013:15:39:21 +0800] "GET /Clothing-5/news/article-138595/ HTTP/1.0" 500 3634 "-" "Mozilla/5.0 (compatible; bingbot/2.0; +http://www.bing.com/bingbot.htm)"
208.115.111.68 - - [07/Sep/2013:15:56:42 +0800] "GET /robots.txt HTTP/1.1" 404 194 "-" "Mozilla/5.0 (compatible; Ezooms/1.0; ezooms.bot@gmail.com)"
123.125.71.78 - - [07/Sep/2013:16:38:10 +0800] "GET /robots.txt HTTP/1.1" 404 194 "-" "Mozilla/5.0 (compatible; Baiduspider/2.0; +http://www.baidu.com/search/spider.html)"
5.10.83.45 - - [07/Sep/2013:17:00:55 +0800] "GET /jingpin-9/news/article-138662/ HTTP/1.1" 500 3634 "-" "Mozilla/5.0 (compatible; AhrefsBot/5.0; +http://ahrefs.com/robot/)"
208.115.111.68 - - [07/Sep/2013:18:08:37 +0800] "GET /Jewelry-9/news/article-138783-page9/ HTTP/1.1" 500 3634 "-" "Mozilla/5.0 (compatible; Ezooms/1.0; ezooms.bot@gmail.com)"
117.79.144.165 - - [07/Sep/2013:18:11:16 +0800] "GET / HTTP/1.1" 302 73 "-" "Mozilla/4.0 (compatible; MSIE 8.0; Windows NT 5.1; Trident/4.0)"
117.79.144.165 - - [07/Sep/2013:18:11:17 +0800] "GET /index.htm HTTP/1.1" 200 28578 "-" "Mozilla/4.0 (compatible; MSIE 8.0; Windows NT 5.1; Trident/4.0)"
117.79.144.165 - - [07/Sep/2013:18:11:28 +0800] "GET /css3.0/tefont.css HTTP/1.1" 200 634 "-" "Mozilla/4.0 (compatible; MSIE 8.0; Windows NT 5.1; Trident/4.0)"
117.79.144.165 - - [07/Sep/2013:18:11:33 +0800] "GET /css3.0/te.css HTTP/1.1" 200 3436 "-" "Mozilla/4.0 (compatible; MSIE 8.0; Windows NT 5.1; Trident/4.0)"
117.79.144.165 - - [07/Sep/2013:18:17:05 +0800] "GET / HTTP/1.1" 302 72 "-" "Mozilla/4.0 (compatible; MSIE 8.0; Windows NT 5.1; Trident/4.0)"
117.79.144.165 - - [07/Sep/2013:18:17:05 +0800] "GET /index.htm HTTP/1.1" 200 24766 "-" "Mozilla/4.0 (compatible; MSIE 8.0; Windows NT 5.1; Trident/4.0)"
117.79.144.165 - - [07/Sep/2013:18:17:16 +0800] "GET /css3.0/tefont.css HTTP/1.1" 200 634 "-" "Mozilla/4.0 (compatible; MSIE 8.0; Windows NT 5.1; Trident/4.0)"
117.79.144.165 - - [07/Sep/2013:18:17:31 +0800] "GET /css3.0/te.css HTTP/1.1" 200 3436 "-" "Mozilla/4.0 (compatible; MSIE 8.0; Windows NT 5.1; Trident/4.0)"
123.125.71.35 - - [07/Sep/2013:18:20:01 +0800] "GET /robots.txt HTTP/1.1" 404 194 "-" "Mozilla/5.0 (compatible; Baiduspider/2.0; +http://www.baidu.com/search/spider.html)"
220.181.89.184 - - [07/Sep/2013:18:25:14 +0800] "GET /Mobile-6/news/article-138859-page2/ HTTP/1.1" 500 3634 "-" "Sogou web spider/4.0(+http://www.sogou.com/docs/help/webmasters.htm#07)"
220.181.89.184 - - [07/Sep/2013:18:35:34 +0800] "GET /Jewelry-9/news/article-138783-page1/ HTTP/1.1" 500 3634 "-" "Sogou web spider/4.0(+http://www.sogou.com/docs/help/webmasters.htm#07)"
220.181.89.184 - - [07/Sep/2013:18:42:17 +0800] "GET /Jewelry-9/news/article-138631-page5/ HTTP/1.1" 500 3634 "-" "Sogou web spider/4.0(+http://www.sogou.com/docs/help/webmasters.htm#07)"
220.181.89.184 - - [07/Sep/2013:18:46:18 +0800] "GET /Mobile-6/news/article-10396-page2/ HTTP/1.1" 500 3634 "-" "Sogou web spider/4.0(+http://www.sogou.com/docs/help/webmasters.htm#07)"
220.181.89.184 - - [07/Sep/2013:18:46:30 +0800] "GET /Clothing-5/news/article-8893-page3/ HTTP/1.1" 500 3634 "-" "Sogou web spider/4.0(+http://www.sogou.com/docs/help/webmasters.htm#07)"
220.181.89.184 - - [07/Sep/2013:19:00:36 +0800] "GET /Clothing-5/news/article-8889-page1/ HTTP/1.1" 500 3634 "-" "Sogou web spider/4.0(+http://www.sogou.com/docs/help/webmasters.htm#07)"
220.181.89.184 - - [07/Sep/2013:19:03:53 +0800] "GET /news/news-info.do?article_id=138634&prso_id_one=9&prso_name_one_en= HTTP/1.1" 500 3183 "-" "Sogou web spider/4.0(+http://www.sogou.com/docs/help/webmasters.htm#07)"
220.181.108.108 - - [07/Sep/2013:19:05:11 +0800] "GET /jingpin-9/news/sort-52/ HTTP/1.1" 500 3633 "-" "Mozilla/5.0 (compatible; Baiduspider/2.0; +http://www.baidu.com/search/spider.html)"
220.181.89.184 - - [07/Sep/2013:19:08:27 +0800] "GET /Mobile-6/news/article-138859-page2/ HTTP/1.1" 500 3634 "-" "Sogou web spider/4.0(+http://www.sogou.com/docs/help/webmasters.htm#07)"
65.55.52.96 - - [07/Sep/2013:19:13:44 +0800] "GET /robots.txt HTTP/1.1" 404 194 "-" "Mozilla/5.0 (compatible; bingbot/2.0; +http://www.bing.com/bingbot.htm)"
65.55.52.96 - - [07/Sep/2013:19:14:47 +0800] "GET / HTTP/1.1" 302 73 "-" "Mozilla/5.0 (compatible; bingbot/2.0; +http://www.bing.com/bingbot.htm)"
220.181.89.184 - - [07/Sep/2013:19:14:49 +0800] "GET /Jewelry-9/news/article-138783-page1/ HTTP/1.1" 500 3634 "-" "Sogou web spider/4.0(+http://www.sogou.com/docs/help/webmasters.htm#07)"
123.125.71.44 - - [07/Sep/2013:19:20:12 +0800] "GET /jingpin-9/news/article-138669/ HTTP/1.1" 500 3634 "-" "Mozilla/5.0 (compatible; Baiduspider/2.0; +http://www.baidu.com/search/spider.html)"
220.181.89.184 - - [07/Sep/2013:19:22:45 +0800] "GET /Jewelry-9/news/article-138631-page5/ HTTP/1.1" 500 3634 "-" "Sogou web spider/4.0(+http://www.sogou.com/docs/help/webmasters.htm#07)"
220.181.89.184 - - [07/Sep/2013:19:26:23 +0800] "GET /Mobile-6/news/article-10396-page2/ HTTP/1.1" 500 3634 "-" "Sogou web spider/4.0(+http://www.sogou.com/docs/help/webmasters.htm#07)"
220.181.89.184 - - [07/Sep/2013:19:26:35 +0800] "GET /Clothing-5/news/article-8893-page3/ HTTP/1.1" 500 3634 "-" "Sogou web spider/4.0(+http://www.sogou.com/docs/help/webmasters.htm#07)"
157.56.92.157 - - [07/Sep/2013:19:34:57 +0800] "GET /robots.txt HTTP/1.1" 404 194 "-" "Mozilla/5.0 (compatible; bingbot/2.0; +http://www.bing.com/bingbot.htm)"
157.56.92.157 - - [07/Sep/2013:19:36:22 +0800] "GET / HTTP/1.1" 302 72 "-" "Mozilla/5.0 (compatible; bingbot/2.0; +http://www.bing.com/bingbot.htm)"
123.125.71.106 - - [07/Sep/2013:19:42:37 +0800] "GET /jingpin-9/news/article-138666/ HTTP/1.1" 500 3634 "-" "Mozilla/5.0 (compatible; Baiduspider/2.0; +http://www.baidu.com/search/spider.html)"
208.115.111.68 - - [07/Sep/2013:19:54:37 +0800] "GET /robots.txt HTTP/1.1" 404 194 "-" "Mozilla/5.0 (compatible; Ezooms/1.0; ezooms.bot@gmail.com)"
208.115.111.68 - - [07/Sep/2013:19:54:37 +0800] "GET /robots.txt HTTP/1.1" 404 194 "-" "Mozilla/5.0 (compatible; Ezooms/1.0; ezooms.bot@gmail.com)"
123.125.71.83 - - [07/Sep/2013:19:57:39 +0800] "GET /jingpin-9/news/article-138665/ HTTP/1.1" 500 3634 "-" "Mozilla/5.0 (compatible; Baiduspider/2.0; +http://www.baidu.com/search/spider.html)"
220.181.89.184 - - [07/Sep/2013:20:04:18 +0800] "GET /robots.txt HTTP/1.1" 404 194 "-" "Sogou web spider/4.0"
220.181.89.184 - - [07/Sep/2013:20:04:41 +0800] "GET /null-5/news/sort-51/ HTTP/1.1" 500 3633 "-" "Sogou web spider/4.0(+http://www.sogou.com/docs/help/webmasters.htm#07)"
220.181.89.184 - - [07/Sep/2013:20:35:53 +0800] "GET /null-0/news/article-8900-page8/ HTTP/1.1" 500 3634 "-" "Sogou web spider/4.0(+http://www.sogou.com/docs/help/webmasters.htm#07)"
220.181.89.184 - - [07/Sep/2013:20:39:48 +0800] "GET /Clothing-5/news/article-8895-page2/ HTTP/1.1" 500 3634 "-" "Sogou web spider/4.0(+http://www.sogou.com/docs/help/webmasters.htm#07)"
220.181.89.184 - - [07/Sep/2013:20:49:48 +0800] "GET /null-5/news/article-8885-page6/ HTTP/1.1" 500 3634 "-" "Sogou web spider/4.0(+http://www.sogou.com/docs/help/webmasters.htm#07)"
220.181.89.184 - - [07/Sep/2013:21:10:09 +0800] "GET /Clothing-5/news/article-8895-page2/ HTTP/1.1" 500 3634 "-" "Sogou web spider/4.0(+http://www.sogou.com/docs/help/webmasters.htm#07)"
220.181.89.184 - - [07/Sep/2013:21:12:07 +0800] "GET /null-5/news/article-8885-page6/ HTTP/1.1" 500 3634 "-" "Sogou web spider/4.0(+http://www.sogou.com/docs/help/webmasters.htm#07)"
220.181.89.184 - - [07/Sep/2013:21:18:13 +0800] "GET /null-5/news/article-8892-page2/ HTTP/1.1" 500 3634 "-" "Sogou web spider/4.0(+http://www.sogou.com/docs/help/webmasters.htm#07)"
220.181.89.184 - - [07/Sep/2013:21:20:34 +0800] "GET /null-5/news/article-8892-page2/ HTTP/1.1" 500 3634 "-" "Sogou web spider/4.0(+http://www.sogou.com/docs/help/webmasters.htm#07)"
208.115.111.68 - - [07/Sep/2013:21:48:01 +0800] "GET /Jewelry-9/news/article-138600-page4/ HTTP/1.1" 500 3634 "-" "Mozilla/5.0 (compatible; Ezooms/1.0; ezooms.bot@gmail.com)"
208.115.113.84 - - [07/Sep/2013:22:00:11 +0800] "GET /robots.txt HTTP/1.1" 404 194 "-" "Mozilla/5.0 (compatible; Ezooms/1.0; ezooms.bot@gmail.com)"
208.115.113.84 - - [07/Sep/2013:22:00:11 +0800] "GET /robots.txt HTTP/1.1" 404 194 "-" "Mozilla/5.0 (compatible; Ezooms/1.0; ezooms.bot@gmail.com)"
5.10.83.96 - - [07/Sep/2013:22:14:09 +0800] "GET /clothing-5/news/article-8888/ HTTP/1.1" 500 3634 "-" "Mozilla/5.0 (compatible; AhrefsBot/5.0; +http://ahrefs.com/robot/)"
157.56.92.157 - - [07/Sep/2013:22:29:11 +0800] "GET /robots.txt HTTP/1.1" 404 194 "-" "Mozilla/5.0 (compatible; bingbot/2.0; +http://www.bing.com/bingbot.htm)"
157.56.92.157 - - [07/Sep/2013:22:30:23 +0800] "GET /index.htm HTTP/1.1" 200 24766 "-" "Mozilla/5.0 (compatible; bingbot/2.0; +http://www.bing.com/bingbot.htm)"
123.125.71.27 - - [07/Sep/2013:22:43:57 +0800] "GET /index.htm HTTP/1.1" 200 24766 "-" "Mozilla/5.0 (compatible; Baiduspider/2.0; +http://www.baidu.com/search/spider.html)"
123.125.71.22 - - [07/Sep/2013:22:43:57 +0800] "GET / HTTP/1.1" 302 72 "-" "Mozilla/5.0 (compatible; Baiduspider/2.0; +http://www.baidu.com/search/spider.html)"
123.125.71.19 - - [07/Sep/2013:22:43:58 +0800] "GET /index.htm HTTP/1.1" 200 24766 "-" "Mozilla/5.0 (compatible; Baiduspider/2.0; +http://www.baidu.com/search/spider.html)"
208.115.113.84 - - [07/Sep/2013:23:27:44 +0800] "GET /Clothing-5/news/article-8884-page2/ HTTP/1.1" 500 3634 "-" "Mozilla/5.0 (compatible; Ezooms/1.0; ezooms.bot@gmail.com)"
208.115.113.84 - - [07/Sep/2013:23:31:48 +0800] "GET /Jewelry-9/news/article-138784-page8/ HTTP/1.1" 500 3634 "-" "Mozilla/5.0 (compatible; Ezooms/1.0; ezooms.bot@gmail.com)"
208.115.111.68 - - [07/Sep/2013:23:54:23 +0800] "GET /robots.txt HTTP/1.1" 404 194 "-" "Mozilla/5.0 (compatible; Ezooms/1.0; ezooms.bot@gmail.com)"
208.115.111.68 - - [07/Sep/2013:23:54:23 +0800] "GET /robots.txt HTTP/1.1" 404 194 "-" "Mozilla/5.0 (compatible; Ezooms/1.0; ezooms.bot@gmail.com)"
