1.202.218.134 - - [03/Sep/2013:22:03:02 +0800] "GET /Jewelry-9/news/article-138635/ HTTP/1.1" 500 3634 "-" "Mozilla/5.0 (compatible; JikeSpider; +http://shoulu.jike.com/spider.html)"
123.125.71.75 - - [03/Sep/2013:22:32:15 +0800] "GET /clothing-5/news/article-8896/ HTTP/1.1" 500 3634 "-" "Mozilla/5.0 (compatible; Baiduspider/2.0; +http://www.baidu.com/search/spider.html)"
66.249.73.167 - - [03/Sep/2013:23:07:09 +0800] "GET /Mobile-6/news/article-138557-page2/ HTTP/1.1" 500 3634 "-" "Mozilla/5.0 (compatible; Googlebot/2.1; +http://www.google.com/bot.html)"
220.181.89.184 - - [03/Sep/2013:23:11:11 +0800] "GET /robots.txt HTTP/1.1" 404 194 "-" "Sogou web spider/4.0"
5.10.83.36 - - [03/Sep/2013:23:11:44 +0800] "GET /index.htm HTTP/1.1" 200 24766 "-" "Mozilla/5.0 (compatible; AhrefsBot/5.0; +http://ahrefs.com/robot/)"
220.181.89.184 - - [03/Sep/2013:23:13:06 +0800] "GET /news/news-info.do?article_id=138783&prso_id_one=9&prso_name_one_en=&current_page=2 HTTP/1.1" 500 3183 "-" "Sogou web spider/4.0(+http://www.sogou.com/docs/help/webmasters.htm#07)"
208.115.113.84 - - [03/Sep/2013:23:26:10 +0800] "GET /Clothing-5/news/article-8880-page5/ HTTP/1.1" 500 3634 "-" "Mozilla/5.0 (compatible; Ezooms/1.0; ezooms.bot@gmail.com)"
208.115.113.84 - - [03/Sep/2013:23:28:10 +0800] "GET /Clothing-5/news/article-8897-page3/ HTTP/1.1" 500 3634 "-" "Mozilla/5.0 (compatible; Ezooms/1.0; ezooms.bot@gmail.com)"
220.181.89.184 - - [03/Sep/2013:23:36:58 +0800] "GET / HTTP/1.1" 302 72 "-" "Sogou web spider/4.0(+http://www.sogou.com/docs/help/webmasters.htm#07)"
220.181.89.184 - - [03/Sep/2013:23:38:06 +0800] "GET /index.htm HTTP/1.1" 200 24766 "-" "Sogou web spider/4.0(+http://www.sogou.com/docs/help/webmasters.htm#07)"
220.181.89.184 - - [03/Sep/2013:23:39:57 +0800] "GET /news/news-info.do?article_id=138783&prso_id_one=9&prso_name_one_en=&current_page=7 HTTP/1.1" 500 3183 "-" "Sogou web spider/4.0(+http://www.sogou.com/docs/help/webmasters.htm#07)"
220.181.89.184 - - [03/Sep/2013:23:47:22 +0800] "GET /news/news-info.do?article_id=138783&prso_id_one=9&prso_name_one_en=&current_page=2 HTTP/1.1" 500 3183 "-" "Sogou web spider/4.0(+http://www.sogou.com/docs/help/webmasters.htm#07)"
208.115.111.68 - - [03/Sep/2013:23:57:24 +0800] "GET /robots.txt HTTP/1.1" 404 194 "-" "Mozilla/5.0 (compatible; Ezooms/1.0; ezooms.bot@gmail.com)"
220.181.89.184 - - [04/Sep/2013:00:15:23 +0800] "GET / HTTP/1.1" 302 72 "-" "Sogou web spider/4.0(+http://www.sogou.com/docs/help/webmasters.htm#07)"
220.181.89.184 - - [04/Sep/2013:00:16:35 +0800] "GET /index.htm HTTP/1.1" 200 24766 "-" "Sogou web spider/4.0(+http://www.sogou.com/docs/help/webmasters.htm#07)"
220.181.89.184 - - [04/Sep/2013:00:18:31 +0800] "GET /news/news-info.do?article_id=138783&prso_id_one=9&prso_name_one_en=&current_page=7 HTTP/1.1" 500 3183 "-" "Sogou web spider/4.0(+http://www.sogou.com/docs/help/webmasters.htm#07)"
66.249.73.162 - - [04/Sep/2013:01:07:02 +0800] "GET /robots.txt HTTP/1.1" 404 194 "-" "Mozilla/5.0 (compatible; Googlebot/2.1; +http://www.google.com/bot.html)"
66.249.73.162 - - [04/Sep/2013:01:07:02 +0800] "GET /Mobile-6/news/article-10382-page3/ HTTP/1.1" 500 3634 "-" "Mozilla/5.0 (compatible; Googlebot/2.1; +http://www.google.com/bot.html)"
208.115.113.84 - - [04/Sep/2013:01:57:50 +0800] "GET /robots.txt HTTP/1.1" 404 194 "-" "Mozilla/5.0 (compatible; Ezooms/1.0; ezooms.bot@gmail.com)"
157.55.32.99 - - [04/Sep/2013:01:59:45 +0800] "GET /robots.txt HTTP/1.1" 404 194 "-" "Mozilla/5.0 (compatible; bingbot/2.0; +http://www.bing.com/bingbot.htm)"
157.55.32.99 - - [04/Sep/2013:02:01:08 +0800] "GET /Clothing-5/news/article-138596/ HTTP/1.1" 500 3634 "-" "Mozilla/5.0 (compatible; bingbot/2.0; +http://www.bing.com/bingbot.htm)"
157.55.32.99 - - [04/Sep/2013:02:02:10 +0800] "GET /Clothing-5/news/article-138596/ HTTP/1.0" 500 3634 "-" "Mozilla/5.0 (compatible; bingbot/2.0; +http://www.bing.com/bingbot.htm)"
123.125.71.70 - - [04/Sep/2013:02:20:11 +0800] "GET /robots.txt HTTP/1.1" 404 194 "-" "Mozilla/5.0 (compatible; Baiduspider/2.0; +http://www.baidu.com/search/spider.html)"
157.55.32.99 - - [04/Sep/2013:03:02:17 +0800] "GET /Clothing-5/news/article-138596/ HTTP/1.0" 500 3634 "-" "Mozilla/5.0 (compatible; bingbot/2.0; +http://www.bing.com/bingbot.htm)"
208.115.113.84 - - [04/Sep/2013:03:40:04 +0800] "GET /Jewelry-9/news/article-138630-page7/ HTTP/1.1" 500 3634 "-" "Mozilla/5.0 (compatible; Ezooms/1.0; ezooms.bot@gmail.com)"
208.115.113.84 - - [04/Sep/2013:03:42:04 +0800] "GET /Jewelry-9/news/article-138784-page2/ HTTP/1.1" 500 3634 "-" "Mozilla/5.0 (compatible; Ezooms/1.0; ezooms.bot@gmail.com)"
208.115.111.68 - - [04/Sep/2013:03:54:26 +0800] "GET /robots.txt HTTP/1.1" 404 194 "-" "Mozilla/5.0 (compatible; Ezooms/1.0; ezooms.bot@gmail.com)"
157.55.33.23 - - [04/Sep/2013:04:11:41 +0800] "GET /robots.txt HTTP/1.1" 404 194 "-" "Mozilla/5.0 (compatible; bingbot/2.0; +http://www.bing.com/bingbot.htm)"
157.55.33.23 - - [04/Sep/2013:04:13:24 +0800] "GET / HTTP/1.1" 302 73 "-" "Mozilla/5.0 (compatible; bingbot/2.0; +http://www.bing.com/bingbot.htm)"
123.125.71.89 - - [04/Sep/2013:04:16:00 +0800] "GET /robots.txt HTTP/1.1" 404 194 "-" "Mozilla/5.0 (compatible; Baiduspider/2.0; +http://www.baidu.com/search/spider.html)"
157.55.32.84 - - [04/Sep/2013:04:26:20 +0800] "GET /robots.txt HTTP/1.1" 404 194 "-" "Mozilla/5.0 (compatible; bingbot/2.0; +http://www.bing.com/bingbot.htm)"
157.55.32.84 - - [04/Sep/2013:04:30:49 +0800] "GET / HTTP/1.1" 302 72 "-" "Mozilla/5.0 (compatible; bingbot/2.0; +http://www.bing.com/bingbot.htm)"
157.55.32.99 - - [04/Sep/2013:05:32:33 +0800] "GET /robots.txt HTTP/1.1" 404 194 "-" "Mozilla/5.0 (compatible; bingbot/2.0; +http://www.bing.com/bingbot.htm)"
157.55.32.99 - - [04/Sep/2013:05:32:59 +0800] "GET /Clothing-5/news/article-138596/ HTTP/1.1" 500 3634 "-" "Mozilla/5.0 (compatible; bingbot/2.0; +http://www.bing.com/bingbot.htm)"
157.55.32.99 - - [04/Sep/2013:05:33:00 +0800] "GET /Clothing-5/news/article-138596/ HTTP/1.0" 500 3634 "-" "Mozilla/5.0 (compatible; bingbot/2.0; +http://www.bing.com/bingbot.htm)"
157.55.32.99 - - [04/Sep/2013:05:33:01 +0800] "GET /Clothing-5/news/article-138596/ HTTP/1.0" 500 3634 "-" "Mozilla/5.0 (compatible; bingbot/2.0; +http://www.bing.com/bingbot.htm)"
208.115.111.68 - - [04/Sep/2013:05:44:36 +0800] "GET /Jewelry-9/news/article-8904/ HTTP/1.1" 500 3634 "-" "Mozilla/5.0 (compatible; Ezooms/1.0; ezooms.bot@gmail.com)"
208.115.113.84 - - [04/Sep/2013:06:00:05 +0800] "GET /robots.txt HTTP/1.1" 404 194 "-" "Mozilla/5.0 (compatible; Ezooms/1.0; ezooms.bot@gmail.com)"
66.249.73.164 - - [04/Sep/2013:07:16:11 +0800] "GET / HTTP/1.1" 302 72 "-" "Mozilla/5.0 (iPhone; U; CPU iPhone OS 4_1 like Mac OS X; en-us) AppleWebKit/532.9 (KHTML, like Gecko) Version/4.0.5 Mobile/8B117 Safari/6531.22.7 (compatible; Googlebot-Mobile/2.1; +http://www.google.com/bot.html)"
66.249.73.164 - - [04/Sep/2013:07:16:12 +0800] "GET /index.htm HTTP/1.1" 200 24766 "-" "Mozilla/5.0 (iPhone; U; CPU iPhone OS 4_1 like Mac OS X; en-us) AppleWebKit/532.9 (KHTML, like Gecko) Version/4.0.5 Mobile/8B117 Safari/6531.22.7 (compatible; Googlebot-Mobile/2.1; +http://www.google.com/bot.html)"
66.249.73.167 - - [04/Sep/2013:07:26:07 +0800] "GET /css3.0/te.css HTTP/1.1" 200 3436 "-" "Mozilla/5.0 (compatible; Googlebot/2.1; +http://www.google.com/bot.html)"
208.115.111.68 - - [04/Sep/2013:07:55:18 +0800] "GET /robots.txt HTTP/1.1" 404 194 "-" "Mozilla/5.0 (compatible; Ezooms/1.0; ezooms.bot@gmail.com)"
208.115.111.68 - - [04/Sep/2013:09:28:34 +0800] "GET /Clothing-5/news/article-138924-page5/ HTTP/1.1" 500 3634 "-" "Mozilla/5.0 (compatible; Ezooms/1.0; ezooms.bot@gmail.com)"
208.115.113.84 - - [04/Sep/2013:09:57:57 +0800] "GET /robots.txt HTTP/1.1" 404 194 "-" "Mozilla/5.0 (compatible; Ezooms/1.0; ezooms.bot@gmail.com)"
157.55.33.23 - - [04/Sep/2013:09:58:35 +0800] "GET /robots.txt HTTP/1.1" 404 194 "-" "Mozilla/5.0 (compatible; bingbot/2.0; +http://www.bing.com/bingbot.htm)"
157.55.33.23 - - [04/Sep/2013:09:59:17 +0800] "GET / HTTP/1.1" 302 73 "-" "Mozilla/5.0 (compatible; bingbot/2.0; +http://www.bing.com/bingbot.htm)"
157.55.33.23 - - [04/Sep/2013:09:59:18 +0800] "GET /index.htm HTTP/1.1" 200 28578 "-" "Mozilla/5.0 (compatible; bingbot/2.0; +http://www.bing.com/bingbot.htm)"
199.30.20.67 - - [04/Sep/2013:11:06:29 +0800] "GET /robots.txt HTTP/1.1" 404 194 "-" "msnbot-media/1.1 (+http://search.msn.com/msnbot.htm)"
199.30.20.67 - - [04/Sep/2013:11:06:29 +0800] "GET /images/menubg_08.jpg HTTP/1.1" 200 480 "-" "msnbot-media/1.1 (+http://search.msn.com/msnbot.htm)"
208.115.113.84 - - [04/Sep/2013:11:18:33 +0800] "GET /Jewelry-9/news/article-138780-page1/ HTTP/1.1" 500 3634 "-" "Mozilla/5.0 (compatible; Ezooms/1.0; ezooms.bot@gmail.com)"
208.115.113.84 - - [04/Sep/2013:11:19:03 +0800] "GET /Jewelry-9/news/article-8909/ HTTP/1.1" 500 3634 "-" "Mozilla/5.0 (compatible; Ezooms/1.0; ezooms.bot@gmail.com)"
123.125.71.89 - - [04/Sep/2013:11:19:45 +0800] "GET /robots.txt HTTP/1.1" 404 194 "-" "Mozilla/5.0 (compatible; Baiduspider/2.0; +http://www.baidu.com/search/spider.html)"
220.181.89.184 - - [04/Sep/2013:11:33:27 +0800] "GET /news/news-info.do?article_id=138599&prso_id_one=9&prso_name_one_en=&current_page=3 HTTP/1.1" 500 3183 "-" "Sogou web spider/4.0(+http://www.sogou.com/docs/help/webmasters.htm#07)"
220.181.89.184 - - [04/Sep/2013:11:35:51 +0800] "GET /news/news-info.do?article_id=138783&prso_id_one=9&prso_name_one_en=&current_page=5 HTTP/1.1" 500 3183 "-" "Sogou web spider/4.0(+http://www.sogou.com/docs/help/webmasters.htm#07)"
208.115.111.68 - - [04/Sep/2013:11:56:53 +0800] "GET /robots.txt HTTP/1.1" 404 194 "-" "Mozilla/5.0 (compatible; Ezooms/1.0; ezooms.bot@gmail.com)"
220.181.89.184 - - [04/Sep/2013:12:10:23 +0800] "GET /news/news-info.do?article_id=138599&prso_id_one=9&prso_name_one_en=&current_page=3 HTTP/1.1" 500 3183 "-" "Sogou web spider/4.0(+http://www.sogou.com/docs/help/webmasters.htm#07)"
220.181.89.184 - - [04/Sep/2013:12:13:53 +0800] "GET /news/news-info.do?article_id=138783&prso_id_one=9&prso_name_one_en=&current_page=5 HTTP/1.1" 500 3183 "-" "Sogou web spider/4.0(+http://www.sogou.com/docs/help/webmasters.htm#07)"
123.125.71.36 - - [04/Sep/2013:13:15:27 +0800] "GET /robots.txt HTTP/1.1" 404 194 "-" "Mozilla/5.0 (compatible; Baiduspider/2.0; +http://www.baidu.com/search/spider.html)"
117.79.144.165 - - [04/Sep/2013:13:19:42 +0800] "GET / HTTP/1.1" 302 73 "-" "Mozilla/4.0 (compatible; MSIE 8.0; Windows NT 5.1; Trident/4.0)"
117.79.144.165 - - [04/Sep/2013:13:19:42 +0800] "GET /index.htm HTTP/1.1" 200 28578 "-" "Mozilla/4.0 (compatible; MSIE 8.0; Windows NT 5.1; Trident/4.0)"
117.79.144.165 - - [04/Sep/2013:13:19:53 +0800] "GET /css3.0/tefont.css HTTP/1.1" 200 634 "-" "Mozilla/4.0 (compatible; MSIE 8.0; Windows NT 5.1; Trident/4.0)"
117.79.144.165 - - [04/Sep/2013:13:19:58 +0800] "GET /css3.0/te.css HTTP/1.1" 200 3436 "-" "Mozilla/4.0 (compatible; MSIE 8.0; Windows NT 5.1; Trident/4.0)"
117.79.144.165 - - [04/Sep/2013:13:23:58 +0800] "GET / HTTP/1.1" 302 72 "-" "Mozilla/4.0 (compatible; MSIE 8.0; Windows NT 5.1; Trident/4.0)"
117.79.144.165 - - [04/Sep/2013:13:23:58 +0800] "GET /index.htm HTTP/1.1" 200 24766 "-" "Mozilla/4.0 (compatible; MSIE 8.0; Windows NT 5.1; Trident/4.0)"
117.79.144.165 - - [04/Sep/2013:13:24:04 +0800] "GET /css3.0/tefont.css HTTP/1.1" 200 634 "-" "Mozilla/4.0 (compatible; MSIE 8.0; Windows NT 5.1; Trident/4.0)"
117.79.144.165 - - [04/Sep/2013:13:24:14 +0800] "GET /css3.0/te.css HTTP/1.1" 200 3436 "-" "Mozilla/4.0 (compatible; MSIE 8.0; Windows NT 5.1; Trident/4.0)"
66.249.73.162 - - [04/Sep/2013:13:35:23 +0800] "GET /robots.txt HTTP/1.1" 404 194 "-" "Mozilla/5.0 (compatible; Googlebot/2.1; +http://www.google.com/bot.html)"
66.249.73.162 - - [04/Sep/2013:13:35:23 +0800] "GET /Mobile-6/news/article-10393-page1/ HTTP/1.1" 500 3634 "-" "Mozilla/5.0 (compatible; Googlebot/2.1; +http://www.google.com/bot.html)"
183.60.71.78 - - [04/Sep/2013:13:37:08 +0800] "GET /robots.txt HTTP/1.1" 404 944 "http://clothing.ding9.com/" "Mozilla/5.0 (compatible; MSIE 8.0; Windows NT 6.1)"
123.125.71.102 - - [04/Sep/2013:13:42:23 +0800] "GET /clothing-5/news/article-138891/ HTTP/1.1" 500 3634 "-" "Mozilla/5.0 (compatible; Baiduspider/2.0; +http://www.baidu.com/search/spider.html)"
208.115.111.68 - - [04/Sep/2013:13:45:25 +0800] "GET /Jewelry-9/news/article-138780-page2/ HTTP/1.1" 500 3634 "-" "Mozilla/5.0 (compatible; Ezooms/1.0; ezooms.bot@gmail.com)"
208.115.113.84 - - [04/Sep/2013:13:59:19 +0800] "GET /robots.txt HTTP/1.1" 404 194 "-" "Mozilla/5.0 (compatible; Ezooms/1.0; ezooms.bot@gmail.com)"
208.115.113.84 - - [04/Sep/2013:13:59:19 +0800] "GET /robots.txt HTTP/1.1" 404 194 "-" "Mozilla/5.0 (compatible; Ezooms/1.0; ezooms.bot@gmail.com)"
5.10.83.37 - - [04/Sep/2013:14:41:49 +0800] "GET /clothing-5/news/article-8899/ HTTP/1.1" 500 3634 "-" "Mozilla/5.0 (compatible; AhrefsBot/5.0; +http://ahrefs.com/robot/)"
157.55.32.84 - - [04/Sep/2013:14:53:06 +0800] "GET /robots.txt HTTP/1.1" 404 194 "-" "Mozilla/5.0 (compatible; bingbot/2.0; +http://www.bing.com/bingbot.htm)"
157.55.32.84 - - [04/Sep/2013:14:58:23 +0800] "GET / HTTP/1.1" 302 72 "-" "Mozilla/5.0 (compatible; bingbot/2.0; +http://www.bing.com/bingbot.htm)"
157.55.32.84 - - [04/Sep/2013:14:58:32 +0800] "GET /index.htm HTTP/1.1" 200 24766 "-" "Mozilla/5.0 (compatible; bingbot/2.0; +http://www.bing.com/bingbot.htm)"
208.115.111.68 - - [04/Sep/2013:15:54:05 +0800] "GET /robots.txt HTTP/1.1" 404 194 "-" "Mozilla/5.0 (compatible; Ezooms/1.0; ezooms.bot@gmail.com)"
157.55.32.84 - - [04/Sep/2013:17:23:39 +0800] "GET /robots.txt HTTP/1.1" 404 194 "-" "Mozilla/5.0 (compatible; bingbot/2.0; +http://www.bing.com/bingbot.htm)"
157.55.33.23 - - [04/Sep/2013:17:29:22 +0800] "GET /robots.txt HTTP/1.1" 404 194 "-" "Mozilla/5.0 (compatible; bingbot/2.0; +http://www.bing.com/bingbot.htm)"
157.55.32.84 - - [04/Sep/2013:17:30:32 +0800] "GET / HTTP/1.1" 302 72 "-" "Mozilla/5.0 (compatible; bingbot/2.0; +http://www.bing.com/bingbot.htm)"
5.10.83.102 - - [04/Sep/2013:17:30:47 +0800] "GET / HTTP/1.1" 302 73 "-" "Mozilla/5.0 (compatible; AhrefsBot/5.0; +http://ahrefs.com/robot/)"
157.55.33.23 - - [04/Sep/2013:17:34:14 +0800] "GET / HTTP/1.1" 302 73 "-" "Mozilla/5.0 (compatible; bingbot/2.0; +http://www.bing.com/bingbot.htm)"
208.115.111.68 - - [04/Sep/2013:17:40:42 +0800] "GET /Jewelry-9/news/article-138785-page5/ HTTP/1.1" 500 3634 "-" "Mozilla/5.0 (compatible; Ezooms/1.0; ezooms.bot@gmail.com)"
123.125.71.72 - - [04/Sep/2013:17:56:00 +0800] "GET / HTTP/1.1" 302 72 "-" "Mozilla/5.0 (compatible; Baiduspider/2.0; +http://www.baidu.com/search/spider.html)"
123.125.71.89 - - [04/Sep/2013:17:56:01 +0800] "GET /index.htm HTTP/1.1" 200 24766 "-" "Mozilla/5.0 (compatible; Baiduspider/2.0; +http://www.baidu.com/search/spider.html)"
208.115.113.84 - - [04/Sep/2013:18:01:22 +0800] "GET /robots.txt HTTP/1.1" 404 194 "-" "Mozilla/5.0 (compatible; Ezooms/1.0; ezooms.bot@gmail.com)"
220.181.108.156 - - [04/Sep/2013:19:29:06 +0800] "GET /clothing-5/news/article-8888/ HTTP/1.1" 500 3634 "-" "Mozilla/5.0 (compatible; Baiduspider/2.0; +http://www.baidu.com/search/spider.html)"
199.30.16.42 - - [04/Sep/2013:19:43:07 +0800] "GET /robots.txt HTTP/1.1" 404 194 "-" "msnbot-media/1.1 (+http://search.msn.com/msnbot.htm)"
199.30.16.42 - - [04/Sep/2013:19:43:07 +0800] "GET /images/menubg_03.jpg HTTP/1.1" 200 453 "-" "msnbot-media/1.1 (+http://search.msn.com/msnbot.htm)"
123.125.71.44 - - [04/Sep/2013:19:54:52 +0800] "GET /robots.txt HTTP/1.1" 404 194 "-" "Mozilla/5.0 (compatible; Baiduspider/2.0; +http://www.baidu.com/search/spider.html)"
14.18.199.67 - - [04/Sep/2013:20:56:23 +0800] "GET / HTTP/1.0" 302 72 "-" "Mozilla/4.0 (compatible; MSIE 6.0; Windows NT 5.1; SV1; .NET CLR 2.0.50727; .NET CLR 3.0.04506.648; .NET CLR 3.5.21022; .NET CLR 3.0.4506.2152; .NET CLR 3.5.30729; InfoPath.2)"
14.18.199.67 - - [04/Sep/2013:20:56:23 +0800] "GET / HTTP/1.0" 302 73 "-" "Mozilla/4.0 (compatible; MSIE 6.0; Windows NT 5.1; SV1; .NET CLR 2.0.50727; .NET CLR 3.0.04506.648; .NET CLR 3.5.21022; .NET CLR 3.0.4506.2152; .NET CLR 3.5.30729; InfoPath.2)"
14.18.199.67 - - [04/Sep/2013:20:56:29 +0800] "GET /index.htm HTTP/1.0" 200 28578 "-" "Mozilla/4.0 (compatible; MSIE 6.0; Windows NT 5.1; SV1; .NET CLR 2.0.50727; .NET CLR 3.0.04506.648; .NET CLR 3.5.21022; .NET CLR 3.0.4506.2152; .NET CLR 3.5.30729; InfoPath.2)"
14.18.199.67 - - [04/Sep/2013:20:56:29 +0800] "GET /index.htm HTTP/1.0" 200 24766 "-" "Mozilla/4.0 (compatible; MSIE 6.0; Windows NT 5.1; SV1; .NET CLR 2.0.50727; .NET CLR 3.0.04506.648; .NET CLR 3.5.21022; .NET CLR 3.0.4506.2152; .NET CLR 3.5.30729; InfoPath.2)"
5.10.83.42 - - [04/Sep/2013:20:59:33 +0800] "GET /jingpin-9/news/article-138778/ HTTP/1.1" 500 3634 "-" "Mozilla/5.0 (compatible; AhrefsBot/5.0; +http://ahrefs.com/robot/)"
66.249.73.162 - - [04/Sep/2013:21:46:00 +0800] "GET /Mobile-6/news/article-138552-page13/ HTTP/1.1" 500 3634 "-" "Mozilla/5.0 (compatible; Googlebot/2.1; +http://www.google.com/bot.html)"
123.125.71.91 - - [04/Sep/2013:21:46:09 +0800] "GET /robots.txt HTTP/1.1" 404 194 "-" "Mozilla/5.0 (compatible; Baiduspider/2.0; +http://www.baidu.com/search/spider.html)"
5.10.83.70 - - [04/Sep/2013:21:55:36 +0800] "GET /jingpin-9/news/article-138780/ HTTP/1.1" 500 3634 "-" "Mozilla/5.0 (compatible; AhrefsBot/5.0; +http://ahrefs.com/robot/)"
5.10.83.58 - - [04/Sep/2013:21:59:13 +0800] "GET /clothing-5/news/article-8898/ HTTP/1.1" 500 3634 "-" "Mozilla/5.0 (compatible; AhrefsBot/5.0; +http://ahrefs.com/robot/)"
208.115.113.84 - - [04/Sep/2013:22:03:21 +0800] "GET /robots.txt HTTP/1.1" 404 194 "-" "Mozilla/5.0 (compatible; Ezooms/1.0; ezooms.bot@gmail.com)"
208.115.113.84 - - [04/Sep/2013:22:03:21 +0800] "GET /robots.txt HTTP/1.1" 404 194 "-" "Mozilla/5.0 (compatible; Ezooms/1.0; ezooms.bot@gmail.com)"
199.30.16.42 - - [04/Sep/2013:22:39:51 +0800] "GET /robots.txt HTTP/1.1" 404 194 "-" "msnbot-media/1.1 (+http://search.msn.com/msnbot.htm)"
199.30.16.42 - - [04/Sep/2013:22:39:52 +0800] "GET /images/menubg_03.jpg HTTP/1.1" 200 453 "-" "msnbot-media/1.1 (+http://search.msn.com/msnbot.htm)"
157.55.33.23 - - [04/Sep/2013:23:09:19 +0800] "GET /robots.txt HTTP/1.1" 404 194 "-" "Mozilla/5.0 (compatible; bingbot/2.0; +http://www.bing.com/bingbot.htm)"
157.55.33.23 - - [04/Sep/2013:23:11:15 +0800] "GET / HTTP/1.1" 302 73 "-" "Mozilla/5.0 (compatible; bingbot/2.0; +http://www.bing.com/bingbot.htm)"
157.55.32.84 - - [04/Sep/2013:23:17:46 +0800] "GET /robots.txt HTTP/1.1" 404 194 "-" "Mozilla/5.0 (compatible; bingbot/2.0; +http://www.bing.com/bingbot.htm)"
157.55.32.84 - - [04/Sep/2013:23:19:00 +0800] "GET / HTTP/1.1" 302 72 "-" "Mozilla/5.0 (compatible; bingbot/2.0; +http://www.bing.com/bingbot.htm)"
5.10.83.35 - - [04/Sep/2013:23:27:38 +0800] "GET /index.htm HTTP/1.1" 200 28578 "-" "Mozilla/5.0 (compatible; AhrefsBot/5.0; +http://ahrefs.com/robot/)"
65.55.52.88 - - [05/Sep/2013:00:09:17 +0800] "GET /robots.txt HTTP/1.1" 404 194 "-" "Mozilla/5.0 (compatible; bingbot/2.0; +http://www.bing.com/bingbot.htm)"
65.55.52.88 - - [05/Sep/2013:00:10:24 +0800] "GET /Clothing-5/news/article-138924/ HTTP/1.1" 500 3634 "-" "Mozilla/5.0 (compatible; bingbot/2.0; +http://www.bing.com/bingbot.htm)"
65.55.52.88 - - [05/Sep/2013:00:11:44 +0800] "GET /Clothing-5/news/article-138924/ HTTP/1.0" 500 3634 "-" "Mozilla/5.0 (compatible; bingbot/2.0; +http://www.bing.com/bingbot.htm)"
5.10.83.100 - - [05/Sep/2013:00:12:05 +0800] "GET /jingpin-9/news/article-138635/ HTTP/1.1" 500 3634 "-" "Mozilla/5.0 (compatible; AhrefsBot/5.0; +http://ahrefs.com/robot/)"
199.30.20.67 - - [05/Sep/2013:00:19:27 +0800] "GET /robots.txt HTTP/1.1" 404 194 "-" "msnbot-media/1.1 (+http://search.msn.com/msnbot.htm)"
199.30.20.67 - - [05/Sep/2013:00:19:28 +0800] "GET /images/menubg_08.jpg HTTP/1.1" 200 480 "-" "msnbot-media/1.1 (+http://search.msn.com/msnbot.htm)"
220.181.89.184 - - [05/Sep/2013:00:58:19 +0800] "GET /news/news-info.do?article_id=138632&prso_id_one=9&prso_name_one_en=&current_page=3 HTTP/1.1" 500 3183 "-" "Sogou web spider/4.0(+http://www.sogou.com/docs/help/webmasters.htm#07)"
182.118.22.214 - - [05/Sep/2013:01:02:27 +0800] "GET /clothing-5/news/article-8885-page6/ HTTP/1.1" 500 3634 "http://clothing.ding9.com/clothing-5/news/article-8885-page6/" "Mozilla/5.0 (Windows; U; Windows NT 5.1; zh-CN; rv:1.8.0.11)  Firefox/1.5.0.11; 360Spider"
182.118.22.214 - - [05/Sep/2013:01:02:27 +0800] "GET /Clothing-5/news/article-8887-page1/ HTTP/1.1" 500 3634 "http://clothing.ding9.com/Clothing-5/news/article-8887-page1/" "Mozilla/5.0 (Windows; U; Windows NT 5.1; zh-CN; rv:1.8.0.11)  Firefox/1.5.0.11; 360Spider"
65.55.52.88 - - [05/Sep/2013:01:12:23 +0800] "GET /Clothing-5/news/article-138924/ HTTP/1.0" 500 3634 "-" "Mozilla/5.0 (compatible; bingbot/2.0; +http://www.bing.com/bingbot.htm)"
220.181.89.184 - - [05/Sep/2013:01:12:53 +0800] "GET /news/news-info.do?article_id=138630&prso_id_one=9&prso_name_one_en=&current_page=4 HTTP/1.1" 500 3183 "-" "Sogou web spider/4.0(+http://www.sogou.com/docs/help/webmasters.htm#07)"
65.55.52.88 - - [05/Sep/2013:01:32:55 +0800] "GET /robots.txt HTTP/1.1" 404 194 "-" "Mozilla/5.0 (compatible; bingbot/2.0; +http://www.bing.com/bingbot.htm)"
65.55.52.88 - - [05/Sep/2013:01:33:43 +0800] "GET /Clothing-5/news/article-138924/ HTTP/1.1" 500 3634 "-" "Mozilla/5.0 (compatible; bingbot/2.0; +http://www.bing.com/bingbot.htm)"
65.55.52.88 - - [05/Sep/2013:01:35:25 +0800] "GET /Clothing-5/news/article-138924/ HTTP/1.0" 500 3634 "-" "Mozilla/5.0 (compatible; bingbot/2.0; +http://www.bing.com/bingbot.htm)"
220.181.89.184 - - [05/Sep/2013:01:42:36 +0800] "GET /news/news-info.do?article_id=138632&prso_id_one=9&prso_name_one_en=&current_page=3 HTTP/1.1" 500 3183 "-" "Sogou web spider/4.0(+http://www.sogou.com/docs/help/webmasters.htm#07)"
208.115.113.84 - - [05/Sep/2013:02:01:29 +0800] "GET /robots.txt HTTP/1.1" 404 194 "-" "Mozilla/5.0 (compatible; Ezooms/1.0; ezooms.bot@gmail.com)"
66.249.73.213 - - [05/Sep/2013:02:16:36 +0800] "GET /robots.txt HTTP/1.1" 404 194 "-" "Mozilla/5.0 (compatible; Googlebot/2.1; +http://www.google.com/bot.html)"
66.249.73.213 - - [05/Sep/2013:02:16:36 +0800] "GET / HTTP/1.1" 302 73 "-" "Mozilla/5.0 (compatible; Googlebot/2.1; +http://www.google.com/bot.html)"
66.249.73.213 - - [05/Sep/2013:02:16:36 +0800] "GET /index.htm HTTP/1.1" 200 28578 "-" "Mozilla/5.0 (compatible; Googlebot/2.1; +http://www.google.com/bot.html)"
65.55.52.88 - - [05/Sep/2013:02:35:48 +0800] "GET /Clothing-5/news/article-138924/ HTTP/1.0" 500 3634 "-" "Mozilla/5.0 (compatible; bingbot/2.0; +http://www.bing.com/bingbot.htm)"
5.10.83.2 - - [05/Sep/2013:03:29:42 +0800] "GET /clothing-5/news/sort-51/ HTTP/1.1" 500 3633 "-" "Mozilla/5.0 (compatible; AhrefsBot/5.0; +http://ahrefs.com/robot/)"
157.55.32.84 - - [05/Sep/2013:03:41:42 +0800] "GET /robots.txt HTTP/1.1" 404 194 "-" "Mozilla/5.0 (compatible; bingbot/2.0; +http://www.bing.com/bingbot.htm)"
157.55.32.84 - - [05/Sep/2013:03:42:32 +0800] "GET /Clothing-5/news/article-8887/ HTTP/1.1" 500 3634 "-" "Mozilla/5.0 (compatible; bingbot/2.0; +http://www.bing.com/bingbot.htm)"
157.55.32.84 - - [05/Sep/2013:03:43:48 +0800] "GET /Clothing-5/news/article-8887/ HTTP/1.0" 500 3634 "-" "Mozilla/5.0 (compatible; bingbot/2.0; +http://www.bing.com/bingbot.htm)"
208.115.111.68 - - [05/Sep/2013:03:56:07 +0800] "GET /robots.txt HTTP/1.1" 404 194 "-" "Mozilla/5.0 (compatible; Ezooms/1.0; ezooms.bot@gmail.com)"
123.125.71.100 - - [05/Sep/2013:04:21:48 +0800] "GET /robots.txt HTTP/1.1" 404 194 "-" "Mozilla/5.0 (compatible; Baiduspider/2.0; +http://www.baidu.com/search/spider.html)"
157.55.32.84 - - [05/Sep/2013:04:44:26 +0800] "GET /Clothing-5/news/article-8887/ HTTP/1.0" 500 3634 "-" "Mozilla/5.0 (compatible; bingbot/2.0; +http://www.bing.com/bingbot.htm)"
157.55.32.190 - - [05/Sep/2013:05:27:01 +0800] "GET /robots.txt HTTP/1.1" 404 194 "-" "Mozilla/5.0 (compatible; bingbot/2.0; +http://www.bing.com/bingbot.htm)"
157.55.32.190 - - [05/Sep/2013:05:27:44 +0800] "GET /Clothing-5/news/article-8895/ HTTP/1.1" 500 3634 "-" "Mozilla/5.0 (compatible; bingbot/2.0; +http://www.bing.com/bingbot.htm)"
208.115.111.68 - - [05/Sep/2013:05:29:19 +0800] "GET /Clothing-5/news/article-138924-page3/ HTTP/1.1" 500 3634 "-" "Mozilla/5.0 (compatible; Ezooms/1.0; ezooms.bot@gmail.com)"
208.115.111.68 - - [05/Sep/2013:05:29:54 +0800] "GET /Clothing-5/news/article-8825-page4/ HTTP/1.1" 500 3634 "-" "Mozilla/5.0 (compatible; Ezooms/1.0; ezooms.bot@gmail.com)"
157.55.32.190 - - [05/Sep/2013:05:30:27 +0800] "GET /Clothing-5/news/article-8895/ HTTP/1.0" 500 3634 "-" "Mozilla/5.0 (compatible; bingbot/2.0; +http://www.bing.com/bingbot.htm)"
208.115.111.68 - - [05/Sep/2013:05:31:55 +0800] "GET /Clothing-5/news/article-8887-page3/ HTTP/1.1" 500 3634 "-" "Mozilla/5.0 (compatible; Ezooms/1.0; ezooms.bot@gmail.com)"
66.249.73.211 - - [05/Sep/2013:05:35:17 +0800] "GET /Clothing-5/news/article-8885-page4/ HTTP/1.1" 500 3634 "-" "Mozilla/5.0 (compatible; Googlebot/2.1; +http://www.google.com/bot.html)"
5.10.83.44 - - [05/Sep/2013:06:07:00 +0800] "GET /clothing-5/news/article-8900/ HTTP/1.1" 500 3634 "-" "Mozilla/5.0 (compatible; AhrefsBot/5.0; +http://ahrefs.com/robot/)"
123.125.71.72 - - [05/Sep/2013:06:12:51 +0800] "GET /robots.txt HTTP/1.1" 404 194 "-" "Mozilla/5.0 (compatible; Baiduspider/2.0; +http://www.baidu.com/search/spider.html)"
157.55.32.190 - - [05/Sep/2013:06:31:31 +0800] "GET /Clothing-5/news/article-8895/ HTTP/1.0" 500 3634 "-" "Mozilla/5.0 (compatible; bingbot/2.0; +http://www.bing.com/bingbot.htm)"
66.249.73.168 - - [05/Sep/2013:06:37:08 +0800] "GET /robots.txt HTTP/1.1" 404 194 "-" "Mozilla/5.0 (compatible; Googlebot/2.1; +http://www.google.com/bot.html)"
66.249.73.168 - - [05/Sep/2013:06:37:09 +0800] "GET /Mobile-6/news/article-138552-page13/ HTTP/1.1" 500 3634 "-" "Mozilla/5.0 (compatible; Googlebot/2.1; +http://www.google.com/bot.html)"
5.10.83.70 - - [05/Sep/2013:06:42:57 +0800] "GET /jingpin-9/news/article-138782/ HTTP/1.1" 500 3634 "-" "Mozilla/5.0 (compatible; AhrefsBot/5.0; +http://ahrefs.com/robot/)"
157.55.32.84 - - [05/Sep/2013:07:04:11 +0800] "GET /robots.txt HTTP/1.1" 404 194 "-" "Mozilla/5.0 (compatible; bingbot/2.0; +http://www.bing.com/bingbot.htm)"
157.55.32.84 - - [05/Sep/2013:07:05:07 +0800] "GET /Clothing-5/news/article-8897/ HTTP/1.1" 500 3634 "-" "Mozilla/5.0 (compatible; bingbot/2.0; +http://www.bing.com/bingbot.htm)"
157.55.32.84 - - [05/Sep/2013:07:06:09 +0800] "GET /Clothing-5/news/article-8897/ HTTP/1.0" 500 3634 "-" "Mozilla/5.0 (compatible; bingbot/2.0; +http://www.bing.com/bingbot.htm)"
157.55.32.84 - - [05/Sep/2013:07:18:23 +0800] "GET /robots.txt HTTP/1.1" 404 194 "-" "Mozilla/5.0 (compatible; bingbot/2.0; +http://www.bing.com/bingbot.htm)"
157.55.32.84 - - [05/Sep/2013:07:19:47 +0800] "GET /index.htm HTTP/1.1" 200 24766 "-" "Mozilla/5.0 (compatible; bingbot/2.0; +http://www.bing.com/bingbot.htm)"
208.115.111.68 - - [05/Sep/2013:07:56:50 +0800] "GET /robots.txt HTTP/1.1" 404 194 "-" "Mozilla/5.0 (compatible; Ezooms/1.0; ezooms.bot@gmail.com)"
157.55.32.84 - - [05/Sep/2013:08:08:57 +0800] "GET /Clothing-5/news/article-8897/ HTTP/1.0" 500 3634 "-" "Mozilla/5.0 (compatible; bingbot/2.0; +http://www.bing.com/bingbot.htm)"
66.249.73.166 - - [05/Sep/2013:08:47:25 +0800] "GET /jewelry-9/news/article-138668/ HTTP/1.1" 500 3634 "-" "Mozilla/5.0 (compatible; Googlebot/2.1; +http://www.google.com/bot.html)"
157.55.36.50 - - [05/Sep/2013:09:08:32 +0800] "GET /robots.txt HTTP/1.1" 404 194 "-" "Mozilla/5.0 (compatible; bingbot/2.0; +http://www.bing.com/bingbot.htm)"
157.55.36.50 - - [05/Sep/2013:09:08:56 +0800] "GET / HTTP/1.1" 302 73 "-" "Mozilla/5.0 (compatible; bingbot/2.0; +http://www.bing.com/bingbot.htm)"
157.55.32.84 - - [05/Sep/2013:09:23:28 +0800] "GET /robots.txt HTTP/1.1" 404 194 "-" "Mozilla/5.0 (compatible; bingbot/2.0; +http://www.bing.com/bingbot.htm)"
157.55.32.84 - - [05/Sep/2013:09:27:02 +0800] "GET / HTTP/1.1" 302 72 "-" "Mozilla/5.0 (compatible; bingbot/2.0; +http://www.bing.com/bingbot.htm)"
66.249.73.168 - - [05/Sep/2013:09:27:03 +0800] "GET /Mobile-6/news/article-138859-page3/ HTTP/1.1" 500 3634 "-" "Mozilla/5.0 (compatible; Googlebot/2.1; +http://www.google.com/bot.html)"
208.115.111.68 - - [05/Sep/2013:09:49:29 +0800] "GET /Clothing-5/news/article-8898-page6/ HTTP/1.1" 500 3634 "-" "Mozilla/5.0 (compatible; Ezooms/1.0; ezooms.bot@gmail.com)"
5.10.83.2 - - [05/Sep/2013:10:00:12 +0800] "GET /clothing-5/news/article-138891/ HTTP/1.1" 500 3634 "-" "Mozilla/5.0 (compatible; AhrefsBot/5.0; +http://ahrefs.com/robot/)"
5.10.83.37 - - [05/Sep/2013:10:09:35 +0800] "GET /clothing-5/news/article-8896/ HTTP/1.1" 500 3634 "-" "Mozilla/5.0 (compatible; AhrefsBot/5.0; +http://ahrefs.com/robot/)"
5.10.83.80 - - [05/Sep/2013:10:44:35 +0800] "GET /jingpin-9/news/article-138786/ HTTP/1.1" 500 3634 "-" "Mozilla/5.0 (compatible; AhrefsBot/5.0; +http://ahrefs.com/robot/)"
66.249.73.162 - - [05/Sep/2013:10:44:46 +0800] "GET /Mobile-6/news/article-10397-page6/ HTTP/1.1" 500 3634 "-" "Mozilla/5.0 (compatible; Googlebot/2.1; +http://www.google.com/bot.html)"
66.249.73.162 - - [05/Sep/2013:11:45:09 +0800] "GET /Mobile-6/news/article-10381/ HTTP/1.1" 500 3634 "-" "Mozilla/5.0 (compatible; Googlebot/2.1; +http://www.google.com/bot.html)"
208.115.111.68 - - [05/Sep/2013:11:54:11 +0800] "GET /robots.txt HTTP/1.1" 404 194 "-" "Mozilla/5.0 (compatible; Ezooms/1.0; ezooms.bot@gmail.com)"
5.10.83.2 - - [05/Sep/2013:12:09:13 +0800] "GET /clothing-5/news/article-138877/ HTTP/1.1" 500 3634 "-" "Mozilla/5.0 (compatible; AhrefsBot/5.0; +http://ahrefs.com/robot/)"
66.249.73.167 - - [05/Sep/2013:12:44:36 +0800] "GET /Mobile-6/news/article-10397-page4/ HTTP/1.1" 500 3634 "-" "Mozilla/5.0 (compatible; Googlebot/2.1; +http://www.google.com/bot.html)"
220.181.89.184 - - [05/Sep/2013:13:04:18 +0800] "GET /robots.txt HTTP/1.1" 404 194 "-" "Sogou web spider/4.0"
5.10.83.58 - - [05/Sep/2013:13:04:49 +0800] "GET /clothing-5/news/article-138893/ HTTP/1.1" 500 3634 "-" "Mozilla/5.0 (compatible; AhrefsBot/5.0; +http://ahrefs.com/robot/)"
220.181.89.184 - - [05/Sep/2013:13:05:55 +0800] "GET /news/news-info.do?article_id=138785&prso_id_one=9&prso_name_one_en=&current_page=5 HTTP/1.1" 500 3183 "-" "Sogou web spider/4.0(+http://www.sogou.com/docs/help/webmasters.htm#07)"
5.10.83.44 - - [05/Sep/2013:13:09:42 +0800] "GET /clothing-5/news/article-138595/ HTTP/1.1" 500 3634 "-" "Mozilla/5.0 (compatible; AhrefsBot/5.0; +http://ahrefs.com/robot/)"
123.151.148.199 - - [05/Sep/2013:13:11:56 +0800] "GET / HTTP/1.1" 302 73 "http://clothing.ding9.com/" "Mozilla/5.0 (compatible; Sosospider/2.0; +http://help.soso.com/webspider.htm)"
123.151.148.199 - - [05/Sep/2013:13:11:57 +0800] "GET /index.htm HTTP/1.1" 200 28578 "http://clothing.ding9.com/" "Mozilla/5.0 (compatible; Sosospider/2.0; +http://help.soso.com/webspider.htm)"
123.151.148.199 - - [05/Sep/2013:13:11:57 +0800] "GET /css3.0/te.css HTTP/1.1" 200 3436 "http://clothing.ding9.com/" "Mozilla/5.0 (compatible; Sosospider/2.0; +http://help.soso.com/webspider.htm)"
123.151.148.199 - - [05/Sep/2013:13:11:58 +0800] "GET /css3.0/tefont.css HTTP/1.1" 200 634 "http://clothing.ding9.com/" "Mozilla/5.0 (compatible; Sosospider/2.0; +http://help.soso.com/webspider.htm)"
220.181.89.184 - - [05/Sep/2013:13:12:44 +0800] "GET /Mobile-6/news/article-138865-page6/ HTTP/1.1" 500 3634 "-" "Sogou web spider/4.0(+http://www.sogou.com/docs/help/webmasters.htm#07)"
220.181.89.184 - - [05/Sep/2013:13:12:55 +0800] "GET /news/news-info.do?article_id=138630&prso_id_one=9&prso_name_one_en=&current_page=5 HTTP/1.1" 500 3183 "-" "Sogou web spider/4.0(+http://www.sogou.com/docs/help/webmasters.htm#07)"
220.181.89.184 - - [05/Sep/2013:13:12:59 +0800] "GET /Clothing-5/news/article-8825-page5/ HTTP/1.1" 500 3634 "-" "Sogou web spider/4.0(+http://www.sogou.com/docs/help/webmasters.htm#07)"
220.181.89.184 - - [05/Sep/2013:13:18:02 +0800] "GET / HTTP/1.1" 302 72 "-" "Sogou web spider/4.0(+http://www.sogou.com/docs/help/webmasters.htm#07)"
220.181.89.184 - - [05/Sep/2013:13:20:15 +0800] "GET /index.htm HTTP/1.1" 200 24766 "-" "Sogou web spider/4.0(+http://www.sogou.com/docs/help/webmasters.htm#07)"
220.181.89.184 - - [05/Sep/2013:13:22:02 +0800] "GET /jewelry-9/news/article-138635-page2/ HTTP/1.1" 500 3634 "-" "Sogou web spider/4.0(+http://www.sogou.com/docs/help/webmasters.htm#07)"
220.181.89.184 - - [05/Sep/2013:13:24:04 +0800] "GET /Clothing-5/news/article-8825-page8/ HTTP/1.1" 500 3634 "-" "Sogou web spider/4.0(+http://www.sogou.com/docs/help/webmasters.htm#07)"
66.249.73.163 - - [05/Sep/2013:13:24:13 +0800] "GET /Mobile-6/news/article-138553-page4/ HTTP/1.1" 500 3634 "-" "Mozilla/5.0 (compatible; Googlebot/2.1; +http://www.google.com/bot.html)"
220.181.89.184 - - [05/Sep/2013:13:25:36 +0800] "GET /Jewelry-9/news/article-138600-page6/ HTTP/1.1" 500 3634 "-" "Sogou web spider/4.0(+http://www.sogou.com/docs/help/webmasters.htm#07)"
220.181.89.184 - - [05/Sep/2013:13:31:33 +0800] "GET /Mobile-6/news/article-138859-page7/ HTTP/1.1" 500 3634 "-" "Sogou web spider/4.0(+http://www.sogou.com/docs/help/webmasters.htm#07)"
111.161.53.145 - - [05/Sep/2013:13:34:32 +0800] "GET /robots.txt HTTP/1.1" 404 944 "http://clothing.ding9.com/" "Mozilla/5.0 (compatible; MSIE 8.0; Windows NT 6.1)"
5.10.83.44 - - [05/Sep/2013:13:43:18 +0800] "GET /index.htm HTTP/1.1" 200 24766 "-" "Mozilla/5.0 (compatible; AhrefsBot/5.0; +http://ahrefs.com/robot/)"
220.181.89.184 - - [05/Sep/2013:13:46:12 +0800] "GET /news/news-info.do?article_id=138785&prso_id_one=9&prso_name_one_en=&current_page=5 HTTP/1.1" 500 3183 "-" "Sogou web spider/4.0(+http://www.sogou.com/docs/help/webmasters.htm#07)"
208.115.111.68 - - [05/Sep/2013:13:49:44 +0800] "GET /Jewelry-9/news/article-138784-page7/ HTTP/1.1" 500 3634 "-" "Mozilla/5.0 (compatible; Ezooms/1.0; ezooms.bot@gmail.com)"
220.181.89.184 - - [05/Sep/2013:13:49:53 +0800] "GET /news/news-info.do?article_id=138630&prso_id_one=9&prso_name_one_en=&current_page=5 HTTP/1.1" 500 3183 "-" "Sogou web spider/4.0(+http://www.sogou.com/docs/help/webmasters.htm#07)"
220.181.89.184 - - [05/Sep/2013:13:51:42 +0800] "GET /Mobile-6/news/article-138865-page6/ HTTP/1.1" 500 3634 "-" "Sogou web spider/4.0(+http://www.sogou.com/docs/help/webmasters.htm#07)"
220.181.89.184 - - [05/Sep/2013:13:51:53 +0800] "GET /Clothing-5/news/article-8825-page5/ HTTP/1.1" 500 3634 "-" "Sogou web spider/4.0(+http://www.sogou.com/docs/help/webmasters.htm#07)"
220.181.89.184 - - [05/Sep/2013:13:56:01 +0800] "GET / HTTP/1.1" 302 72 "-" "Sogou web spider/4.0(+http://www.sogou.com/docs/help/webmasters.htm#07)"
220.181.89.184 - - [05/Sep/2013:13:58:10 +0800] "GET /index.htm HTTP/1.1" 200 24766 "-" "Sogou web spider/4.0(+http://www.sogou.com/docs/help/webmasters.htm#07)"
220.181.89.184 - - [05/Sep/2013:14:00:14 +0800] "GET /jewelry-9/news/article-138635-page2/ HTTP/1.1" 500 3634 "-" "Sogou web spider/4.0(+http://www.sogou.com/docs/help/webmasters.htm#07)"
220.181.89.184 - - [05/Sep/2013:14:01:53 +0800] "GET /Clothing-5/news/article-8825-page8/ HTTP/1.1" 500 3634 "-" "Sogou web spider/4.0(+http://www.sogou.com/docs/help/webmasters.htm#07)"
220.181.89.184 - - [05/Sep/2013:14:04:18 +0800] "GET /Jewelry-9/news/article-138600-page6/ HTTP/1.1" 500 3634 "-" "Sogou web spider/4.0(+http://www.sogou.com/docs/help/webmasters.htm#07)"
66.249.73.166 - - [05/Sep/2013:14:21:34 +0800] "GET /Mobile-6/news/article-138556/ HTTP/1.1" 500 3634 "-" "Mozilla/5.0 (compatible; Googlebot/2.1; +http://www.google.com/bot.html)"
5.10.83.82 - - [05/Sep/2013:14:41:05 +0800] "GET /jingpin-9/news/article-138783/ HTTP/1.1" 500 3634 "-" "Mozilla/5.0 (compatible; AhrefsBot/5.0; +http://ahrefs.com/robot/)"
66.249.73.166 - - [05/Sep/2013:14:47:59 +0800] "GET /Mobile-6/news/article-138556-page7/ HTTP/1.1" 500 3634 "-" "Mozilla/5.0 (compatible; Googlebot/2.1; +http://www.google.com/bot.html)"
5.10.83.37 - - [05/Sep/2013:15:15:14 +0800] "GET /clothing-5/news/article-138892/ HTTP/1.1" 500 3634 "-" "Mozilla/5.0 (compatible; AhrefsBot/5.0; +http://ahrefs.com/robot/)"
208.115.111.68 - - [05/Sep/2013:15:56:10 +0800] "GET /robots.txt HTTP/1.1" 404 194 "-" "Mozilla/5.0 (compatible; Ezooms/1.0; ezooms.bot@gmail.com)"
208.115.111.68 - - [05/Sep/2013:15:56:10 +0800] "GET /robots.txt HTTP/1.1" 404 194 "-" "Mozilla/5.0 (compatible; Ezooms/1.0; ezooms.bot@gmail.com)"
5.10.83.82 - - [05/Sep/2013:15:57:56 +0800] "GET /clothing-5/news/article-138924/ HTTP/1.1" 500 3634 "-" "Mozilla/5.0 (compatible; AhrefsBot/5.0; +http://ahrefs.com/robot/)"
66.249.73.166 - - [05/Sep/2013:16:03:58 +0800] "GET /Mobile-6/news/article-138559-page2/ HTTP/1.1" 500 3634 "-" "Mozilla/5.0 (compatible; Googlebot/2.1; +http://www.google.com/bot.html)"
66.249.73.166 - - [05/Sep/2013:16:10:33 +0800] "GET /Mobile-6/news/article-138600-page2/ HTTP/1.1" 500 3634 "-" "Mozilla/5.0 (compatible; Googlebot/2.1; +http://www.google.com/bot.html)"
66.249.73.162 - - [05/Sep/2013:17:06:56 +0800] "GET /Mobile-6/news/article-138859-page5/ HTTP/1.1" 500 3634 "-" "Mozilla/5.0 (compatible; Googlebot/2.1; +http://www.google.com/bot.html)"
66.249.73.163 - - [05/Sep/2013:17:10:01 +0800] "GET /Mobile-6/news/article-138865-page4/ HTTP/1.1" 500 3634 "-" "Mozilla/5.0 (compatible; Googlebot/2.1; +http://www.google.com/bot.html)"
157.55.32.84 - - [05/Sep/2013:17:21:21 +0800] "GET /robots.txt HTTP/1.1" 404 194 "-" "Mozilla/5.0 (compatible; bingbot/2.0; +http://www.bing.com/bingbot.htm)"
157.55.32.84 - - [05/Sep/2013:17:23:28 +0800] "GET / HTTP/1.1" 302 72 "-" "Mozilla/5.0 (compatible; bingbot/2.0; +http://www.bing.com/bingbot.htm)"
157.55.32.84 - - [05/Sep/2013:17:23:36 +0800] "GET /index.htm HTTP/1.1" 200 24766 "-" "Mozilla/5.0 (compatible; bingbot/2.0; +http://www.bing.com/bingbot.htm)"
208.115.111.68 - - [05/Sep/2013:17:32:22 +0800] "GET /Jewelry-9/news/article-138633-page2/ HTTP/1.1" 500 3634 "-" "Mozilla/5.0 (compatible; Ezooms/1.0; ezooms.bot@gmail.com)"
208.115.111.68 - - [05/Sep/2013:17:34:23 +0800] "GET /Jewelry-9/news/article-138782-page6/ HTTP/1.1" 500 3634 "-" "Mozilla/5.0 (compatible; Ezooms/1.0; ezooms.bot@gmail.com)"
66.249.73.166 - - [05/Sep/2013:18:08:22 +0800] "GET / HTTP/1.1" 302 72 "-" "Mozilla/5.0 (compatible; Googlebot/2.1; +http://www.google.com/bot.html)"
66.249.73.166 - - [05/Sep/2013:18:08:23 +0800] "GET /index.htm HTTP/1.1" 200 24766 "-" "Mozilla/5.0 (compatible; Googlebot/2.1; +http://www.google.com/bot.html)"
66.249.73.209 - - [05/Sep/2013:18:25:55 +0800] "GET /robots.txt HTTP/1.1" 404 194 "-" "Mozilla/5.0 (compatible; Googlebot/2.1; +http://www.google.com/bot.html)"
66.249.73.209 - - [05/Sep/2013:18:25:55 +0800] "GET / HTTP/1.1" 302 73 "-" "SAMSUNG-SGH-E250/1.0 Profile/MIDP-2.0 Configuration/CLDC-1.1 UP.Browser/6.2.3.3.c.1.101 (GUI) MMP/2.0 (compatible; Googlebot-Mobile/2.1; +http://www.google.com/bot.html)"
66.249.73.209 - - [05/Sep/2013:18:25:56 +0800] "GET /index.htm HTTP/1.1" 200 28578 "-" "SAMSUNG-SGH-E250/1.0 Profile/MIDP-2.0 Configuration/CLDC-1.1 UP.Browser/6.2.3.3.c.1.101 (GUI) MMP/2.0 (compatible; Googlebot-Mobile/2.1; +http://www.google.com/bot.html)"
5.10.83.35 - - [05/Sep/2013:19:38:44 +0800] "GET /jingpin-9/news/article-138666/ HTTP/1.1" 500 3634 "-" "Mozilla/5.0 (compatible; AhrefsBot/5.0; +http://ahrefs.com/robot/)"
208.115.111.68 - - [05/Sep/2013:19:56:11 +0800] "GET /robots.txt HTTP/1.1" 404 194 "-" "Mozilla/5.0 (compatible; Ezooms/1.0; ezooms.bot@gmail.com)"
208.115.111.68 - - [05/Sep/2013:19:56:11 +0800] "GET /robots.txt HTTP/1.1" 404 194 "-" "Mozilla/5.0 (compatible; Ezooms/1.0; ezooms.bot@gmail.com)"
66.249.73.165 - - [05/Sep/2013:20:27:45 +0800] "GET /robots.txt HTTP/1.1" 404 194 "-" "Mozilla/5.0 (compatible; Googlebot/2.1; +http://www.google.com/bot.html)"
5.10.83.100 - - [05/Sep/2013:20:45:48 +0800] "GET /jingpin-9/news/article-138661/ HTTP/1.1" 500 3634 "-" "Mozilla/5.0 (compatible; AhrefsBot/5.0; +http://ahrefs.com/robot/)"
5.10.83.70 - - [05/Sep/2013:21:17:48 +0800] "GET / HTTP/1.1" 302 73 "-" "Mozilla/5.0 (compatible; AhrefsBot/5.0; +http://ahrefs.com/robot/)"
157.55.36.50 - - [05/Sep/2013:21:19:22 +0800] "GET /robots.txt HTTP/1.1" 404 194 "-" "Mozilla/5.0 (compatible; bingbot/2.0; +http://www.bing.com/bingbot.htm)"
157.55.36.50 - - [05/Sep/2013:21:19:44 +0800] "GET / HTTP/1.1" 302 73 "-" "Mozilla/5.0 (compatible; bingbot/2.0; +http://www.bing.com/bingbot.htm)"
188.40.133.218 - - [05/Sep/2013:21:28:09 +0800] "GET /robots.txt HTTP/1.1" 404 194 "-" "Mozilla/5.0 (compatible; SearchmetricsBot; http://www.searchmetrics.com/en/searchmetrics-bot/)"
188.40.133.218 - - [05/Sep/2013:21:28:13 +0800] "GET / HTTP/1.1" 302 73 "-" "Mozilla/5.0 (compatible; SearchmetricsBot; http://www.searchmetrics.com/en/searchmetrics-bot/)"
188.40.133.218 - - [05/Sep/2013:21:28:15 +0800] "GET /index.htm HTTP/1.1" 200 28578 "-" "Mozilla/5.0 (compatible; SearchmetricsBot; http://www.searchmetrics.com/en/searchmetrics-bot/)"
157.55.32.84 - - [05/Sep/2013:21:32:05 +0800] "GET /robots.txt HTTP/1.1" 404 194 "-" "Mozilla/5.0 (compatible; bingbot/2.0; +http://www.bing.com/bingbot.htm)"
157.55.32.84 - - [05/Sep/2013:21:34:27 +0800] "GET / HTTP/1.1" 302 72 "-" "Mozilla/5.0 (compatible; bingbot/2.0; +http://www.bing.com/bingbot.htm)"
157.56.92.149 - - [05/Sep/2013:21:45:25 +0800] "GET /Clothing-5/news/article-8888/ HTTP/1.1" 500 3634 "-" "Mozilla/5.0 (compatible; bingbot/2.0; +http://www.bing.com/bingbot.htm)"
157.56.92.149 - - [05/Sep/2013:21:46:26 +0800] "GET /Clothing-5/news/article-8888/ HTTP/1.0" 500 3634 "-" "Mozilla/5.0 (compatible; bingbot/2.0; +http://www.bing.com/bingbot.htm)"
208.115.111.68 - - [05/Sep/2013:22:13:01 +0800] "GET /Clothing-5/news/article-138597-page3/ HTTP/1.1" 500 3634 "-" "Mozilla/5.0 (compatible; Ezooms/1.0; ezooms.bot@gmail.com)"
208.115.111.68 - - [05/Sep/2013:22:15:02 +0800] "GET /Jewelry-9/news/article-138632-page1/ HTTP/1.1" 500 3634 "-" "Mozilla/5.0 (compatible; Ezooms/1.0; ezooms.bot@gmail.com)"
157.56.92.149 - - [05/Sep/2013:22:47:00 +0800] "GET /Clothing-5/news/article-8888/ HTTP/1.0" 500 3634 "-" "Mozilla/5.0 (compatible; bingbot/2.0; +http://www.bing.com/bingbot.htm)"
66.249.73.164 - - [05/Sep/2013:23:13:03 +0800] "GET /Mobile-6/news/article-138859-page3/ HTTP/1.1" 500 3634 "-" "Mozilla/5.0 (compatible; Googlebot/2.1; +http://www.google.com/bot.html)"
208.115.111.68 - - [05/Sep/2013:23:54:28 +0800] "GET /robots.txt HTTP/1.1" 404 194 "-" "Mozilla/5.0 (compatible; Ezooms/1.0; ezooms.bot@gmail.com)"
208.115.111.68 - - [05/Sep/2013:23:54:28 +0800] "GET /robots.txt HTTP/1.1" 404 194 "-" "Mozilla/5.0 (compatible; Ezooms/1.0; ezooms.bot@gmail.com)"
157.56.92.149 - - [06/Sep/2013:00:18:50 +0800] "GET /robots.txt HTTP/1.1" 404 194 "-" "Mozilla/5.0 (compatible; bingbot/2.0; +http://www.bing.com/bingbot.htm)"
157.56.92.149 - - [06/Sep/2013:00:19:25 +0800] "GET /Clothing-5/news/article-8888/ HTTP/1.1" 500 3634 "-" "Mozilla/5.0 (compatible; bingbot/2.0; +http://www.bing.com/bingbot.htm)"
157.56.92.149 - - [06/Sep/2013:00:20:27 +0800] "GET /Clothing-5/news/article-8888/ HTTP/1.0" 500 3634 "-" "Mozilla/5.0 (compatible; bingbot/2.0; +http://www.bing.com/bingbot.htm)"
157.56.92.149 - - [06/Sep/2013:01:20:28 +0800] "GET /Clothing-5/news/article-8888/ HTTP/1.0" 500 3634 "-" "Mozilla/5.0 (compatible; bingbot/2.0; +http://www.bing.com/bingbot.htm)"
220.181.89.184 - - [06/Sep/2013:02:12:58 +0800] "GET /Clothing-5/news/article-8825-page7/ HTTP/1.1" 500 3634 "-" "Sogou web spider/4.0(+http://www.sogou.com/docs/help/webmasters.htm#07)"
220.181.89.184 - - [06/Sep/2013:02:17:01 +0800] "GET /Jewelry-9/news/article-138600-page7/ HTTP/1.1" 500 3634 "-" "Sogou web spider/4.0(+http://www.sogou.com/docs/help/webmasters.htm#07)"
5.10.83.37 - - [06/Sep/2013:02:18:39 +0800] "GET /clothing-5/news/article-138925/ HTTP/1.1" 500 3634 "-" "Mozilla/5.0 (compatible; AhrefsBot/5.0; +http://ahrefs.com/robot/)"
220.181.89.184 - - [06/Sep/2013:02:21:21 +0800] "GET /Mobile-6/news/article-10383-page5/ HTTP/1.1" 500 3634 "-" "Sogou web spider/4.0(+http://www.sogou.com/docs/help/webmasters.htm#07)"
220.181.89.184 - - [06/Sep/2013:02:26:16 +0800] "GET /news/news-info.do?article_id=138599&prso_id_one=9&prso_name_one_en= HTTP/1.1" 500 3183 "-" "Sogou web spider/4.0(+http://www.sogou.com/docs/help/webmasters.htm#07)"
220.181.89.184 - - [06/Sep/2013:02:27:52 +0800] "GET /Jewelry-9/news/article-138631-page3/ HTTP/1.1" 500 3634 "-" "Sogou web spider/4.0(+http://www.sogou.com/docs/help/webmasters.htm#07)"
220.181.89.184 - - [06/Sep/2013:02:38:18 +0800] "GET /news/news-info.do?article_id=138782&prso_id_one=9&prso_name_one_en=&current_page=3 HTTP/1.1" 500 3183 "-" "Sogou web spider/4.0(+http://www.sogou.com/docs/help/webmasters.htm#07)"
220.181.89.184 - - [06/Sep/2013:02:45:29 +0800] "GET /Mobile-6/news/article-138859-page5/ HTTP/1.1" 500 3634 "-" "Sogou web spider/4.0(+http://www.sogou.com/docs/help/webmasters.htm#07)"
220.181.89.184 - - [06/Sep/2013:02:49:10 +0800] "GET /Clothing-5/news/article-8825-page6/ HTTP/1.1" 500 3634 "-" "Sogou web spider/4.0(+http://www.sogou.com/docs/help/webmasters.htm#07)"
220.181.89.184 - - [06/Sep/2013:02:52:28 +0800] "GET /Clothing-5/news/article-8825-page6/ HTTP/1.1" 500 3634 "-" "Sogou web spider/4.0(+http://www.sogou.com/docs/help/webmasters.htm#07)"
220.181.89.184 - - [06/Sep/2013:02:55:53 +0800] "GET /Jewelry-9/news/article-138600-page7/ HTTP/1.1" 500 3634 "-" "Sogou web spider/4.0(+http://www.sogou.com/docs/help/webmasters.htm#07)"
220.181.89.184 - - [06/Sep/2013:02:56:17 +0800] "GET /Clothing-5/news/article-8825-page7/ HTTP/1.1" 500 3634 "-" "Sogou web spider/4.0(+http://www.sogou.com/docs/help/webmasters.htm#07)"
220.181.89.184 - - [06/Sep/2013:02:59:58 +0800] "GET /Mobile-6/news/article-10383-page5/ HTTP/1.1" 500 3634 "-" "Sogou web spider/4.0(+http://www.sogou.com/docs/help/webmasters.htm#07)"
220.181.89.184 - - [06/Sep/2013:03:04:50 +0800] "GET /news/news-info.do?article_id=138599&prso_id_one=9&prso_name_one_en= HTTP/1.1" 500 3183 "-" "Sogou web spider/4.0(+http://www.sogou.com/docs/help/webmasters.htm#07)"
220.181.89.184 - - [06/Sep/2013:03:07:10 +0800] "GET /Jewelry-9/news/article-138631-page3/ HTTP/1.1" 500 3634 "-" "Sogou web spider/4.0(+http://www.sogou.com/docs/help/webmasters.htm#07)"
220.181.89.184 - - [06/Sep/2013:03:15:50 +0800] "GET /news/news-info.do?article_id=138782&prso_id_one=9&prso_name_one_en=&current_page=3 HTTP/1.1" 500 3183 "-" "Sogou web spider/4.0(+http://www.sogou.com/docs/help/webmasters.htm#07)"
208.115.111.68 - - [06/Sep/2013:03:56:25 +0800] "GET /robots.txt HTTP/1.1" 404 194 "-" "Mozilla/5.0 (compatible; Ezooms/1.0; ezooms.bot@gmail.com)"
208.115.111.68 - - [06/Sep/2013:03:56:25 +0800] "GET /robots.txt HTTP/1.1" 404 194 "-" "Mozilla/5.0 (compatible; Ezooms/1.0; ezooms.bot@gmail.com)"
5.10.83.2 - - [06/Sep/2013:04:08:37 +0800] "GET /jingpin-9/news/article-138785/ HTTP/1.1" 500 3634 "-" "Mozilla/5.0 (compatible; AhrefsBot/5.0; +http://ahrefs.com/robot/)"
5.10.83.2 - - [06/Sep/2013:04:16:42 +0800] "GET /jingpin-9/news/article-138779/ HTTP/1.1" 500 3634 "-" "Mozilla/5.0 (compatible; AhrefsBot/5.0; +http://ahrefs.com/robot/)"
208.115.111.68 - - [06/Sep/2013:05:29:13 +0800] "GET /Jewelry-9/news/article-138634-page1/ HTTP/1.1" 500 3634 "-" "Mozilla/5.0 (compatible; Ezooms/1.0; ezooms.bot@gmail.com)"
208.115.111.68 - - [06/Sep/2013:05:35:45 +0800] "GET /Clothing-5/news/article-8900-page3/ HTTP/1.1" 500 3634 "-" "Mozilla/5.0 (compatible; Ezooms/1.0; ezooms.bot@gmail.com)"
220.181.108.145 - - [06/Sep/2013:06:24:07 +0800] "GET /jingpin-9/news/article-138783/ HTTP/1.1" 500 3634 "-" "Mozilla/5.0 (compatible; Baiduspider/2.0; +http://www.baidu.com/search/spider.html)"
157.56.92.146 - - [06/Sep/2013:06:48:27 +0800] "GET /robots.txt HTTP/1.1" 404 194 "-" "Mozilla/5.0 (compatible; bingbot/2.0; +http://www.bing.com/bingbot.htm)"
157.56.92.146 - - [06/Sep/2013:06:49:56 +0800] "GET /index.htm HTTP/1.1" 200 28578 "-" "Mozilla/5.0 (compatible; bingbot/2.0; +http://www.bing.com/bingbot.htm)"
66.249.73.168 - - [06/Sep/2013:07:48:59 +0800] "GET / HTTP/1.1" 302 72 "-" "Mozilla/5.0 (iPhone; U; CPU iPhone OS 4_1 like Mac OS X; en-us) AppleWebKit/532.9 (KHTML, like Gecko) Version/4.0.5 Mobile/8B117 Safari/6531.22.7 (compatible; Googlebot-Mobile/2.1; +http://www.google.com/bot.html)"
66.249.73.168 - - [06/Sep/2013:07:48:59 +0800] "GET /index.htm HTTP/1.1" 200 24766 "-" "Mozilla/5.0 (iPhone; U; CPU iPhone OS 4_1 like Mac OS X; en-us) AppleWebKit/532.9 (KHTML, like Gecko) Version/4.0.5 Mobile/8B117 Safari/6531.22.7 (compatible; Googlebot-Mobile/2.1; +http://www.google.com/bot.html)"
5.10.83.80 - - [06/Sep/2013:07:51:55 +0800] "GET /jingpin-9/news/article-138781/ HTTP/1.1" 500 3634 "-" "Mozilla/5.0 (compatible; AhrefsBot/5.0; +http://ahrefs.com/robot/)"
208.115.111.68 - - [06/Sep/2013:07:53:43 +0800] "GET /robots.txt HTTP/1.1" 404 194 "-" "Mozilla/5.0 (compatible; Ezooms/1.0; ezooms.bot@gmail.com)"
208.115.111.68 - - [06/Sep/2013:07:53:43 +0800] "GET /robots.txt HTTP/1.1" 404 194 "-" "Mozilla/5.0 (compatible; Ezooms/1.0; ezooms.bot@gmail.com)"
66.249.73.162 - - [06/Sep/2013:07:57:23 +0800] "GET /css3.0/te.css HTTP/1.1" 200 3436 "-" "Mozilla/5.0 (compatible; Googlebot/2.1; +http://www.google.com/bot.html)"
208.115.111.68 - - [06/Sep/2013:09:29:15 +0800] "GET /Jewelry-9/news/article-138663/ HTTP/1.1" 500 3634 "-" "Mozilla/5.0 (compatible; Ezooms/1.0; ezooms.bot@gmail.com)"
208.115.111.68 - - [06/Sep/2013:09:29:46 +0800] "GET /Jewelry-9/news/article-138782/ HTTP/1.1" 500 3634 "-" "Mozilla/5.0 (compatible; Ezooms/1.0; ezooms.bot@gmail.com)"
123.125.71.28 - - [06/Sep/2013:09:36:15 +0800] "GET /robots.txt HTTP/1.1" 404 194 "-" "Mozilla/5.0 (compatible; Baiduspider/2.0; +http://www.baidu.com/search/spider.html)"
157.55.36.50 - - [06/Sep/2013:09:47:10 +0800] "GET /robots.txt HTTP/1.1" 404 194 "-" "Mozilla/5.0 (compatible; bingbot/2.0; +http://www.bing.com/bingbot.htm)"
157.55.36.50 - - [06/Sep/2013:09:47:43 +0800] "GET / HTTP/1.1" 302 73 "-" "Mozilla/5.0 (compatible; bingbot/2.0; +http://www.bing.com/bingbot.htm)"
157.55.32.84 - - [06/Sep/2013:09:56:44 +0800] "GET /robots.txt HTTP/1.1" 404 194 "-" "Mozilla/5.0 (compatible; bingbot/2.0; +http://www.bing.com/bingbot.htm)"
