211.137.182.76 - - [22/Aug/2013:20:01:12 +0800] "GET /index.htm HTTP/1.0" 200 28578 "-" "Mozilla/4.0 (compatible; MSIE 6.0; Windows NT 5.1; SV1; .NET CLR 2.0.50727; .NET CLR 3.0.04506.648; .NET CLR 3.5.21022; .NET CLR 3.0.4506.2152; .NET CLR 3.5.30729; InfoPath.2)"
5.10.83.94 - - [22/Aug/2013:20:04:09 +0800] "GET /jingpin-9/news/article-138781/ HTTP/1.1" 500 3634 "-" "Mozilla/5.0 (compatible; AhrefsBot/5.0; +http://ahrefs.com/robot/)"
157.55.32.28 - - [22/Aug/2013:20:45:00 +0800] "GET /robots.txt HTTP/1.1" 404 194 "-" "Mozilla/5.0 (compatible; bingbot/2.0; +http://www.bing.com/bingbot.htm)"
157.55.32.28 - - [22/Aug/2013:20:48:20 +0800] "GET / HTTP/1.1" 302 73 "-" "Mozilla/5.0 (compatible; bingbot/2.0; +http://www.bing.com/bingbot.htm)"
157.55.35.104 - - [22/Aug/2013:20:57:26 +0800] "GET /robots.txt HTTP/1.1" 404 194 "-" "Mozilla/5.0 (compatible; bingbot/2.0; +http://www.bing.com/bingbot.htm)"
157.55.35.104 - - [22/Aug/2013:20:59:21 +0800] "GET / HTTP/1.1" 302 72 "-" "Mozilla/5.0 (compatible; bingbot/2.0; +http://www.bing.com/bingbot.htm)"
123.125.71.91 - - [22/Aug/2013:21:08:55 +0800] "GET / HTTP/1.1" 302 73 "-" "Mozilla/5.0 (compatible; Baiduspider/2.0; +http://www.baidu.com/search/spider.html)"
123.125.71.103 - - [22/Aug/2013:21:08:56 +0800] "GET /index.htm HTTP/1.1" 200 28578 "-" "Mozilla/5.0 (compatible; Baiduspider/2.0; +http://www.baidu.com/search/spider.html)"
173.252.211.6 - - [22/Aug/2013:21:10:49 +0800] "GET / HTTP/1.1" 302 72 "-" "Mozilla/5.0 (Windows; U; Windows NT 5.1; nl; rv:1.8.1.13) Gecko/20080311 Firefox/2.0.0.13"
173.252.211.6 - - [22/Aug/2013:21:10:50 +0800] "GET / HTTP/1.1" 302 73 "-" "Mozilla/5.0 (Windows; U; Windows NT 5.1; nl; rv:1.8.1.13) Gecko/20080311 Firefox/2.0.0.13"
173.252.211.6 - - [22/Aug/2013:21:11:06 +0800] "GET / HTTP/1.1" 302 73 "-" "Mozilla/5.0 (Windows; U; Windows NT 5.1; nl; rv:1.8.1.13) Gecko/20080311 Firefox/2.0.0.13"
173.252.211.6 - - [22/Aug/2013:21:11:07 +0800] "GET / HTTP/1.1" 302 72 "-" "Mozilla/5.0 (Windows; U; Windows NT 5.1; nl; rv:1.8.1.13) Gecko/20080311 Firefox/2.0.0.13"
173.252.211.6 - - [22/Aug/2013:21:11:42 +0800] "GET / HTTP/1.1" 302 72 "-" "Mozilla/5.0 (Windows; U; Windows NT 5.1; nl; rv:1.8.1.13) Gecko/20080311 Firefox/2.0.0.13"
173.252.211.6 - - [22/Aug/2013:21:11:42 +0800] "GET / HTTP/1.1" 302 73 "-" "Mozilla/5.0 (Windows; U; Windows NT 5.1; nl; rv:1.8.1.13) Gecko/20080311 Firefox/2.0.0.13"
123.125.71.114 - - [22/Aug/2013:21:24:36 +0800] "GET /clothing-5/news/article-8896/ HTTP/1.1" 500 3634 "-" "Mozilla/5.0 (compatible; Baiduspider/2.0; +http://www.baidu.com/search/spider.html)"
208.115.111.68 - - [22/Aug/2013:21:42:11 +0800] "GET /Jewelry-9/news/article-138784-page4/ HTTP/1.1" 500 3634 "-" "Mozilla/5.0 (compatible; Ezooms/1.0; ezooms.bot@gmail.com)"
5.10.83.94 - - [22/Aug/2013:21:53:27 +0800] "GET /clothing-5/news/article-138891/ HTTP/1.1" 500 3634 "-" "Mozilla/5.0 (compatible; AhrefsBot/5.0; +http://ahrefs.com/robot/)"
5.10.83.94 - - [22/Aug/2013:21:54:02 +0800] "GET /clothing-5/news/sort-51/ HTTP/1.1" 500 3633 "-" "Mozilla/5.0 (compatible; AhrefsBot/5.0; +http://ahrefs.com/robot/)"
5.10.83.94 - - [22/Aug/2013:22:49:34 +0800] "GET /jingpin-9/news/article-138663/ HTTP/1.1" 500 3634 "-" "Mozilla/5.0 (compatible; AhrefsBot/5.0; +http://ahrefs.com/robot/)"
220.181.51.109 - - [22/Aug/2013:23:32:46 +0800] "GET /Jewelry-9/news/article-138665/ HTTP/1.1" 500 3634 "-" "Mozilla"
220.181.51.108 - - [22/Aug/2013:23:32:52 +0800] "GET /Jewelry-9/news/article-138663/ HTTP/1.1" 500 3634 "-" "Mozilla"
220.181.51.107 - - [22/Aug/2013:23:32:59 +0800] "GET /Jewelry-9/news/article-138782/ HTTP/1.1" 500 3634 "-" "Mozilla"
220.181.51.105 - - [22/Aug/2013:23:33:06 +0800] "GET /Jewelry-9/news/article-138778/ HTTP/1.1" 500 3634 "-" "Mozilla"
220.181.51.104 - - [22/Aug/2013:23:33:13 +0800] "GET /Jewelry-9/news/article-138635/ HTTP/1.1" 500 3634 "-" "Mozilla"
208.115.111.68 - - [22/Aug/2013:23:54:20 +0800] "GET /robots.txt HTTP/1.1" 404 194 "-" "Mozilla/5.0 (compatible; Ezooms/1.0; ezooms.bot@gmail.com)"
5.10.83.94 - - [23/Aug/2013:00:30:58 +0800] "GET /jingpin-9/news/article-138635/ HTTP/1.1" 500 3634 "-" "Mozilla/5.0 (compatible; AhrefsBot/5.0; +http://ahrefs.com/robot/)"
220.181.108.156 - - [23/Aug/2013:01:15:24 +0800] "GET /Jewelry-9/news/article-138635/ HTTP/1.1" 500 3634 "-" "Mozilla/5.0 (compatible; Baiduspider/2.0; +http://www.baidu.com/search/spider.html)"
5.10.83.94 - - [23/Aug/2013:01:24:55 +0800] "GET /jingpin-9/news/article-138666/ HTTP/1.1" 500 3634 "-" "Mozilla/5.0 (compatible; AhrefsBot/5.0; +http://ahrefs.com/robot/)"
123.125.71.51 - - [23/Aug/2013:01:25:40 +0800] "GET /robots.txt HTTP/1.1" 404 194 "-" "Mozilla/5.0 (compatible; Baiduspider/2.0; +http://www.baidu.com/search/spider.html)"
5.10.83.94 - - [23/Aug/2013:01:27:41 +0800] "GET /clothing-5/news/article-138595/ HTTP/1.1" 500 3634 "-" "Mozilla/5.0 (compatible; AhrefsBot/5.0; +http://ahrefs.com/robot/)"
5.10.83.94 - - [23/Aug/2013:01:29:27 +0800] "GET /clothing-5/news/article-8888/ HTTP/1.1" 500 3634 "-" "Mozilla/5.0 (compatible; AhrefsBot/5.0; +http://ahrefs.com/robot/)"
5.10.83.94 - - [23/Aug/2013:01:33:48 +0800] "GET /clothing-5/news/article-8900/ HTTP/1.1" 500 3634 "-" "Mozilla/5.0 (compatible; AhrefsBot/5.0; +http://ahrefs.com/robot/)"
208.115.111.68 - - [23/Aug/2013:01:50:24 +0800] "GET /Jewelry-9/news/article-8907/ HTTP/1.1" 500 3634 "-" "Mozilla/5.0 (compatible; Ezooms/1.0; ezooms.bot@gmail.com)"
5.10.83.94 - - [23/Aug/2013:02:32:29 +0800] "GET /clothing-5/news/article-138596/ HTTP/1.1" 500 3634 "-" "Mozilla/5.0 (compatible; AhrefsBot/5.0; +http://ahrefs.com/robot/)"
220.181.89.184 - - [23/Aug/2013:02:36:11 +0800] "GET /robots.txt HTTP/1.1" 404 194 "-" "Sogou web spider/4.0"
220.181.89.184 - - [23/Aug/2013:02:38:04 +0800] "GET /Mobile-6/news/article-10383-page1/ HTTP/1.1" 500 3634 "-" "Sogou web spider/4.0(+http://www.sogou.com/docs/help/webmasters.htm#07)"
220.181.89.184 - - [23/Aug/2013:02:42:02 +0800] "GET /Clothing-5/news/article-138893-page3/ HTTP/1.1" 500 3634 "-" "Sogou web spider/4.0(+http://www.sogou.com/docs/help/webmasters.htm#07)"
220.181.89.184 - - [23/Aug/2013:02:52:32 +0800] "GET /Mobile-6/news/article-138552-page9/ HTTP/1.1" 500 3634 "-" "Sogou web spider/4.0(+http://www.sogou.com/docs/help/webmasters.htm#07)"
5.10.83.94 - - [23/Aug/2013:02:52:38 +0800] "GET /clothing-5/news/article-138925/ HTTP/1.1" 500 3634 "-" "Mozilla/5.0 (compatible; AhrefsBot/5.0; +http://ahrefs.com/robot/)"
220.181.89.184 - - [23/Aug/2013:02:52:40 +0800] "GET /jewelry-9/news/article-138631-page8/ HTTP/1.1" 500 3634 "-" "Sogou web spider/4.0(+http://www.sogou.com/docs/help/webmasters.htm#07)"
220.181.89.184 - - [23/Aug/2013:03:01:13 +0800] "GET /Jewelry-9/news/article-138633-page5/ HTTP/1.1" 500 3634 "-" "Sogou web spider/4.0(+http://www.sogou.com/docs/help/webmasters.htm#07)"
5.10.83.94 - - [23/Aug/2013:03:02:54 +0800] "GET /jingpin-9/news/article-138782/ HTTP/1.1" 500 3634 "-" "Mozilla/5.0 (compatible; AhrefsBot/5.0; +http://ahrefs.com/robot/)"
220.181.89.184 - - [23/Aug/2013:03:25:38 +0800] "GET /Mobile-6/news/article-10383-page1/ HTTP/1.1" 500 3634 "-" "Sogou web spider/4.0(+http://www.sogou.com/docs/help/webmasters.htm#07)"
220.181.89.184 - - [23/Aug/2013:03:28:41 +0800] "GET /Clothing-5/news/article-138893-page3/ HTTP/1.1" 500 3634 "-" "Sogou web spider/4.0(+http://www.sogou.com/docs/help/webmasters.htm#07)"
157.55.35.42 - - [23/Aug/2013:03:40:49 +0800] "GET /robots.txt HTTP/1.1" 404 194 "-" "Mozilla/5.0 (compatible; bingbot/2.0; +http://www.bing.com/bingbot.htm)"
157.55.35.42 - - [23/Aug/2013:03:47:12 +0800] "GET /Clothing-5/news/article-8888/ HTTP/1.1" 500 3634 "-" "Mozilla/5.0 (compatible; bingbot/2.0; +http://www.bing.com/bingbot.htm)"
157.55.35.42 - - [23/Aug/2013:03:49:37 +0800] "GET /Clothing-5/news/article-8888/ HTTP/1.0" 500 3634 "-" "Mozilla/5.0 (compatible; bingbot/2.0; +http://www.bing.com/bingbot.htm)"
208.115.111.68 - - [23/Aug/2013:03:52:02 +0800] "GET /robots.txt HTTP/1.1" 404 194 "-" "Mozilla/5.0 (compatible; Ezooms/1.0; ezooms.bot@gmail.com)"
5.10.83.94 - - [23/Aug/2013:04:24:51 +0800] "GET /index.htm HTTP/1.1" 200 24766 "-" "Mozilla/5.0 (compatible; AhrefsBot/5.0; +http://ahrefs.com/robot/)"
157.55.35.42 - - [23/Aug/2013:04:49:50 +0800] "GET /Clothing-5/news/article-8888/ HTTP/1.0" 500 3634 "-" "Mozilla/5.0 (compatible; bingbot/2.0; +http://www.bing.com/bingbot.htm)"
125.39.201.14 - - [23/Aug/2013:05:21:02 +0800] "GET /robots.txt HTTP/1.1" 404 944 "http://clothing.ding9.com/" "Mozilla/5.0 (compatible; MSIE 8.0; Windows NT 6.1)"
123.125.71.41 - - [23/Aug/2013:05:21:30 +0800] "GET /robots.txt HTTP/1.1" 404 194 "-" "Mozilla/5.0 (compatible; Baiduspider/2.0; +http://www.baidu.com/search/spider.html)"
5.10.83.94 - - [23/Aug/2013:05:35:57 +0800] "GET /jingpin-9/news/article-138783/ HTTP/1.1" 500 3634 "-" "Mozilla/5.0 (compatible; AhrefsBot/5.0; +http://ahrefs.com/robot/)"
157.56.229.246 - - [23/Aug/2013:05:57:34 +0800] "GET /robots.txt HTTP/1.1" 404 194 "-" "Mozilla/5.0 (compatible; bingbot/2.0; +http://www.bing.com/bingbot.htm)"
157.56.229.246 - - [23/Aug/2013:05:58:42 +0800] "GET / HTTP/1.1" 302 73 "-" "Mozilla/5.0 (compatible; bingbot/2.0; +http://www.bing.com/bingbot.htm)"
157.56.229.246 - - [23/Aug/2013:05:58:50 +0800] "GET /index.htm HTTP/1.1" 200 28578 "-" "Mozilla/5.0 (compatible; bingbot/2.0; +http://www.bing.com/bingbot.htm)"
61.135.190.220 - - [23/Aug/2013:06:07:35 +0800] "GET /index.htm HTTP/1.1" 200 24766 "http://www.baidu.com/s?wd=NULL" "Mozilla/5.0 (Windows; U; Windows NT 5.1; zh-CN; rv:1.9.2.15) Gecko/20110303 Firefox/3.6.15"
218.85.241.197 - - [23/Aug/2013:06:56:09 +0800] "GET / HTTP/1.1" 302 73 "http://www.ding9.com/" "Mozilla/4.0 (compatible; MSIE 8.0; Windows NT 5.1; Trident/4.0; BIDUBrowser 2.x)"
218.85.241.197 - - [23/Aug/2013:06:56:10 +0800] "GET /index.htm HTTP/1.1" 200 28578 "http://www.ding9.com/" "Mozilla/4.0 (compatible; MSIE 8.0; Windows NT 5.1; Trident/4.0; BIDUBrowser 2.x)"
218.85.241.197 - - [23/Aug/2013:06:56:10 +0800] "GET /css3.0/te.css HTTP/1.1" 200 3436 "http://clothing.ding9.com/index.htm" "Mozilla/4.0 (compatible; MSIE 8.0; Windows NT 5.1; Trident/4.0; BIDUBrowser 2.x)"
218.85.241.197 - - [23/Aug/2013:06:56:10 +0800] "GET /css3.0/tefont.css HTTP/1.1" 200 634 "http://clothing.ding9.com/index.htm" "Mozilla/4.0 (compatible; MSIE 8.0; Windows NT 5.1; Trident/4.0; BIDUBrowser 2.x)"
218.85.241.197 - - [23/Aug/2013:06:56:10 +0800] "GET /images/menubg_03.jpg HTTP/1.1" 200 453 "http://clothing.ding9.com/index.htm" "Mozilla/4.0 (compatible; MSIE 8.0; Windows NT 5.1; Trident/4.0; BIDUBrowser 2.x)"
218.85.241.197 - - [23/Aug/2013:06:56:10 +0800] "GET /images/fzfs/more.jpg HTTP/1.1" 200 1165 "http://clothing.ding9.com/index.htm" "Mozilla/4.0 (compatible; MSIE 8.0; Windows NT 5.1; Trident/4.0; BIDUBrowser 2.x)"
218.85.241.197 - - [23/Aug/2013:06:56:10 +0800] "GET /teimages/arrow_022.gif HTTP/1.1" 200 63 "http://clothing.ding9.com/index.htm" "Mozilla/4.0 (compatible; MSIE 8.0; Windows NT 5.1; Trident/4.0; BIDUBrowser 2.x)"
218.85.241.197 - - [23/Aug/2013:06:56:10 +0800] "GET /images/menubg_04.jpg HTTP/1.1" 200 382 "http://clothing.ding9.com/index.htm" "Mozilla/4.0 (compatible; MSIE 8.0; Windows NT 5.1; Trident/4.0; BIDUBrowser 2.x)"
218.85.241.197 - - [23/Aug/2013:06:56:10 +0800] "GET /images/menubg_m.jpg HTTP/1.1" 200 4390 "http://clothing.ding9.com/index.htm" "Mozilla/4.0 (compatible; MSIE 8.0; Windows NT 5.1; Trident/4.0; BIDUBrowser 2.x)"
218.85.241.197 - - [23/Aug/2013:06:56:10 +0800] "GET /images/menubg_08.jpg HTTP/1.1" 200 480 "http://clothing.ding9.com/index.htm" "Mozilla/4.0 (compatible; MSIE 8.0; Windows NT 5.1; Trident/4.0; BIDUBrowser 2.x)"
218.85.241.197 - - [23/Aug/2013:06:56:10 +0800] "GET /images/focus2.swf HTTP/1.1" 200 10755 "http://clothing.ding9.com/index.htm" "Mozilla/4.0 (compatible; MSIE 8.0; Windows NT 5.1; Trident/4.0; BIDUBrowser 2.x)"
218.85.241.197 - - [23/Aug/2013:06:56:10 +0800] "GET /favicon.ico HTTP/1.1" 404 195 "-" "-"
218.85.241.197 - - [23/Aug/2013:06:56:10 +0800] "GET /favicon.ico HTTP/1.1" 404 195 "-" "-"
218.85.241.197 - - [23/Aug/2013:06:56:11 +0800] "GET /undefined HTTP/1.1" 404 943 "http://clothing.ding9.com/images/focus2.swf" "Mozilla/4.0 (compatible; MSIE 8.0; Windows NT 5.1; Trident/4.0; BIDUBrowser 2.x)"
218.85.241.197 - - [23/Aug/2013:06:56:11 +0800] "GET /undefined HTTP/1.1" 404 943 "http://clothing.ding9.com/images/focus2.swf" "Mozilla/4.0 (compatible; MSIE 8.0; Windows NT 5.1; Trident/4.0; BIDUBrowser 2.x)"
218.85.241.197 - - [23/Aug/2013:06:56:12 +0800] "GET /undefined HTTP/1.1" 404 943 "http://clothing.ding9.com/images/focus2.swf" "Mozilla/4.0 (compatible; MSIE 8.0; Windows NT 5.1; Trident/4.0; BIDUBrowser 2.x)"
218.85.241.197 - - [23/Aug/2013:06:56:12 +0800] "GET /undefined HTTP/1.1" 404 943 "http://clothing.ding9.com/images/focus2.swf" "Mozilla/4.0 (compatible; MSIE 8.0; Windows NT 5.1; Trident/4.0; BIDUBrowser 2.x)"
5.10.83.94 - - [23/Aug/2013:07:13:31 +0800] "GET /jingpin-9/news/sort-52/ HTTP/1.1" 500 3633 "-" "Mozilla/5.0 (compatible; AhrefsBot/5.0; +http://ahrefs.com/robot/)"
208.115.111.68 - - [23/Aug/2013:07:50:12 +0800] "GET /robots.txt HTTP/1.1" 404 194 "-" "Mozilla/5.0 (compatible; Ezooms/1.0; ezooms.bot@gmail.com)"
5.10.83.94 - - [23/Aug/2013:07:59:26 +0800] "GET /jingpin-9/news/article-138661/ HTTP/1.1" 500 3634 "-" "Mozilla/5.0 (compatible; AhrefsBot/5.0; +http://ahrefs.com/robot/)"
157.55.35.98 - - [23/Aug/2013:08:04:35 +0800] "GET /robots.txt HTTP/1.1" 404 194 "-" "Mozilla/5.0 (compatible; bingbot/2.0; +http://www.bing.com/bingbot.htm)"
123.125.71.57 - - [23/Aug/2013:08:14:37 +0800] "GET /Clothing-5/news/article-138891/ HTTP/1.1" 500 3634 "-" "Mozilla/5.0 (compatible; Baiduspider/2.0; +http://www.baidu.com/search/spider.html)"
157.55.32.106 - - [23/Aug/2013:08:18:17 +0800] "GET /robots.txt HTTP/1.1" 404 194 "-" "Mozilla/5.0 (compatible; bingbot/2.0; +http://www.bing.com/bingbot.htm)"
157.55.32.106 - - [23/Aug/2013:08:18:50 +0800] "GET / HTTP/1.1" 302 72 "-" "Mozilla/5.0 (compatible; bingbot/2.0; +http://www.bing.com/bingbot.htm)"
157.55.35.98 - - [23/Aug/2013:08:20:21 +0800] "GET / HTTP/1.1" 302 73 "-" "Mozilla/5.0 (compatible; bingbot/2.0; +http://www.bing.com/bingbot.htm)"
5.10.83.94 - - [23/Aug/2013:09:01:37 +0800] "GET /jingpin-9/news/article-138786/ HTTP/1.1" 500 3634 "-" "Mozilla/5.0 (compatible; AhrefsBot/5.0; +http://ahrefs.com/robot/)"
208.115.111.68 - - [23/Aug/2013:09:28:34 +0800] "GET /Jewelry-9/news/article-138783-page9/ HTTP/1.1" 500 3634 "-" "Mozilla/5.0 (compatible; Ezooms/1.0; ezooms.bot@gmail.com)"
208.115.113.84 - - [23/Aug/2013:09:53:18 +0800] "GET /robots.txt HTTP/1.1" 404 194 "-" "Mozilla/5.0 (compatible; Ezooms/1.0; ezooms.bot@gmail.com)"
208.115.113.84 - - [23/Aug/2013:11:33:38 +0800] "GET /Clothing-5/news/article-138876/ HTTP/1.1" 500 3634 "-" "Mozilla/5.0 (compatible; Ezooms/1.0; ezooms.bot@gmail.com)"
208.115.113.84 - - [23/Aug/2013:11:33:38 +0800] "GET /Clothing-5/news/article-8825-page1/ HTTP/1.1" 500 3634 "-" "Mozilla/5.0 (compatible; Ezooms/1.0; ezooms.bot@gmail.com)"
208.115.111.68 - - [23/Aug/2013:11:50:26 +0800] "GET /robots.txt HTTP/1.1" 404 194 "-" "Mozilla/5.0 (compatible; Ezooms/1.0; ezooms.bot@gmail.com)"
208.115.111.68 - - [23/Aug/2013:11:50:26 +0800] "GET /robots.txt HTTP/1.1" 404 194 "-" "Mozilla/5.0 (compatible; Ezooms/1.0; ezooms.bot@gmail.com)"
220.181.89.184 - - [23/Aug/2013:13:00:23 +0800] "GET /jewelry-9/news/article-138632-page2/ HTTP/1.1" 500 3634 "-" "Sogou web spider/4.0(+http://www.sogou.com/docs/help/webmasters.htm#07)"
220.181.89.184 - - [23/Aug/2013:13:04:39 +0800] "GET /jewelry-9/news/article-138632-page3/ HTTP/1.1" 500 3634 "-" "Sogou web spider/4.0(+http://www.sogou.com/docs/help/webmasters.htm#07)"
220.181.89.184 - - [23/Aug/2013:13:14:28 +0800] "GET / HTTP/1.1" 302 72 "-" "Sogou web spider/4.0(+http://www.sogou.com/docs/help/webmasters.htm#07)"
220.181.89.184 - - [23/Aug/2013:13:15:47 +0800] "GET /index.htm HTTP/1.1" 200 24766 "-" "Sogou web spider/4.0(+http://www.sogou.com/docs/help/webmasters.htm#07)"
220.181.89.184 - - [23/Aug/2013:13:23:08 +0800] "GET /Mobile-6/news/article-138858-page6/ HTTP/1.1" 500 3634 "-" "Sogou web spider/4.0(+http://www.sogou.com/docs/help/webmasters.htm#07)"
220.181.89.184 - - [23/Aug/2013:13:27:13 +0800] "GET /Mobile-6/news/article-138881-page3/ HTTP/1.1" 500 3634 "-" "Sogou web spider/4.0(+http://www.sogou.com/docs/help/webmasters.htm#07)"
208.115.111.68 - - [23/Aug/2013:13:28:40 +0800] "GET /Clothing-5/news/article-138597-page6/ HTTP/1.1" 500 3634 "-" "Mozilla/5.0 (compatible; Ezooms/1.0; ezooms.bot@gmail.com)"
220.181.89.184 - - [23/Aug/2013:13:46:02 +0800] "GET /jewelry-9/news/article-138632-page2/ HTTP/1.1" 500 3634 "-" "Sogou web spider/4.0(+http://www.sogou.com/docs/help/webmasters.htm#07)"
123.125.71.40 - - [23/Aug/2013:13:48:28 +0800] "GET /robots.txt HTTP/1.1" 404 194 "-" "Mozilla/5.0 (compatible; Baiduspider/2.0; +http://www.baidu.com/search/spider.html)"
220.181.89.184 - - [23/Aug/2013:13:50:13 +0800] "GET /jewelry-9/news/article-138632-page3/ HTTP/1.1" 500 3634 "-" "Sogou web spider/4.0(+http://www.sogou.com/docs/help/webmasters.htm#07)"
208.115.113.84 - - [23/Aug/2013:13:54:23 +0800] "GET /robots.txt HTTP/1.1" 404 194 "-" "Mozilla/5.0 (compatible; Ezooms/1.0; ezooms.bot@gmail.com)"
220.181.89.184 - - [23/Aug/2013:13:58:35 +0800] "GET / HTTP/1.1" 302 72 "-" "Sogou web spider/4.0(+http://www.sogou.com/docs/help/webmasters.htm#07)"
220.181.89.184 - - [23/Aug/2013:14:00:43 +0800] "GET /index.htm HTTP/1.1" 200 24766 "-" "Sogou web spider/4.0(+http://www.sogou.com/docs/help/webmasters.htm#07)"
220.181.89.184 - - [23/Aug/2013:14:06:49 +0800] "GET /Mobile-6/news/article-138858-page6/ HTTP/1.1" 500 3634 "-" "Sogou web spider/4.0(+http://www.sogou.com/docs/help/webmasters.htm#07)"
220.181.89.184 - - [23/Aug/2013:14:09:41 +0800] "GET /Mobile-6/news/article-138881-page3/ HTTP/1.1" 500 3634 "-" "Sogou web spider/4.0(+http://www.sogou.com/docs/help/webmasters.htm#07)"
5.10.83.94 - - [23/Aug/2013:15:26:26 +0800] "GET /clothing-5/news/article-138876/ HTTP/1.1" 500 3634 "-" "Mozilla/5.0 (compatible; AhrefsBot/5.0; +http://ahrefs.com/robot/)"
5.10.83.94 - - [23/Aug/2013:15:33:58 +0800] "GET /clothing-5/news/article-8887/ HTTP/1.1" 500 3634 "-" "Mozilla/5.0 (compatible; AhrefsBot/5.0; +http://ahrefs.com/robot/)"
208.115.113.84 - - [23/Aug/2013:15:43:39 +0800] "GET /Clothing-5/news/article-138598-page4/ HTTP/1.1" 500 3634 "-" "Mozilla/5.0 (compatible; Ezooms/1.0; ezooms.bot@gmail.com)"
208.115.113.84 - - [23/Aug/2013:15:45:49 +0800] "GET /Clothing-5/news/article-8899-page2/ HTTP/1.1" 500 3634 "-" "Mozilla/5.0 (compatible; Ezooms/1.0; ezooms.bot@gmail.com)"
208.115.111.68 - - [23/Aug/2013:15:52:01 +0800] "GET /robots.txt HTTP/1.1" 404 194 "-" "Mozilla/5.0 (compatible; Ezooms/1.0; ezooms.bot@gmail.com)"
208.115.111.68 - - [23/Aug/2013:15:52:01 +0800] "GET /robots.txt HTTP/1.1" 404 194 "-" "Mozilla/5.0 (compatible; Ezooms/1.0; ezooms.bot@gmail.com)"
123.125.71.83 - - [23/Aug/2013:16:52:52 +0800] "GET /Jewelry-9/news/article-138665/ HTTP/1.1" 500 3634 "-" "Mozilla/5.0 (compatible; Baiduspider/2.0; +http://www.baidu.com/search/spider.html)"
182.118.21.246 - - [23/Aug/2013:17:10:08 +0800] "GET / HTTP/1.1" 302 73 "http://clothing.ding9.com/" "Mozilla/5.0 (Windows; U; Windows NT 5.1; zh-CN; rv:1.8.0.11)  Firefox/1.5.0.11; 360Spider"
182.118.21.245 - - [23/Aug/2013:17:10:08 +0800] "GET /Clothing-5/news/article-8885-page6/ HTTP/1.1" 500 3634 "http://clothing.ding9.com/Clothing-5/news/article-8885-page6/" "Mozilla/5.0 (Windows; U; Windows NT 5.1; zh-CN; rv:1.8.0.11)  Firefox/1.5.0.11; 360Spider"
182.118.21.246 - - [23/Aug/2013:17:10:09 +0800] "GET /index.htm HTTP/1.1" 200 28578 "http://clothing.ding9.com/index.htm" "Mozilla/5.0 (Windows; U; Windows NT 5.1; zh-CN; rv:1.8.0.11)  Firefox/1.5.0.11; 360Spider"
182.118.54.129 - - [23/Aug/2013:17:10:18 +0800] "GET /index.htm HTTP/1.1" 200 28578 "-" "Mozilla/4.0 (compatible; MSIE 8.0; Windows NT 5.1; Trident/4.0)"
182.118.54.129 - - [23/Aug/2013:17:10:19 +0800] "GET /css3.0/tefont.css HTTP/1.1" 200 634 "http://clothing.ding9.com/index.htm" "Mozilla/4.0 (compatible; MSIE 8.0; Windows NT 5.1; Trident/4.0)"
182.118.54.129 - - [23/Aug/2013:17:10:19 +0800] "GET /css3.0/te.css HTTP/1.1" 200 3436 "http://clothing.ding9.com/index.htm" "Mozilla/4.0 (compatible; MSIE 8.0; Windows NT 5.1; Trident/4.0)"
182.118.22.206 - - [23/Aug/2013:17:11:13 +0800] "GET /index.htm HTTP/1.1" 200 28578 "http://clothing.ding9.com/index.htm" "Mozilla/5.0 (Windows; U; Windows NT 5.1; zh-CN; rv:1.8.0.11)  Firefox/1.5.0.11; 360Spider"
182.118.48.154 - - [23/Aug/2013:17:11:23 +0800] "GET /index.htm HTTP/1.1" 200 28578 "-" "Mozilla/4.0 (compatible; MSIE 8.0; Windows NT 5.1; Trident/4.0)"
182.118.48.154 - - [23/Aug/2013:17:11:23 +0800] "GET /css3.0/tefont.css HTTP/1.1" 200 634 "http://clothing.ding9.com/index.htm" "Mozilla/4.0 (compatible; MSIE 8.0; Windows NT 5.1; Trident/4.0)"
182.118.48.154 - - [23/Aug/2013:17:11:23 +0800] "GET /css3.0/te.css HTTP/1.1" 200 3436 "http://clothing.ding9.com/index.htm" "Mozilla/4.0 (compatible; MSIE 8.0; Windows NT 5.1; Trident/4.0)"
182.118.22.216 - - [23/Aug/2013:17:11:58 +0800] "GET /clothing-5/news/article-8885-page5/ HTTP/1.1" 500 3634 "http://clothing.ding9.com/clothing-5/news/article-8885-page5/" "Mozilla/5.0 (Windows; U; Windows NT 5.1; zh-CN; rv:1.8.0.11)  Firefox/1.5.0.11; 360Spider"
101.226.167.211 - - [23/Aug/2013:17:20:00 +0800] "GET /jingpin-9/news/article-138635/ HTTP/1.1" 500 4384 "http://jingpin.ding9.com/jingpin-9/news/article-138635/" "Mozilla/4.0 (compatible; MSIE 8.0; Windows NT 6.1; Trident/4.0; SLCC2; .NET CLR 2.0.50727; .NET CLR 3.5.30729; .NET CLR 3.0.30729; Media Center PC 6.0; MDDR; .NET4.0C; .NET4.0E; .NET CLR 1.1.4322; Tablet PC 2.0); 360Spider"
101.226.167.213 - - [23/Aug/2013:17:20:01 +0800] "GET /jewelry-9/news/article-138783-page6/ HTTP/1.1" 500 4384 "http://jingpin.ding9.com/jewelry-9/news/article-138783-page6/" "Mozilla/4.0 (compatible; MSIE 8.0; Windows NT 6.1; Trident/4.0; SLCC2; .NET CLR 2.0.50727; .NET CLR 3.5.30729; .NET CLR 3.0.30729; Media Center PC 6.0; MDDR; .NET4.0C; .NET4.0E; .NET CLR 1.1.4322; Tablet PC 2.0); 360Spider"
101.226.167.210 - - [23/Aug/2013:17:20:01 +0800] "GET /jingpin-9/news/article-138662/ HTTP/1.1" 500 4384 "http://jingpin.ding9.com/jingpin-9/news/article-138662/" "Mozilla/4.0 (compatible; MSIE 8.0; Windows NT 6.1; Trident/4.0; SLCC2; .NET CLR 2.0.50727; .NET CLR 3.5.30729; .NET CLR 3.0.30729; Media Center PC 6.0; MDDR; .NET4.0C; .NET4.0E; .NET CLR 1.1.4322; Tablet PC 2.0); 360Spider"
101.226.167.213 - - [23/Aug/2013:17:20:04 +0800] "GET /jingpin-9/news/article-138664/ HTTP/1.1" 500 4384 "http://jingpin.ding9.com/jingpin-9/news/article-138664/" "Mozilla/4.0 (compatible; MSIE 8.0; Windows NT 6.1; Trident/4.0; SLCC2; .NET CLR 2.0.50727; .NET CLR 3.5.30729; .NET CLR 3.0.30729; Media Center PC 6.0; MDDR; .NET4.0C; .NET4.0E; .NET CLR 1.1.4322; Tablet PC 2.0); 360Spider"
101.226.167.212 - - [23/Aug/2013:17:20:04 +0800] "GET /jingpin-9/news/article-138667/ HTTP/1.1" 500 4384 "http://jingpin.ding9.com/jingpin-9/news/article-138667/" "Mozilla/4.0 (compatible; MSIE 8.0; Windows NT 6.1; Trident/4.0; SLCC2; .NET CLR 2.0.50727; .NET CLR 3.5.30729; .NET CLR 3.0.30729; Media Center PC 6.0; MDDR; .NET4.0C; .NET4.0E; .NET CLR 1.1.4322; Tablet PC 2.0); 360Spider"
101.226.167.210 - - [23/Aug/2013:17:20:04 +0800] "GET /jingpin-9/news/article-138669/ HTTP/1.1" 500 4384 "http://jingpin.ding9.com/jingpin-9/news/article-138669/" "Mozilla/4.0 (compatible; MSIE 8.0; Windows NT 6.1; Trident/4.0; SLCC2; .NET CLR 2.0.50727; .NET CLR 3.5.30729; .NET CLR 3.0.30729; Media Center PC 6.0; MDDR; .NET4.0C; .NET4.0E; .NET CLR 1.1.4322; Tablet PC 2.0); 360Spider"
101.226.167.212 - - [23/Aug/2013:17:20:08 +0800] "GET /jingpin-9/news/article-138778/ HTTP/1.1" 500 4384 "http://jingpin.ding9.com/jingpin-9/news/article-138778/" "Mozilla/4.0 (compatible; MSIE 8.0; Windows NT 6.1; Trident/4.0; SLCC2; .NET CLR 2.0.50727; .NET CLR 3.5.30729; .NET CLR 3.0.30729; Media Center PC 6.0; MDDR; .NET4.0C; .NET4.0E; .NET CLR 1.1.4322; Tablet PC 2.0); 360Spider"
101.226.167.209 - - [23/Aug/2013:17:20:08 +0800] "GET /jingpin-9/news/article-138781/ HTTP/1.1" 500 4384 "http://jingpin.ding9.com/jingpin-9/news/article-138781/" "Mozilla/4.0 (compatible; MSIE 8.0; Windows NT 6.1; Trident/4.0; SLCC2; .NET CLR 2.0.50727; .NET CLR 3.5.30729; .NET CLR 3.0.30729; Media Center PC 6.0; MDDR; .NET4.0C; .NET4.0E; .NET CLR 1.1.4322; Tablet PC 2.0); 360Spider"
101.226.167.210 - - [23/Aug/2013:17:20:11 +0800] "GET /jingpin-9/news/article-138785/ HTTP/1.1" 500 4384 "http://jingpin.ding9.com/jingpin-9/news/article-138785/" "Mozilla/4.0 (compatible; MSIE 8.0; Windows NT 6.1; Trident/4.0; SLCC2; .NET CLR 2.0.50727; .NET CLR 3.5.30729; .NET CLR 3.0.30729; Media Center PC 6.0; MDDR; .NET4.0C; .NET4.0E; .NET CLR 1.1.4322; Tablet PC 2.0); 360Spider"
101.226.167.210 - - [23/Aug/2013:17:20:11 +0800] "GET /jingpin-9/news/article-138783/ HTTP/1.1" 500 4384 "http://jingpin.ding9.com/jingpin-9/news/article-138783/" "Mozilla/4.0 (compatible; MSIE 8.0; Windows NT 6.1; Trident/4.0; SLCC2; .NET CLR 2.0.50727; .NET CLR 3.5.30729; .NET CLR 3.0.30729; Media Center PC 6.0; MDDR; .NET4.0C; .NET4.0E; .NET CLR 1.1.4322; Tablet PC 2.0); 360Spider"
182.118.20.216 - - [23/Aug/2013:17:20:26 +0800] "GET / HTTP/1.1" 302 72 "http://jingpin.ding9.com/" "Mozilla/5.0 (Windows; U; Windows NT 5.1; zh-CN; rv:1.8.0.11)  Firefox/1.5.0.11; 360Spider"
182.118.20.216 - - [23/Aug/2013:17:20:27 +0800] "GET /index.htm HTTP/1.1" 200 24766 "http://jingpin.ding9.com/index.htm" "Mozilla/5.0 (Windows; U; Windows NT 5.1; zh-CN; rv:1.8.0.11)  Firefox/1.5.0.11; 360Spider"
182.118.54.135 - - [23/Aug/2013:17:20:28 +0800] "GET /index.htm HTTP/1.1" 200 24766 "-" "Mozilla/4.0 (compatible; MSIE 8.0; Windows NT 5.1; Trident/4.0)"
182.118.54.135 - - [23/Aug/2013:17:20:28 +0800] "GET /css3.0/tefont.css HTTP/1.1" 200 634 "http://jingpin.ding9.com/index.htm" "Mozilla/4.0 (compatible; MSIE 8.0; Windows NT 5.1; Trident/4.0)"
182.118.54.135 - - [23/Aug/2013:17:20:28 +0800] "GET /css3.0/te.css HTTP/1.1" 200 3436 "http://jingpin.ding9.com/index.htm" "Mozilla/4.0 (compatible; MSIE 8.0; Windows NT 5.1; Trident/4.0)"
182.118.21.229 - - [23/Aug/2013:17:26:05 +0800] "GET /jingpin-9/news/sort-53/ HTTP/1.1" 500 3633 "http://jingpin.ding9.com/jingpin-9/news/sort-53/" "Mozilla/5.0 (Windows; U; Windows NT 5.1; zh-CN; rv:1.8.0.11)  Firefox/1.5.0.11; 360Spider"
5.10.83.94 - - [23/Aug/2013:18:16:15 +0800] "GET /jingpin-9/news/article-138669/ HTTP/1.1" 500 3634 "-" "Mozilla/5.0 (compatible; AhrefsBot/5.0; +http://ahrefs.com/robot/)"
123.125.71.27 - - [23/Aug/2013:18:22:24 +0800] "GET /robots.txt HTTP/1.1" 404 194 "-" "Mozilla/5.0 (compatible; Baiduspider/2.0; +http://www.baidu.com/search/spider.html)"
5.10.83.94 - - [23/Aug/2013:18:24:12 +0800] "GET /clothing-5/news/article-138921/ HTTP/1.1" 500 3634 "-" "Mozilla/5.0 (compatible; AhrefsBot/5.0; +http://ahrefs.com/robot/)"
220.181.108.145 - - [23/Aug/2013:19:17:28 +0800] "GET /Jewelry-9/news/article-138662/ HTTP/1.1" 500 3634 "-" "Mozilla/5.0 (compatible; Baiduspider/2.0; +http://www.baidu.com/search/spider.html)"
157.56.92.161 - - [23/Aug/2013:19:40:55 +0800] "GET /robots.txt HTTP/1.1" 404 194 "-" "Mozilla/5.0 (compatible; bingbot/2.0; +http://www.bing.com/bingbot.htm)"
157.56.92.161 - - [23/Aug/2013:19:43:22 +0800] "GET / HTTP/1.1" 302 73 "-" "Mozilla/5.0 (compatible; bingbot/2.0; +http://www.bing.com/bingbot.htm)"
208.115.111.68 - - [23/Aug/2013:19:57:16 +0800] "GET /robots.txt HTTP/1.1" 404 194 "-" "Mozilla/5.0 (compatible; Ezooms/1.0; ezooms.bot@gmail.com)"
157.55.35.35 - - [23/Aug/2013:19:59:42 +0800] "GET /robots.txt HTTP/1.1" 404 194 "-" "Mozilla/5.0 (compatible; bingbot/2.0; +http://www.bing.com/bingbot.htm)"
157.55.35.35 - - [23/Aug/2013:20:01:10 +0800] "GET / HTTP/1.1" 302 72 "-" "Mozilla/5.0 (compatible; bingbot/2.0; +http://www.bing.com/bingbot.htm)"
123.125.71.17 - - [23/Aug/2013:20:44:29 +0800] "GET /clothing-5/news/article-8896/ HTTP/1.1" 500 3634 "-" "Mozilla/5.0 (compatible; Baiduspider/2.0; +http://www.baidu.com/search/spider.html)"
5.10.83.94 - - [23/Aug/2013:20:46:18 +0800] "GET /clothing-5/news/article-8895/ HTTP/1.1" 500 3634 "-" "Mozilla/5.0 (compatible; AhrefsBot/5.0; +http://ahrefs.com/robot/)"
5.10.83.94 - - [23/Aug/2013:20:48:34 +0800] "GET /jingpin-9/news/article-138667/ HTTP/1.1" 500 3634 "-" "Mozilla/5.0 (compatible; AhrefsBot/5.0; +http://ahrefs.com/robot/)"
66.249.74.145 - - [23/Aug/2013:20:49:44 +0800] "GET /robots.txt HTTP/1.1" 404 194 "-" "Mozilla/5.0 (compatible; Googlebot/2.1; +http://www.google.com/bot.html)"
66.249.74.145 - - [23/Aug/2013:20:49:44 +0800] "GET / HTTP/1.1" 302 73 "-" "Mozilla/5.0 (compatible; Googlebot/2.1; +http://www.google.com/bot.html)"
66.249.74.145 - - [23/Aug/2013:20:49:45 +0800] "GET /index.htm HTTP/1.1" 200 28578 "-" "Mozilla/5.0 (compatible; Googlebot/2.1; +http://www.google.com/bot.html)"
5.10.83.94 - - [23/Aug/2013:20:58:52 +0800] "GET / HTTP/1.1" 302 73 "-" "Mozilla/5.0 (compatible; AhrefsBot/5.0; +http://ahrefs.com/robot/)"
208.115.111.68 - - [23/Aug/2013:21:38:02 +0800] "GET /Clothing-5/news/article-8900-page6/ HTTP/1.1" 500 3634 "-" "Mozilla/5.0 (compatible; Ezooms/1.0; ezooms.bot@gmail.com)"
208.115.113.84 - - [23/Aug/2013:21:51:26 +0800] "GET /robots.txt HTTP/1.1" 404 194 "-" "Mozilla/5.0 (compatible; Ezooms/1.0; ezooms.bot@gmail.com)"
208.115.113.84 - - [23/Aug/2013:21:51:26 +0800] "GET /robots.txt HTTP/1.1" 404 194 "-" "Mozilla/5.0 (compatible; Ezooms/1.0; ezooms.bot@gmail.com)"
123.125.71.39 - - [23/Aug/2013:22:15:42 +0800] "GET /robots.txt HTTP/1.1" 404 194 "-" "Mozilla/5.0 (compatible; Baiduspider/2.0; +http://www.baidu.com/search/spider.html)"
5.10.83.94 - - [23/Aug/2013:22:25:56 +0800] "GET / HTTP/1.1" 302 72 "-" "Mozilla/5.0 (compatible; AhrefsBot/5.0; +http://ahrefs.com/robot/)"
130.185.109.239 - - [23/Aug/2013:22:35:51 +0800] "GET /robots.txt HTTP/1.1" 404 194 "-" "PagesInventory (robot http://www.pagesinvenotry.com)"
130.185.109.239 - - [23/Aug/2013:22:35:51 +0800] "GET / HTTP/1.1" 302 72 "-" "PagesInventory (robot +http://www.pagesinventory.com)"
77.88.25.26 - - [23/Aug/2013:23:19:38 +0800] "GET /robots.txt HTTP/1.1" 404 194 "-" "Mozilla/5.0 (compatible; YandexBot/3.0; +http://yandex.com/bots)"
208.115.113.84 - - [23/Aug/2013:23:22:18 +0800] "GET /Jewelry-9/news/article-138784-page8/ HTTP/1.1" 500 3634 "-" "Mozilla/5.0 (compatible; Ezooms/1.0; ezooms.bot@gmail.com)"
208.115.113.84 - - [23/Aug/2013:23:24:19 +0800] "GET /Clothing-5/news/article-8884-page2/ HTTP/1.1" 500 3634 "-" "Mozilla/5.0 (compatible; Ezooms/1.0; ezooms.bot@gmail.com)"
220.181.89.184 - - [23/Aug/2013:23:25:47 +0800] "GET /robots.txt HTTP/1.1" 404 194 "-" "Sogou web spider/4.0"
220.181.89.184 - - [23/Aug/2013:23:25:51 +0800] "GET /Clothing-5/news/article-8889-page2/ HTTP/1.1" 500 3634 "-" "Sogou web spider/4.0(+http://www.sogou.com/docs/help/webmasters.htm#07)"
220.181.89.184 - - [23/Aug/2013:23:36:16 +0800] "GET /Clothing-5/news/article-8883/ HTTP/1.1" 500 3634 "-" "Sogou web spider/4.0(+http://www.sogou.com/docs/help/webmasters.htm#07)"
208.115.111.68 - - [23/Aug/2013:23:49:29 +0800] "GET /robots.txt HTTP/1.1" 404 194 "-" "Mozilla/5.0 (compatible; Ezooms/1.0; ezooms.bot@gmail.com)"
220.181.89.184 - - [24/Aug/2013:00:02:32 +0800] "GET /jewelry-9/news/article-138600-page7/ HTTP/1.1" 500 3634 "-" "Sogou web spider/4.0(+http://www.sogou.com/docs/help/webmasters.htm#07)"
220.181.89.184 - - [24/Aug/2013:00:11:35 +0800] "GET /Mobile-6/news/article-138864-page1/ HTTP/1.1" 500 3634 "-" "Sogou web spider/4.0(+http://www.sogou.com/docs/help/webmasters.htm#07)"
220.181.89.184 - - [24/Aug/2013:00:22:54 +0800] "GET /jewelry-9/news/article-138600-page2/ HTTP/1.1" 500 3634 "-" "Sogou web spider/4.0(+http://www.sogou.com/docs/help/webmasters.htm#07)"
65.55.213.66 - - [24/Aug/2013:00:34:33 +0800] "GET /robots.txt HTTP/1.1" 404 194 "-" "msnbot/2.0b (+http://search.msn.com/msnbot.htm)"
65.55.213.66 - - [24/Aug/2013:00:34:34 +0800] "GET /index.htm HTTP/1.1" 200 24766 "-" "msnbot/2.0b (+http://search.msn.com/msnbot.htm)"
65.55.213.66 - - [24/Aug/2013:00:34:51 +0800] "GET /robots.txt HTTP/1.1" 404 194 "-" "msnbot/2.0b (+http://search.msn.com/msnbot.htm)"
65.55.213.66 - - [24/Aug/2013:00:34:52 +0800] "GET /index.htm HTTP/1.1" 200 28578 "-" "msnbot/2.0b (+http://search.msn.com/msnbot.htm)"
220.181.89.184 - - [24/Aug/2013:00:38:22 +0800] "GET /Mobile-6/news/article-138858-page5/ HTTP/1.1" 500 3634 "-" "Sogou web spider/4.0(+http://www.sogou.com/docs/help/webmasters.htm#07)"
157.55.35.35 - - [24/Aug/2013:00:43:35 +0800] "GET /robots.txt HTTP/1.1" 404 194 "-" "Mozilla/5.0 (compatible; bingbot/2.0; +http://www.bing.com/bingbot.htm)"
157.55.35.35 - - [24/Aug/2013:00:44:16 +0800] "GET /Clothing-5/news/article-138595/ HTTP/1.1" 500 3634 "-" "Mozilla/5.0 (compatible; bingbot/2.0; +http://www.bing.com/bingbot.htm)"
157.55.35.35 - - [24/Aug/2013:00:45:17 +0800] "GET /Clothing-5/news/article-138595/ HTTP/1.0" 500 3634 "-" "Mozilla/5.0 (compatible; bingbot/2.0; +http://www.bing.com/bingbot.htm)"
220.181.89.184 - - [24/Aug/2013:00:51:54 +0800] "GET /jewelry-9/news/article-138600-page7/ HTTP/1.1" 500 3634 "-" "Sogou web spider/4.0(+http://www.sogou.com/docs/help/webmasters.htm#07)"
220.181.89.184 - - [24/Aug/2013:01:00:28 +0800] "GET /Mobile-6/news/article-138864-page1/ HTTP/1.1" 500 3634 "-" "Sogou web spider/4.0(+http://www.sogou.com/docs/help/webmasters.htm#07)"
5.10.83.94 - - [24/Aug/2013:01:24:40 +0800] "GET /jingpin-9/news/article-138664/ HTTP/1.1" 500 3634 "-" "Mozilla/5.0 (compatible; AhrefsBot/5.0; +http://ahrefs.com/robot/)"
157.55.35.35 - - [24/Aug/2013:01:27:55 +0800] "GET /robots.txt HTTP/1.1" 404 194 "-" "Mozilla/5.0 (compatible; bingbot/2.0; +http://www.bing.com/bingbot.htm)"
157.55.35.35 - - [24/Aug/2013:01:28:36 +0800] "GET / HTTP/1.1" 302 72 "-" "Mozilla/5.0 (compatible; bingbot/2.0; +http://www.bing.com/bingbot.htm)"
157.55.35.35 - - [24/Aug/2013:01:28:38 +0800] "GET /index.htm HTTP/1.1" 200 24766 "-" "Mozilla/5.0 (compatible; bingbot/2.0; +http://www.bing.com/bingbot.htm)"
208.115.111.68 - - [24/Aug/2013:01:41:05 +0800] "GET /Jewelry-9/news/article-138631-page4/ HTTP/1.1" 500 3634 "-" "Mozilla/5.0 (compatible; Ezooms/1.0; ezooms.bot@gmail.com)"
157.55.35.35 - - [24/Aug/2013:01:45:56 +0800] "GET /Clothing-5/news/article-138595/ HTTP/1.0" 500 3634 "-" "Mozilla/5.0 (compatible; bingbot/2.0; +http://www.bing.com/bingbot.htm)"
123.125.71.27 - - [24/Aug/2013:01:51:29 +0800] "GET /robots.txt HTTP/1.1" 404 194 "-" "Mozilla/5.0 (compatible; Baiduspider/2.0; +http://www.baidu.com/search/spider.html)"
208.115.113.84 - - [24/Aug/2013:01:52:32 +0800] "GET /robots.txt HTTP/1.1" 404 194 "-" "Mozilla/5.0 (compatible; Ezooms/1.0; ezooms.bot@gmail.com)"
208.115.113.84 - - [24/Aug/2013:01:52:32 +0800] "GET /robots.txt HTTP/1.1" 404 194 "-" "Mozilla/5.0 (compatible; Ezooms/1.0; ezooms.bot@gmail.com)"
5.10.83.94 - - [24/Aug/2013:02:10:23 +0800] "GET /jingpin-9/news/sort-53/ HTTP/1.1" 500 3633 "-" "Mozilla/5.0 (compatible; AhrefsBot/5.0; +http://ahrefs.com/robot/)"
157.55.32.187 - - [24/Aug/2013:02:19:22 +0800] "GET /robots.txt HTTP/1.1" 404 194 "-" "Mozilla/5.0 (compatible; bingbot/2.0; +http://www.bing.com/bingbot.htm)"
157.55.32.187 - - [24/Aug/2013:02:20:20 +0800] "GET / HTTP/1.1" 302 73 "-" "Mozilla/5.0 (compatible; bingbot/2.0; +http://www.bing.com/bingbot.htm)"
157.55.35.35 - - [24/Aug/2013:02:28:37 +0800] "GET / HTTP/1.1" 302 72 "-" "Mozilla/5.0 (compatible; bingbot/2.0; +http://www.bing.com/bingbot.htm)"
123.125.71.112 - - [24/Aug/2013:02:58:27 +0800] "GET / HTTP/1.1" 302 73 "-" "Mozilla/5.0 (compatible; Baiduspider/2.0; +http://www.baidu.com/search/spider.html)"
123.125.71.104 - - [24/Aug/2013:02:58:29 +0800] "GET /index.htm HTTP/1.1" 200 28578 "-" "Mozilla/5.0 (compatible; Baiduspider/2.0; +http://www.baidu.com/search/spider.html)"
208.115.113.84 - - [24/Aug/2013:03:18:28 +0800] "GET /Clothing-5/news/article-8900-page7/ HTTP/1.1" 500 3634 "-" "Mozilla/5.0 (compatible; Ezooms/1.0; ezooms.bot@gmail.com)"
66.249.73.165 - - [24/Aug/2013:03:46:24 +0800] "GET /robots.txt HTTP/1.1" 404 194 "-" "Mozilla/5.0 (compatible; Googlebot/2.1; +http://www.google.com/bot.html)"
66.249.73.165 - - [24/Aug/2013:03:46:24 +0800] "GET / HTTP/1.1" 302 72 "-" "Mozilla/5.0 (compatible; Googlebot/2.1; +http://www.google.com/bot.html)"
66.249.73.165 - - [24/Aug/2013:03:46:26 +0800] "GET /index.htm HTTP/1.1" 200 24766 "-" "Mozilla/5.0 (compatible; Googlebot/2.1; +http://www.google.com/bot.html)"
66.249.73.209 - - [24/Aug/2013:03:48:39 +0800] "GET /robots.txt HTTP/1.1" 404 194 "-" "Mozilla/5.0 (compatible; Googlebot/2.1; +http://www.google.com/bot.html)"
66.249.73.209 - - [24/Aug/2013:03:48:40 +0800] "GET / HTTP/1.1" 302 73 "-" "Mozilla/5.0 (compatible; Googlebot/2.1; +http://www.google.com/bot.html)"
66.249.73.209 - - [24/Aug/2013:03:48:41 +0800] "GET /index.htm HTTP/1.1" 200 28578 "-" "Mozilla/5.0 (compatible; Googlebot/2.1; +http://www.google.com/bot.html)"
208.115.111.68 - - [24/Aug/2013:03:50:26 +0800] "GET /robots.txt HTTP/1.1" 404 194 "-" "Mozilla/5.0 (compatible; Ezooms/1.0; ezooms.bot@gmail.com)"
5.10.83.94 - - [24/Aug/2013:04:53:38 +0800] "GET /jingpin-9/news/article-138665/ HTTP/1.1" 500 3634 "-" "Mozilla/5.0 (compatible; AhrefsBot/5.0; +http://ahrefs.com/robot/)"
5.10.83.94 - - [24/Aug/2013:04:53:40 +0800] "GET /clothing-5/news/article-8897/ HTTP/1.1" 500 3634 "-" "Mozilla/5.0 (compatible; AhrefsBot/5.0; +http://ahrefs.com/robot/)"
77.88.25.26 - - [24/Aug/2013:05:41:30 +0800] "GET / HTTP/1.1" 302 73 "-" "Mozilla/5.0 (compatible; YandexBot/3.0; +http://yandex.com/bots)"
77.88.25.26 - - [24/Aug/2013:05:41:33 +0800] "GET /index.htm HTTP/1.1" 200 28578 "-" "Mozilla/5.0 (compatible; YandexBot/3.0; +http://yandex.com/bots)"
5.10.83.94 - - [24/Aug/2013:07:04:46 +0800] "GET /jingpin-9/news/article-138779/ HTTP/1.1" 500 3634 "-" "Mozilla/5.0 (compatible; AhrefsBot/5.0; +http://ahrefs.com/robot/)"
5.10.83.94 - - [24/Aug/2013:07:08:58 +0800] "GET /jingpin-9/news/article-138784/ HTTP/1.1" 500 3634 "-" "Mozilla/5.0 (compatible; AhrefsBot/5.0; +http://ahrefs.com/robot/)"
5.10.83.94 - - [24/Aug/2013:07:16:18 +0800] "GET /jingpin-9/news/article-138662/ HTTP/1.1" 500 3634 "-" "Mozilla/5.0 (compatible; AhrefsBot/5.0; +http://ahrefs.com/robot/)"
123.125.71.58 - - [24/Aug/2013:07:27:54 +0800] "GET /robots.txt HTTP/1.1" 404 194 "-" "Mozilla/5.0 (compatible; Baiduspider/2.0; +http://www.baidu.com/search/spider.html)"
66.249.73.161 - - [24/Aug/2013:08:22:49 +0800] "GET /css3.0/te.css HTTP/1.1" 200 3436 "-" "Mozilla/5.0 (compatible; Googlebot/2.1; +http://www.google.com/bot.html)"
123.125.71.79 - - [24/Aug/2013:09:18:52 +0800] "GET /Clothing-5/news/article-138891/ HTTP/1.1" 500 3634 "-" "Mozilla/5.0 (compatible; Baiduspider/2.0; +http://www.baidu.com/search/spider.html)"
208.115.113.84 - - [24/Aug/2013:09:52:45 +0800] "GET /robots.txt HTTP/1.1" 404 194 "-" "Mozilla/5.0 (compatible; Ezooms/1.0; ezooms.bot@gmail.com)"
208.115.113.84 - - [24/Aug/2013:09:52:45 +0800] "GET /robots.txt HTTP/1.1" 404 194 "-" "Mozilla/5.0 (compatible; Ezooms/1.0; ezooms.bot@gmail.com)"
58.68.243.205 - - [24/Aug/2013:10:01:48 +0800] "GET /robots.txt HTTP/1.1" 404 194 "-" "Mozilla/5.0 ()"
58.68.243.205 - - [24/Aug/2013:10:01:48 +0800] "HEAD / HTTP/1.1" 302 0 "-" "Mozilla/5.0 (compatible; JikeSpider; +http://shoulu.jike.com/spider.html)"
58.68.243.205 - - [24/Aug/2013:10:01:49 +0800] "GET / HTTP/1.1" 302 73 "-" "Mozilla/5.0 (compatible; JikeSpider; +http://shoulu.jike.com/spider.html)"
1.202.219.10 - - [24/Aug/2013:10:01:54 +0800] "GET /robots.txt HTTP/1.1" 404 194 "-" "Mozilla/5.0 ()"
1.202.219.10 - - [24/Aug/2013:10:01:55 +0800] "HEAD /index.htm HTTP/1.1" 200 0 "-" "Mozilla/5.0 (compatible; JikeSpider; +http://shoulu.jike.com/spider.html)"
1.202.219.10 - - [24/Aug/2013:10:01:56 +0800] "GET /index.htm HTTP/1.1" 200 28578 "-" "Mozilla/5.0 (compatible; JikeSpider; +http://shoulu.jike.com/spider.html)"
123.125.71.19 - - [24/Aug/2013:10:34:25 +0800] "GET /robots.txt HTTP/1.1" 404 194 "-" "Mozilla/5.0 (compatible; Baiduspider/2.0; +http://www.baidu.com/search/spider.html)"
5.10.83.94 - - [24/Aug/2013:10:45:26 +0800] "GET /clothing-5/news/article-138598/ HTTP/1.1" 500 3634 "-" "Mozilla/5.0 (compatible; AhrefsBot/5.0; +http://ahrefs.com/robot/)"
220.181.89.184 - - [24/Aug/2013:10:49:16 +0800] "GET /robots.txt HTTP/1.1" 404 194 "-" "Sogou web spider/4.0"
220.181.89.184 - - [24/Aug/2013:10:51:04 +0800] "GET /jewelry-9/news/article-138785-page5/ HTTP/1.1" 500 3634 "-" "Sogou web spider/4.0(+http://www.sogou.com/docs/help/webmasters.htm#07)"
220.181.89.184 - - [24/Aug/2013:10:57:14 +0800] "GET /Mobile-6/news/article-138621-page3/ HTTP/1.1" 500 3634 "-" "Sogou web spider/4.0(+http://www.sogou.com/docs/help/webmasters.htm#07)"
220.181.89.184 - - [24/Aug/2013:11:00:45 +0800] "GET /Mobile-6/news/article-138555-page6/ HTTP/1.1" 500 3634 "-" "Sogou web spider/4.0(+http://www.sogou.com/docs/help/webmasters.htm#07)"
220.181.89.184 - - [24/Aug/2013:11:10:30 +0800] "GET /Jewelry-9/news/article-138785-page5/ HTTP/1.1" 500 3634 "-" "Sogou web spider/4.0(+http://www.sogou.com/docs/help/webmasters.htm#07)"
208.115.113.84 - - [24/Aug/2013:11:30:50 +0800] "GET /Clothing-5/news/article-138892/ HTTP/1.1" 500 3634 "-" "Mozilla/5.0 (compatible; Ezooms/1.0; ezooms.bot@gmail.com)"
220.181.89.184 - - [24/Aug/2013:11:38:19 +0800] "GET /jewelry-9/news/article-138785-page5/ HTTP/1.1" 500 3634 "-" "Sogou web spider/4.0(+http://www.sogou.com/docs/help/webmasters.htm#07)"
220.181.89.184 - - [24/Aug/2013:11:44:13 +0800] "GET /Mobile-6/news/article-138621-page3/ HTTP/1.1" 500 3634 "-" "Sogou web spider/4.0(+http://www.sogou.com/docs/help/webmasters.htm#07)"
208.115.113.84 - - [24/Aug/2013:11:44:55 +0800] "GET /Jewelry-9/news/article-138659/ HTTP/1.1" 500 3634 "-" "Mozilla/5.0 (compatible; Ezooms/1.0; ezooms.bot@gmail.com)"
66.249.73.214 - - [24/Aug/2013:12:17:30 +0800] "GET /clothing-5/news/sort-50/ HTTP/1.1" 500 3633 "-" "Mozilla/5.0 (compatible; Googlebot/2.1; +http://www.google.com/bot.html)"
66.249.73.214 - - [24/Aug/2013:12:29:44 +0800] "GET /clothing-5/news/sort-51/ HTTP/1.1" 500 3633 "-" "Mozilla/5.0 (compatible; Googlebot/2.1; +http://www.google.com/bot.html)"
66.249.73.210 - - [24/Aug/2013:12:37:30 +0800] "GET /clothing-5/news/article-8899/ HTTP/1.1" 500 3634 "-" "Mozilla/5.0 (compatible; Googlebot/2.1; +http://www.google.com/bot.html)"
123.123.254.197 - - [24/Aug/2013:12:45:35 +0800] "GET / HTTP/1.1" 302 73 "http://office.ding9.com/" "Mozilla/5.0 (Macintosh; Intel Mac OS X 10_8_4) AppleWebKit/536.30.1 (KHTML, like Gecko) Version/6.0.5 Safari/536.30.1"
123.123.254.197 - - [24/Aug/2013:12:45:36 +0800] "GET /index.htm HTTP/1.1" 200 28578 "http://office.ding9.com/" "Mozilla/5.0 (Macintosh; Intel Mac OS X 10_8_4) AppleWebKit/536.30.1 (KHTML, like Gecko) Version/6.0.5 Safari/536.30.1"
123.123.254.197 - - [24/Aug/2013:12:45:37 +0800] "GET /css3.0/tefont.css HTTP/1.1" 200 634 "http://clothing.ding9.com/index.htm" "Mozilla/5.0 (Macintosh; Intel Mac OS X 10_8_4) AppleWebKit/536.30.1 (KHTML, like Gecko) Version/6.0.5 Safari/536.30.1"
123.123.254.197 - - [24/Aug/2013:12:45:37 +0800] "GET /css3.0/te.css HTTP/1.1" 200 3436 "http://clothing.ding9.com/index.htm" "Mozilla/5.0 (Macintosh; Intel Mac OS X 10_8_4) AppleWebKit/536.30.1 (KHTML, like Gecko) Version/6.0.5 Safari/536.30.1"
123.123.254.197 - - [24/Aug/2013:12:45:37 +0800] "GET /images/fzfs/more.jpg HTTP/1.1" 200 1165 "http://clothing.ding9.com/index.htm" "Mozilla/5.0 (Macintosh; Intel Mac OS X 10_8_4) AppleWebKit/536.30.1 (KHTML, like Gecko) Version/6.0.5 Safari/536.30.1"
123.123.254.197 - - [24/Aug/2013:12:45:37 +0800] "GET /images/menubg_04.jpg HTTP/1.1" 200 382 "http://clothing.ding9.com/index.htm" "Mozilla/5.0 (Macintosh; Intel Mac OS X 10_8_4) AppleWebKit/536.30.1 (KHTML, like Gecko) Version/6.0.5 Safari/536.30.1"
123.123.254.197 - - [24/Aug/2013:12:45:37 +0800] "GET /images/menubg_m.jpg HTTP/1.1" 200 4390 "http://clothing.ding9.com/index.htm" "Mozilla/5.0 (Macintosh; Intel Mac OS X 10_8_4) AppleWebKit/536.30.1 (KHTML, like Gecko) Version/6.0.5 Safari/536.30.1"
123.123.254.197 - - [24/Aug/2013:12:45:37 +0800] "GET /images/menubg_03.jpg HTTP/1.1" 200 453 "http://clothing.ding9.com/index.htm" "Mozilla/5.0 (Macintosh; Intel Mac OS X 10_8_4) AppleWebKit/536.30.1 (KHTML, like Gecko) Version/6.0.5 Safari/536.30.1"
123.123.254.197 - - [24/Aug/2013:12:45:37 +0800] "GET /teimages/arrow_022.gif HTTP/1.1" 200 63 "http://clothing.ding9.com/index.htm" "Mozilla/5.0 (Macintosh; Intel Mac OS X 10_8_4) AppleWebKit/536.30.1 (KHTML, like Gecko) Version/6.0.5 Safari/536.30.1"
123.123.254.197 - - [24/Aug/2013:12:45:37 +0800] "GET /images/menubg_08.jpg HTTP/1.1" 200 480 "http://clothing.ding9.com/index.htm" "Mozilla/5.0 (Macintosh; Intel Mac OS X 10_8_4) AppleWebKit/536.30.1 (KHTML, like Gecko) Version/6.0.5 Safari/536.30.1"
123.123.254.197 - - [24/Aug/2013:12:45:37 +0800] "GET /favicon.ico HTTP/1.1" 404 195 "http://clothing.ding9.com/index.htm" "Mozilla/5.0 (Macintosh; Intel Mac OS X 10_8_4) AppleWebKit/536.30.1 (KHTML, like Gecko) Version/6.0.5 Safari/536.30.1"
123.123.254.197 - - [24/Aug/2013:12:45:50 +0800] "GET / HTTP/1.1" 302 72 "http://office.ding9.com/" "Mozilla/5.0 (Macintosh; Intel Mac OS X 10_8_4) AppleWebKit/536.30.1 (KHTML, like Gecko) Version/6.0.5 Safari/536.30.1"
123.123.254.197 - - [24/Aug/2013:12:45:51 +0800] "GET /index.htm HTTP/1.1" 200 24766 "http://office.ding9.com/" "Mozilla/5.0 (Macintosh; Intel Mac OS X 10_8_4) AppleWebKit/536.30.1 (KHTML, like Gecko) Version/6.0.5 Safari/536.30.1"
123.123.254.197 - - [24/Aug/2013:12:45:51 +0800] "GET /css3.0/te.css HTTP/1.1" 200 3436 "http://jingpin.ding9.com/index.htm" "Mozilla/5.0 (Macintosh; Intel Mac OS X 10_8_4) AppleWebKit/536.30.1 (KHTML, like Gecko) Version/6.0.5 Safari/536.30.1"
123.123.254.197 - - [24/Aug/2013:12:45:51 +0800] "GET /css3.0/tefont.css HTTP/1.1" 200 634 "http://jingpin.ding9.com/index.htm" "Mozilla/5.0 (Macintosh; Intel Mac OS X 10_8_4) AppleWebKit/536.30.1 (KHTML, like Gecko) Version/6.0.5 Safari/536.30.1"
123.123.254.197 - - [24/Aug/2013:12:45:51 +0800] "GET /images/menubg_04.jpg HTTP/1.1" 200 382 "http://jingpin.ding9.com/index.htm" "Mozilla/5.0 (Macintosh; Intel Mac OS X 10_8_4) AppleWebKit/536.30.1 (KHTML, like Gecko) Version/6.0.5 Safari/536.30.1"
123.123.254.197 - - [24/Aug/2013:12:45:51 +0800] "GET /images/menubg_03.jpg HTTP/1.1" 200 453 "http://jingpin.ding9.com/index.htm" "Mozilla/5.0 (Macintosh; Intel Mac OS X 10_8_4) AppleWebKit/536.30.1 (KHTML, like Gecko) Version/6.0.5 Safari/536.30.1"
123.123.254.197 - - [24/Aug/2013:12:45:51 +0800] "GET /teimages/arrow_022.gif HTTP/1.1" 200 63 "http://jingpin.ding9.com/index.htm" "Mozilla/5.0 (Macintosh; Intel Mac OS X 10_8_4) AppleWebKit/536.30.1 (KHTML, like Gecko) Version/6.0.5 Safari/536.30.1"
123.123.254.197 - - [24/Aug/2013:12:45:51 +0800] "GET /images/menubg_08.jpg HTTP/1.1" 200 480 "http://jingpin.ding9.com/index.htm" "Mozilla/5.0 (Macintosh; Intel Mac OS X 10_8_4) AppleWebKit/536.30.1 (KHTML, like Gecko) Version/6.0.5 Safari/536.30.1"
123.123.254.197 - - [24/Aug/2013:12:45:51 +0800] "GET /images/menubg_m.jpg HTTP/1.1" 200 4390 "http://jingpin.ding9.com/index.htm" "Mozilla/5.0 (Macintosh; Intel Mac OS X 10_8_4) AppleWebKit/536.30.1 (KHTML, like Gecko) Version/6.0.5 Safari/536.30.1"
123.123.254.197 - - [24/Aug/2013:12:45:51 +0800] "GET /images/sssb/more.jpg HTTP/1.1" 200 954 "http://jingpin.ding9.com/index.htm" "Mozilla/5.0 (Macintosh; Intel Mac OS X 10_8_4) AppleWebKit/536.30.1 (KHTML, like Gecko) Version/6.0.5 Safari/536.30.1"
123.123.254.197 - - [24/Aug/2013:12:45:52 +0800] "GET /favicon.ico HTTP/1.1" 404 195 "http://jingpin.ding9.com/index.htm" "Mozilla/5.0 (Macintosh; Intel Mac OS X 10_8_4) AppleWebKit/536.30.1 (KHTML, like Gecko) Version/6.0.5 Safari/536.30.1"
66.249.72.149 - - [24/Aug/2013:12:52:27 +0800] "GET /robots.txt HTTP/1.1" 404 194 "-" "Mozilla/5.0 (compatible; Googlebot/2.1; +http://www.google.com/bot.html)"
66.249.72.149 - - [24/Aug/2013:12:52:29 +0800] "GET /clothing-5/news/article-8887/ HTTP/1.1" 500 3634 "-" "Mozilla/5.0 (compatible; Googlebot/2.1; +http://www.google.com/bot.html)"
5.10.83.94 - - [24/Aug/2013:12:53:21 +0800] "GET /jingpin-9/news/article-138668/ HTTP/1.1" 500 3634 "-" "Mozilla/5.0 (compatible; AhrefsBot/5.0; +http://ahrefs.com/robot/)"
66.249.72.146 - - [24/Aug/2013:13:01:24 +0800] "GET /favicon.ico HTTP/1.1" 404 195 "-" "Googlebot-Image/1.0"
66.249.72.149 - - [24/Aug/2013:13:01:32 +0800] "GET /apple-touch-icon.png HTTP/1.1" 404 204 "-" "Googlebot-Image/1.0"
5.10.83.94 - - [24/Aug/2013:13:02:17 +0800] "GET /clothing-5/news/sort-50/ HTTP/1.1" 500 3633 "-" "Mozilla/5.0 (compatible; AhrefsBot/5.0; +http://ahrefs.com/robot/)"
66.249.72.144 - - [24/Aug/2013:13:06:11 +0800] "GET /clothing-5/news/article-8900/ HTTP/1.1" 500 3634 "-" "Mozilla/5.0 (compatible; Googlebot/2.1; +http://www.google.com/bot.html)"
66.249.72.150 - - [24/Aug/2013:13:10:55 +0800] "GET /robots.txt HTTP/1.1" 404 194 "-" "Mozilla/5.0 (compatible; Googlebot/2.1; +http://www.google.com/bot.html)"
66.249.72.150 - - [24/Aug/2013:13:10:55 +0800] "GET /apple-touch-icon-precomposed.png HTTP/1.1" 404 216 "-" "Googlebot-Image/1.0"
66.249.72.144 - - [24/Aug/2013:13:20:49 +0800] "GET /clothing-5/news/article-8895/ HTTP/1.1" 500 3634 "-" "Mozilla/5.0 (compatible; Googlebot/2.1; +http://www.google.com/bot.html)"
66.249.72.142 - - [24/Aug/2013:13:29:15 +0800] "GET /clothing-5/news/article-8896/ HTTP/1.1" 500 3634 "-" "Mozilla/5.0 (compatible; Googlebot/2.1; +http://www.google.com/bot.html)"
66.249.72.148 - - [24/Aug/2013:13:36:28 +0800] "GET /clothing-5/news/article-8897/ HTTP/1.1" 500 3634 "-" "Mozilla/5.0 (compatible; Googlebot/2.1; +http://www.google.com/bot.html)"
66.249.72.144 - - [24/Aug/2013:13:53:33 +0800] "GET /clothing-5/news/article-8888/ HTTP/1.1" 500 3634 "-" "Mozilla/5.0 (compatible; Googlebot/2.1; +http://www.google.com/bot.html)"
