123.125.71.89 - - [11/Aug/2013:00:03:08 +0800] "GET /Jewelry-9/news/article-138786/ HTTP/1.1" 500 3634 "-" "Mozilla/5.0 (compatible; Baiduspider/2.0; +http://www.baidu.com/search/spider.html)"
220.181.89.184 - - [11/Aug/2013:00:08:50 +0800] "GET /Jewelry-9/news/article-138785-page3/ HTTP/1.1" 500 3634 "-" "Sogou web spider/4.0(+http://www.sogou.com/docs/help/webmasters.htm#07)"
220.181.89.184 - - [11/Aug/2013:00:14:34 +0800] "GET /Jewelry-9/news/article-138780-page2/ HTTP/1.1" 500 3634 "-" "Sogou web spider/4.0(+http://www.sogou.com/docs/help/webmasters.htm#07)"
220.181.89.184 - - [11/Aug/2013:00:16:27 +0800] "GET /Mobile-6/news/article-138555-page6/ HTTP/1.1" 500 3634 "-" "Sogou web spider/4.0(+http://www.sogou.com/docs/help/webmasters.htm#07)"
182.118.20.183 - - [11/Aug/2013:00:19:32 +0800] "GET /clothing-5/news/article-8880-page5/ HTTP/1.1" 500 3634 "http://clothing.ding9.com/clothing-5/news/article-8880-page5/" "Mozilla/5.0 (Windows; U; Windows NT 5.1; zh-CN; rv:1.8.0.11)  Firefox/1.5.0.11; 360Spider"
182.118.21.214 - - [11/Aug/2013:00:21:13 +0800] "GET /Clothing-5/news/article-138924-page4/ HTTP/1.1" 500 3634 "http://clothing.ding9.com/Clothing-5/news/article-138924-page4/" "Mozilla/5.0 (Windows; U; Windows NT 5.1; zh-CN; rv:1.8.0.11)  Firefox/1.5.0.11; 360Spider"
182.118.20.212 - - [11/Aug/2013:00:24:28 +0800] "GET /Jewelry-9/news/article-138786/ HTTP/1.1" 500 3634 "http://jingpin.ding9.com/Jewelry-9/news/article-138786/" "Mozilla/5.0 (Windows; U; Windows NT 5.1; zh-CN; rv:1.8.0.11)  Firefox/1.5.0.11; 360Spider"
182.118.20.214 - - [11/Aug/2013:00:24:29 +0800] "GET /jewelry-9/news/article-138786/ HTTP/1.1" 500 3634 "http://jingpin.ding9.com/jewelry-9/news/article-138786/" "Mozilla/5.0 (Windows; U; Windows NT 5.1; zh-CN; rv:1.8.0.11)  Firefox/1.5.0.11; 360Spider"
220.181.108.95 - - [11/Aug/2013:00:36:28 +0800] "GET /Jewelry-9/news/article-138784/ HTTP/1.1" 500 3634 "-" "Mozilla/5.0 (compatible; Baiduspider/2.0; +http://www.baidu.com/search/spider.html)"
123.125.71.110 - - [11/Aug/2013:01:09:49 +0800] "GET /Jewelry-9/news/article-138669/ HTTP/1.1" 500 3634 "-" "Mozilla/5.0 (compatible; Baiduspider/2.0; +http://www.baidu.com/search/spider.html)"
123.125.71.77 - - [11/Aug/2013:01:43:09 +0800] "GET /Jewelry-9/news/article-138666/ HTTP/1.1" 500 3634 "-" "Mozilla/5.0 (compatible; Baiduspider/2.0; +http://www.baidu.com/search/spider.html)"
157.55.32.114 - - [11/Aug/2013:04:53:56 +0800] "GET /robots.txt HTTP/1.1" 404 194 "-" "Mozilla/5.0 (compatible; bingbot/2.0; +http://www.bing.com/bingbot.htm)"
157.55.32.114 - - [11/Aug/2013:04:54:59 +0800] "GET / HTTP/1.1" 302 73 "-" "Mozilla/5.0 (compatible; bingbot/2.0; +http://www.bing.com/bingbot.htm)"
123.125.71.24 - - [11/Aug/2013:05:21:09 +0800] "GET /robots.txt HTTP/1.1" 404 194 "-" "Mozilla/5.0 (compatible; Baiduspider/2.0; +http://www.baidu.com/search/spider.html)"
157.56.93.148 - - [11/Aug/2013:07:18:09 +0800] "GET /robots.txt HTTP/1.1" 404 194 "-" "Mozilla/5.0 (compatible; bingbot/2.0; +http://www.bing.com/bingbot.htm)"
157.56.93.148 - - [11/Aug/2013:07:19:07 +0800] "GET / HTTP/1.1" 302 72 "-" "Mozilla/5.0 (compatible; bingbot/2.0; +http://www.bing.com/bingbot.htm)"
157.56.93.148 - - [11/Aug/2013:07:19:09 +0800] "GET / HTTP/1.1" 302 72 "-" "Mozilla/5.0 (compatible; bingbot/2.0; +http://www.bing.com/bingbot.htm)"
157.56.93.148 - - [11/Aug/2013:07:19:12 +0800] "GET /index.htm HTTP/1.1" 200 27053 "-" "Mozilla/5.0 (compatible; bingbot/2.0; +http://www.bing.com/bingbot.htm)"
220.181.108.187 - - [11/Aug/2013:07:30:48 +0800] "GET /Clothing-5/news/article-138596/ HTTP/1.1" 500 3634 "-" "Mozilla/5.0 (compatible; Baiduspider/2.0; +http://www.baidu.com/search/spider.html)"
123.125.71.89 - - [11/Aug/2013:07:37:06 +0800] "GET /robots.txt HTTP/1.1" 404 194 "-" "Mozilla/5.0 (compatible; Baiduspider/2.0; +http://www.baidu.com/search/spider.html)"
119.188.35.133 - - [11/Aug/2013:07:42:11 +0800] "GET / HTTP/1.0" 302 73 "http://clothing.ding9.com/" "Mozilla/4.0 (compatible; MSIE 8.0; Windows NT 6.1; Trident/4.0; SLCC2; .NET CLR 2.0.50727; .NET CLR 3.5.30729; .NET CLR 3.0.30729; Media Center PC 6.0; MDDR; .NET4.0C; .NET4.0E; .NET CLR 1.1.4322; Tablet PC 2.0)"
119.188.35.176 - - [11/Aug/2013:07:42:12 +0800] "GET /index.htm HTTP/1.0" 200 31507 "http://clothing.ding9.com/index.htm" "Mozilla/4.0 (compatible; MSIE 8.0; Windows NT 6.1; Trident/4.0; SLCC2; .NET CLR 2.0.50727; .NET CLR 3.5.30729; .NET CLR 3.0.30729; Media Center PC 6.0; MDDR; .NET4.0C; .NET4.0E; .NET CLR 1.1.4322; Tablet PC 2.0)"
182.118.48.107 - - [11/Aug/2013:07:42:14 +0800] "GET /index.htm HTTP/1.1" 200 31507 "-" "Mozilla/4.0 (compatible; MSIE 8.0; Windows NT 5.1; Trident/4.0)"
182.118.48.107 - - [11/Aug/2013:07:42:14 +0800] "GET /css3.0/tefont.css HTTP/1.1" 200 634 "http://clothing.ding9.com/index.htm" "Mozilla/4.0 (compatible; MSIE 8.0; Windows NT 5.1; Trident/4.0)"
182.118.48.107 - - [11/Aug/2013:07:42:14 +0800] "GET /css3.0/te.css HTTP/1.1" 200 3436 "http://clothing.ding9.com/index.htm" "Mozilla/4.0 (compatible; MSIE 8.0; Windows NT 5.1; Trident/4.0)"
220.181.108.115 - - [11/Aug/2013:08:05:02 +0800] "GET /Clothing-5/news/article-138892/ HTTP/1.1" 500 3634 "-" "Mozilla/5.0 (compatible; Baiduspider/2.0; +http://www.baidu.com/search/spider.html)"
220.181.108.167 - - [11/Aug/2013:08:28:21 +0800] "GET /Clothing-5/news/article-138924/ HTTP/1.1" 500 3634 "-" "Mozilla/5.0 (compatible; Baiduspider/2.0; +http://www.baidu.com/search/spider.html)"
220.181.108.143 - - [11/Aug/2013:08:49:58 +0800] "GET /Clothing-5/news/article-8898/ HTTP/1.1" 500 3634 "-" "Mozilla/5.0 (compatible; Baiduspider/2.0; +http://www.baidu.com/search/spider.html)"
220.181.89.184 - - [11/Aug/2013:09:19:31 +0800] "GET /Mobile-6/news/article-10383-page6/ HTTP/1.1" 500 3634 "-" "Sogou web spider/4.0(+http://www.sogou.com/docs/help/webmasters.htm#07)"
220.181.89.184 - - [11/Aug/2013:09:41:38 +0800] "GET /Jewelry-9/news/article-138634-page6/ HTTP/1.1" 500 3634 "-" "Sogou web spider/4.0(+http://www.sogou.com/docs/help/webmasters.htm#07)"
220.181.89.184 - - [11/Aug/2013:09:47:14 +0800] "GET /jewelry-9/news/article-138782-page6/ HTTP/1.1" 500 3634 "-" "Sogou web spider/4.0(+http://www.sogou.com/docs/help/webmasters.htm#07)"
220.181.89.184 - - [11/Aug/2013:09:50:03 +0800] "GET /Mobile-6/news/article-138621-page3/ HTTP/1.1" 500 3634 "-" "Sogou web spider/4.0(+http://www.sogou.com/docs/help/webmasters.htm#07)"
220.181.89.184 - - [11/Aug/2013:10:14:37 +0800] "GET /Mobile-6/news/article-10383-page6/ HTTP/1.1" 500 3634 "-" "Sogou web spider/4.0(+http://www.sogou.com/docs/help/webmasters.htm#07)"
123.125.71.48 - - [11/Aug/2013:10:15:01 +0800] "GET /Jewelry-9/news/article-138665/ HTTP/1.1" 500 3634 "-" "Mozilla/5.0 (compatible; Baiduspider/2.0; +http://www.baidu.com/search/spider.html)"
220.181.89.184 - - [11/Aug/2013:10:35:57 +0800] "GET /jewelry-9/news/article-138782-page6/ HTTP/1.1" 500 3634 "-" "Sogou web spider/4.0(+http://www.sogou.com/docs/help/webmasters.htm#07)"
220.181.108.174 - - [11/Aug/2013:10:48:22 +0800] "GET /Jewelry-9/news/article-138667/ HTTP/1.1" 500 3634 "-" "Mozilla/5.0 (compatible; Baiduspider/2.0; +http://www.baidu.com/search/spider.html)"
220.181.108.97 - - [11/Aug/2013:11:21:41 +0800] "GET /Jewelry-9/news/article-138668/ HTTP/1.1" 500 3634 "-" "Mozilla/5.0 (compatible; Baiduspider/2.0; +http://www.baidu.com/search/spider.html)"
123.125.71.17 - - [11/Aug/2013:11:55:01 +0800] "GET /Jewelry-9/news/article-138779/ HTTP/1.1" 500 3634 "-" "Mozilla/5.0 (compatible; Baiduspider/2.0; +http://www.baidu.com/search/spider.html)"
123.125.71.84 - - [11/Aug/2013:13:33:31 +0800] "GET /robots.txt HTTP/1.1" 404 194 "-" "Mozilla/5.0 (compatible; Baiduspider/2.0; +http://www.baidu.com/search/spider.html)"
123.125.71.69 - - [11/Aug/2013:15:49:33 +0800] "GET /robots.txt HTTP/1.1" 404 194 "-" "Mozilla/5.0 (compatible; Baiduspider/2.0; +http://www.baidu.com/search/spider.html)"
182.118.22.232 - - [11/Aug/2013:17:03:29 +0800] "GET /Clothing-5/news/article-138598-page1/ HTTP/1.1" 500 3634 "http://clothing.ding9.com/Clothing-5/news/article-138598-page1/" "Mozilla/5.0 (Windows; U; Windows NT 5.1; zh-CN; rv:1.8.0.11)  Firefox/1.5.0.11; 360Spider"
182.118.22.234 - - [11/Aug/2013:17:03:29 +0800] "GET /clothing-5/news/article-8884-page1/ HTTP/1.1" 500 3634 "http://clothing.ding9.com/clothing-5/news/article-8884-page1/" "Mozilla/5.0 (Windows; U; Windows NT 5.1; zh-CN; rv:1.8.0.11)  Firefox/1.5.0.11; 360Spider"
182.118.22.244 - - [11/Aug/2013:17:03:41 +0800] "GET /index.htm HTTP/1.1" 200 31507 "http://clothing.ding9.com/index.htm" "Mozilla/5.0 (Windows; U; Windows NT 5.1; zh-CN; rv:1.8.0.11)  Firefox/1.5.0.11; 360Spider"
182.118.48.191 - - [11/Aug/2013:17:03:42 +0800] "GET /index.htm HTTP/1.1" 200 31507 "-" "Mozilla/4.0 (compatible; MSIE 8.0; Windows NT 5.1; Trident/4.0)"
182.118.48.191 - - [11/Aug/2013:17:03:42 +0800] "GET /css3.0/te.css HTTP/1.1" 200 3436 "http://clothing.ding9.com/index.htm" "Mozilla/4.0 (compatible; MSIE 8.0; Windows NT 5.1; Trident/4.0)"
182.118.48.191 - - [11/Aug/2013:17:03:42 +0800] "GET /css3.0/tefont.css HTTP/1.1" 200 634 "http://clothing.ding9.com/index.htm" "Mozilla/4.0 (compatible; MSIE 8.0; Windows NT 5.1; Trident/4.0)"
182.118.20.214 - - [11/Aug/2013:17:18:18 +0800] "GET /Jewelry-9/news/article-138669/ HTTP/1.1" 500 3634 "http://jingpin.ding9.com/Jewelry-9/news/article-138669/" "Mozilla/5.0 (Windows; U; Windows NT 5.1; zh-CN; rv:1.8.0.11)  Firefox/1.5.0.11; 360Spider"
157.55.32.114 - - [11/Aug/2013:17:35:55 +0800] "GET /robots.txt HTTP/1.1" 404 194 "-" "Mozilla/5.0 (compatible; bingbot/2.0; +http://www.bing.com/bingbot.htm)"
157.55.32.114 - - [11/Aug/2013:17:36:58 +0800] "GET / HTTP/1.1" 302 73 "-" "Mozilla/5.0 (compatible; bingbot/2.0; +http://www.bing.com/bingbot.htm)"
66.249.72.150 - - [11/Aug/2013:17:56:39 +0800] "GET /robots.txt HTTP/1.1" 404 194 "-" "Mozilla/5.0 (compatible; Googlebot/2.1; +http://www.google.com/bot.html)"
66.249.72.150 - - [11/Aug/2013:17:56:42 +0800] "GET /Mobile-6/news/article-138553-page2/ HTTP/1.1" 500 3634 "-" "Mozilla/5.0 (compatible; Googlebot/2.1; +http://www.google.com/bot.html)"
66.249.72.146 - - [11/Aug/2013:18:03:27 +0800] "GET /Mobile-6/news/article-138552-page8/ HTTP/1.1" 500 3634 "-" "Mozilla/5.0 (compatible; Googlebot/2.1; +http://www.google.com/bot.html)"
66.249.72.148 - - [11/Aug/2013:18:22:43 +0800] "GET /Mobile-6/news/article-138553-page9/ HTTP/1.1" 500 3634 "-" "Mozilla/5.0 (compatible; Googlebot/2.1; +http://www.google.com/bot.html)"
77.88.25.26 - - [11/Aug/2013:18:43:22 +0800] "GET /robots.txt HTTP/1.1" 404 194 "-" "Mozilla/5.0 (compatible; YandexBot/3.0; +http://yandex.com/bots)"
220.181.89.184 - - [11/Aug/2013:18:51:47 +0800] "GET /robots.txt HTTP/1.1" 404 194 "-" "Sogou web spider/4.0"
220.181.89.184 - - [11/Aug/2013:18:53:29 +0800] "GET /Mobile-6/news/article-138556-page9/ HTTP/1.1" 500 3634 "-" "Sogou web spider/4.0(+http://www.sogou.com/docs/help/webmasters.htm#07)"
220.181.89.184 - - [11/Aug/2013:18:54:56 +0800] "GET / HTTP/1.1" 302 72 "-" "Sogou web spider/4.0(+http://www.sogou.com/docs/help/webmasters.htm#07)"
220.181.89.184 - - [11/Aug/2013:18:55:06 +0800] "GET /index.htm HTTP/1.1" 200 27053 "-" "Sogou web spider/4.0(+http://www.sogou.com/docs/help/webmasters.htm#07)"
220.181.89.184 - - [11/Aug/2013:19:14:37 +0800] "GET /jewelry-9/news/article-138780-page2/ HTTP/1.1" 500 3634 "-" "Sogou web spider/4.0(+http://www.sogou.com/docs/help/webmasters.htm#07)"
220.181.89.184 - - [11/Aug/2013:19:25:27 +0800] "GET /Mobile-6/news/article-138613-page4/ HTTP/1.1" 500 3634 "-" "Sogou web spider/4.0(+http://www.sogou.com/docs/help/webmasters.htm#07)"
157.56.93.148 - - [11/Aug/2013:19:31:02 +0800] "GET /robots.txt HTTP/1.1" 404 194 "-" "Mozilla/5.0 (compatible; bingbot/2.0; +http://www.bing.com/bingbot.htm)"
157.56.93.148 - - [11/Aug/2013:19:31:56 +0800] "GET / HTTP/1.1" 302 72 "-" "Mozilla/5.0 (compatible; bingbot/2.0; +http://www.bing.com/bingbot.htm)"
220.181.89.184 - - [11/Aug/2013:19:33:48 +0800] "GET /Jewelry-9/news/article-138782-page4/ HTTP/1.1" 500 3634 "-" "Sogou web spider/4.0(+http://www.sogou.com/docs/help/webmasters.htm#07)"
66.249.72.142 - - [11/Aug/2013:19:47:10 +0800] "GET /Mobile-6/news/article-138557-page6/ HTTP/1.1" 500 3634 "-" "Mozilla/5.0 (compatible; Googlebot/2.1; +http://www.google.com/bot.html)"
220.181.89.184 - - [11/Aug/2013:19:47:46 +0800] "GET /Mobile-6/news/article-138556-page9/ HTTP/1.1" 500 3634 "-" "Sogou web spider/4.0(+http://www.sogou.com/docs/help/webmasters.htm#07)"
220.181.89.184 - - [11/Aug/2013:19:50:03 +0800] "GET / HTTP/1.1" 302 72 "-" "Sogou web spider/4.0(+http://www.sogou.com/docs/help/webmasters.htm#07)"
220.181.89.184 - - [11/Aug/2013:19:50:08 +0800] "GET /index.htm HTTP/1.1" 200 27053 "-" "Sogou web spider/4.0(+http://www.sogou.com/docs/help/webmasters.htm#07)"
220.181.89.184 - - [11/Aug/2013:20:09:26 +0800] "GET /jewelry-9/news/article-138780-page2/ HTTP/1.1" 500 3634 "-" "Sogou web spider/4.0(+http://www.sogou.com/docs/help/webmasters.htm#07)"
220.181.108.176 - - [11/Aug/2013:20:34:16 +0800] "GET /Clothing-5/news/article-138876/ HTTP/1.1" 500 3634 "-" "Mozilla/5.0 (compatible; Baiduspider/2.0; +http://www.baidu.com/search/spider.html)"
66.249.72.149 - - [11/Aug/2013:20:36:01 +0800] "GET /Mobile-6/news/article-138863-page4/ HTTP/1.1" 500 3634 "-" "Mozilla/5.0 (compatible; Googlebot/2.1; +http://www.google.com/bot.html)"
66.249.72.142 - - [11/Aug/2013:20:38:29 +0800] "GET /Mobile-6/news/article-138864-page3/ HTTP/1.1" 500 3634 "-" "Mozilla/5.0 (compatible; Googlebot/2.1; +http://www.google.com/bot.html)"
66.249.72.141 - - [11/Aug/2013:20:48:47 +0800] "GET /robots.txt HTTP/1.1" 404 194 "-" "Mozilla/5.0 (compatible; Googlebot/2.1; +http://www.google.com/bot.html)"
66.249.72.141 - - [11/Aug/2013:20:48:50 +0800] "GET / HTTP/1.1" 302 73 "-" "Mozilla/5.0 (compatible; Googlebot/2.1; +http://www.google.com/bot.html)"
66.249.72.150 - - [11/Aug/2013:20:48:58 +0800] "GET /index.htm HTTP/1.1" 200 31507 "-" "Mozilla/5.0 (compatible; Googlebot/2.1; +http://www.google.com/bot.html)"
220.181.108.147 - - [11/Aug/2013:20:56:34 +0800] "GET /Clothing-5/news/article-138921/ HTTP/1.1" 500 3634 "-" "Mozilla/5.0 (compatible; Baiduspider/2.0; +http://www.baidu.com/search/spider.html)"
66.249.72.144 - - [11/Aug/2013:21:18:28 +0800] "GET /Mobile-6/news/article-138865-page5/ HTTP/1.1" 500 3634 "-" "Mozilla/5.0 (compatible; Googlebot/2.1; +http://www.google.com/bot.html)"
220.181.108.114 - - [11/Aug/2013:21:33:08 +0800] "GET /Clothing-5/news/article-138925/ HTTP/1.1" 500 3634 "-" "Mozilla/5.0 (compatible; Baiduspider/2.0; +http://www.baidu.com/search/spider.html)"
66.249.72.148 - - [11/Aug/2013:21:40:57 +0800] "GET /Mobile-6/news/article-8966-page3/ HTTP/1.1" 500 3634 "-" "Mozilla/5.0 (compatible; Googlebot/2.1; +http://www.google.com/bot.html)"
123.125.71.54 - - [11/Aug/2013:21:46:35 +0800] "GET /robots.txt HTTP/1.1" 404 194 "-" "Mozilla/5.0 (compatible; Baiduspider/2.0; +http://www.baidu.com/search/spider.html)"
220.181.108.91 - - [11/Aug/2013:21:47:59 +0800] "GET /Clothing-5/news/article-8887/ HTTP/1.1" 500 3634 "-" "Mozilla/5.0 (compatible; Baiduspider/2.0; +http://www.baidu.com/search/spider.html)"
123.125.71.26 - - [11/Aug/2013:23:57:45 +0800] "GET / HTTP/1.1" 302 73 "-" "Mozilla/5.0 (compatible; Baiduspider/2.0; +http://www.baidu.com/search/spider.html)"
123.125.71.18 - - [11/Aug/2013:23:57:47 +0800] "GET /index.htm HTTP/1.1" 200 31507 "-" "Mozilla/5.0 (compatible; Baiduspider/2.0; +http://www.baidu.com/search/spider.html)"
123.125.71.48 - - [12/Aug/2013:00:02:42 +0800] "GET /robots.txt HTTP/1.1" 404 194 "-" "Mozilla/5.0 (compatible; Baiduspider/2.0; +http://www.baidu.com/search/spider.html)"
119.33.202.66 - - [12/Aug/2013:00:10:37 +0800] "GET / HTTP/1.1" 302 73 "http://www.ding9.com/" "Mozilla/5.0 (compatible; MSIE 9.0; Windows NT 6.1; WOW64; Trident/5.0)"
119.33.202.66 - - [12/Aug/2013:00:10:37 +0800] "GET /index.htm HTTP/1.1" 200 31507 "http://www.ding9.com/" "Mozilla/5.0 (compatible; MSIE 9.0; Windows NT 6.1; WOW64; Trident/5.0)"
119.33.202.66 - - [12/Aug/2013:00:10:37 +0800] "GET /css3.0/tefont.css HTTP/1.1" 200 634 "http://clothing.ding9.com/index.htm" "Mozilla/5.0 (compatible; MSIE 9.0; Windows NT 6.1; WOW64; Trident/5.0)"
119.33.202.66 - - [12/Aug/2013:00:10:38 +0800] "GET /images/menubg_03.jpg HTTP/1.1" 200 453 "http://clothing.ding9.com/index.htm" "Mozilla/5.0 (compatible; MSIE 9.0; Windows NT 6.1; WOW64; Trident/5.0)"
119.33.202.66 - - [12/Aug/2013:00:10:38 +0800] "GET /teimages/arrow_022.gif HTTP/1.1" 200 63 "http://clothing.ding9.com/index.htm" "Mozilla/5.0 (compatible; MSIE 9.0; Windows NT 6.1; WOW64; Trident/5.0)"
119.33.202.66 - - [12/Aug/2013:00:10:38 +0800] "GET /images/menubg_08.jpg HTTP/1.1" 200 480 "http://clothing.ding9.com/index.htm" "Mozilla/5.0 (compatible; MSIE 9.0; Windows NT 6.1; WOW64; Trident/5.0)"
119.33.202.66 - - [12/Aug/2013:00:10:38 +0800] "GET /css3.0/te.css HTTP/1.1" 200 3436 "http://clothing.ding9.com/index.htm" "Mozilla/5.0 (compatible; MSIE 9.0; Windows NT 6.1; WOW64; Trident/5.0)"
119.33.202.66 - - [12/Aug/2013:00:10:38 +0800] "GET /images/fzfs/more.jpg HTTP/1.1" 200 1165 "http://clothing.ding9.com/index.htm" "Mozilla/5.0 (compatible; MSIE 9.0; Windows NT 6.1; WOW64; Trident/5.0)"
119.33.202.66 - - [12/Aug/2013:00:10:38 +0800] "GET /images/focus2.swf HTTP/1.1" 200 10755 "http://clothing.ding9.com/index.htm" "Mozilla/5.0 (compatible; MSIE 9.0; Windows NT 6.1; WOW64; Trident/5.0)"
119.33.202.66 - - [12/Aug/2013:00:10:38 +0800] "GET /images/menubg_04.jpg HTTP/1.1" 200 382 "http://clothing.ding9.com/index.htm" "Mozilla/5.0 (compatible; MSIE 9.0; Windows NT 6.1; WOW64; Trident/5.0)"
119.33.202.66 - - [12/Aug/2013:00:10:38 +0800] "GET /images/menubg_m.jpg HTTP/1.1" 200 4390 "http://clothing.ding9.com/index.htm" "Mozilla/5.0 (compatible; MSIE 9.0; Windows NT 6.1; WOW64; Trident/5.0)"
119.33.202.66 - - [12/Aug/2013:00:10:38 +0800] "GET /undefined HTTP/1.1" 404 943 "http://clothing.ding9.com/images/focus2.swf" "Mozilla/5.0 (compatible; MSIE 9.0; Windows NT 6.1; WOW64; Trident/5.0)"
119.33.202.66 - - [12/Aug/2013:00:10:38 +0800] "GET /undefined HTTP/1.1" 404 943 "http://clothing.ding9.com/images/focus2.swf" "Mozilla/5.0 (compatible; MSIE 9.0; Windows NT 6.1; WOW64; Trident/5.0)"
119.33.202.66 - - [12/Aug/2013:00:10:38 +0800] "GET /undefined HTTP/1.1" 404 943 "http://clothing.ding9.com/images/focus2.swf" "Mozilla/5.0 (compatible; MSIE 9.0; Windows NT 6.1; WOW64; Trident/5.0)"
119.33.202.66 - - [12/Aug/2013:00:10:38 +0800] "GET /undefined HTTP/1.1" 404 943 "http://clothing.ding9.com/images/focus2.swf" "Mozilla/5.0 (compatible; MSIE 9.0; Windows NT 6.1; WOW64; Trident/5.0)"
119.33.202.66 - - [12/Aug/2013:00:10:48 +0800] "GET / HTTP/1.1" 302 72 "http://www.ding9.com/" "Mozilla/5.0 (compatible; MSIE 9.0; Windows NT 6.1; WOW64; Trident/5.0)"
119.33.202.66 - - [12/Aug/2013:00:10:49 +0800] "GET /index.htm HTTP/1.1" 200 27053 "http://www.ding9.com/" "Mozilla/5.0 (compatible; MSIE 9.0; Windows NT 6.1; WOW64; Trident/5.0)"
119.33.202.66 - - [12/Aug/2013:00:10:49 +0800] "GET /css3.0/tefont.css HTTP/1.1" 200 634 "http://jingpin.ding9.com/index.htm" "Mozilla/5.0 (compatible; MSIE 9.0; Windows NT 6.1; WOW64; Trident/5.0)"
119.33.202.66 - - [12/Aug/2013:00:10:49 +0800] "GET /css3.0/te.css HTTP/1.1" 200 3436 "http://jingpin.ding9.com/index.htm" "Mozilla/5.0 (compatible; MSIE 9.0; Windows NT 6.1; WOW64; Trident/5.0)"
119.33.202.66 - - [12/Aug/2013:00:10:49 +0800] "GET /images/menubg_03.jpg HTTP/1.1" 200 453 "http://jingpin.ding9.com/index.htm" "Mozilla/5.0 (compatible; MSIE 9.0; Windows NT 6.1; WOW64; Trident/5.0)"
119.33.202.66 - - [12/Aug/2013:00:10:49 +0800] "GET /teimages/arrow_022.gif HTTP/1.1" 200 63 "http://jingpin.ding9.com/index.htm" "Mozilla/5.0 (compatible; MSIE 9.0; Windows NT 6.1; WOW64; Trident/5.0)"
119.33.202.66 - - [12/Aug/2013:00:10:49 +0800] "GET /images/menubg_08.jpg HTTP/1.1" 200 480 "http://jingpin.ding9.com/index.htm" "Mozilla/5.0 (compatible; MSIE 9.0; Windows NT 6.1; WOW64; Trident/5.0)"
119.33.202.66 - - [12/Aug/2013:00:10:49 +0800] "GET /images/sssb/more.jpg HTTP/1.1" 200 954 "http://jingpin.ding9.com/index.htm" "Mozilla/5.0 (compatible; MSIE 9.0; Windows NT 6.1; WOW64; Trident/5.0)"
119.33.202.66 - - [12/Aug/2013:00:10:49 +0800] "GET /images/focus2.swf HTTP/1.1" 200 10755 "http://jingpin.ding9.com/index.htm" "Mozilla/5.0 (compatible; MSIE 9.0; Windows NT 6.1; WOW64; Trident/5.0)"
119.33.202.66 - - [12/Aug/2013:00:10:49 +0800] "GET /images/menubg_04.jpg HTTP/1.1" 200 382 "http://jingpin.ding9.com/index.htm" "Mozilla/5.0 (compatible; MSIE 9.0; Windows NT 6.1; WOW64; Trident/5.0)"
119.33.202.66 - - [12/Aug/2013:00:10:49 +0800] "GET /images/menubg_m.jpg HTTP/1.1" 200 4390 "http://jingpin.ding9.com/index.htm" "Mozilla/5.0 (compatible; MSIE 9.0; Windows NT 6.1; WOW64; Trident/5.0)"
119.33.202.66 - - [12/Aug/2013:00:10:50 +0800] "GET /undefined HTTP/1.1" 404 943 "http://jingpin.ding9.com/images/focus2.swf" "Mozilla/5.0 (compatible; MSIE 9.0; Windows NT 6.1; WOW64; Trident/5.0)"
119.33.202.66 - - [12/Aug/2013:00:10:51 +0800] "GET /undefined HTTP/1.1" 404 943 "http://jingpin.ding9.com/images/focus2.swf" "Mozilla/5.0 (compatible; MSIE 9.0; Windows NT 6.1; WOW64; Trident/5.0)"
119.33.202.66 - - [12/Aug/2013:00:10:51 +0800] "GET /undefined HTTP/1.1" 404 943 "http://jingpin.ding9.com/images/focus2.swf" "Mozilla/5.0 (compatible; MSIE 9.0; Windows NT 6.1; WOW64; Trident/5.0)"
119.33.202.66 - - [12/Aug/2013:00:10:52 +0800] "GET /undefined HTTP/1.1" 404 943 "http://jingpin.ding9.com/images/focus2.swf" "Mozilla/5.0 (compatible; MSIE 9.0; Windows NT 6.1; WOW64; Trident/5.0)"
119.33.202.66 - - [12/Aug/2013:00:11:31 +0800] "GET /undefined HTTP/1.1" 404 943 "http://jingpin.ding9.com/images/focus2.swf" "Mozilla/5.0 (compatible; MSIE 9.0; Windows NT 6.1; WOW64; Trident/5.0)"
119.33.202.66 - - [12/Aug/2013:00:11:31 +0800] "GET /undefined HTTP/1.1" 404 943 "http://jingpin.ding9.com/images/focus2.swf" "Mozilla/5.0 (compatible; MSIE 9.0; Windows NT 6.1; WOW64; Trident/5.0)"
119.33.202.66 - - [12/Aug/2013:00:11:32 +0800] "GET /undefined HTTP/1.1" 404 943 "http://jingpin.ding9.com/images/focus2.swf" "Mozilla/5.0 (compatible; MSIE 9.0; Windows NT 6.1; WOW64; Trident/5.0)"
119.33.202.66 - - [12/Aug/2013:00:11:33 +0800] "GET /undefined HTTP/1.1" 404 943 "http://jingpin.ding9.com/images/focus2.swf" "Mozilla/5.0 (compatible; MSIE 9.0; Windows NT 6.1; WOW64; Trident/5.0)"
77.88.25.26 - - [12/Aug/2013:00:29:44 +0800] "GET / HTTP/1.1" 302 73 "-" "Mozilla/5.0 (compatible; YandexBot/3.0; +http://yandex.com/bots)"
77.88.25.26 - - [12/Aug/2013:00:29:49 +0800] "GET /index.htm HTTP/1.1" 200 31507 "-" "Mozilla/5.0 (compatible; YandexBot/3.0; +http://yandex.com/bots)"
119.33.202.66 - - [12/Aug/2013:01:06:58 +0800] "GET / HTTP/1.1" 302 73 "http://www.ding9.com/" "Mozilla/5.0 (compatible; MSIE 9.0; Windows NT 6.1; WOW64; Trident/5.0)"
119.33.202.66 - - [12/Aug/2013:01:07:00 +0800] "GET /index.htm HTTP/1.1" 200 31507 "http://www.ding9.com/" "Mozilla/5.0 (compatible; MSIE 9.0; Windows NT 6.1; WOW64; Trident/5.0)"
119.33.202.66 - - [12/Aug/2013:01:07:00 +0800] "GET /css3.0/tefont.css HTTP/1.1" 200 634 "http://clothing.ding9.com/index.htm" "Mozilla/5.0 (compatible; MSIE 9.0; Windows NT 6.1; WOW64; Trident/5.0)"
119.33.202.66 - - [12/Aug/2013:01:07:00 +0800] "GET /images/menubg_03.jpg HTTP/1.1" 200 453 "http://clothing.ding9.com/index.htm" "Mozilla/5.0 (compatible; MSIE 9.0; Windows NT 6.1; WOW64; Trident/5.0)"
119.33.202.66 - - [12/Aug/2013:01:07:00 +0800] "GET /css3.0/te.css HTTP/1.1" 200 3436 "http://clothing.ding9.com/index.htm" "Mozilla/5.0 (compatible; MSIE 9.0; Windows NT 6.1; WOW64; Trident/5.0)"
119.33.202.66 - - [12/Aug/2013:01:07:00 +0800] "GET /teimages/arrow_022.gif HTTP/1.1" 200 63 "http://clothing.ding9.com/index.htm" "Mozilla/5.0 (compatible; MSIE 9.0; Windows NT 6.1; WOW64; Trident/5.0)"
119.33.202.66 - - [12/Aug/2013:01:07:00 +0800] "GET /images/menubg_08.jpg HTTP/1.1" 200 480 "http://clothing.ding9.com/index.htm" "Mozilla/5.0 (compatible; MSIE 9.0; Windows NT 6.1; WOW64; Trident/5.0)"
119.33.202.66 - - [12/Aug/2013:01:07:00 +0800] "GET /images/fzfs/more.jpg HTTP/1.1" 200 1165 "http://clothing.ding9.com/index.htm" "Mozilla/5.0 (compatible; MSIE 9.0; Windows NT 6.1; WOW64; Trident/5.0)"
119.33.202.66 - - [12/Aug/2013:01:07:00 +0800] "GET /images/focus2.swf HTTP/1.1" 200 10755 "http://clothing.ding9.com/index.htm" "Mozilla/5.0 (compatible; MSIE 9.0; Windows NT 6.1; WOW64; Trident/5.0)"
119.33.202.66 - - [12/Aug/2013:01:07:00 +0800] "GET /images/menubg_m.jpg HTTP/1.1" 200 4390 "http://clothing.ding9.com/index.htm" "Mozilla/5.0 (compatible; MSIE 9.0; Windows NT 6.1; WOW64; Trident/5.0)"
119.33.202.66 - - [12/Aug/2013:01:07:00 +0800] "GET /images/menubg_04.jpg HTTP/1.1" 200 382 "http://clothing.ding9.com/index.htm" "Mozilla/5.0 (compatible; MSIE 9.0; Windows NT 6.1; WOW64; Trident/5.0)"
119.33.202.66 - - [12/Aug/2013:01:07:00 +0800] "GET /undefined HTTP/1.1" 404 943 "http://clothing.ding9.com/images/focus2.swf" "Mozilla/5.0 (compatible; MSIE 9.0; Windows NT 6.1; WOW64; Trident/5.0)"
119.33.202.66 - - [12/Aug/2013:01:07:00 +0800] "GET /undefined HTTP/1.1" 404 943 "http://clothing.ding9.com/images/focus2.swf" "Mozilla/5.0 (compatible; MSIE 9.0; Windows NT 6.1; WOW64; Trident/5.0)"
119.33.202.66 - - [12/Aug/2013:01:07:00 +0800] "GET /undefined HTTP/1.1" 404 943 "http://clothing.ding9.com/images/focus2.swf" "Mozilla/5.0 (compatible; MSIE 9.0; Windows NT 6.1; WOW64; Trident/5.0)"
119.33.202.66 - - [12/Aug/2013:01:07:00 +0800] "GET /undefined HTTP/1.1" 404 943 "http://clothing.ding9.com/images/focus2.swf" "Mozilla/5.0 (compatible; MSIE 9.0; Windows NT 6.1; WOW64; Trident/5.0)"
119.33.202.66 - - [12/Aug/2013:01:07:01 +0800] "GET /favicon.ico HTTP/1.1" 404 945 "-" "Mozilla/5.0 (compatible; MSIE 9.0; Windows NT 6.1; WOW64; Trident/5.0)"
119.33.202.66 - - [12/Aug/2013:01:07:05 +0800] "GET / HTTP/1.1" 302 72 "http://www.ding9.com/" "Mozilla/5.0 (compatible; MSIE 9.0; Windows NT 6.1; WOW64; Trident/5.0)"
119.33.202.66 - - [12/Aug/2013:01:07:05 +0800] "GET /index.htm HTTP/1.1" 200 27053 "http://www.ding9.com/" "Mozilla/5.0 (compatible; MSIE 9.0; Windows NT 6.1; WOW64; Trident/5.0)"
119.33.202.66 - - [12/Aug/2013:01:07:05 +0800] "GET /css3.0/tefont.css HTTP/1.1" 200 634 "http://jingpin.ding9.com/index.htm" "Mozilla/5.0 (compatible; MSIE 9.0; Windows NT 6.1; WOW64; Trident/5.0)"
119.33.202.66 - - [12/Aug/2013:01:07:05 +0800] "GET /images/menubg_03.jpg HTTP/1.1" 200 453 "http://jingpin.ding9.com/index.htm" "Mozilla/5.0 (compatible; MSIE 9.0; Windows NT 6.1; WOW64; Trident/5.0)"
119.33.202.66 - - [12/Aug/2013:01:07:05 +0800] "GET /css3.0/te.css HTTP/1.1" 200 3436 "http://jingpin.ding9.com/index.htm" "Mozilla/5.0 (compatible; MSIE 9.0; Windows NT 6.1; WOW64; Trident/5.0)"
119.33.202.66 - - [12/Aug/2013:01:07:05 +0800] "GET /images/menubg_08.jpg HTTP/1.1" 200 480 "http://jingpin.ding9.com/index.htm" "Mozilla/5.0 (compatible; MSIE 9.0; Windows NT 6.1; WOW64; Trident/5.0)"
119.33.202.66 - - [12/Aug/2013:01:07:05 +0800] "GET /teimages/arrow_022.gif HTTP/1.1" 200 63 "http://jingpin.ding9.com/index.htm" "Mozilla/5.0 (compatible; MSIE 9.0; Windows NT 6.1; WOW64; Trident/5.0)"
119.33.202.66 - - [12/Aug/2013:01:07:05 +0800] "GET /images/sssb/more.jpg HTTP/1.1" 200 954 "http://jingpin.ding9.com/index.htm" "Mozilla/5.0 (compatible; MSIE 9.0; Windows NT 6.1; WOW64; Trident/5.0)"
119.33.202.66 - - [12/Aug/2013:01:07:05 +0800] "GET /images/focus2.swf HTTP/1.1" 200 10755 "http://jingpin.ding9.com/index.htm" "Mozilla/5.0 (compatible; MSIE 9.0; Windows NT 6.1; WOW64; Trident/5.0)"
119.33.202.66 - - [12/Aug/2013:01:07:05 +0800] "GET /images/menubg_m.jpg HTTP/1.1" 200 4390 "http://jingpin.ding9.com/index.htm" "Mozilla/5.0 (compatible; MSIE 9.0; Windows NT 6.1; WOW64; Trident/5.0)"
119.33.202.66 - - [12/Aug/2013:01:07:05 +0800] "GET /images/menubg_04.jpg HTTP/1.1" 200 382 "http://jingpin.ding9.com/index.htm" "Mozilla/5.0 (compatible; MSIE 9.0; Windows NT 6.1; WOW64; Trident/5.0)"
119.33.202.66 - - [12/Aug/2013:01:07:05 +0800] "GET /undefined HTTP/1.1" 404 943 "http://jingpin.ding9.com/images/focus2.swf" "Mozilla/5.0 (compatible; MSIE 9.0; Windows NT 6.1; WOW64; Trident/5.0)"
119.33.202.66 - - [12/Aug/2013:01:07:06 +0800] "GET /favicon.ico HTTP/1.1" 404 945 "-" "Mozilla/5.0 (compatible; MSIE 9.0; Windows NT 6.1; WOW64; Trident/5.0)"
119.33.202.66 - - [12/Aug/2013:01:07:06 +0800] "GET /undefined HTTP/1.1" 404 943 "http://jingpin.ding9.com/images/focus2.swf" "Mozilla/5.0 (compatible; MSIE 9.0; Windows NT 6.1; WOW64; Trident/5.0)"
119.33.202.66 - - [12/Aug/2013:01:07:07 +0800] "GET /undefined HTTP/1.1" 404 943 "http://jingpin.ding9.com/images/focus2.swf" "Mozilla/5.0 (compatible; MSIE 9.0; Windows NT 6.1; WOW64; Trident/5.0)"
119.33.202.66 - - [12/Aug/2013:01:07:11 +0800] "GET / HTTP/1.1" 302 73 "http://www.ding9.com/" "Mozilla/5.0 (compatible; MSIE 9.0; Windows NT 6.1; WOW64; Trident/5.0)"
119.33.202.66 - - [12/Aug/2013:01:07:11 +0800] "GET /index.htm HTTP/1.1" 200 31507 "http://www.ding9.com/" "Mozilla/5.0 (compatible; MSIE 9.0; Windows NT 6.1; WOW64; Trident/5.0)"
119.33.202.66 - - [12/Aug/2013:01:07:11 +0800] "GET /undefined HTTP/1.1" 404 943 "http://clothing.ding9.com/images/focus2.swf" "Mozilla/5.0 (compatible; MSIE 9.0; Windows NT 6.1; WOW64; Trident/5.0)"
119.33.202.66 - - [12/Aug/2013:01:07:11 +0800] "GET /favicon.ico HTTP/1.1" 404 945 "-" "Mozilla/5.0 (compatible; MSIE 9.0; Windows NT 6.1; WOW64; Trident/5.0)"
119.33.202.66 - - [12/Aug/2013:01:07:11 +0800] "GET /undefined HTTP/1.1" 404 943 "http://clothing.ding9.com/images/focus2.swf" "Mozilla/5.0 (compatible; MSIE 9.0; Windows NT 6.1; WOW64; Trident/5.0)"
119.33.202.66 - - [12/Aug/2013:01:07:11 +0800] "GET /undefined HTTP/1.1" 404 943 "http://clothing.ding9.com/images/focus2.swf" "Mozilla/5.0 (compatible; MSIE 9.0; Windows NT 6.1; WOW64; Trident/5.0)"
119.33.202.66 - - [12/Aug/2013:01:07:11 +0800] "GET /undefined HTTP/1.1" 404 943 "http://clothing.ding9.com/images/focus2.swf" "Mozilla/5.0 (compatible; MSIE 9.0; Windows NT 6.1; WOW64; Trident/5.0)"
220.181.108.150 - - [12/Aug/2013:02:00:17 +0800] "GET /Jewelry-9/news/article-138635/ HTTP/1.1" 500 3634 "-" "Mozilla/5.0 (compatible; Baiduspider/2.0; +http://www.baidu.com/search/spider.html)"
66.249.72.142 - - [12/Aug/2013:02:20:24 +0800] "GET / HTTP/1.1" 302 73 "-" "Mozilla/5.0 (iPhone; U; CPU iPhone OS 4_1 like Mac OS X; en-us) AppleWebKit/532.9 (KHTML, like Gecko) Version/4.0.5 Mobile/8B117 Safari/6531.22.7 (compatible; Googlebot-Mobile/2.1; +http://www.google.com/bot.html)"
66.249.72.142 - - [12/Aug/2013:02:20:40 +0800] "GET /index.htm HTTP/1.1" 200 31507 "-" "Mozilla/5.0 (iPhone; U; CPU iPhone OS 4_1 like Mac OS X; en-us) AppleWebKit/532.9 (KHTML, like Gecko) Version/4.0.5 Mobile/8B117 Safari/6531.22.7 (compatible; Googlebot-Mobile/2.1; +http://www.google.com/bot.html)"
66.249.72.141 - - [12/Aug/2013:02:27:43 +0800] "GET /index.htm HTTP/1.1" 200 31507 "-" "Mozilla/5.0 (iPhone; U; CPU iPhone OS 4_1 like Mac OS X; en-us) AppleWebKit/532.9 (KHTML, like Gecko) Version/4.0.5 Mobile/8B117 Safari/6531.22.7 (compatible; Googlebot-Mobile/2.1; +http://www.google.com/bot.html)"
220.181.108.109 - - [12/Aug/2013:02:33:37 +0800] "GET /Jewelry-9/news/article-138780/ HTTP/1.1" 500 3634 "-" "Mozilla/5.0 (compatible; Baiduspider/2.0; +http://www.baidu.com/search/spider.html)"
220.181.108.182 - - [12/Aug/2013:03:06:57 +0800] "GET /Jewelry-9/news/article-138784/ HTTP/1.1" 500 3634 "-" "Mozilla/5.0 (compatible; Baiduspider/2.0; +http://www.baidu.com/search/spider.html)"
66.249.72.145 - - [12/Aug/2013:03:45:50 +0800] "GET / HTTP/1.1" 302 72 "-" "Mozilla/5.0 (compatible; Googlebot/2.1; +http://www.google.com/bot.html)"
66.249.72.147 - - [12/Aug/2013:03:46:26 +0800] "GET /index.htm HTTP/1.1" 200 27053 "-" "Mozilla/5.0 (compatible; Googlebot/2.1; +http://www.google.com/bot.html)"
157.55.33.100 - - [12/Aug/2013:03:53:16 +0800] "GET /robots.txt HTTP/1.1" 404 194 "-" "Mozilla/5.0 (compatible; bingbot/2.0; +http://www.bing.com/bingbot.htm)"
157.55.33.100 - - [12/Aug/2013:03:55:16 +0800] "GET / HTTP/1.1" 302 73 "-" "Mozilla/5.0 (compatible; bingbot/2.0; +http://www.bing.com/bingbot.htm)"
66.249.72.145 - - [12/Aug/2013:05:10:42 +0800] "GET /Clothing-5/news/sort-50/ HTTP/1.1" 500 3633 "-" "Mozilla/5.0 (compatible; Googlebot/2.1; +http://www.google.com/bot.html)"
66.249.72.145 - - [12/Aug/2013:05:11:51 +0800] "GET /Clothing-5/news/sort-51/ HTTP/1.1" 500 3633 "-" "Mozilla/5.0 (compatible; Googlebot/2.1; +http://www.google.com/bot.html)"
220.181.89.184 - - [12/Aug/2013:05:25:27 +0800] "GET /Jewelry-9/news/article-138784-page3/ HTTP/1.1" 500 3634 "-" "Sogou web spider/4.0(+http://www.sogou.com/docs/help/webmasters.htm#07)"
220.181.89.184 - - [12/Aug/2013:05:42:35 +0800] "GET /Mobile-6/news/article-138619-page5/ HTTP/1.1" 500 3634 "-" "Sogou web spider/4.0(+http://www.sogou.com/docs/help/webmasters.htm#07)"
220.181.89.184 - - [12/Aug/2013:05:42:46 +0800] "GET /Jewelry-9/news/article-138782-page2/ HTTP/1.1" 500 3634 "-" "Sogou web spider/4.0(+http://www.sogou.com/docs/help/webmasters.htm#07)"
220.181.89.184 - - [12/Aug/2013:05:50:25 +0800] "GET /Mobile-6/news/article-10381-page4/ HTTP/1.1" 500 3634 "-" "Sogou web spider/4.0(+http://www.sogou.com/docs/help/webmasters.htm#07)"
123.125.71.91 - - [12/Aug/2013:06:00:32 +0800] "GET /robots.txt HTTP/1.1" 404 194 "-" "Mozilla/5.0 (compatible; Baiduspider/2.0; +http://www.baidu.com/search/spider.html)"
157.56.93.148 - - [12/Aug/2013:06:12:30 +0800] "GET /robots.txt HTTP/1.1" 404 194 "-" "Mozilla/5.0 (compatible; bingbot/2.0; +http://www.bing.com/bingbot.htm)"
157.56.93.148 - - [12/Aug/2013:06:13:26 +0800] "GET / HTTP/1.1" 302 72 "-" "Mozilla/5.0 (compatible; bingbot/2.0; +http://www.bing.com/bingbot.htm)"
220.181.89.184 - - [12/Aug/2013:06:16:19 +0800] "GET /Jewelry-9/news/article-138784-page3/ HTTP/1.1" 500 3634 "-" "Sogou web spider/4.0(+http://www.sogou.com/docs/help/webmasters.htm#07)"
66.249.72.148 - - [12/Aug/2013:07:45:02 +0800] "GET /robots.txt HTTP/1.1" 404 194 "-" "Mozilla/5.0 (compatible; Googlebot/2.1; +http://www.google.com/bot.html)"
66.249.72.150 - - [12/Aug/2013:07:51:48 +0800] "GET /css3.0/te.css HTTP/1.1" 200 3436 "-" "Mozilla/5.0 (compatible; Googlebot/2.1; +http://www.google.com/bot.html)"
123.125.71.85 - - [12/Aug/2013:08:16:32 +0800] "GET /robots.txt HTTP/1.1" 404 194 "-" "Mozilla/5.0 (compatible; Baiduspider/2.0; +http://www.baidu.com/search/spider.html)"
220.181.108.95 - - [12/Aug/2013:08:27:57 +0800] "GET /Jewelry-9/news/article-138668/ HTTP/1.1" 500 3634 "-" "Mozilla/5.0 (compatible; Baiduspider/2.0; +http://www.baidu.com/search/spider.html)"
157.56.93.148 - - [12/Aug/2013:08:45:13 +0800] "GET /robots.txt HTTP/1.1" 404 194 "-" "Mozilla/5.0 (compatible; bingbot/2.0; +http://www.bing.com/bingbot.htm)"
157.56.93.148 - - [12/Aug/2013:08:50:38 +0800] "GET / HTTP/1.1" 302 72 "-" "Mozilla/5.0 (compatible; bingbot/2.0; +http://www.bing.com/bingbot.htm)"
157.56.93.148 - - [12/Aug/2013:08:50:42 +0800] "GET /index.htm HTTP/1.1" 200 27053 "-" "Mozilla/5.0 (compatible; bingbot/2.0; +http://www.bing.com/bingbot.htm)"
123.125.71.40 - - [12/Aug/2013:09:01:19 +0800] "GET /Jewelry-9/news/article-138667/ HTTP/1.1" 500 3634 "-" "Mozilla/5.0 (compatible; Baiduspider/2.0; +http://www.baidu.com/search/spider.html)"
123.125.71.28 - - [12/Aug/2013:09:34:37 +0800] "GET /Jewelry-9/news/article-138664/ HTTP/1.1" 500 3634 "-" "Mozilla/5.0 (compatible; Baiduspider/2.0; +http://www.baidu.com/search/spider.html)"
182.118.21.231 - - [12/Aug/2013:09:40:37 +0800] "GET /Clothing-5/news/article-8880-page5/ HTTP/1.1" 500 3634 "http://clothing.ding9.com/Clothing-5/news/article-8880-page5/" "Mozilla/5.0 (Windows; U; Windows NT 5.1; zh-CN; rv:1.8.0.11)  Firefox/1.5.0.11; 360Spider"
101.226.167.195 - - [12/Aug/2013:09:47:38 +0800] "GET /clothing-5/news/article-8880-page4/ HTTP/1.1" 500 4384 "http://clothing.ding9.com/clothing-5/news/article-8880-page4/" "Mozilla/4.0 (compatible; MSIE 8.0; Windows NT 6.1; Trident/4.0; SLCC2; .NET CLR 2.0.50727; .NET CLR 3.5.30729; .NET CLR 3.0.30729; Media Center PC 6.0; MDDR; .NET4.0C; .NET4.0E; .NET CLR 1.1.4322; Tablet PC 2.0); 360Spider"
101.226.168.199 - - [12/Aug/2013:09:55:59 +0800] "GET /Jewelry-9/news/article-138781/ HTTP/1.1" 500 4384 "http://jingpin.ding9.com/Jewelry-9/news/article-138781/" "Mozilla/4.0 (compatible; MSIE 8.0; Windows NT 6.1; Trident/4.0; SLCC2; .NET CLR 2.0.50727; .NET CLR 3.5.30729; .NET CLR 3.0.30729; Media Center PC 6.0; MDDR; .NET4.0C; .NET4.0E; .NET CLR 1.1.4322; Tablet PC 2.0); 360Spider"
101.226.168.202 - - [12/Aug/2013:09:55:59 +0800] "GET /jewelry-9/news/article-138785/ HTTP/1.1" 500 4384 "http://jingpin.ding9.com/jewelry-9/news/article-138785/" "Mozilla/4.0 (compatible; MSIE 8.0; Windows NT 6.1; Trident/4.0; SLCC2; .NET CLR 2.0.50727; .NET CLR 3.5.30729; .NET CLR 3.0.30729; Media Center PC 6.0; MDDR; .NET4.0C; .NET4.0E; .NET CLR 1.1.4322; Tablet PC 2.0); 360Spider"
66.249.72.141 - - [12/Aug/2013:10:04:51 +0800] "GET /robots.txt HTTP/1.1" 404 194 "-" "Mozilla/5.0 (compatible; Googlebot/2.1; +http://www.google.com/bot.html)"
66.249.72.141 - - [12/Aug/2013:10:04:51 +0800] "GET /Clothing-5/news/article-8896/ HTTP/1.1" 500 3634 "-" "Mozilla/5.0 (compatible; Googlebot/2.1; +http://www.google.com/bot.html)"
66.249.72.144 - - [12/Aug/2013:10:20:38 +0800] "GET /Clothing-5/news/article-8887/ HTTP/1.1" 500 3634 "-" "Mozilla/5.0 (compatible; Googlebot/2.1; +http://www.google.com/bot.html)"
66.249.72.143 - - [12/Aug/2013:10:35:23 +0800] "GET /Clothing-5/news/article-8899/ HTTP/1.1" 500 3634 "-" "Mozilla/5.0 (compatible; Googlebot/2.1; +http://www.google.com/bot.html)"
66.249.72.143 - - [12/Aug/2013:11:05:02 +0800] "GET /Clothing-5/news/article-8897/ HTTP/1.1" 500 3634 "-" "Mozilla/5.0 (compatible; Googlebot/2.1; +http://www.google.com/bot.html)"
66.249.72.141 - - [12/Aug/2013:11:18:21 +0800] "GET /Clothing-5/news/article-8888/ HTTP/1.1" 500 3634 "-" "Mozilla/5.0 (compatible; Googlebot/2.1; +http://www.google.com/bot.html)"
66.249.72.144 - - [12/Aug/2013:11:36:53 +0800] "GET /Clothing-5/news/article-8900/ HTTP/1.1" 500 3634 "-" "Mozilla/5.0 (compatible; Googlebot/2.1; +http://www.google.com/bot.html)"
66.249.72.146 - - [12/Aug/2013:11:50:19 +0800] "GET /Clothing-5/news/article-8895/ HTTP/1.1" 500 3634 "-" "Mozilla/5.0 (compatible; Googlebot/2.1; +http://www.google.com/bot.html)"
66.249.72.150 - - [12/Aug/2013:12:13:59 +0800] "GET /Clothing-5/news/article-8898/ HTTP/1.1" 500 3634 "-" "Mozilla/5.0 (compatible; Googlebot/2.1; +http://www.google.com/bot.html)"
66.249.72.149 - - [12/Aug/2013:12:28:56 +0800] "GET /Clothing-5/news/article-138876/ HTTP/1.1" 500 3634 "-" "Mozilla/5.0 (compatible; Googlebot/2.1; +http://www.google.com/bot.html)"
66.249.72.147 - - [12/Aug/2013:12:44:27 +0800] "GET /Clothing-5/news/article-138598/ HTTP/1.1" 500 3634 "-" "Mozilla/5.0 (compatible; Googlebot/2.1; +http://www.google.com/bot.html)"
66.249.72.149 - - [12/Aug/2013:12:59:06 +0800] "GET /Clothing-5/news/article-138891/ HTTP/1.1" 500 3634 "-" "Mozilla/5.0 (compatible; Googlebot/2.1; +http://www.google.com/bot.html)"
66.249.72.145 - - [12/Aug/2013:13:08:55 +0800] "GET /Clothing-5/news/article-138921/ HTTP/1.1" 500 3634 "-" "Mozilla/5.0 (compatible; Googlebot/2.1; +http://www.google.com/bot.html)"
66.249.72.150 - - [12/Aug/2013:13:24:08 +0800] "GET /Clothing-5/news/article-138925/ HTTP/1.1" 500 3634 "-" "Mozilla/5.0 (compatible; Googlebot/2.1; +http://www.google.com/bot.html)"
66.249.72.149 - - [12/Aug/2013:13:36:24 +0800] "GET /Clothing-5/news/article-138877/ HTTP/1.1" 500 3634 "-" "Mozilla/5.0 (compatible; Googlebot/2.1; +http://www.google.com/bot.html)"
123.125.71.107 - - [12/Aug/2013:13:46:23 +0800] "GET /Clothing-5/news/article-8899/ HTTP/1.1" 500 3634 "-" "Mozilla/5.0 (compatible; Baiduspider/2.0; +http://www.baidu.com/search/spider.html)"
101.227.4.23 - - [12/Aug/2013:13:53:22 +0800] "GET /robots.txt HTTP/1.1" 404 194 "-" "Mozilla/5.0 ()"
101.227.4.23 - - [12/Aug/2013:13:53:25 +0800] "HEAD /Clothing-5/news/article-138892/ HTTP/1.1" 500 0 "-" "Mozilla/5.0 (compatible; YYSpider; +http://www.yunyun.com/spider.html)"
101.227.4.23 - - [12/Aug/2013:13:53:25 +0800] "GET /Clothing-5/news/article-138892/ HTTP/1.1" 500 3634 "-" "Mozilla/5.0 (compatible; YYSpider; +http://www.yunyun.com/spider.html)"
123.125.71.59 - - [12/Aug/2013:14:07:24 +0800] "GET /Clothing-5/news/article-8898/ HTTP/1.1" 500 3634 "-" "Mozilla/5.0 (compatible; Baiduspider/2.0; +http://www.baidu.com/search/spider.html)"
123.125.71.79 - - [12/Aug/2013:14:14:20 +0800] "GET /robots.txt HTTP/1.1" 404 194 "-" "Mozilla/5.0 (compatible; Baiduspider/2.0; +http://www.baidu.com/search/spider.html)"
123.125.71.20 - - [12/Aug/2013:14:34:44 +0800] "GET /Clothing-5/news/article-138891/ HTTP/1.1" 500 3634 "-" "Mozilla/5.0 (compatible; Baiduspider/2.0; +http://www.baidu.com/search/spider.html)"
123.125.71.44 - - [12/Aug/2013:14:58:10 +0800] "GET /Clothing-5/news/article-138596/ HTTP/1.1" 500 3634 "-" "Mozilla/5.0 (compatible; Baiduspider/2.0; +http://www.baidu.com/search/spider.html)"
66.249.72.147 - - [12/Aug/2013:15:11:24 +0800] "GET /Clothing-5/news/article-138924/ HTTP/1.1" 500 3634 "-" "Mozilla/5.0 (compatible; Googlebot/2.1; +http://www.google.com/bot.html)"
66.249.72.147 - - [12/Aug/2013:15:17:44 +0800] "GET /Clothing-5/news/article-138596/ HTTP/1.1" 500 3634 "-" "Mozilla/5.0 (compatible; Googlebot/2.1; +http://www.google.com/bot.html)"
66.249.72.143 - - [12/Aug/2013:15:28:21 +0800] "GET /Clothing-5/news/article-138892/ HTTP/1.1" 500 3634 "-" "Mozilla/5.0 (compatible; Googlebot/2.1; +http://www.google.com/bot.html)"
66.249.72.150 - - [12/Aug/2013:15:42:58 +0800] "GET /Clothing-5/news/article-138597/ HTTP/1.1" 500 3634 "-" "Mozilla/5.0 (compatible; Googlebot/2.1; +http://www.google.com/bot.html)"
66.249.72.142 - - [12/Aug/2013:15:55:40 +0800] "GET /Clothing-5/news/article-138893/ HTTP/1.1" 500 3634 "-" "Mozilla/5.0 (compatible; Googlebot/2.1; +http://www.google.com/bot.html)"
220.181.89.184 - - [12/Aug/2013:15:59:36 +0800] "GET /jewelry-9/news/article-138784-page9/ HTTP/1.1" 500 3634 "-" "Sogou web spider/4.0(+http://www.sogou.com/docs/help/webmasters.htm#07)"
157.55.32.229 - - [12/Aug/2013:16:20:05 +0800] "GET /robots.txt HTTP/1.1" 404 194 "-" "Mozilla/5.0 (compatible; bingbot/2.0; +http://www.bing.com/bingbot.htm)"
220.181.89.184 - - [12/Aug/2013:16:20:33 +0800] "GET /Mobile-6/news/article-138556-page11/ HTTP/1.1" 500 3634 "-" "Sogou web spider/4.0(+http://www.sogou.com/docs/help/webmasters.htm#07)"
157.55.35.42 - - [12/Aug/2013:16:21:17 +0800] "GET /robots.txt HTTP/1.1" 404 194 "-" "Mozilla/5.0 (compatible; bingbot/2.0; +http://www.bing.com/bingbot.htm)"
157.55.35.42 - - [12/Aug/2013:16:22:07 +0800] "GET / HTTP/1.1" 302 72 "-" "Mozilla/5.0 (compatible; bingbot/2.0; +http://www.bing.com/bingbot.htm)"
157.55.35.42 - - [12/Aug/2013:16:22:08 +0800] "GET / HTTP/1.1" 302 72 "-" "Mozilla/5.0 (compatible; bingbot/2.0; +http://www.bing.com/bingbot.htm)"
157.55.32.229 - - [12/Aug/2013:16:23:47 +0800] "GET / HTTP/1.1" 302 73 "-" "Mozilla/5.0 (compatible; bingbot/2.0; +http://www.bing.com/bingbot.htm)"
220.181.89.184 - - [12/Aug/2013:16:26:19 +0800] "GET /Mobile-6/news/article-138860-page4/ HTTP/1.1" 500 3634 "-" "Sogou web spider/4.0(+http://www.sogou.com/docs/help/webmasters.htm#07)"
123.125.71.114 - - [12/Aug/2013:16:30:40 +0800] "GET /robots.txt HTTP/1.1" 404 194 "-" "Mozilla/5.0 (compatible; Baiduspider/2.0; +http://www.baidu.com/search/spider.html)"
220.181.89.184 - - [12/Aug/2013:16:55:19 +0800] "GET /jewelry-9/news/article-138784-page9/ HTTP/1.1" 500 3634 "-" "Sogou web spider/4.0(+http://www.sogou.com/docs/help/webmasters.htm#07)"
123.125.71.58 - - [12/Aug/2013:19:59:31 +0800] "GET /Clothing-5/news/article-138597/ HTTP/1.1" 500 3634 "-" "Mozilla/5.0 (compatible; Baiduspider/2.0; +http://www.baidu.com/search/spider.html)"
123.125.71.104 - - [12/Aug/2013:20:12:58 +0800] "GET /Clothing-5/news/article-138876/ HTTP/1.1" 500 3634 "-" "Mozilla/5.0 (compatible; Baiduspider/2.0; +http://www.baidu.com/search/spider.html)"
220.181.108.170 - - [12/Aug/2013:20:28:14 +0800] "GET /Clothing-5/news/article-138925/ HTTP/1.1" 500 3634 "-" "Mozilla/5.0 (compatible; Baiduspider/2.0; +http://www.baidu.com/search/spider.html)"
220.181.108.77 - - [12/Aug/2013:20:50:37 +0800] "GET /Clothing-5/news/article-8897/ HTTP/1.1" 500 3634 "-" "Mozilla/5.0 (compatible; Baiduspider/2.0; +http://www.baidu.com/search/spider.html)"
123.125.71.33 - - [12/Aug/2013:22:27:31 +0800] "GET /robots.txt HTTP/1.1" 404 194 "-" "Mozilla/5.0 (compatible; Baiduspider/2.0; +http://www.baidu.com/search/spider.html)"
220.181.51.103 - - [12/Aug/2013:22:48:05 +0800] "GET /Clothing-5/news/article-138877/ HTTP/1.1" 500 3634 "-" "Mozilla"
220.181.51.105 - - [12/Aug/2013:22:48:11 +0800] "GET /Clothing-5/news/article-138595/ HTTP/1.1" 500 3634 "-" "Mozilla"
220.181.51.104 - - [12/Aug/2013:22:48:17 +0800] "GET /Clothing-5/news/article-138925/ HTTP/1.1" 500 3634 "-" "Mozilla"
220.181.51.102 - - [12/Aug/2013:22:48:23 +0800] "GET /Clothing-5/news/sort-51/ HTTP/1.1" 500 3633 "-" "Mozilla"
220.181.51.104 - - [12/Aug/2013:22:48:29 +0800] "GET /Clothing-5/news/article-138597/ HTTP/1.1" 500 3634 "-" "Mozilla"
36.248.24.49 - - [12/Aug/2013:23:49:38 +0800] "GET /index.htm HTTP/1.1" 200 27053 "-" "Mozilla/4.0 (compatible; MSIE 6.0; Windows NT 5.1; SV1;)"
36.248.24.49 - - [12/Aug/2013:23:49:38 +0800] "GET /?page=login&cmd=register HTTP/1.1" 302 72 "http://jingpin.ding9.com/" "Mozilla/5.0 (Windows NT 5.1; rv:21.0) Gecko/20100101 Firefox/21.0"
36.248.24.49 - - [12/Aug/2013:23:49:38 +0800] "GET /index.htm HTTP/1.1" 200 27053 "http://jingpin.ding9.com/?page=login&cmd=register" "Mozilla/5.0 (Windows NT 5.1; rv:21.0) Gecko/20100101 Firefox/21.0"
220.181.108.168 - - [13/Aug/2013:00:20:14 +0800] "GET / HTTP/1.1" 302 73 "-" "Mozilla/5.0 (compatible; Baiduspider/2.0; +http://www.baidu.com/search/spider.html)"
220.181.108.123 - - [13/Aug/2013:00:20:15 +0800] "GET /index.htm HTTP/1.1" 200 31507 "-" "Mozilla/5.0 (compatible; Baiduspider/2.0; +http://www.baidu.com/search/spider.html)"
220.181.108.180 - - [13/Aug/2013:00:34:18 +0800] "GET /Jewelry-9/news/article-138635/ HTTP/1.1" 500 3634 "-" "Mozilla/5.0 (compatible; Baiduspider/2.0; +http://www.baidu.com/search/spider.html)"
123.125.71.108 - - [13/Aug/2013:00:45:12 +0800] "GET /robots.txt HTTP/1.1" 404 194 "-" "Mozilla/5.0 (compatible; Baiduspider/2.0; +http://www.baidu.com/search/spider.html)"
123.125.71.59 - - [13/Aug/2013:01:07:38 +0800] "GET /Jewelry-9/news/article-138663/ HTTP/1.1" 500 3634 "-" "Mozilla/5.0 (compatible; Baiduspider/2.0; +http://www.baidu.com/search/spider.html)"
220.181.108.111 - - [13/Aug/2013:01:40:57 +0800] "GET /Jewelry-9/news/article-138781/ HTTP/1.1" 500 3634 "-" "Mozilla/5.0 (compatible; Baiduspider/2.0; +http://www.baidu.com/search/spider.html)"
123.125.71.76 - - [13/Aug/2013:02:14:18 +0800] "GET /Jewelry-9/news/article-138785/ HTTP/1.1" 500 3634 "-" "Mozilla/5.0 (compatible; Baiduspider/2.0; +http://www.baidu.com/search/spider.html)"
220.181.89.184 - - [13/Aug/2013:02:55:10 +0800] "GET /robots.txt HTTP/1.1" 404 194 "-" "Sogou web spider/4.0"
220.181.89.184 - - [13/Aug/2013:02:57:04 +0800] "GET /Mobile-6/news/article-10382-page1/ HTTP/1.1" 500 3634 "-" "Sogou web spider/4.0(+http://www.sogou.com/docs/help/webmasters.htm#07)"
220.181.89.184 - - [13/Aug/2013:03:10:46 +0800] "GET /Mobile-6/news/article-138861-page1/ HTTP/1.1" 500 3634 "-" "Sogou web spider/4.0(+http://www.sogou.com/docs/help/webmasters.htm#07)"
157.55.35.42 - - [13/Aug/2013:03:13:57 +0800] "GET /robots.txt HTTP/1.1" 404 194 "-" "Mozilla/5.0 (compatible; bingbot/2.0; +http://www.bing.com/bingbot.htm)"
157.55.35.42 - - [13/Aug/2013:03:14:26 +0800] "GET /Clothing-5/news/article-8897/ HTTP/1.1" 500 3634 "-" "Mozilla/5.0 (compatible; bingbot/2.0; +http://www.bing.com/bingbot.htm)"
157.55.35.42 - - [13/Aug/2013:03:15:28 +0800] "GET /Clothing-5/news/article-8897/ HTTP/1.0" 500 3634 "-" "Mozilla/5.0 (compatible; bingbot/2.0; +http://www.bing.com/bingbot.htm)"
220.181.89.184 - - [13/Aug/2013:03:48:35 +0800] "GET /Mobile-6/news/article-10382-page1/ HTTP/1.1" 500 3634 "-" "Sogou web spider/4.0(+http://www.sogou.com/docs/help/webmasters.htm#07)"
157.55.32.229 - - [13/Aug/2013:03:54:26 +0800] "GET / HTTP/1.1" 302 73 "-" "Mozilla/5.0 (compatible; bingbot/2.0; +http://www.bing.com/bingbot.htm)"
157.55.35.42 - - [13/Aug/2013:04:16:06 +0800] "GET /Clothing-5/news/article-8897/ HTTP/1.0" 500 3634 "-" "Mozilla/5.0 (compatible; bingbot/2.0; +http://www.bing.com/bingbot.htm)"
157.55.35.42 - - [13/Aug/2013:04:39:25 +0800] "GET /robots.txt HTTP/1.1" 404 194 "-" "Mozilla/5.0 (compatible; bingbot/2.0; +http://www.bing.com/bingbot.htm)"
157.55.35.42 - - [13/Aug/2013:04:40:05 +0800] "GET / HTTP/1.1" 302 72 "-" "Mozilla/5.0 (compatible; bingbot/2.0; +http://www.bing.com/bingbot.htm)"
157.55.33.26 - - [13/Aug/2013:11:00:05 +0800] "GET /robots.txt HTTP/1.1" 404 194 "-" "Mozilla/5.0 (compatible; bingbot/2.0; +http://www.bing.com/bingbot.htm)"
157.55.33.26 - - [13/Aug/2013:11:01:02 +0800] "GET /Clothing-5/news/article-8895/ HTTP/1.1" 500 3634 "-" "Mozilla/5.0 (compatible; bingbot/2.0; +http://www.bing.com/bingbot.htm)"
157.55.33.26 - - [13/Aug/2013:11:02:06 +0800] "GET /Clothing-5/news/article-8895/ HTTP/1.0" 500 3634 "-" "Mozilla/5.0 (compatible; bingbot/2.0; +http://www.bing.com/bingbot.htm)"
220.181.108.119 - - [13/Aug/2013:11:48:14 +0800] "GET /Clothing-5/news/sort-51/ HTTP/1.1" 500 3633 "-" "Mozilla/5.0 (compatible; Baiduspider/2.0; +http://www.baidu.com/search/spider.html)"
123.125.71.99 - - [13/Aug/2013:12:00:56 +0800] "GET /Clothing-5/news/article-138892/ HTTP/1.1" 500 3634 "-" "Mozilla/5.0 (compatible; Baiduspider/2.0; +http://www.baidu.com/search/spider.html)"
157.55.33.26 - - [13/Aug/2013:12:02:10 +0800] "GET /Clothing-5/news/article-8895/ HTTP/1.0" 500 3634 "-" "Mozilla/5.0 (compatible; bingbot/2.0; +http://www.bing.com/bingbot.htm)"
