157.55.32.39 - - [25/Aug/2013:00:03:14 +0800] "GET /Clothing-5/news/article-138597/ HTTP/1.0" 500 3634 "-" "Mozilla/5.0 (compatible; bingbot/2.0; +http://www.bing.com/bingbot.htm)"
157.56.92.162 - - [25/Aug/2013:02:40:52 +0800] "GET /robots.txt HTTP/1.1" 404 194 "-" "Mozilla/5.0 (compatible; bingbot/2.0; +http://www.bing.com/bingbot.htm)"
123.125.71.77 - - [25/Aug/2013:03:03:34 +0800] "GET /robots.txt HTTP/1.1" 404 194 "-" "Mozilla/5.0 (compatible; Baiduspider/2.0; +http://www.baidu.com/search/spider.html)"
157.55.35.35 - - [25/Aug/2013:03:40:14 +0800] "GET /robots.txt HTTP/1.1" 404 194 "-" "Mozilla/5.0 (compatible; bingbot/2.0; +http://www.bing.com/bingbot.htm)"
157.55.35.35 - - [25/Aug/2013:03:40:56 +0800] "GET / HTTP/1.1" 302 72 "-" "Mozilla/5.0 (compatible; bingbot/2.0; +http://www.bing.com/bingbot.htm)"
157.56.93.82 - - [25/Aug/2013:03:53:39 +0800] "GET /robots.txt HTTP/1.1" 404 194 "-" "Mozilla/5.0 (compatible; bingbot/2.0; +http://www.bing.com/bingbot.htm)"
157.56.93.82 - - [25/Aug/2013:03:54:36 +0800] "GET /Clothing-5/news/article-138924/ HTTP/1.1" 500 3634 "-" "Mozilla/5.0 (compatible; bingbot/2.0; +http://www.bing.com/bingbot.htm)"
123.125.71.105 - - [25/Aug/2013:03:54:47 +0800] "GET / HTTP/1.1" 302 73 "-" "Mozilla/5.0 (compatible; Baiduspider/2.0; +http://www.baidu.com/search/spider.html)"
123.125.71.104 - - [25/Aug/2013:03:54:48 +0800] "GET /index.htm HTTP/1.1" 200 28578 "-" "Mozilla/5.0 (compatible; Baiduspider/2.0; +http://www.baidu.com/search/spider.html)"
157.56.93.82 - - [25/Aug/2013:03:55:37 +0800] "GET /Clothing-5/news/article-138924/ HTTP/1.0" 500 3634 "-" "Mozilla/5.0 (compatible; bingbot/2.0; +http://www.bing.com/bingbot.htm)"
157.56.92.162 - - [25/Aug/2013:04:15:57 +0800] "GET / HTTP/1.1" 302 73 "-" "Mozilla/5.0 (compatible; bingbot/2.0; +http://www.bing.com/bingbot.htm)"
220.181.108.150 - - [25/Aug/2013:04:43:06 +0800] "GET /Jewelry-9/news/article-138663/ HTTP/1.1" 500 3634 "-" "Mozilla/5.0 (compatible; Baiduspider/2.0; +http://www.baidu.com/search/spider.html)"
157.56.93.82 - - [25/Aug/2013:04:55:47 +0800] "GET /Clothing-5/news/article-138924/ HTTP/1.0" 500 3634 "-" "Mozilla/5.0 (compatible; bingbot/2.0; +http://www.bing.com/bingbot.htm)"
123.151.38.204 - - [25/Aug/2013:05:17:41 +0800] "GET /robots.txt HTTP/1.1" 404 944 "http://clothing.ding9.com/" "Mozilla/5.0 (compatible; MSIE 8.0; Windows NT 6.1)"
220.181.89.184 - - [25/Aug/2013:05:30:31 +0800] "GET /robots.txt HTTP/1.1" 404 194 "-" "Sogou web spider/4.0"
220.181.89.184 - - [25/Aug/2013:05:30:35 +0800] "GET /null-5/news/article-8894-page1/ HTTP/1.1" 500 3634 "-" "Sogou web spider/4.0(+http://www.sogou.com/docs/help/webmasters.htm#07)"
208.115.113.84 - - [25/Aug/2013:05:50:34 +0800] "GET /robots.txt HTTP/1.1" 404 194 "-" "Mozilla/5.0 (compatible; Ezooms/1.0; ezooms.bot@gmail.com)"
173.70.141.147 - - [25/Aug/2013:06:37:58 +0800] "GET /robots.txt HTTP/1.1" 404 194 "-" "panscient.com"
173.70.141.147 - - [25/Aug/2013:06:39:10 +0800] "GET /robots.txt HTTP/1.1" 404 194 "-" "panscient.com"
173.70.141.147 - - [25/Aug/2013:06:39:56 +0800] "GET /robots.txt HTTP/1.1" 404 194 "-" "panscient.com"
173.70.141.147 - - [25/Aug/2013:06:40:30 +0800] "GET /robots.txt HTTP/1.1" 404 194 "-" "panscient.com"
173.70.141.147 - - [25/Aug/2013:06:41:27 +0800] "GET / HTTP/1.1" 302 73 "-" "panscient.com"
173.70.141.147 - - [25/Aug/2013:06:41:28 +0800] "GET /robots.txt HTTP/1.1" 404 194 "-" "panscient.com"
173.70.141.147 - - [25/Aug/2013:06:41:30 +0800] "GET /index.htm HTTP/1.1" 200 28578 "-" "panscient.com"
173.70.141.147 - - [25/Aug/2013:06:41:39 +0800] "GET /robots.txt HTTP/1.1" 404 194 "-" "panscient.com"
173.70.141.147 - - [25/Aug/2013:06:41:40 +0800] "GET /robots.txt HTTP/1.1" 404 194 "-" "panscient.com"
173.70.141.147 - - [25/Aug/2013:06:42:00 +0800] "GET /robots.txt HTTP/1.1" 404 194 "-" "panscient.com"
173.70.141.147 - - [25/Aug/2013:06:42:22 +0800] "GET /robots.txt HTTP/1.1" 404 194 "-" "panscient.com"
173.70.141.147 - - [25/Aug/2013:06:42:24 +0800] "GET /images/focus2.swf HTTP/1.1" 200 10755 "-" "panscient.com"
173.70.141.147 - - [25/Aug/2013:06:42:42 +0800] "GET /robots.txt HTTP/1.1" 404 194 "-" "panscient.com"
173.70.141.147 - - [25/Aug/2013:06:42:45 +0800] "GET /robots.txt HTTP/1.1" 404 194 "-" "panscient.com"
173.70.141.147 - - [25/Aug/2013:06:43:11 +0800] "GET /robots.txt HTTP/1.1" 404 194 "-" "panscient.com"
173.70.141.147 - - [25/Aug/2013:06:43:19 +0800] "GET /robots.txt HTTP/1.1" 404 194 "-" "panscient.com"
101.226.168.195 - - [25/Aug/2013:07:26:27 +0800] "GET /clothing-5/news/article-8885-page6/ HTTP/1.1" 500 4384 "http://clothing.ding9.com/clothing-5/news/article-8885-page6/" "Mozilla/4.0 (compatible; MSIE 8.0; Windows NT 6.1; Trident/4.0; SLCC2; .NET CLR 2.0.50727; .NET CLR 3.5.30729; .NET CLR 3.0.30729; Media Center PC 6.0; MDDR; .NET4.0C; .NET4.0E; .NET CLR 1.1.4322; Tablet PC 2.0); 360Spider"
101.226.168.197 - - [25/Aug/2013:07:26:27 +0800] "GET /Clothing-5/news/article-8886-page2/ HTTP/1.1" 500 4384 "http://clothing.ding9.com/Clothing-5/news/article-8886-page2/" "Mozilla/4.0 (compatible; MSIE 8.0; Windows NT 6.1; Trident/4.0; SLCC2; .NET CLR 2.0.50727; .NET CLR 3.5.30729; .NET CLR 3.0.30729; Media Center PC 6.0; MDDR; .NET4.0C; .NET4.0E; .NET CLR 1.1.4322; Tablet PC 2.0); 360Spider"
101.226.169.204 - - [25/Aug/2013:07:32:15 +0800] "GET /jewelry-9/news/article-138635/ HTTP/1.1" 500 4384 "http://jingpin.ding9.com/jewelry-9/news/article-138635/" "Mozilla/4.0 (compatible; MSIE 8.0; Windows NT 6.1; Trident/4.0; SLCC2; .NET CLR 2.0.50727; .NET CLR 3.5.30729; .NET CLR 3.0.30729; Media Center PC 6.0; MDDR; .NET4.0C; .NET4.0E; .NET CLR 1.1.4322; Tablet PC 2.0); 360Spider"
101.226.169.201 - - [25/Aug/2013:07:32:15 +0800] "GET /jewelry-9/news/article-138781/ HTTP/1.1" 500 4384 "http://jingpin.ding9.com/jewelry-9/news/article-138781/" "Mozilla/4.0 (compatible; MSIE 8.0; Windows NT 6.1; Trident/4.0; SLCC2; .NET CLR 2.0.50727; .NET CLR 3.5.30729; .NET CLR 3.0.30729; Media Center PC 6.0; MDDR; .NET4.0C; .NET4.0E; .NET CLR 1.1.4322; Tablet PC 2.0); 360Spider"
220.181.89.184 - - [25/Aug/2013:08:02:40 +0800] "GET /news/news-info.do?article_id=138783&prso_id_one=9&prso_name_one_en=&current_page=11 HTTP/1.1" 500 3183 "-" "Sogou web spider/4.0(+http://www.sogou.com/docs/help/webmasters.htm#07)"
123.125.71.85 - - [25/Aug/2013:08:19:25 +0800] "GET /robots.txt HTTP/1.1" 404 194 "-" "Mozilla/5.0 (compatible; Baiduspider/2.0; +http://www.baidu.com/search/spider.html)"
220.181.89.184 - - [25/Aug/2013:08:27:01 +0800] "GET /Mobile-6/news/article-138556-page9/ HTTP/1.1" 500 3634 "-" "Sogou web spider/4.0(+http://www.sogou.com/docs/help/webmasters.htm#07)"
220.181.89.184 - - [25/Aug/2013:08:30:44 +0800] "GET /Jewelry-9/news/article-138631-page6/ HTTP/1.1" 500 3634 "-" "Sogou web spider/4.0(+http://www.sogou.com/docs/help/webmasters.htm#07)"
220.181.89.184 - - [25/Aug/2013:08:33:24 +0800] "GET /Mobile-6/news/article-138619-page5/ HTTP/1.1" 500 3634 "-" "Sogou web spider/4.0(+http://www.sogou.com/docs/help/webmasters.htm#07)"
220.181.89.184 - - [25/Aug/2013:08:35:27 +0800] "GET /news/news-info.do?article_id=8902&prso_id_one=9&prso_name_one_en= HTTP/1.1" 500 3183 "-" "Sogou web spider/4.0(+http://www.sogou.com/docs/help/webmasters.htm#07)"
220.181.89.184 - - [25/Aug/2013:08:40:27 +0800] "GET /news/news-info.do?article_id=8902&prso_id_one=9&prso_name_one_en= HTTP/1.1" 500 3183 "-" "Sogou web spider/4.0(+http://www.sogou.com/docs/help/webmasters.htm#07)"
220.181.89.184 - - [25/Aug/2013:08:40:35 +0800] "GET /jewelry-9/news/article-138782-page6/ HTTP/1.1" 500 3634 "-" "Sogou web spider/4.0(+http://www.sogou.com/docs/help/webmasters.htm#07)"
220.181.89.184 - - [25/Aug/2013:08:46:31 +0800] "GET /news/news-info.do?article_id=138783&prso_id_one=9&prso_name_one_en=&current_page=11 HTTP/1.1" 500 3183 "-" "Sogou web spider/4.0(+http://www.sogou.com/docs/help/webmasters.htm#07)"
220.181.89.184 - - [25/Aug/2013:09:06:08 +0800] "GET /Mobile-6/news/article-138556-page9/ HTTP/1.1" 500 3634 "-" "Sogou web spider/4.0(+http://www.sogou.com/docs/help/webmasters.htm#07)"
220.181.89.184 - - [25/Aug/2013:09:09:54 +0800] "GET /Mobile-6/news/article-138619-page5/ HTTP/1.1" 500 3634 "-" "Sogou web spider/4.0(+http://www.sogou.com/docs/help/webmasters.htm#07)"
220.181.89.184 - - [25/Aug/2013:09:10:01 +0800] "GET /Jewelry-9/news/article-138631-page6/ HTTP/1.1" 500 3634 "-" "Sogou web spider/4.0(+http://www.sogou.com/docs/help/webmasters.htm#07)"
208.115.113.84 - - [25/Aug/2013:09:53:48 +0800] "GET /robots.txt HTTP/1.1" 404 194 "-" "Mozilla/5.0 (compatible; Ezooms/1.0; ezooms.bot@gmail.com)"
157.55.32.39 - - [25/Aug/2013:11:15:08 +0800] "GET /robots.txt HTTP/1.1" 404 194 "-" "Mozilla/5.0 (compatible; bingbot/2.0; +http://www.bing.com/bingbot.htm)"
157.55.32.39 - - [25/Aug/2013:11:17:27 +0800] "GET /Clothing-5/news/article-8895/ HTTP/1.1" 500 3634 "-" "Mozilla/5.0 (compatible; bingbot/2.0; +http://www.bing.com/bingbot.htm)"
157.55.32.39 - - [25/Aug/2013:11:18:38 +0800] "GET /Clothing-5/news/article-8895/ HTTP/1.0" 500 3634 "-" "Mozilla/5.0 (compatible; bingbot/2.0; +http://www.bing.com/bingbot.htm)"
157.56.92.176 - - [25/Aug/2013:11:29:41 +0800] "GET /robots.txt HTTP/1.1" 404 194 "-" "Mozilla/5.0 (compatible; bingbot/2.0; +http://www.bing.com/bingbot.htm)"
157.56.92.176 - - [25/Aug/2013:11:31:00 +0800] "GET / HTTP/1.1" 302 72 "-" "Mozilla/5.0 (compatible; bingbot/2.0; +http://www.bing.com/bingbot.htm)"
157.56.92.176 - - [25/Aug/2013:11:31:05 +0800] "GET /index.htm HTTP/1.1" 200 24766 "-" "Mozilla/5.0 (compatible; bingbot/2.0; +http://www.bing.com/bingbot.htm)"
123.125.71.83 - - [25/Aug/2013:11:52:54 +0800] "GET /robots.txt HTTP/1.1" 404 194 "-" "Mozilla/5.0 (compatible; Baiduspider/2.0; +http://www.baidu.com/search/spider.html)"
157.55.32.39 - - [25/Aug/2013:12:19:15 +0800] "GET /Clothing-5/news/article-8895/ HTTP/1.0" 500 3634 "-" "Mozilla/5.0 (compatible; bingbot/2.0; +http://www.bing.com/bingbot.htm)"
66.249.72.147 - - [25/Aug/2013:12:35:55 +0800] "GET /robots.txt HTTP/1.1" 404 194 "-" "Mozilla/5.0 (compatible; Googlebot/2.1; +http://www.google.com/bot.html)"
66.249.72.147 - - [25/Aug/2013:12:35:55 +0800] "GET /apple-touch-icon-precomposed.png HTTP/1.1" 404 216 "-" "Googlebot-Image/1.0"
157.56.92.176 - - [25/Aug/2013:13:44:26 +0800] "GET /robots.txt HTTP/1.1" 404 194 "-" "Mozilla/5.0 (compatible; bingbot/2.0; +http://www.bing.com/bingbot.htm)"
157.56.92.176 - - [25/Aug/2013:13:45:59 +0800] "GET / HTTP/1.1" 302 72 "-" "Mozilla/5.0 (compatible; bingbot/2.0; +http://www.bing.com/bingbot.htm)"
157.56.92.176 - - [25/Aug/2013:13:46:03 +0800] "GET /index.htm HTTP/1.1" 200 24766 "-" "Mozilla/5.0 (compatible; bingbot/2.0; +http://www.bing.com/bingbot.htm)"
157.56.92.162 - - [25/Aug/2013:14:15:42 +0800] "GET /robots.txt HTTP/1.1" 404 194 "-" "Mozilla/5.0 (compatible; bingbot/2.0; +http://www.bing.com/bingbot.htm)"
157.55.32.39 - - [25/Aug/2013:14:15:49 +0800] "GET /Jewelry-9/news/article-8904/ HTTP/1.1" 500 3634 "-" "Mozilla/5.0 (compatible; bingbot/2.0; +http://www.bing.com/bingbot.htm)"
157.56.92.162 - - [25/Aug/2013:14:16:16 +0800] "GET / HTTP/1.1" 302 73 "-" "Mozilla/5.0 (compatible; bingbot/2.0; +http://www.bing.com/bingbot.htm)"
157.55.32.39 - - [25/Aug/2013:14:18:06 +0800] "GET /Jewelry-9/news/article-8904/ HTTP/1.0" 500 3634 "-" "Mozilla/5.0 (compatible; bingbot/2.0; +http://www.bing.com/bingbot.htm)"
157.56.92.176 - - [25/Aug/2013:14:33:38 +0800] "GET / HTTP/1.1" 302 72 "-" "Mozilla/5.0 (compatible; bingbot/2.0; +http://www.bing.com/bingbot.htm)"
157.55.32.39 - - [25/Aug/2013:15:20:16 +0800] "GET /Jewelry-9/news/article-8904/ HTTP/1.0" 500 3634 "-" "Mozilla/5.0 (compatible; bingbot/2.0; +http://www.bing.com/bingbot.htm)"
208.115.111.68 - - [25/Aug/2013:15:48:56 +0800] "GET /robots.txt HTTP/1.1" 404 194 "-" "Mozilla/5.0 (compatible; Ezooms/1.0; ezooms.bot@gmail.com)"
157.55.32.39 - - [25/Aug/2013:16:36:50 +0800] "GET /robots.txt HTTP/1.1" 404 194 "-" "Mozilla/5.0 (compatible; bingbot/2.0; +http://www.bing.com/bingbot.htm)"
157.55.32.39 - - [25/Aug/2013:16:37:28 +0800] "GET /index.htm HTTP/1.1" 200 28578 "-" "Mozilla/5.0 (compatible; bingbot/2.0; +http://www.bing.com/bingbot.htm)"
66.249.72.150 - - [25/Aug/2013:17:02:31 +0800] "GET /robots.txt HTTP/1.1" 404 194 "-" "Mozilla/5.0 (compatible; Googlebot/2.1; +http://www.google.com/bot.html)"
66.249.72.150 - - [25/Aug/2013:17:02:32 +0800] "GET /index.htm HTTP/1.1" 200 24766 "-" "Mozilla/5.0 (compatible; Googlebot/2.1; +http://www.google.com/bot.html)"
208.115.111.68 - - [25/Aug/2013:17:22:25 +0800] "GET /Clothing-5/news/article-138597/ HTTP/1.1" 500 3634 "-" "Mozilla/5.0 (compatible; Ezooms/1.0; ezooms.bot@gmail.com)"
157.56.229.211 - - [25/Aug/2013:17:37:12 +0800] "GET /robots.txt HTTP/1.1" 404 194 "-" "Mozilla/5.0 (compatible; bingbot/2.0; +http://www.bing.com/bingbot.htm)"
157.56.229.211 - - [25/Aug/2013:17:38:16 +0800] "GET /Clothing-5/news/article-8888/ HTTP/1.1" 500 3634 "-" "Mozilla/5.0 (compatible; bingbot/2.0; +http://www.bing.com/bingbot.htm)"
157.56.229.211 - - [25/Aug/2013:17:42:33 +0800] "GET /Clothing-5/news/article-8888/ HTTP/1.0" 500 3634 "-" "Mozilla/5.0 (compatible; bingbot/2.0; +http://www.bing.com/bingbot.htm)"
123.125.71.94 - - [25/Aug/2013:18:27:59 +0800] "GET /clothing-5/news/article-138925/ HTTP/1.1" 500 3634 "-" "Mozilla/5.0 (compatible; Baiduspider/2.0; +http://www.baidu.com/search/spider.html)"
157.56.229.211 - - [25/Aug/2013:18:51:01 +0800] "GET /Clothing-5/news/article-8888/ HTTP/1.0" 500 3634 "-" "Mozilla/5.0 (compatible; bingbot/2.0; +http://www.bing.com/bingbot.htm)"
220.181.89.184 - - [25/Aug/2013:19:18:01 +0800] "GET /robots.txt HTTP/1.1" 404 194 "-" "Sogou web spider/4.0"
220.181.89.184 - - [25/Aug/2013:19:19:59 +0800] "GET /Mobile-6/news/article-10381-page4/ HTTP/1.1" 500 3634 "-" "Sogou web spider/4.0(+http://www.sogou.com/docs/help/webmasters.htm#07)"
220.181.89.184 - - [25/Aug/2013:19:35:05 +0800] "GET /Mobile-6/news/article-138556-page11/ HTTP/1.1" 500 3634 "-" "Sogou web spider/4.0(+http://www.sogou.com/docs/help/webmasters.htm#07)"
123.125.71.36 - - [25/Aug/2013:19:44:49 +0800] "GET / HTTP/1.1" 302 73 "-" "Mozilla/5.0 (compatible; Baiduspider/2.0; +http://www.baidu.com/search/spider.html)"
123.125.71.41 - - [25/Aug/2013:19:44:49 +0800] "GET /index.htm HTTP/1.1" 200 28578 "-" "Mozilla/5.0 (compatible; Baiduspider/2.0; +http://www.baidu.com/search/spider.html)"
208.115.111.68 - - [25/Aug/2013:19:51:43 +0800] "GET /robots.txt HTTP/1.1" 404 194 "-" "Mozilla/5.0 (compatible; Ezooms/1.0; ezooms.bot@gmail.com)"
220.181.89.184 - - [25/Aug/2013:19:51:46 +0800] "GET /jewelry-9/news/article-138633-page2/ HTTP/1.1" 500 3634 "-" "Sogou web spider/4.0(+http://www.sogou.com/docs/help/webmasters.htm#07)"
220.181.108.166 - - [25/Aug/2013:19:53:36 +0800] "GET /Jewelry-9/news/article-138635/ HTTP/1.1" 500 3634 "-" "Mozilla/5.0 (compatible; Baiduspider/2.0; +http://www.baidu.com/search/spider.html)"
220.181.89.184 - - [25/Aug/2013:19:55:51 +0800] "GET /jewelry-9/news/article-138633-page2/ HTTP/1.1" 500 3634 "-" "Sogou web spider/4.0(+http://www.sogou.com/docs/help/webmasters.htm#07)"
220.181.89.184 - - [25/Aug/2013:19:57:59 +0800] "GET /jewelry-9/news/article-138782-page3/ HTTP/1.1" 500 3634 "-" "Sogou web spider/4.0(+http://www.sogou.com/docs/help/webmasters.htm#07)"
220.181.89.184 - - [25/Aug/2013:20:02:11 +0800] "GET /Mobile-6/news/article-10381-page4/ HTTP/1.1" 500 3634 "-" "Sogou web spider/4.0(+http://www.sogou.com/docs/help/webmasters.htm#07)"
220.181.108.185 - - [25/Aug/2013:20:08:38 +0800] "GET /Jewelry-9/news/article-138662/ HTTP/1.1" 500 3634 "-" "Mozilla/5.0 (compatible; Baiduspider/2.0; +http://www.baidu.com/search/spider.html)"
220.181.89.184 - - [25/Aug/2013:20:15:21 +0800] "GET /Mobile-6/news/article-138556-page11/ HTTP/1.1" 500 3634 "-" "Sogou web spider/4.0(+http://www.sogou.com/docs/help/webmasters.htm#07)"
123.125.71.13 - - [25/Aug/2013:20:18:44 +0800] "GET /robots.txt HTTP/1.1" 404 194 "-" "Mozilla/5.0 (compatible; Baiduspider/2.0; +http://www.baidu.com/search/spider.html)"
220.181.89.184 - - [25/Aug/2013:20:34:08 +0800] "GET /jewelry-9/news/article-138782-page3/ HTTP/1.1" 500 3634 "-" "Sogou web spider/4.0(+http://www.sogou.com/docs/help/webmasters.htm#07)"
208.115.111.68 - - [25/Aug/2013:21:43:35 +0800] "GET /Jewelry-9/news/article-138784-page1/ HTTP/1.1" 500 3634 "-" "Mozilla/5.0 (compatible; Ezooms/1.0; ezooms.bot@gmail.com)"
208.115.111.68 - - [25/Aug/2013:21:43:35 +0800] "GET /Jewelry-9/news/article-138630-page6/ HTTP/1.1" 500 3634 "-" "Mozilla/5.0 (compatible; Ezooms/1.0; ezooms.bot@gmail.com)"
208.115.113.84 - - [25/Aug/2013:21:53:06 +0800] "GET /robots.txt HTTP/1.1" 404 194 "-" "Mozilla/5.0 (compatible; Ezooms/1.0; ezooms.bot@gmail.com)"
208.115.113.84 - - [25/Aug/2013:23:32:14 +0800] "GET /Clothing-5/news/article-8896-page3/ HTTP/1.1" 500 3634 "-" "Mozilla/5.0 (compatible; Ezooms/1.0; ezooms.bot@gmail.com)"
157.56.92.162 - - [26/Aug/2013:00:51:07 +0800] "GET /robots.txt HTTP/1.1" 404 194 "-" "Mozilla/5.0 (compatible; bingbot/2.0; +http://www.bing.com/bingbot.htm)"
157.56.92.162 - - [26/Aug/2013:00:51:38 +0800] "GET /Clothing-5/news/article-138921/ HTTP/1.1" 500 3634 "-" "Mozilla/5.0 (compatible; bingbot/2.0; +http://www.bing.com/bingbot.htm)"
157.56.92.162 - - [26/Aug/2013:00:52:40 +0800] "GET /Clothing-5/news/article-138921/ HTTP/1.0" 500 3634 "-" "Mozilla/5.0 (compatible; bingbot/2.0; +http://www.bing.com/bingbot.htm)"
157.56.92.162 - - [26/Aug/2013:01:53:19 +0800] "GET /Clothing-5/news/article-138921/ HTTP/1.0" 500 3634 "-" "Mozilla/5.0 (compatible; bingbot/2.0; +http://www.bing.com/bingbot.htm)"
208.115.113.84 - - [26/Aug/2013:01:53:32 +0800] "GET /robots.txt HTTP/1.1" 404 194 "-" "Mozilla/5.0 (compatible; Ezooms/1.0; ezooms.bot@gmail.com)"
208.115.113.84 - - [26/Aug/2013:01:53:32 +0800] "GET /robots.txt HTTP/1.1" 404 194 "-" "Mozilla/5.0 (compatible; Ezooms/1.0; ezooms.bot@gmail.com)"
157.56.92.162 - - [26/Aug/2013:01:57:59 +0800] "GET / HTTP/1.1" 302 73 "-" "Mozilla/5.0 (compatible; bingbot/2.0; +http://www.bing.com/bingbot.htm)"
123.125.71.89 - - [26/Aug/2013:02:00:24 +0800] "GET /robots.txt HTTP/1.1" 404 194 "-" "Mozilla/5.0 (compatible; Baiduspider/2.0; +http://www.baidu.com/search/spider.html)"
157.55.32.55 - - [26/Aug/2013:02:06:33 +0800] "GET /robots.txt HTTP/1.1" 404 194 "-" "Mozilla/5.0 (compatible; bingbot/2.0; +http://www.bing.com/bingbot.htm)"
157.55.32.55 - - [26/Aug/2013:02:06:57 +0800] "GET / HTTP/1.1" 302 72 "-" "Mozilla/5.0 (compatible; bingbot/2.0; +http://www.bing.com/bingbot.htm)"
208.115.113.84 - - [26/Aug/2013:03:24:21 +0800] "GET /Jewelry-9/news/article-8908/ HTTP/1.1" 500 3634 "-" "Mozilla/5.0 (compatible; Ezooms/1.0; ezooms.bot@gmail.com)"
208.115.113.84 - - [26/Aug/2013:03:47:51 +0800] "GET /Clothing-5/news/article-8825/ HTTP/1.1" 500 3634 "-" "Mozilla/5.0 (compatible; Ezooms/1.0; ezooms.bot@gmail.com)"
208.115.111.68 - - [26/Aug/2013:03:50:18 +0800] "GET /robots.txt HTTP/1.1" 404 194 "-" "Mozilla/5.0 (compatible; Ezooms/1.0; ezooms.bot@gmail.com)"
208.115.111.68 - - [26/Aug/2013:03:50:18 +0800] "GET /robots.txt HTTP/1.1" 404 194 "-" "Mozilla/5.0 (compatible; Ezooms/1.0; ezooms.bot@gmail.com)"
220.181.89.184 - - [26/Aug/2013:04:03:12 +0800] "GET /Clothing-5/news/article-8885-page4/ HTTP/1.1" 500 3634 "-" "Sogou web spider/4.0(+http://www.sogou.com/docs/help/webmasters.htm#07)"
123.125.71.75 - - [26/Aug/2013:04:12:05 +0800] "GET /robots.txt HTTP/1.1" 404 194 "-" "Mozilla/5.0 (compatible; Baiduspider/2.0; +http://www.baidu.com/search/spider.html)"
66.249.72.148 - - [26/Aug/2013:04:20:49 +0800] "GET /favicon.ico HTTP/1.1" 404 195 "-" "Googlebot-Image/1.0"
220.181.89.184 - - [26/Aug/2013:04:42:33 +0800] "GET /Clothing-5/news/article-8885-page4/ HTTP/1.1" 500 3634 "-" "Sogou web spider/4.0(+http://www.sogou.com/docs/help/webmasters.htm#07)"
123.138.102.153 - - [26/Aug/2013:05:22:42 +0800] "GET /robots.txt HTTP/1.1" 404 944 "http://clothing.ding9.com/" "Mozilla/5.0 (compatible; MSIE 8.0; Windows NT 6.1)"
220.181.108.149 - - [26/Aug/2013:05:38:52 +0800] "GET /Clothing-5/news/article-138891/ HTTP/1.1" 500 3634 "-" "Mozilla/5.0 (compatible; Baiduspider/2.0; +http://www.baidu.com/search/spider.html)"
208.115.111.68 - - [26/Aug/2013:05:49:46 +0800] "GET /Jewelry-9/news/article-138633-page4/ HTTP/1.1" 500 3634 "-" "Mozilla/5.0 (compatible; Ezooms/1.0; ezooms.bot@gmail.com)"
208.115.111.68 - - [26/Aug/2013:05:51:47 +0800] "GET /Jewelry-9/news/article-138666-page2/ HTTP/1.1" 500 3634 "-" "Mozilla/5.0 (compatible; Ezooms/1.0; ezooms.bot@gmail.com)"
208.115.113.84 - - [26/Aug/2013:05:52:36 +0800] "GET /robots.txt HTTP/1.1" 404 194 "-" "Mozilla/5.0 (compatible; Ezooms/1.0; ezooms.bot@gmail.com)"
208.115.113.84 - - [26/Aug/2013:05:52:40 +0800] "GET /robots.txt HTTP/1.1" 404 194 "-" "Mozilla/5.0 (compatible; Ezooms/1.0; ezooms.bot@gmail.com)"
208.115.111.68 - - [26/Aug/2013:05:53:48 +0800] "GET /Jewelry-9/news/article-138782-page4/ HTTP/1.1" 500 3634 "-" "Mozilla/5.0 (compatible; Ezooms/1.0; ezooms.bot@gmail.com)"
208.115.111.68 - - [26/Aug/2013:05:55:52 +0800] "GET /Clothing-5/news/article-8886/ HTTP/1.1" 500 3634 "-" "Mozilla/5.0 (compatible; Ezooms/1.0; ezooms.bot@gmail.com)"
220.181.89.184 - - [26/Aug/2013:06:45:12 +0800] "GET /Mobile-6/news/article-138860-page4/ HTTP/1.1" 500 3634 "-" "Sogou web spider/4.0(+http://www.sogou.com/docs/help/webmasters.htm#07)"
220.181.89.184 - - [26/Aug/2013:06:45:31 +0800] "GET /Jewelry-9/news/article-138782-page4/ HTTP/1.1" 500 3634 "-" "Sogou web spider/4.0(+http://www.sogou.com/docs/help/webmasters.htm#07)"
220.181.89.184 - - [26/Aug/2013:06:55:32 +0800] "GET / HTTP/1.1" 302 72 "-" "Sogou web spider/4.0(+http://www.sogou.com/docs/help/webmasters.htm#07)"
220.181.89.184 - - [26/Aug/2013:06:57:41 +0800] "GET /index.htm HTTP/1.1" 200 24766 "-" "Sogou web spider/4.0(+http://www.sogou.com/docs/help/webmasters.htm#07)"
220.181.89.184 - - [26/Aug/2013:07:06:17 +0800] "GET /Mobile-6/news/article-138863-page2/ HTTP/1.1" 500 3634 "-" "Sogou web spider/4.0(+http://www.sogou.com/docs/help/webmasters.htm#07)"
220.181.89.184 - - [26/Aug/2013:07:09:38 +0800] "GET /jewelry-9/news/article-138780-page2/ HTTP/1.1" 500 3634 "-" "Sogou web spider/4.0(+http://www.sogou.com/docs/help/webmasters.htm#07)"
208.115.113.84 - - [26/Aug/2013:07:13:10 +0800] "GET /Clothing-5/news/article-138924-page4/ HTTP/1.1" 500 3634 "-" "Mozilla/5.0 (compatible; Ezooms/1.0; ezooms.bot@gmail.com)"
208.115.113.84 - - [26/Aug/2013:07:13:41 +0800] "GET /Clothing-5/news/article-8880-page3/ HTTP/1.1" 500 3634 "-" "Mozilla/5.0 (compatible; Ezooms/1.0; ezooms.bot@gmail.com)"
220.181.89.184 - - [26/Aug/2013:07:20:46 +0800] "GET /Mobile-6/news/article-138860-page4/ HTTP/1.1" 500 3634 "-" "Sogou web spider/4.0(+http://www.sogou.com/docs/help/webmasters.htm#07)"
220.181.89.184 - - [26/Aug/2013:07:22:41 +0800] "GET /Jewelry-9/news/article-138782-page4/ HTTP/1.1" 500 3634 "-" "Sogou web spider/4.0(+http://www.sogou.com/docs/help/webmasters.htm#07)"
220.181.89.184 - - [26/Aug/2013:07:34:59 +0800] "GET / HTTP/1.1" 302 72 "-" "Sogou web spider/4.0(+http://www.sogou.com/docs/help/webmasters.htm#07)"
220.181.89.184 - - [26/Aug/2013:07:37:13 +0800] "GET /index.htm HTTP/1.1" 200 24766 "-" "Sogou web spider/4.0(+http://www.sogou.com/docs/help/webmasters.htm#07)"
188.40.133.218 - - [26/Aug/2013:08:22:06 +0800] "GET /robots.txt HTTP/1.1" 404 194 "-" "Mozilla/5.0 (compatible; SearchmetricsBot; http://www.searchmetrics.com/en/searchmetrics-bot/)"
188.40.133.218 - - [26/Aug/2013:08:22:07 +0800] "GET / HTTP/1.1" 302 72 "-" "Mozilla/5.0 (compatible; SearchmetricsBot; http://www.searchmetrics.com/en/searchmetrics-bot/)"
188.40.133.218 - - [26/Aug/2013:08:22:09 +0800] "GET /index.htm HTTP/1.1" 200 24766 "-" "Mozilla/5.0 (compatible; SearchmetricsBot; http://www.searchmetrics.com/en/searchmetrics-bot/)"
208.115.113.84 - - [26/Aug/2013:09:53:48 +0800] "GET /robots.txt HTTP/1.1" 404 194 "-" "Mozilla/5.0 (compatible; Ezooms/1.0; ezooms.bot@gmail.com)"
123.125.71.90 - - [26/Aug/2013:10:28:47 +0800] "GET /robots.txt HTTP/1.1" 404 194 "-" "Mozilla/5.0 (compatible; Baiduspider/2.0; +http://www.baidu.com/search/spider.html)"
5.10.83.46 - - [26/Aug/2013:10:57:27 +0800] "GET /robots.txt HTTP/1.1" 404 194 "-" "Mozilla/5.0 (compatible; AhrefsBot/5.0; +http://ahrefs.com/robot/)"
5.10.83.46 - - [26/Aug/2013:10:57:37 +0800] "GET /robots.txt HTTP/1.1" 404 194 "-" "Mozilla/5.0 (compatible; AhrefsBot/5.0; +http://ahrefs.com/robot/)"
123.125.71.94 - - [26/Aug/2013:11:56:45 +0800] "GET /Clothing-5/news/article-8888/ HTTP/1.1" 500 3634 "-" "Mozilla/5.0 (compatible; Baiduspider/2.0; +http://www.baidu.com/search/spider.html)"
123.125.71.43 - - [26/Aug/2013:12:37:11 +0800] "GET /robots.txt HTTP/1.1" 404 194 "-" "Mozilla/5.0 (compatible; Baiduspider/2.0; +http://www.baidu.com/search/spider.html)"
208.115.113.84 - - [26/Aug/2013:13:53:49 +0800] "GET /robots.txt HTTP/1.1" 404 194 "-" "Mozilla/5.0 (compatible; Ezooms/1.0; ezooms.bot@gmail.com)"
157.56.92.162 - - [26/Aug/2013:14:07:20 +0800] "GET /robots.txt HTTP/1.1" 404 194 "-" "Mozilla/5.0 (compatible; bingbot/2.0; +http://www.bing.com/bingbot.htm)"
157.56.92.162 - - [26/Aug/2013:14:07:48 +0800] "GET / HTTP/1.1" 302 73 "-" "Mozilla/5.0 (compatible; bingbot/2.0; +http://www.bing.com/bingbot.htm)"
208.115.113.84 - - [26/Aug/2013:15:15:41 +0800] "GET /Jewelry-9/news/article-138630-page5/ HTTP/1.1" 500 3634 "-" "Mozilla/5.0 (compatible; Ezooms/1.0; ezooms.bot@gmail.com)"
208.115.113.84 - - [26/Aug/2013:15:16:12 +0800] "GET /Jewelry-9/news/article-138785-page4/ HTTP/1.1" 500 3634 "-" "Mozilla/5.0 (compatible; Ezooms/1.0; ezooms.bot@gmail.com)"
157.55.33.20 - - [26/Aug/2013:15:27:51 +0800] "GET /robots.txt HTTP/1.1" 404 194 "-" "Mozilla/5.0 (compatible; bingbot/2.0; +http://www.bing.com/bingbot.htm)"
157.55.33.20 - - [26/Aug/2013:15:29:59 +0800] "GET / HTTP/1.1" 302 72 "-" "Mozilla/5.0 (compatible; bingbot/2.0; +http://www.bing.com/bingbot.htm)"
208.115.111.68 - - [26/Aug/2013:15:53:02 +0800] "GET /robots.txt HTTP/1.1" 404 194 "-" "Mozilla/5.0 (compatible; Ezooms/1.0; ezooms.bot@gmail.com)"
58.219.186.105 - - [26/Aug/2013:16:26:47 +0800] "GET / HTTP/1.1" 302 73 "http://mobile.ding9.com/" "Mozilla/4.0 (compatible; MSIE 8.0; Windows NT 5.1; Trident/4.0)"
58.219.186.105 - - [26/Aug/2013:16:26:47 +0800] "GET /index.htm HTTP/1.1" 200 28578 "http://mobile.ding9.com/" "Mozilla/4.0 (compatible; MSIE 8.0; Windows NT 5.1; Trident/4.0)"
58.219.186.105 - - [26/Aug/2013:16:26:47 +0800] "GET /css3.0/tefont.css HTTP/1.1" 200 634 "http://clothing.ding9.com/index.htm" "Mozilla/4.0 (compatible; MSIE 8.0; Windows NT 5.1; Trident/4.0)"
58.219.186.105 - - [26/Aug/2013:16:26:47 +0800] "GET /css3.0/te.css HTTP/1.1" 200 3436 "http://clothing.ding9.com/index.htm" "Mozilla/4.0 (compatible; MSIE 8.0; Windows NT 5.1; Trident/4.0)"
58.219.186.105 - - [26/Aug/2013:16:26:48 +0800] "GET /images/menubg_08.jpg HTTP/1.1" 200 480 "http://clothing.ding9.com/index.htm" "Mozilla/4.0 (compatible; MSIE 8.0; Windows NT 5.1; Trident/4.0)"
58.219.186.105 - - [26/Aug/2013:16:26:48 +0800] "GET /images/menubg_03.jpg HTTP/1.1" 200 453 "http://clothing.ding9.com/index.htm" "Mozilla/4.0 (compatible; MSIE 8.0; Windows NT 5.1; Trident/4.0)"
58.219.186.105 - - [26/Aug/2013:16:26:48 +0800] "GET /teimages/arrow_022.gif HTTP/1.1" 200 63 "http://clothing.ding9.com/index.htm" "Mozilla/4.0 (compatible; MSIE 8.0; Windows NT 5.1; Trident/4.0)"
58.219.186.105 - - [26/Aug/2013:16:26:48 +0800] "GET /images/menubg_04.jpg HTTP/1.1" 200 382 "http://clothing.ding9.com/index.htm" "Mozilla/4.0 (compatible; MSIE 8.0; Windows NT 5.1; Trident/4.0)"
58.219.186.105 - - [26/Aug/2013:16:26:48 +0800] "GET /images/fzfs/more.jpg HTTP/1.1" 200 1165 "http://clothing.ding9.com/index.htm" "Mozilla/4.0 (compatible; MSIE 8.0; Windows NT 5.1; Trident/4.0)"
58.219.186.105 - - [26/Aug/2013:16:26:48 +0800] "GET /images/focus2.swf HTTP/1.1" 200 10755 "http://clothing.ding9.com/index.htm" "Mozilla/4.0 (compatible; MSIE 8.0; Windows NT 5.1; Trident/4.0)"
58.219.186.105 - - [26/Aug/2013:16:26:50 +0800] "GET /undefined HTTP/1.1" 404 943 "http://clothing.ding9.com/images/focus2.swf" "Mozilla/4.0 (compatible; MSIE 8.0; Windows NT 5.1; Trident/4.0)"
58.219.186.105 - - [26/Aug/2013:16:26:50 +0800] "GET /undefined HTTP/1.1" 404 943 "http://clothing.ding9.com/images/focus2.swf" "Mozilla/4.0 (compatible; MSIE 8.0; Windows NT 5.1; Trident/4.0)"
58.219.186.105 - - [26/Aug/2013:16:26:50 +0800] "GET /undefined HTTP/1.1" 404 943 "http://clothing.ding9.com/images/focus2.swf" "Mozilla/4.0 (compatible; MSIE 8.0; Windows NT 5.1; Trident/4.0)"
58.219.186.105 - - [26/Aug/2013:16:26:50 +0800] "GET /undefined HTTP/1.1" 404 943 "http://clothing.ding9.com/images/focus2.swf" "Mozilla/4.0 (compatible; MSIE 8.0; Windows NT 5.1; Trident/4.0)"
58.219.186.105 - - [26/Aug/2013:16:26:51 +0800] "GET /images/menubg_m.jpg HTTP/1.1" 200 4390 "http://clothing.ding9.com/index.htm" "Mozilla/4.0 (compatible; MSIE 8.0; Windows NT 5.1; Trident/4.0)"
58.219.186.105 - - [26/Aug/2013:16:26:54 +0800] "GET /favicon.ico HTTP/1.1" 404 945 "-" "Mozilla/4.0 (compatible; MSIE 8.0; Windows NT 5.1; Trident/4.0)"
119.147.146.118 - - [26/Aug/2013:16:30:58 +0800] "GET / HTTP/1.1" 302 72 "-" "Mozilla/4.0 (compatible; MSIE 6.0; Windows NT 5.1; SV1; .NET CLR 2.0.50727; MAXTHON 2.0)"
119.147.146.118 - - [26/Aug/2013:16:30:58 +0800] "GET /index.htm HTTP/1.1" 200 24766 "-" "Mozilla/4.0 (compatible; MSIE 6.0; Windows NT 5.1; SV1; .NET CLR 2.0.50727; MAXTHON 2.0)"
220.181.132.218 - - [26/Aug/2013:16:32:11 +0800] "GET / HTTP/1.1" 302 73 "http://clothing.ding9.com/" "Mozilla/4.0 (compatible; MSIE 8.0; Windows NT 6.1; Trident/4.0; SLCC2; .NET CLR 2.0.50727; .NET CLR 3.5.30729; .NET CLR 3.0.30729; Media Center PC 6.0; Tablet PC 2.0)"
220.181.132.218 - - [26/Aug/2013:16:32:12 +0800] "GET /index.htm HTTP/1.1" 200 28578 "http://clothing.ding9.com/" "Mozilla/4.0 (compatible; MSIE 8.0; Windows NT 6.1; Trident/4.0; SLCC2; .NET CLR 2.0.50727; .NET CLR 3.5.30729; .NET CLR 3.0.30729; Media Center PC 6.0; Tablet PC 2.0)"
220.181.132.193 - - [26/Aug/2013:16:32:35 +0800] "GET /index.htm HTTP/1.1" 200 28578 "-" "Mozilla/5.0 (X11; Linux x86_64) AppleWebKit/536.11 (KHTML, like Gecko) DumpRenderTree/0.0.0.0 Safari/536.11"
220.181.132.193 - - [26/Aug/2013:16:32:35 +0800] "GET /css3.0/tefont.css HTTP/1.1" 200 634 "http://clothing.ding9.com/index.htm" "Mozilla/5.0 (X11; Linux x86_64) AppleWebKit/536.11 (KHTML, like Gecko) DumpRenderTree/0.0.0.0 Safari/536.11"
220.181.132.193 - - [26/Aug/2013:16:32:35 +0800] "GET /css3.0/te.css HTTP/1.1" 200 3436 "http://clothing.ding9.com/index.htm" "Mozilla/5.0 (X11; Linux x86_64) AppleWebKit/536.11 (KHTML, like Gecko) DumpRenderTree/0.0.0.0 Safari/536.11"
220.181.127.123 - - [26/Aug/2013:16:36:06 +0800] "GET / HTTP/1.1" 302 72 "http://jingpin.ding9.com/" "Mozilla/4.0 (compatible; MSIE 8.0; Windows NT 6.1; Trident/4.0; SLCC2; .NET CLR 2.0.50727; .NET CLR 3.5.30729; .NET CLR 3.0.30729; Media Center PC 6.0; Tablet PC 2.0)"
220.181.127.123 - - [26/Aug/2013:16:36:08 +0800] "GET /index.htm HTTP/1.1" 200 24766 "http://jingpin.ding9.com/" "Mozilla/4.0 (compatible; MSIE 8.0; Windows NT 6.1; Trident/4.0; SLCC2; .NET CLR 2.0.50727; .NET CLR 3.5.30729; .NET CLR 3.0.30729; Media Center PC 6.0; Tablet PC 2.0)"
220.181.132.18 - - [26/Aug/2013:16:36:53 +0800] "GET /index.htm HTTP/1.1" 200 24766 "-" "Mozilla/5.0 (X11; Linux x86_64) AppleWebKit/536.11 (KHTML, like Gecko) DumpRenderTree/0.0.0.0 Safari/536.11"
220.181.132.18 - - [26/Aug/2013:16:36:53 +0800] "GET /css3.0/tefont.css HTTP/1.1" 200 634 "http://jingpin.ding9.com/index.htm" "Mozilla/5.0 (X11; Linux x86_64) AppleWebKit/536.11 (KHTML, like Gecko) DumpRenderTree/0.0.0.0 Safari/536.11"
220.181.132.18 - - [26/Aug/2013:16:36:53 +0800] "GET /css3.0/te.css HTTP/1.1" 200 3436 "http://jingpin.ding9.com/index.htm" "Mozilla/5.0 (X11; Linux x86_64) AppleWebKit/536.11 (KHTML, like Gecko) DumpRenderTree/0.0.0.0 Safari/536.11"
101.226.89.122 - - [26/Aug/2013:16:56:44 +0800] "GET / HTTP/1.1" 302 72 "-" "Mozilla/4.0"
101.226.89.122 - - [26/Aug/2013:16:56:44 +0800] "GET /index.htm HTTP/1.1" 200 24766 "-" "Mozilla/4.0"
101.226.33.221 - - [26/Aug/2013:16:56:46 +0800] "GET / HTTP/1.1" 302 73 "-" "Mozilla/4.0"
101.226.33.221 - - [26/Aug/2013:16:56:46 +0800] "GET /index.htm HTTP/1.1" 200 28578 "-" "Mozilla/4.0"
66.249.72.145 - - [26/Aug/2013:18:10:42 +0800] "GET /robots.txt HTTP/1.1" 404 194 "-" "Mozilla/5.0 (compatible; Googlebot/2.1; +http://www.google.com/bot.html)"
66.249.72.145 - - [26/Aug/2013:18:10:42 +0800] "GET / HTTP/1.1" 302 73 "-" "SAMSUNG-SGH-E250/1.0 Profile/MIDP-2.0 Configuration/CLDC-1.1 UP.Browser/6.2.3.3.c.1.101 (GUI) MMP/2.0 (compatible; Googlebot-Mobile/2.1; +http://www.google.com/bot.html)"
66.249.72.145 - - [26/Aug/2013:18:10:43 +0800] "GET /index.htm HTTP/1.1" 200 28578 "-" "SAMSUNG-SGH-E250/1.0 Profile/MIDP-2.0 Configuration/CLDC-1.1 UP.Browser/6.2.3.3.c.1.101 (GUI) MMP/2.0 (compatible; Googlebot-Mobile/2.1; +http://www.google.com/bot.html)"
220.181.89.184 - - [26/Aug/2013:18:17:01 +0800] "GET /Jewelry-9/news/article-138784-page3/ HTTP/1.1" 500 3634 "-" "Sogou web spider/4.0(+http://www.sogou.com/docs/help/webmasters.htm#07)"
220.181.89.184 - - [26/Aug/2013:18:21:01 +0800] "GET /Mobile-6/news/article-10382-page1/ HTTP/1.1" 500 3634 "-" "Sogou web spider/4.0(+http://www.sogou.com/docs/help/webmasters.htm#07)"
220.181.89.184 - - [26/Aug/2013:18:27:29 +0800] "GET /Jewelry-9/news/article-138782-page2/ HTTP/1.1" 500 3634 "-" "Sogou web spider/4.0(+http://www.sogou.com/docs/help/webmasters.htm#07)"
220.181.89.184 - - [26/Aug/2013:18:31:48 +0800] "GET /Mobile-6/news/article-138861-page1/ HTTP/1.1" 500 3634 "-" "Sogou web spider/4.0(+http://www.sogou.com/docs/help/webmasters.htm#07)"
123.125.71.101 - - [26/Aug/2013:18:32:56 +0800] "GET /clothing-5/news/article-8896/ HTTP/1.1" 500 3634 "-" "Mozilla/5.0 (compatible; Baiduspider/2.0; +http://www.baidu.com/search/spider.html)"
157.56.93.73 - - [26/Aug/2013:18:34:36 +0800] "GET /robots.txt HTTP/1.1" 404 194 "-" "Mozilla/5.0 (compatible; bingbot/2.0; +http://www.bing.com/bingbot.htm)"
157.56.93.73 - - [26/Aug/2013:18:39:30 +0800] "GET /index.htm HTTP/1.1" 200 28578 "-" "Mozilla/5.0 (compatible; bingbot/2.0; +http://www.bing.com/bingbot.htm)"
220.181.89.184 - - [26/Aug/2013:18:50:48 +0800] "GET /Jewelry-9/news/article-138784-page3/ HTTP/1.1" 500 3634 "-" "Sogou web spider/4.0(+http://www.sogou.com/docs/help/webmasters.htm#07)"
220.181.89.184 - - [26/Aug/2013:18:55:40 +0800] "GET /Mobile-6/news/article-10382-page1/ HTTP/1.1" 500 3634 "-" "Sogou web spider/4.0(+http://www.sogou.com/docs/help/webmasters.htm#07)"
101.226.167.225 - - [26/Aug/2013:18:58:26 +0800] "GET /jingpin-9/news/article-138666/ HTTP/1.1" 500 4384 "http://jingpin.ding9.com/jingpin-9/news/article-138666/" "Mozilla/4.0 (compatible; MSIE 8.0; Windows NT 6.1; Trident/4.0; SLCC2; .NET CLR 2.0.50727; .NET CLR 3.5.30729; .NET CLR 3.0.30729; Media Center PC 6.0; MDDR; .NET4.0C; .NET4.0E; .NET CLR 1.1.4322; Tablet PC 2.0); 360Spider"
101.226.167.225 - - [26/Aug/2013:18:58:26 +0800] "GET /jingpin-9/news/article-138668/ HTTP/1.1" 500 4384 "http://jingpin.ding9.com/jingpin-9/news/article-138668/" "Mozilla/4.0 (compatible; MSIE 8.0; Windows NT 6.1; Trident/4.0; SLCC2; .NET CLR 2.0.50727; .NET CLR 3.5.30729; .NET CLR 3.0.30729; Media Center PC 6.0; MDDR; .NET4.0C; .NET4.0E; .NET CLR 1.1.4322; Tablet PC 2.0); 360Spider"
101.226.167.227 - - [26/Aug/2013:18:58:27 +0800] "GET /jingpin-9/news/article-138665/ HTTP/1.1" 500 4384 "http://jingpin.ding9.com/jingpin-9/news/article-138665/" "Mozilla/4.0 (compatible; MSIE 8.0; Windows NT 6.1; Trident/4.0; SLCC2; .NET CLR 2.0.50727; .NET CLR 3.5.30729; .NET CLR 3.0.30729; Media Center PC 6.0; MDDR; .NET4.0C; .NET4.0E; .NET CLR 1.1.4322; Tablet PC 2.0); 360Spider"
101.226.167.228 - - [26/Aug/2013:18:58:30 +0800] "GET /jingpin-9/news/article-138779/ HTTP/1.1" 500 4384 "http://jingpin.ding9.com/jingpin-9/news/article-138779/" "Mozilla/4.0 (compatible; MSIE 8.0; Windows NT 6.1; Trident/4.0; SLCC2; .NET CLR 2.0.50727; .NET CLR 3.5.30729; .NET CLR 3.0.30729; Media Center PC 6.0; MDDR; .NET4.0C; .NET4.0E; .NET CLR 1.1.4322; Tablet PC 2.0); 360Spider"
101.226.167.223 - - [26/Aug/2013:18:58:30 +0800] "GET /jingpin-9/news/article-138777/ HTTP/1.1" 500 4384 "http://jingpin.ding9.com/jingpin-9/news/article-138777/" "Mozilla/4.0 (compatible; MSIE 8.0; Windows NT 6.1; Trident/4.0; SLCC2; .NET CLR 2.0.50727; .NET CLR 3.5.30729; .NET CLR 3.0.30729; Media Center PC 6.0; MDDR; .NET4.0C; .NET4.0E; .NET CLR 1.1.4322; Tablet PC 2.0); 360Spider"
101.226.167.230 - - [26/Aug/2013:18:58:31 +0800] "GET /jingpin-9/news/article-138780/ HTTP/1.1" 500 4384 "http://jingpin.ding9.com/jingpin-9/news/article-138780/" "Mozilla/4.0 (compatible; MSIE 8.0; Windows NT 6.1; Trident/4.0; SLCC2; .NET CLR 2.0.50727; .NET CLR 3.5.30729; .NET CLR 3.0.30729; Media Center PC 6.0; MDDR; .NET4.0C; .NET4.0E; .NET CLR 1.1.4322; Tablet PC 2.0); 360Spider"
101.226.167.225 - - [26/Aug/2013:18:58:34 +0800] "GET /jingpin-9/news/article-138784/ HTTP/1.1" 500 4384 "http://jingpin.ding9.com/jingpin-9/news/article-138784/" "Mozilla/4.0 (compatible; MSIE 8.0; Windows NT 6.1; Trident/4.0; SLCC2; .NET CLR 2.0.50727; .NET CLR 3.5.30729; .NET CLR 3.0.30729; Media Center PC 6.0; MDDR; .NET4.0C; .NET4.0E; .NET CLR 1.1.4322; Tablet PC 2.0); 360Spider"
101.226.167.224 - - [26/Aug/2013:18:58:34 +0800] "GET /jingpin-9/news/article-138782/ HTTP/1.1" 500 4384 "http://jingpin.ding9.com/jingpin-9/news/article-138782/" "Mozilla/4.0 (compatible; MSIE 8.0; Windows NT 6.1; Trident/4.0; SLCC2; .NET CLR 2.0.50727; .NET CLR 3.5.30729; .NET CLR 3.0.30729; Media Center PC 6.0; MDDR; .NET4.0C; .NET4.0E; .NET CLR 1.1.4322; Tablet PC 2.0); 360Spider"
101.226.167.224 - - [26/Aug/2013:18:58:38 +0800] "GET /jingpin-9/news/sort-52/ HTTP/1.1" 500 4383 "http://jingpin.ding9.com/jingpin-9/news/sort-52/" "Mozilla/4.0 (compatible; MSIE 8.0; Windows NT 6.1; Trident/4.0; SLCC2; .NET CLR 2.0.50727; .NET CLR 3.5.30729; .NET CLR 3.0.30729; Media Center PC 6.0; MDDR; .NET4.0C; .NET4.0E; .NET CLR 1.1.4322; Tablet PC 2.0); 360Spider"
101.226.167.228 - - [26/Aug/2013:18:58:38 +0800] "GET /jingpin-9/news/article-138786/ HTTP/1.1" 500 4384 "http://jingpin.ding9.com/jingpin-9/news/article-138786/" "Mozilla/4.0 (compatible; MSIE 8.0; Windows NT 6.1; Trident/4.0; SLCC2; .NET CLR 2.0.50727; .NET CLR 3.5.30729; .NET CLR 3.0.30729; Media Center PC 6.0; MDDR; .NET4.0C; .NET4.0E; .NET CLR 1.1.4322; Tablet PC 2.0); 360Spider"
220.181.89.184 - - [26/Aug/2013:19:01:41 +0800] "GET /Jewelry-9/news/article-138782-page2/ HTTP/1.1" 500 3634 "-" "Sogou web spider/4.0(+http://www.sogou.com/docs/help/webmasters.htm#07)"
220.181.89.184 - - [26/Aug/2013:19:03:55 +0800] "GET /Mobile-6/news/article-138861-page1/ HTTP/1.1" 500 3634 "-" "Sogou web spider/4.0(+http://www.sogou.com/docs/help/webmasters.htm#07)"
220.181.108.100 - - [26/Aug/2013:19:30:15 +0800] "GET /Jewelry-9/news/article-138635/ HTTP/1.1" 500 3634 "-" "Mozilla/5.0 (compatible; Baiduspider/2.0; +http://www.baidu.com/search/spider.html)"
66.249.72.142 - - [26/Aug/2013:19:33:39 +0800] "GET /index.htm HTTP/1.1" 200 28578 "-" "Mozilla/5.0 (compatible; Googlebot/2.1; +http://www.google.com/bot.html)"
123.125.71.44 - - [26/Aug/2013:19:53:52 +0800] "GET /Jewelry-9/news/article-138662/ HTTP/1.1" 500 3634 "-" "Mozilla/5.0 (compatible; Baiduspider/2.0; +http://www.baidu.com/search/spider.html)"
208.115.111.68 - - [26/Aug/2013:19:55:44 +0800] "GET /robots.txt HTTP/1.1" 404 194 "-" "Mozilla/5.0 (compatible; Ezooms/1.0; ezooms.bot@gmail.com)"
208.115.111.68 - - [26/Aug/2013:19:55:44 +0800] "GET /robots.txt HTTP/1.1" 404 194 "-" "Mozilla/5.0 (compatible; Ezooms/1.0; ezooms.bot@gmail.com)"
123.125.71.77 - - [26/Aug/2013:20:50:09 +0800] "GET / HTTP/1.1" 302 73 "-" "Mozilla/5.0 (compatible; Baiduspider/2.0; +http://www.baidu.com/search/spider.html)"
123.125.71.69 - - [26/Aug/2013:20:50:10 +0800] "GET /index.htm HTTP/1.1" 200 28578 "-" "Mozilla/5.0 (compatible; Baiduspider/2.0; +http://www.baidu.com/search/spider.html)"
123.125.71.21 - - [26/Aug/2013:21:43:49 +0800] "GET /robots.txt HTTP/1.1" 404 194 "-" "Mozilla/5.0 (compatible; Baiduspider/2.0; +http://www.baidu.com/search/spider.html)"
208.115.111.68 - - [26/Aug/2013:21:44:53 +0800] "GET /Jewelry-9/news/article-138665/ HTTP/1.1" 500 3634 "-" "Mozilla/5.0 (compatible; Ezooms/1.0; ezooms.bot@gmail.com)"
208.115.111.68 - - [26/Aug/2013:21:46:54 +0800] "GET /Jewelry-9/news/article-138780/ HTTP/1.1" 500 3634 "-" "Mozilla/5.0 (compatible; Ezooms/1.0; ezooms.bot@gmail.com)"
208.115.111.68 - - [26/Aug/2013:21:48:55 +0800] "GET /Clothing-5/news/article-138596-page2/ HTTP/1.1" 500 3634 "-" "Mozilla/5.0 (compatible; Ezooms/1.0; ezooms.bot@gmail.com)"
208.115.113.84 - - [26/Aug/2013:21:57:50 +0800] "GET /robots.txt HTTP/1.1" 404 194 "-" "Mozilla/5.0 (compatible; Ezooms/1.0; ezooms.bot@gmail.com)"
117.79.144.165 - - [26/Aug/2013:23:12:23 +0800] "GET / HTTP/1.1" 302 73 "-" "Mozilla/4.0 (compatible; MSIE 8.0; Windows NT 5.1; Trident/4.0)"
117.79.144.165 - - [26/Aug/2013:23:12:23 +0800] "GET /index.htm HTTP/1.1" 200 28578 "-" "Mozilla/4.0 (compatible; MSIE 8.0; Windows NT 5.1; Trident/4.0)"
117.79.144.165 - - [26/Aug/2013:23:12:24 +0800] "GET /css3.0/tefont.css HTTP/1.1" 200 634 "-" "Mozilla/4.0 (compatible; MSIE 8.0; Windows NT 5.1; Trident/4.0)"
117.79.144.165 - - [26/Aug/2013:23:12:29 +0800] "GET /css3.0/te.css HTTP/1.1" 200 3436 "-" "Mozilla/4.0 (compatible; MSIE 8.0; Windows NT 5.1; Trident/4.0)"
180.76.5.89 - - [26/Aug/2013:23:18:45 +0800] "GET /robots.txt HTTP/1.1" 404 194 "-" "Mozilla/5.0 (Windows NT 5.1; rv:6.0.2) Gecko/20100101 Firefox/6.0.2"
117.79.144.165 - - [26/Aug/2013:23:26:23 +0800] "GET / HTTP/1.1" 302 72 "-" "Mozilla/4.0 (compatible; MSIE 8.0; Windows NT 5.1; Trident/4.0)"
117.79.144.165 - - [26/Aug/2013:23:26:23 +0800] "GET /index.htm HTTP/1.1" 200 24766 "-" "Mozilla/4.0 (compatible; MSIE 8.0; Windows NT 5.1; Trident/4.0)"
117.79.144.165 - - [26/Aug/2013:23:26:29 +0800] "GET /css3.0/tefont.css HTTP/1.1" 200 634 "-" "Mozilla/4.0 (compatible; MSIE 8.0; Windows NT 5.1; Trident/4.0)"
117.79.144.165 - - [26/Aug/2013:23:26:39 +0800] "GET /css3.0/te.css HTTP/1.1" 200 3436 "-" "Mozilla/4.0 (compatible; MSIE 8.0; Windows NT 5.1; Trident/4.0)"
157.55.33.79 - - [26/Aug/2013:23:38:07 +0800] "GET /robots.txt HTTP/1.1" 404 194 "-" "Mozilla/5.0 (compatible; bingbot/2.0; +http://www.bing.com/bingbot.htm)"
157.55.33.79 - - [26/Aug/2013:23:39:20 +0800] "GET /Clothing-5/news/article-138877/ HTTP/1.1" 500 3634 "-" "Mozilla/5.0 (compatible; bingbot/2.0; +http://www.bing.com/bingbot.htm)"
157.55.33.79 - - [26/Aug/2013:23:40:21 +0800] "GET /Clothing-5/news/article-138877/ HTTP/1.0" 500 3634 "-" "Mozilla/5.0 (compatible; bingbot/2.0; +http://www.bing.com/bingbot.htm)"
66.249.72.150 - - [26/Aug/2013:23:45:57 +0800] "GET /robots.txt HTTP/1.1" 404 194 "-" "Mozilla/5.0 (compatible; Googlebot/2.1; +http://www.google.com/bot.html)"
66.249.72.150 - - [26/Aug/2013:23:45:58 +0800] "GET / HTTP/1.1" 302 72 "-" "Mozilla/5.0 (compatible; Googlebot/2.1; +http://www.google.com/bot.html)"
66.249.72.150 - - [26/Aug/2013:23:45:58 +0800] "GET /index.htm HTTP/1.1" 200 24766 "-" "Mozilla/5.0 (compatible; Googlebot/2.1; +http://www.google.com/bot.html)"
123.125.71.99 - - [26/Aug/2013:23:51:41 +0800] "GET /robots.txt HTTP/1.1" 404 194 "-" "Mozilla/5.0 (compatible; Baiduspider/2.0; +http://www.baidu.com/search/spider.html)"
66.249.72.143 - - [26/Aug/2013:23:53:32 +0800] "GET /css3.0/te.css HTTP/1.1" 200 3436 "-" "Mozilla/5.0 (compatible; Googlebot/2.1; +http://www.google.com/bot.html)"
208.115.111.68 - - [26/Aug/2013:23:56:10 +0800] "GET /robots.txt HTTP/1.1" 404 194 "-" "Mozilla/5.0 (compatible; Ezooms/1.0; ezooms.bot@gmail.com)"
208.115.111.68 - - [26/Aug/2013:23:56:10 +0800] "GET /robots.txt HTTP/1.1" 404 194 "-" "Mozilla/5.0 (compatible; Ezooms/1.0; ezooms.bot@gmail.com)"
157.55.33.79 - - [27/Aug/2013:00:40:55 +0800] "GET /Clothing-5/news/article-138877/ HTTP/1.0" 500 3634 "-" "Mozilla/5.0 (compatible; bingbot/2.0; +http://www.bing.com/bingbot.htm)"
208.115.111.68 - - [27/Aug/2013:01:30:48 +0800] "GET /Jewelry-9/news/article-138631-page3/ HTTP/1.1" 500 3634 "-" "Mozilla/5.0 (compatible; Ezooms/1.0; ezooms.bot@gmail.com)"
208.115.111.68 - - [27/Aug/2013:01:31:22 +0800] "GET /Jewelry-9/news/article-138632-page3/ HTTP/1.1" 500 3634 "-" "Mozilla/5.0 (compatible; Ezooms/1.0; ezooms.bot@gmail.com)"
208.115.111.68 - - [27/Aug/2013:01:33:23 +0800] "GET /Jewelry-9/news/article-138669/ HTTP/1.1" 500 3634 "-" "Mozilla/5.0 (compatible; Ezooms/1.0; ezooms.bot@gmail.com)"
157.55.35.43 - - [27/Aug/2013:01:38:59 +0800] "GET /robots.txt HTTP/1.1" 404 194 "-" "Mozilla/5.0 (compatible; bingbot/2.0; +http://www.bing.com/bingbot.htm)"
157.55.35.43 - - [27/Aug/2013:01:39:37 +0800] "GET / HTTP/1.1" 302 73 "-" "Mozilla/5.0 (compatible; bingbot/2.0; +http://www.bing.com/bingbot.htm)"
208.115.113.84 - - [27/Aug/2013:01:59:41 +0800] "GET /robots.txt HTTP/1.1" 404 194 "-" "Mozilla/5.0 (compatible; Ezooms/1.0; ezooms.bot@gmail.com)"
208.115.113.84 - - [27/Aug/2013:01:59:41 +0800] "GET /robots.txt HTTP/1.1" 404 194 "-" "Mozilla/5.0 (compatible; Ezooms/1.0; ezooms.bot@gmail.com)"
157.55.33.123 - - [27/Aug/2013:02:14:48 +0800] "GET /robots.txt HTTP/1.1" 404 194 "-" "Mozilla/5.0 (compatible; bingbot/2.0; +http://www.bing.com/bingbot.htm)"
157.55.33.123 - - [27/Aug/2013:02:15:13 +0800] "GET / HTTP/1.1" 302 72 "-" "Mozilla/5.0 (compatible; bingbot/2.0; +http://www.bing.com/bingbot.htm)"
5.10.83.36 - - [27/Aug/2013:02:49:23 +0800] "GET /index.htm HTTP/1.1" 200 28578 "-" "Mozilla/5.0 (compatible; AhrefsBot/5.0; +http://ahrefs.com/robot/)"
208.115.113.84 - - [27/Aug/2013:03:37:44 +0800] "GET /Clothing-5/news/article-8885/ HTTP/1.1" 500 3634 "-" "Mozilla/5.0 (compatible; Ezooms/1.0; ezooms.bot@gmail.com)"
208.115.111.68 - - [27/Aug/2013:03:59:27 +0800] "GET /robots.txt HTTP/1.1" 404 194 "-" "Mozilla/5.0 (compatible; Ezooms/1.0; ezooms.bot@gmail.com)"
66.249.72.149 - - [27/Aug/2013:04:56:23 +0800] "GET / HTTP/1.1" 302 73 "-" "DoCoMo/2.0 N905i(c100;TB;W24H16) (compatible; Googlebot-Mobile/2.1; +http://www.google.com/bot.html)"
66.249.72.149 - - [27/Aug/2013:04:56:24 +0800] "GET /index.htm HTTP/1.1" 200 28578 "-" "DoCoMo/2.0 N905i(c100;TB;W24H16) (compatible; Googlebot-Mobile/2.1; +http://www.google.com/bot.html)"
157.55.33.123 - - [27/Aug/2013:05:07:19 +0800] "GET /robots.txt HTTP/1.1" 404 194 "-" "Mozilla/5.0 (compatible; bingbot/2.0; +http://www.bing.com/bingbot.htm)"
123.151.41.17 - - [27/Aug/2013:05:08:03 +0800] "GET /robots.txt HTTP/1.1" 404 944 "http://clothing.ding9.com/" "Mozilla/5.0 (compatible; MSIE 8.0; Windows NT 6.1)"
157.55.33.123 - - [27/Aug/2013:05:08:53 +0800] "GET / HTTP/1.1" 302 72 "-" "Mozilla/5.0 (compatible; bingbot/2.0; +http://www.bing.com/bingbot.htm)"
157.55.33.123 - - [27/Aug/2013:05:08:55 +0800] "GET /index.htm HTTP/1.1" 200 24766 "-" "Mozilla/5.0 (compatible; bingbot/2.0; +http://www.bing.com/bingbot.htm)"
208.115.113.84 - - [27/Aug/2013:05:58:23 +0800] "GET /robots.txt HTTP/1.1" 404 194 "-" "Mozilla/5.0 (compatible; Ezooms/1.0; ezooms.bot@gmail.com)"
208.115.111.68 - - [27/Aug/2013:06:00:34 +0800] "GET /Clothing-5/news/article-8887-page6/ HTTP/1.1" 500 3634 "-" "Mozilla/5.0 (compatible; Ezooms/1.0; ezooms.bot@gmail.com)"
123.125.71.73 - - [27/Aug/2013:06:07:58 +0800] "GET /robots.txt HTTP/1.1" 404 194 "-" "Mozilla/5.0 (compatible; Baiduspider/2.0; +http://www.baidu.com/search/spider.html)"
220.181.89.184 - - [27/Aug/2013:06:39:56 +0800] "GET /robots.txt HTTP/1.1" 404 194 "-" "Sogou web spider/4.0"
220.181.89.184 - - [27/Aug/2013:06:41:54 +0800] "GET /jewelry-9/news/article-138784-page9/ HTTP/1.1" 500 3634 "-" "Sogou web spider/4.0(+http://www.sogou.com/docs/help/webmasters.htm#07)"
220.181.89.184 - - [27/Aug/2013:06:50:28 +0800] "GET /news/news-info.do?article_id=138634&prso_id_one=9&prso_name_one_en= HTTP/1.1" 500 3183 "-" "Sogou web spider/4.0(+http://www.sogou.com/docs/help/webmasters.htm#07)"
220.181.89.184 - - [27/Aug/2013:06:52:37 +0800] "GET /Mobile-6/news/article-138556-page5/ HTTP/1.1" 500 3634 "-" "Sogou web spider/4.0(+http://www.sogou.com/docs/help/webmasters.htm#07)"
220.181.89.184 - - [27/Aug/2013:06:55:05 +0800] "GET /Jewelry-9/news/article-138635-page3/ HTTP/1.1" 500 3634 "-" "Sogou web spider/4.0(+http://www.sogou.com/docs/help/webmasters.htm#07)"
220.181.89.184 - - [27/Aug/2013:07:00:09 +0800] "GET /Mobile-6/news/article-138552-page3/ HTTP/1.1" 500 3634 "-" "Sogou web spider/4.0(+http://www.sogou.com/docs/help/webmasters.htm#07)"
220.181.89.184 - - [27/Aug/2013:07:16:38 +0800] "GET /jewelry-9/news/article-138784-page9/ HTTP/1.1" 500 3634 "-" "Sogou web spider/4.0(+http://www.sogou.com/docs/help/webmasters.htm#07)"
220.181.89.184 - - [27/Aug/2013:07:25:27 +0800] "GET /news/news-info.do?article_id=138634&prso_id_one=9&prso_name_one_en= HTTP/1.1" 500 3183 "-" "Sogou web spider/4.0(+http://www.sogou.com/docs/help/webmasters.htm#07)"
220.181.89.184 - - [27/Aug/2013:07:27:25 +0800] "GET /Mobile-6/news/article-138556-page5/ HTTP/1.1" 500 3634 "-" "Sogou web spider/4.0(+http://www.sogou.com/docs/help/webmasters.htm#07)"
220.181.89.184 - - [27/Aug/2013:07:29:07 +0800] "GET /Jewelry-9/news/article-138635-page3/ HTTP/1.1" 500 3634 "-" "Sogou web spider/4.0(+http://www.sogou.com/docs/help/webmasters.htm#07)"
208.115.113.84 - - [27/Aug/2013:07:31:20 +0800] "GET /Clothing-5/news/article-138597-page5/ HTTP/1.1" 500 3634 "-" "Mozilla/5.0 (compatible; Ezooms/1.0; ezooms.bot@gmail.com)"
208.115.113.84 - - [27/Aug/2013:07:33:21 +0800] "GET /Clothing-5/news/sort-50/ HTTP/1.1" 500 3633 "-" "Mozilla/5.0 (compatible; Ezooms/1.0; ezooms.bot@gmail.com)"
220.181.89.184 - - [27/Aug/2013:07:36:03 +0800] "GET /Mobile-6/news/article-138552-page3/ HTTP/1.1" 500 3634 "-" "Sogou web spider/4.0(+http://www.sogou.com/docs/help/webmasters.htm#07)"
208.115.111.68 - - [27/Aug/2013:07:56:33 +0800] "GET /robots.txt HTTP/1.1" 404 194 "-" "Mozilla/5.0 (compatible; Ezooms/1.0; ezooms.bot@gmail.com)"
