220.181.108.163 - - [16/Aug/2013:01:33:55 +0800] "GET / HTTP/1.1" 302 73 "-" "Mozilla/5.0 (compatible; Baiduspider/2.0; +http://www.baidu.com/search/spider.html)"
220.181.108.151 - - [16/Aug/2013:01:33:55 +0800] "GET /index.htm HTTP/1.1" 200 28578 "-" "Mozilla/5.0 (compatible; Baiduspider/2.0; +http://www.baidu.com/search/spider.html)"
220.181.89.184 - - [16/Aug/2013:01:41:41 +0800] "GET /Jewelry-9/news/article-138780-page1/ HTTP/1.1" 500 3634 "-" "Sogou web spider/4.0(+http://www.sogou.com/docs/help/webmasters.htm#07)"
220.181.108.104 - - [16/Aug/2013:01:48:50 +0800] "GET /Jewelry-9/news/article-138663/ HTTP/1.1" 500 3634 "-" "Mozilla/5.0 (compatible; Baiduspider/2.0; +http://www.baidu.com/search/spider.html)"
220.181.89.184 - - [16/Aug/2013:01:49:28 +0800] "GET /Mobile-6/news/article-138864-page2/ HTTP/1.1" 500 3634 "-" "Sogou web spider/4.0(+http://www.sogou.com/docs/help/webmasters.htm#07)"
220.181.89.184 - - [16/Aug/2013:01:53:27 +0800] "GET /Mobile-6/news/article-138864-page2/ HTTP/1.1" 500 3634 "-" "Sogou web spider/4.0(+http://www.sogou.com/docs/help/webmasters.htm#07)"
66.249.75.149 - - [16/Aug/2013:02:02:32 +0800] "GET /robots.txt HTTP/1.1" 404 194 "-" "Mozilla/5.0 (compatible; Googlebot/2.1; +http://www.google.com/bot.html)"
66.249.75.149 - - [16/Aug/2013:02:02:32 +0800] "GET /jingpin-9/news/article-138777/ HTTP/1.1" 500 3634 "-" "Mozilla/5.0 (compatible; Googlebot/2.1; +http://www.google.com/bot.html)"
220.181.89.184 - - [16/Aug/2013:02:03:35 +0800] "GET /Jewelry-9/news/article-138600-page2/ HTTP/1.1" 500 3634 "-" "Sogou web spider/4.0(+http://www.sogou.com/docs/help/webmasters.htm#07)"
220.181.89.184 - - [16/Aug/2013:02:16:43 +0800] "GET /Jewelry-9/news/article-138780-page1/ HTTP/1.1" 500 3634 "-" "Sogou web spider/4.0(+http://www.sogou.com/docs/help/webmasters.htm#07)"
66.249.75.149 - - [16/Aug/2013:02:21:18 +0800] "GET /jingpin-9/news/article-138779/ HTTP/1.1" 500 3634 "-" "Mozilla/5.0 (compatible; Googlebot/2.1; +http://www.google.com/bot.html)"
220.181.89.184 - - [16/Aug/2013:02:22:16 +0800] "GET /Mobile-6/news/article-138861-page5/ HTTP/1.1" 500 3634 "-" "Sogou web spider/4.0(+http://www.sogou.com/docs/help/webmasters.htm#07)"
220.181.89.184 - - [16/Aug/2013:02:25:32 +0800] "GET /Mobile-6/news/article-138861-page5/ HTTP/1.1" 500 3634 "-" "Sogou web spider/4.0(+http://www.sogou.com/docs/help/webmasters.htm#07)"
66.249.75.145 - - [16/Aug/2013:02:45:38 +0800] "GET /jingpin-9/news/article-138781/ HTTP/1.1" 500 3634 "-" "Mozilla/5.0 (compatible; Googlebot/2.1; +http://www.google.com/bot.html)"
1.202.218.137 - - [16/Aug/2013:02:47:12 +0800] "GET /robots.txt HTTP/1.1" 404 194 "-" "Mozilla/5.0 ()"
1.202.218.133 - - [16/Aug/2013:02:47:13 +0800] "HEAD /Jewelry-9/news/article-138784-page11/ HTTP/1.1" 500 0 "-" "Mozilla/5.0 (compatible; JikeSpider; +http://shoulu.jike.com/spider.html)"
1.202.218.139 - - [16/Aug/2013:02:47:13 +0800] "GET /Jewelry-9/news/article-138784-page11/ HTTP/1.1" 500 3634 "-" "Mozilla/5.0 (compatible; JikeSpider; +http://shoulu.jike.com/spider.html)"
66.249.75.144 - - [16/Aug/2013:03:04:24 +0800] "GET /jingpin-9/news/article-138785/ HTTP/1.1" 500 3634 "-" "Mozilla/5.0 (compatible; Googlebot/2.1; +http://www.google.com/bot.html)"
66.249.75.143 - - [16/Aug/2013:03:27:35 +0800] "GET /jingpin-9/news/article-138663/ HTTP/1.1" 500 3634 "-" "Mozilla/5.0 (compatible; Googlebot/2.1; +http://www.google.com/bot.html)"
66.249.75.145 - - [16/Aug/2013:03:39:48 +0800] "GET /jingpin-9/news/article-138778/ HTTP/1.1" 500 3634 "-" "Mozilla/5.0 (compatible; Googlebot/2.1; +http://www.google.com/bot.html)"
66.249.75.148 - - [16/Aug/2013:03:57:09 +0800] "GET /jingpin-9/news/article-138784/ HTTP/1.1" 500 3634 "-" "Mozilla/5.0 (compatible; Googlebot/2.1; +http://www.google.com/bot.html)"
66.249.75.145 - - [16/Aug/2013:04:17:08 +0800] "GET /jingpin-9/news/article-138666/ HTTP/1.1" 500 3634 "-" "Mozilla/5.0 (compatible; Googlebot/2.1; +http://www.google.com/bot.html)"
157.55.32.229 - - [16/Aug/2013:04:35:07 +0800] "GET /robots.txt HTTP/1.1" 404 194 "-" "Mozilla/5.0 (compatible; bingbot/2.0; +http://www.bing.com/bingbot.htm)"
157.55.32.229 - - [16/Aug/2013:04:35:49 +0800] "GET / HTTP/1.1" 302 73 "-" "Mozilla/5.0 (compatible; bingbot/2.0; +http://www.bing.com/bingbot.htm)"
66.249.75.147 - - [16/Aug/2013:04:36:27 +0800] "GET /jingpin-9/news/article-138786/ HTTP/1.1" 500 3634 "-" "Mozilla/5.0 (compatible; Googlebot/2.1; +http://www.google.com/bot.html)"
157.55.32.97 - - [16/Aug/2013:04:40:16 +0800] "GET /robots.txt HTTP/1.1" 404 194 "-" "Mozilla/5.0 (compatible; bingbot/2.0; +http://www.bing.com/bingbot.htm)"
157.55.32.97 - - [16/Aug/2013:04:40:50 +0800] "GET / HTTP/1.1" 302 72 "-" "Mozilla/5.0 (compatible; bingbot/2.0; +http://www.bing.com/bingbot.htm)"
66.249.75.144 - - [16/Aug/2013:04:56:25 +0800] "GET /jingpin-9/news/article-138669/ HTTP/1.1" 500 3634 "-" "Mozilla/5.0 (compatible; Googlebot/2.1; +http://www.google.com/bot.html)"
66.249.75.145 - - [16/Aug/2013:05:34:44 +0800] "GET /jingpin-9/news/article-138667/ HTTP/1.1" 500 3634 "-" "Mozilla/5.0 (compatible; Googlebot/2.1; +http://www.google.com/bot.html)"
66.249.75.147 - - [16/Aug/2013:05:47:43 +0800] "GET /jingpin-9/news/article-138663/ HTTP/1.1" 500 3634 "-" "Mozilla/5.0 (compatible; Googlebot/2.1; +http://www.google.com/bot.html)"
66.249.75.147 - - [16/Aug/2013:05:56:39 +0800] "GET /jingpin-9/news/article-138778/ HTTP/1.1" 500 3634 "-" "Mozilla/5.0 (compatible; Googlebot/2.1; +http://www.google.com/bot.html)"
123.125.71.107 - - [16/Aug/2013:06:04:04 +0800] "GET /robots.txt HTTP/1.1" 404 194 "-" "Mozilla/5.0 (compatible; Baiduspider/2.0; +http://www.baidu.com/search/spider.html)"
66.249.75.150 - - [16/Aug/2013:06:13:06 +0800] "GET /jingpin-9/news/article-138782/ HTTP/1.1" 500 3634 "-" "Mozilla/5.0 (compatible; Googlebot/2.1; +http://www.google.com/bot.html)"
66.249.75.147 - - [16/Aug/2013:06:33:35 +0800] "GET /jingpin-9/news/article-138662/ HTTP/1.1" 500 3634 "-" "Mozilla/5.0 (compatible; Googlebot/2.1; +http://www.google.com/bot.html)"
66.249.75.143 - - [16/Aug/2013:06:50:25 +0800] "GET /jingpin-9/news/article-138661/ HTTP/1.1" 500 3634 "-" "Mozilla/5.0 (compatible; Googlebot/2.1; +http://www.google.com/bot.html)"
66.249.75.148 - - [16/Aug/2013:07:24:36 +0800] "GET /jingpin-9/news/article-138635/ HTTP/1.1" 500 3634 "-" "Mozilla/5.0 (compatible; Googlebot/2.1; +http://www.google.com/bot.html)"
66.249.75.148 - - [16/Aug/2013:07:42:47 +0800] "GET /jingpin-9/news/article-138780/ HTTP/1.1" 500 3634 "-" "Mozilla/5.0 (compatible; Googlebot/2.1; +http://www.google.com/bot.html)"
66.249.75.141 - - [16/Aug/2013:07:56:42 +0800] "GET /jingpin-9/news/article-138664/ HTTP/1.1" 500 3634 "-" "Mozilla/5.0 (compatible; Googlebot/2.1; +http://www.google.com/bot.html)"
66.249.75.146 - - [16/Aug/2013:08:10:50 +0800] "GET /jingpin-9/news/article-138783/ HTTP/1.1" 500 3634 "-" "Mozilla/5.0 (compatible; Googlebot/2.1; +http://www.google.com/bot.html)"
66.249.75.143 - - [16/Aug/2013:08:13:43 +0800] "GET /jingpin-9/news/article-138777/ HTTP/1.1" 500 3634 "-" "Mozilla/5.0 (compatible; Googlebot/2.1; +http://www.google.com/bot.html)"
66.249.75.144 - - [16/Aug/2013:08:27:01 +0800] "GET /jingpin-9/news/article-138779/ HTTP/1.1" 500 3634 "-" "Mozilla/5.0 (compatible; Googlebot/2.1; +http://www.google.com/bot.html)"
61.140.167.244 - - [16/Aug/2013:08:30:21 +0800] "GET / HTTP/1.1" 302 73 "http://www.ding9.com/" "Mozilla/5.0 (compatible; MSIE 10.0; Windows NT 6.1; Trident/6.0)"
61.140.167.244 - - [16/Aug/2013:08:30:22 +0800] "GET /index.htm HTTP/1.1" 200 28578 "http://www.ding9.com/" "Mozilla/5.0 (compatible; MSIE 10.0; Windows NT 6.1; Trident/6.0)"
61.140.167.244 - - [16/Aug/2013:08:30:23 +0800] "GET /css3.0/tefont.css HTTP/1.1" 200 634 "http://clothing.ding9.com/index.htm" "Mozilla/5.0 (compatible; MSIE 10.0; Windows NT 6.1; Trident/6.0)"
61.140.167.244 - - [16/Aug/2013:08:30:24 +0800] "GET /teimages/arrow_022.gif HTTP/1.1" 200 63 "http://clothing.ding9.com/index.htm" "Mozilla/5.0 (compatible; MSIE 10.0; Windows NT 6.1; Trident/6.0)"
61.140.167.244 - - [16/Aug/2013:08:30:24 +0800] "GET /css3.0/te.css HTTP/1.1" 200 3436 "http://clothing.ding9.com/index.htm" "Mozilla/5.0 (compatible; MSIE 10.0; Windows NT 6.1; Trident/6.0)"
61.140.167.244 - - [16/Aug/2013:08:30:24 +0800] "GET /images/menubg_08.jpg HTTP/1.1" 200 480 "http://clothing.ding9.com/index.htm" "Mozilla/5.0 (compatible; MSIE 10.0; Windows NT 6.1; Trident/6.0)"
61.140.167.244 - - [16/Aug/2013:08:30:24 +0800] "GET /images/menubg_03.jpg HTTP/1.1" 200 453 "http://clothing.ding9.com/index.htm" "Mozilla/5.0 (compatible; MSIE 10.0; Windows NT 6.1; Trident/6.0)"
61.140.167.244 - - [16/Aug/2013:08:30:25 +0800] "GET /images/fzfs/more.jpg HTTP/1.1" 200 1165 "http://clothing.ding9.com/index.htm" "Mozilla/5.0 (compatible; MSIE 10.0; Windows NT 6.1; Trident/6.0)"
61.140.167.244 - - [16/Aug/2013:08:30:25 +0800] "GET /images/focus2.swf HTTP/1.1" 200 10755 "http://clothing.ding9.com/index.htm" "Mozilla/5.0 (compatible; MSIE 10.0; Windows NT 6.1; Trident/6.0)"
61.140.167.244 - - [16/Aug/2013:08:30:26 +0800] "GET /images/menubg_m.jpg HTTP/1.1" 200 4390 "http://clothing.ding9.com/index.htm" "Mozilla/5.0 (compatible; MSIE 10.0; Windows NT 6.1; Trident/6.0)"
61.140.167.244 - - [16/Aug/2013:08:30:26 +0800] "GET /images/menubg_04.jpg HTTP/1.1" 200 382 "http://clothing.ding9.com/index.htm" "Mozilla/5.0 (compatible; MSIE 10.0; Windows NT 6.1; Trident/6.0)"
61.140.167.244 - - [16/Aug/2013:08:30:28 +0800] "GET /undefined HTTP/1.1" 404 943 "http://clothing.ding9.com/images/focus2.swf" "Mozilla/5.0 (compatible; MSIE 10.0; Windows NT 6.1; Trident/6.0)"
61.140.167.244 - - [16/Aug/2013:08:30:30 +0800] "GET /undefined HTTP/1.1" 404 943 "http://clothing.ding9.com/images/focus2.swf" "Mozilla/5.0 (compatible; MSIE 10.0; Windows NT 6.1; Trident/6.0)"
61.140.167.244 - - [16/Aug/2013:08:30:30 +0800] "GET /undefined HTTP/1.1" 404 943 "http://clothing.ding9.com/images/focus2.swf" "Mozilla/5.0 (compatible; MSIE 10.0; Windows NT 6.1; Trident/6.0)"
61.140.167.244 - - [16/Aug/2013:08:30:31 +0800] "GET /undefined HTTP/1.1" 404 943 "http://clothing.ding9.com/images/focus2.swf" "Mozilla/5.0 (compatible; MSIE 10.0; Windows NT 6.1; Trident/6.0)"
61.140.167.244 - - [16/Aug/2013:08:30:37 +0800] "GET /favicon.ico HTTP/1.1" 404 945 "-" "Mozilla/5.0 (compatible; MSIE 10.0; Windows NT 6.1; Trident/6.0)"
61.140.167.244 - - [16/Aug/2013:08:30:47 +0800] "GET /index.htm HTTP/1.1" 200 28578 "http://www.ding9.com/" "Mozilla/5.0 (compatible; MSIE 10.0; Windows NT 6.1; Trident/6.0)"
61.140.167.244 - - [16/Aug/2013:08:30:48 +0800] "GET /css3.0/tefont.css HTTP/1.1" 304 - "http://clothing.ding9.com/index.htm" "Mozilla/5.0 (compatible; MSIE 10.0; Windows NT 6.1; Trident/6.0)"
61.140.167.244 - - [16/Aug/2013:08:30:48 +0800] "GET /css3.0/te.css HTTP/1.1" 304 - "http://clothing.ding9.com/index.htm" "Mozilla/5.0 (compatible; MSIE 10.0; Windows NT 6.1; Trident/6.0)"
61.140.167.244 - - [16/Aug/2013:08:30:48 +0800] "GET /images/menubg_03.jpg HTTP/1.1" 304 - "http://clothing.ding9.com/index.htm" "Mozilla/5.0 (compatible; MSIE 10.0; Windows NT 6.1; Trident/6.0)"
61.140.167.244 - - [16/Aug/2013:08:30:48 +0800] "GET /teimages/arrow_022.gif HTTP/1.1" 304 - "http://clothing.ding9.com/index.htm" "Mozilla/5.0 (compatible; MSIE 10.0; Windows NT 6.1; Trident/6.0)"
61.140.167.244 - - [16/Aug/2013:08:30:49 +0800] "GET /images/menubg_08.jpg HTTP/1.1" 304 - "http://clothing.ding9.com/index.htm" "Mozilla/5.0 (compatible; MSIE 10.0; Windows NT 6.1; Trident/6.0)"
61.140.167.244 - - [16/Aug/2013:08:30:49 +0800] "GET /images/menubg_m.jpg HTTP/1.1" 304 - "http://clothing.ding9.com/index.htm" "Mozilla/5.0 (compatible; MSIE 10.0; Windows NT 6.1; Trident/6.0)"
61.140.167.244 - - [16/Aug/2013:08:30:49 +0800] "GET /images/menubg_04.jpg HTTP/1.1" 304 - "http://clothing.ding9.com/index.htm" "Mozilla/5.0 (compatible; MSIE 10.0; Windows NT 6.1; Trident/6.0)"
61.140.167.244 - - [16/Aug/2013:08:30:50 +0800] "GET /images/fzfs/more.jpg HTTP/1.1" 304 - "http://clothing.ding9.com/index.htm" "Mozilla/5.0 (compatible; MSIE 10.0; Windows NT 6.1; Trident/6.0)"
61.140.167.244 - - [16/Aug/2013:08:30:50 +0800] "GET /undefined HTTP/1.1" 404 943 "http://clothing.ding9.com/images/focus2.swf" "Mozilla/5.0 (compatible; MSIE 10.0; Windows NT 6.1; Trident/6.0)"
61.140.167.244 - - [16/Aug/2013:08:30:50 +0800] "GET /undefined HTTP/1.1" 404 943 "http://clothing.ding9.com/images/focus2.swf" "Mozilla/5.0 (compatible; MSIE 10.0; Windows NT 6.1; Trident/6.0)"
61.140.167.244 - - [16/Aug/2013:08:30:51 +0800] "GET /undefined HTTP/1.1" 404 943 "http://clothing.ding9.com/images/focus2.swf" "Mozilla/5.0 (compatible; MSIE 10.0; Windows NT 6.1; Trident/6.0)"
61.140.167.244 - - [16/Aug/2013:08:30:52 +0800] "GET /undefined HTTP/1.1" 404 943 "http://clothing.ding9.com/images/focus2.swf" "Mozilla/5.0 (compatible; MSIE 10.0; Windows NT 6.1; Trident/6.0)"
61.140.167.244 - - [16/Aug/2013:08:30:53 +0800] "GET /favicon.ico HTTP/1.1" 404 945 "-" "Mozilla/5.0 (compatible; MSIE 10.0; Windows NT 6.1; Trident/6.0)"
61.140.167.244 - - [16/Aug/2013:08:31:22 +0800] "GET / HTTP/1.1" 302 73 "http://clothing.ding9.com/index.htm" "Mozilla/5.0 (compatible; MSIE 10.0; Windows NT 6.1; Trident/6.0)"
61.140.167.244 - - [16/Aug/2013:08:31:23 +0800] "GET /index.htm HTTP/1.1" 200 28578 "http://clothing.ding9.com/index.htm" "Mozilla/5.0 (compatible; MSIE 10.0; Windows NT 6.1; Trident/6.0)"
61.140.167.244 - - [16/Aug/2013:08:31:25 +0800] "GET / HTTP/1.1" 302 72 "http://clothing.ding9.com/index.htm" "Mozilla/5.0 (compatible; MSIE 10.0; Windows NT 6.1; Trident/6.0)"
61.140.167.244 - - [16/Aug/2013:08:31:26 +0800] "GET /index.htm HTTP/1.1" 200 24766 "http://clothing.ding9.com/index.htm" "Mozilla/5.0 (compatible; MSIE 10.0; Windows NT 6.1; Trident/6.0)"
66.249.75.141 - - [16/Aug/2013:08:45:32 +0800] "GET /jingpin-9/news/article-138781/ HTTP/1.1" 500 3634 "-" "Mozilla/5.0 (compatible; Googlebot/2.1; +http://www.google.com/bot.html)"
66.249.75.144 - - [16/Aug/2013:09:03:19 +0800] "GET /jingpin-9/news/article-138782/ HTTP/1.1" 500 3634 "-" "Mozilla/5.0 (compatible; Googlebot/2.1; +http://www.google.com/bot.html)"
123.125.71.77 - - [16/Aug/2013:09:15:12 +0800] "GET /Jewelry-9/news/article-138665/ HTTP/1.1" 500 3634 "-" "Mozilla/5.0 (compatible; Baiduspider/2.0; +http://www.baidu.com/search/spider.html)"
66.249.75.147 - - [16/Aug/2013:09:23:51 +0800] "GET /jingpin-9/news/article-138668/ HTTP/1.1" 500 3634 "-" "Mozilla/5.0 (compatible; Googlebot/2.1; +http://www.google.com/bot.html)"
180.153.201.217 - - [16/Aug/2013:09:35:27 +0800] "GET /index.htm HTTP/1.1" 200 28578 "-" "Mozilla/4.0"
101.226.33.237 - - [16/Aug/2013:09:35:41 +0800] "GET / HTTP/1.1" 302 73 "-" "Mozilla/4.0"
101.226.33.237 - - [16/Aug/2013:09:35:41 +0800] "GET /index.htm HTTP/1.1" 200 28578 "-" "Mozilla/4.0"
101.226.51.229 - - [16/Aug/2013:09:37:08 +0800] "GET / HTTP/1.1" 302 72 "-" "Mozilla/4.0"
101.226.51.229 - - [16/Aug/2013:09:37:09 +0800] "GET /index.htm HTTP/1.1" 200 24766 "-" "Mozilla/4.0"
180.153.206.18 - - [16/Aug/2013:09:38:34 +0800] "GET /index.htm HTTP/1.1" 200 24766 "-" "Mozilla/4.0"
173.199.120.99 - - [16/Aug/2013:11:22:53 +0800] "GET /Jewelry-9/news/article-138779/ HTTP/1.1" 500 3634 "-" "Mozilla/5.0 (compatible; AhrefsBot/4.0; +http://ahrefs.com/robot/)"
157.55.32.229 - - [16/Aug/2013:12:04:28 +0800] "GET /robots.txt HTTP/1.1" 404 194 "-" "Mozilla/5.0 (compatible; bingbot/2.0; +http://www.bing.com/bingbot.htm)"
157.55.32.229 - - [16/Aug/2013:12:05:05 +0800] "GET / HTTP/1.1" 302 73 "-" "Mozilla/5.0 (compatible; bingbot/2.0; +http://www.bing.com/bingbot.htm)"
123.125.71.109 - - [16/Aug/2013:12:10:24 +0800] "GET /robots.txt HTTP/1.1" 404 194 "-" "Mozilla/5.0 (compatible; Baiduspider/2.0; +http://www.baidu.com/search/spider.html)"
220.181.89.184 - - [16/Aug/2013:12:39:29 +0800] "GET /Mobile-6/news/article-10396-page5/ HTTP/1.1" 500 3634 "-" "Sogou web spider/4.0(+http://www.sogou.com/docs/help/webmasters.htm#07)"
220.181.89.184 - - [16/Aug/2013:12:54:39 +0800] "GET /Jewelry-9/news/article-138632-page4/ HTTP/1.1" 500 3634 "-" "Sogou web spider/4.0(+http://www.sogou.com/docs/help/webmasters.htm#07)"
173.199.120.99 - - [16/Aug/2013:12:58:12 +0800] "GET /Jewelry-9/news/article-138669/ HTTP/1.1" 500 3634 "-" "Mozilla/5.0 (compatible; AhrefsBot/4.0; +http://ahrefs.com/robot/)"
220.181.89.184 - - [16/Aug/2013:13:03:09 +0800] "GET /Jewelry-9/news/article-138783-page11/ HTTP/1.1" 500 3634 "-" "Sogou web spider/4.0(+http://www.sogou.com/docs/help/webmasters.htm#07)"
220.181.89.184 - - [16/Aug/2013:13:04:56 +0800] "GET /Mobile-6/news/article-10397-page6/ HTTP/1.1" 500 3634 "-" "Sogou web spider/4.0(+http://www.sogou.com/docs/help/webmasters.htm#07)"
220.181.89.184 - - [16/Aug/2013:13:14:05 +0800] "GET /Mobile-6/news/article-10396-page5/ HTTP/1.1" 500 3634 "-" "Sogou web spider/4.0(+http://www.sogou.com/docs/help/webmasters.htm#07)"
220.181.89.184 - - [16/Aug/2013:13:29:33 +0800] "GET /Jewelry-9/news/article-138632-page4/ HTTP/1.1" 500 3634 "-" "Sogou web spider/4.0(+http://www.sogou.com/docs/help/webmasters.htm#07)"
157.55.32.97 - - [16/Aug/2013:13:32:49 +0800] "GET /robots.txt HTTP/1.1" 404 194 "-" "Mozilla/5.0 (compatible; bingbot/2.0; +http://www.bing.com/bingbot.htm)"
157.55.32.97 - - [16/Aug/2013:13:33:28 +0800] "GET / HTTP/1.1" 302 72 "-" "Mozilla/5.0 (compatible; bingbot/2.0; +http://www.bing.com/bingbot.htm)"
220.181.89.184 - - [16/Aug/2013:13:39:03 +0800] "GET /Jewelry-9/news/article-138783-page11/ HTTP/1.1" 500 3634 "-" "Sogou web spider/4.0(+http://www.sogou.com/docs/help/webmasters.htm#07)"
123.125.71.27 - - [16/Aug/2013:13:42:35 +0800] "GET /robots.txt HTTP/1.1" 404 194 "-" "Mozilla/5.0 (compatible; Baiduspider/2.0; +http://www.baidu.com/search/spider.html)"
183.60.213.110 - - [16/Aug/2013:15:45:17 +0800] "GET /robots.txt HTTP/1.1" 404 194 "-" "Mozilla/5.0 (compatible; EasouSpider; +http://www.easou.com/search/spider.html)"
183.60.213.7 - - [16/Aug/2013:16:10:22 +0800] "GET / HTTP/1.1" 302 72 "-" "Mozilla/5.0 (compatible; EasouSpider; +http://www.easou.com/search/spider.html)"
173.199.120.99 - - [16/Aug/2013:16:13:38 +0800] "GET /Jewelry-9/news/article-138663/ HTTP/1.1" 500 3634 "-" "Mozilla/5.0 (compatible; AhrefsBot/4.0; +http://ahrefs.com/robot/)"
173.199.120.99 - - [16/Aug/2013:16:37:02 +0800] "GET /Jewelry-9/news/article-138635/ HTTP/1.1" 500 3634 "-" "Mozilla/5.0 (compatible; AhrefsBot/4.0; +http://ahrefs.com/robot/)"
66.249.73.162 - - [16/Aug/2013:16:43:25 +0800] "GET /robots.txt HTTP/1.1" 404 194 "-" "Mozilla/5.0 (compatible; Googlebot/2.1; +http://www.google.com/bot.html)"
66.249.73.162 - - [16/Aug/2013:16:43:27 +0800] "GET /Mobile-6/news/article-138553-page2/ HTTP/1.1" 500 3634 "-" "Mozilla/5.0 (compatible; Googlebot/2.1; +http://www.google.com/bot.html)"
220.181.108.101 - - [16/Aug/2013:16:47:54 +0800] "GET /index.htm HTTP/1.1" 200 28578 "-" "Mozilla/5.0 (compatible; Baiduspider/2.0; +http://www.baidu.com/search/spider.html)"
220.181.108.77 - - [16/Aug/2013:16:47:55 +0800] "GET / HTTP/1.1" 302 73 "-" "Mozilla/5.0 (compatible; Baiduspider/2.0; +http://www.baidu.com/search/spider.html)"
220.181.108.81 - - [16/Aug/2013:16:47:55 +0800] "GET /index.htm HTTP/1.1" 200 28578 "-" "Mozilla/5.0 (compatible; Baiduspider/2.0; +http://www.baidu.com/search/spider.html)"
66.249.73.162 - - [16/Aug/2013:17:01:18 +0800] "GET /Mobile-6/news/article-138552-page8/ HTTP/1.1" 500 3634 "-" "Mozilla/5.0 (compatible; Googlebot/2.1; +http://www.google.com/bot.html)"
220.181.108.103 - - [16/Aug/2013:17:11:32 +0800] "GET /Clothing-5/news/article-8895/ HTTP/1.1" 500 3634 "-" "Mozilla/5.0 (compatible; Baiduspider/2.0; +http://www.baidu.com/search/spider.html)"
180.76.5.193 - - [16/Aug/2013:17:27:36 +0800] "GET /robots.txt HTTP/1.1" 404 194 "-" "Mozilla/5.0 (Windows NT 5.1; rv:6.0.2) Gecko/20100101 Firefox/6.0.2"
123.125.71.85 - - [16/Aug/2013:17:40:44 +0800] "GET /Clothing-5/news/article-138891/ HTTP/1.1" 500 3634 "-" "Mozilla/5.0 (compatible; Baiduspider/2.0; +http://www.baidu.com/search/spider.html)"
66.249.73.213 - - [16/Aug/2013:18:14:26 +0800] "GET /robots.txt HTTP/1.1" 404 194 "-" "Mozilla/5.0 (compatible; Googlebot/2.1; +http://www.google.com/bot.html)"
66.249.73.213 - - [16/Aug/2013:18:14:26 +0800] "GET / HTTP/1.1" 302 73 "-" "DoCoMo/2.0 N905i(c100;TB;W24H16) (compatible; Googlebot-Mobile/2.1; +http://www.google.com/bot.html)"
66.249.73.213 - - [16/Aug/2013:18:14:27 +0800] "GET /index.htm HTTP/1.1" 200 28578 "-" "DoCoMo/2.0 N905i(c100;TB;W24H16) (compatible; Googlebot-Mobile/2.1; +http://www.google.com/bot.html)"
66.249.73.162 - - [16/Aug/2013:18:32:30 +0800] "GET /Mobile-6/news/article-138864-page3/ HTTP/1.1" 500 3634 "-" "Mozilla/5.0 (compatible; Googlebot/2.1; +http://www.google.com/bot.html)"
173.199.120.99 - - [16/Aug/2013:19:10:08 +0800] "GET /Mobile-6/news/article-138621-page6/ HTTP/1.1" 500 3634 "-" "Mozilla/5.0 (compatible; AhrefsBot/4.0; +http://ahrefs.com/robot/)"
66.249.73.167 - - [16/Aug/2013:19:39:53 +0800] "GET /Mobile-6/news/article-138553-page9/ HTTP/1.1" 500 3634 "-" "Mozilla/5.0 (compatible; Googlebot/2.1; +http://www.google.com/bot.html)"
123.125.71.89 - - [16/Aug/2013:19:48:40 +0800] "GET /robots.txt HTTP/1.1" 404 194 "-" "Mozilla/5.0 (compatible; Baiduspider/2.0; +http://www.baidu.com/search/spider.html)"
66.249.73.161 - - [16/Aug/2013:19:58:54 +0800] "GET /Mobile-6/news/article-138557-page6/ HTTP/1.1" 500 3634 "-" "Mozilla/5.0 (compatible; Googlebot/2.1; +http://www.google.com/bot.html)"
123.125.71.20 - - [16/Aug/2013:20:08:09 +0800] "GET /Jewelry-9/news/sort-53/ HTTP/1.1" 500 3633 "-" "Mozilla/5.0 (compatible; Baiduspider/2.0; +http://www.baidu.com/search/spider.html)"
66.249.73.165 - - [16/Aug/2013:20:13:18 +0800] "GET /Mobile-6/news/article-138865-page5/ HTTP/1.1" 500 3634 "-" "Mozilla/5.0 (compatible; Googlebot/2.1; +http://www.google.com/bot.html)"
66.249.73.165 - - [16/Aug/2013:20:18:06 +0800] "GET /Mobile-6/news/article-138863-page4/ HTTP/1.1" 500 3634 "-" "Mozilla/5.0 (compatible; Googlebot/2.1; +http://www.google.com/bot.html)"
123.125.71.30 - - [16/Aug/2013:20:24:41 +0800] "GET /Jewelry-9/news/article-138782/ HTTP/1.1" 500 3634 "-" "Mozilla/5.0 (compatible; Baiduspider/2.0; +http://www.baidu.com/search/spider.html)"
66.249.73.162 - - [16/Aug/2013:20:32:29 +0800] "GET /Mobile-6/news/article-8966-page3/ HTTP/1.1" 500 3634 "-" "Mozilla/5.0 (compatible; Googlebot/2.1; +http://www.google.com/bot.html)"
220.181.108.167 - - [16/Aug/2013:20:37:23 +0800] "GET /Jewelry-9/news/article-138777/ HTTP/1.1" 500 3634 "-" "Mozilla/5.0 (compatible; Baiduspider/2.0; +http://www.baidu.com/search/spider.html)"
123.125.71.69 - - [16/Aug/2013:20:59:33 +0800] "GET /Jewelry-9/news/article-138635/ HTTP/1.1" 500 3634 "-" "Mozilla/5.0 (compatible; Baiduspider/2.0; +http://www.baidu.com/search/spider.html)"
123.125.71.48 - - [16/Aug/2013:21:20:49 +0800] "GET /robots.txt HTTP/1.1" 404 194 "-" "Mozilla/5.0 (compatible; Baiduspider/2.0; +http://www.baidu.com/search/spider.html)"
157.55.32.229 - - [16/Aug/2013:22:42:30 +0800] "GET /robots.txt HTTP/1.1" 404 194 "-" "Mozilla/5.0 (compatible; bingbot/2.0; +http://www.bing.com/bingbot.htm)"
157.55.32.229 - - [16/Aug/2013:22:43:01 +0800] "GET / HTTP/1.1" 302 73 "-" "Mozilla/5.0 (compatible; bingbot/2.0; +http://www.bing.com/bingbot.htm)"
173.199.120.99 - - [16/Aug/2013:23:24:39 +0800] "GET /http://www.ding9.com%0D%20/product/product-info.do?prma_id=133038&prso_id_one=9%0D%20&prso_name_one_en=Jewelry HTTP/1.1" 404 234 "-" "Mozilla/5.0 (compatible; AhrefsBot/4.0; +http://ahrefs.com/robot/)"
173.199.120.99 - - [16/Aug/2013:23:43:50 +0800] "GET /Jewelry-9/news/article-138786/ HTTP/1.1" 500 3634 "-" "Mozilla/5.0 (compatible; AhrefsBot/4.0; +http://ahrefs.com/robot/)"
220.181.89.184 - - [16/Aug/2013:23:44:43 +0800] "GET /Mobile-6/news/article-138554-page8/ HTTP/1.1" 500 3634 "-" "Sogou web spider/4.0(+http://www.sogou.com/docs/help/webmasters.htm#07)"
220.181.89.184 - - [16/Aug/2013:23:44:50 +0800] "GET /Jewelry-9/news/article-138785-page1/ HTTP/1.1" 500 3634 "-" "Sogou web spider/4.0(+http://www.sogou.com/docs/help/webmasters.htm#07)"
157.55.32.97 - - [16/Aug/2013:23:50:40 +0800] "GET /robots.txt HTTP/1.1" 404 194 "-" "Mozilla/5.0 (compatible; bingbot/2.0; +http://www.bing.com/bingbot.htm)"
220.181.89.184 - - [16/Aug/2013:23:50:52 +0800] "GET /Mobile-6/news/article-138607-page3/ HTTP/1.1" 500 3634 "-" "Sogou web spider/4.0(+http://www.sogou.com/docs/help/webmasters.htm#07)"
157.55.32.97 - - [16/Aug/2013:23:51:26 +0800] "GET / HTTP/1.1" 302 72 "-" "Mozilla/5.0 (compatible; bingbot/2.0; +http://www.bing.com/bingbot.htm)"
220.181.89.184 - - [16/Aug/2013:23:55:50 +0800] "GET /Jewelry-9/news/article-138785-page2/ HTTP/1.1" 500 3634 "-" "Sogou web spider/4.0(+http://www.sogou.com/docs/help/webmasters.htm#07)"
220.181.51.103 - - [17/Aug/2013:00:01:35 +0800] "GET /Jewelry-9/news/article-138665/ HTTP/1.1" 500 3634 "-" "Mozilla"
220.181.51.103 - - [17/Aug/2013:00:01:41 +0800] "GET /Jewelry-9/news/article-138667/ HTTP/1.1" 500 3634 "-" "Mozilla"
220.181.51.103 - - [17/Aug/2013:00:01:48 +0800] "GET /Jewelry-9/news/article-138669/ HTTP/1.1" 500 3634 "-" "Mozilla"
220.181.51.109 - - [17/Aug/2013:00:01:55 +0800] "GET /Jewelry-9/news/article-138780/ HTTP/1.1" 500 3634 "-" "Mozilla"
220.181.51.110 - - [17/Aug/2013:00:02:01 +0800] "GET /Jewelry-9/news/article-138668/ HTTP/1.1" 500 3634 "-" "Mozilla"
220.181.89.184 - - [17/Aug/2013:00:19:49 +0800] "GET /Mobile-6/news/article-138554-page8/ HTTP/1.1" 500 3634 "-" "Sogou web spider/4.0(+http://www.sogou.com/docs/help/webmasters.htm#07)"
220.181.89.184 - - [17/Aug/2013:00:20:04 +0800] "GET /Jewelry-9/news/article-138785-page1/ HTTP/1.1" 500 3634 "-" "Sogou web spider/4.0(+http://www.sogou.com/docs/help/webmasters.htm#07)"
220.181.89.184 - - [17/Aug/2013:00:26:53 +0800] "GET /Mobile-6/news/article-138607-page3/ HTTP/1.1" 500 3634 "-" "Sogou web spider/4.0(+http://www.sogou.com/docs/help/webmasters.htm#07)"
220.181.89.184 - - [17/Aug/2013:00:29:17 +0800] "GET /Jewelry-9/news/article-138785-page2/ HTTP/1.1" 500 3634 "-" "Sogou web spider/4.0(+http://www.sogou.com/docs/help/webmasters.htm#07)"
123.125.71.114 - - [17/Aug/2013:01:10:37 +0800] "GET /clothing-5/news/article-138925/ HTTP/1.1" 500 3634 "-" "Mozilla/5.0 (compatible; Baiduspider/2.0; +http://www.baidu.com/search/spider.html)"
123.125.71.13 - - [17/Aug/2013:02:52:32 +0800] "GET / HTTP/1.1" 302 73 "-" "Mozilla/5.0 (compatible; Baiduspider/2.0; +http://www.baidu.com/search/spider.html)"
123.125.71.55 - - [17/Aug/2013:02:52:33 +0800] "GET /index.htm HTTP/1.1" 200 28578 "-" "Mozilla/5.0 (compatible; Baiduspider/2.0; +http://www.baidu.com/search/spider.html)"
123.125.71.39 - - [17/Aug/2013:03:27:07 +0800] "GET /robots.txt HTTP/1.1" 404 194 "-" "Mozilla/5.0 (compatible; Baiduspider/2.0; +http://www.baidu.com/search/spider.html)"
175.44.6.178 - - [17/Aug/2013:04:42:40 +0800] "GET / HTTP/1.1" 302 73 "-" "Mozilla/4.0 (compatible; MSIE 6.0; Windows NT 5.1)"
175.44.6.178 - - [17/Aug/2013:04:42:40 +0800] "GET / HTTP/1.1" 302 72 "-" "Mozilla/4.0 (compatible; MSIE 6.0; Windows NT 5.1; SV1; Mozilla/4.0 (compatible; MSIE 6.0; Windows NT 5.1; SV1) ; .NET CLR 2.0.50727 ; .NET CLR 4.0.30319)"
175.44.6.178 - - [17/Aug/2013:04:42:40 +0800] "GET /index.htm HTTP/1.1" 200 28578 "-" "Mozilla/4.0 (compatible; MSIE 6.0; Windows NT 5.1)"
175.44.6.178 - - [17/Aug/2013:04:42:41 +0800] "GET /index.htm HTTP/1.1" 200 24766 "-" "Mozilla/4.0 (compatible; MSIE 6.0; Windows NT 5.1; SV1; Mozilla/4.0 (compatible; MSIE 6.0; Windows NT 5.1; SV1) ; .NET CLR 2.0.50727 ; .NET CLR 4.0.30319)"
123.125.71.105 - - [17/Aug/2013:04:59:19 +0800] "GET /robots.txt HTTP/1.1" 404 194 "-" "Mozilla/5.0 (compatible; Baiduspider/2.0; +http://www.baidu.com/search/spider.html)"
123.151.148.177 - - [17/Aug/2013:08:27:06 +0800] "GET /robots.txt HTTP/1.1" 404 194 "-" "Mozilla/5.0 (compatible; Sosospider/2.0; +http://help.soso.com/webspider.htm)"
123.151.148.177 - - [17/Aug/2013:08:27:06 +0800] "GET /sgcldp8x815qz3js.html HTTP/1.1" 404 205 "http://clothing.ding9.com/" "Mozilla/5.0 (compatible; Sosospider/2.0; +http://help.soso.com/webspider.htm)"
220.181.108.97 - - [17/Aug/2013:08:50:48 +0800] "GET /Clothing-5/news/article-138891/ HTTP/1.1" 500 3634 "-" "Mozilla/5.0 (compatible; Baiduspider/2.0; +http://www.baidu.com/search/spider.html)"
220.181.89.184 - - [17/Aug/2013:10:21:40 +0800] "GET /robots.txt HTTP/1.1" 404 194 "-" "Sogou web spider/4.0"
220.181.89.184 - - [17/Aug/2013:10:22:56 +0800] "GET /jewelry-9/news/article-138635-page7/ HTTP/1.1" 500 3634 "-" "Sogou web spider/4.0(+http://www.sogou.com/docs/help/webmasters.htm#07)"
220.181.89.184 - - [17/Aug/2013:10:25:13 +0800] "GET / HTTP/1.1" 302 72 "-" "Sogou web spider/4.0(+http://www.sogou.com/docs/help/webmasters.htm#07)"
220.181.89.184 - - [17/Aug/2013:10:27:09 +0800] "GET /index.htm HTTP/1.1" 200 24766 "-" "Sogou web spider/4.0(+http://www.sogou.com/docs/help/webmasters.htm#07)"
220.181.89.184 - - [17/Aug/2013:10:30:37 +0800] "GET /Jewelry-9/news/article-138600-page6/ HTTP/1.1" 500 3634 "-" "Sogou web spider/4.0(+http://www.sogou.com/docs/help/webmasters.htm#07)"
123.125.71.89 - - [17/Aug/2013:10:37:53 +0800] "GET /Jewelry-9/news/article-138665/ HTTP/1.1" 500 3634 "-" "Mozilla/5.0 (compatible; Baiduspider/2.0; +http://www.baidu.com/search/spider.html)"
220.181.89.184 - - [17/Aug/2013:10:39:19 +0800] "GET /Mobile-6/news/article-138859-page7/ HTTP/1.1" 500 3634 "-" "Sogou web spider/4.0(+http://www.sogou.com/docs/help/webmasters.htm#07)"
220.181.89.184 - - [17/Aug/2013:10:43:50 +0800] "GET /Mobile-6/news/article-10381-page7/ HTTP/1.1" 500 3634 "-" "Sogou web spider/4.0(+http://www.sogou.com/docs/help/webmasters.htm#07)"
157.55.32.229 - - [17/Aug/2013:10:51:32 +0800] "GET /robots.txt HTTP/1.1" 404 194 "-" "Mozilla/5.0 (compatible; bingbot/2.0; +http://www.bing.com/bingbot.htm)"
157.55.32.229 - - [17/Aug/2013:10:52:12 +0800] "GET / HTTP/1.1" 302 73 "-" "Mozilla/5.0 (compatible; bingbot/2.0; +http://www.bing.com/bingbot.htm)"
157.55.32.97 - - [17/Aug/2013:10:53:48 +0800] "GET /robots.txt HTTP/1.1" 404 194 "-" "Mozilla/5.0 (compatible; bingbot/2.0; +http://www.bing.com/bingbot.htm)"
157.55.32.97 - - [17/Aug/2013:10:55:59 +0800] "GET / HTTP/1.1" 302 72 "-" "Mozilla/5.0 (compatible; bingbot/2.0; +http://www.bing.com/bingbot.htm)"
157.55.32.97 - - [17/Aug/2013:10:56:09 +0800] "GET /index.htm HTTP/1.1" 200 24766 "-" "Mozilla/5.0 (compatible; bingbot/2.0; +http://www.bing.com/bingbot.htm)"
157.55.32.229 - - [17/Aug/2013:10:57:12 +0800] "GET / HTTP/1.1" 302 73 "-" "Mozilla/5.0 (compatible; bingbot/2.0; +http://www.bing.com/bingbot.htm)"
220.181.89.184 - - [17/Aug/2013:10:59:41 +0800] "GET /jewelry-9/news/article-138635-page7/ HTTP/1.1" 500 3634 "-" "Sogou web spider/4.0(+http://www.sogou.com/docs/help/webmasters.htm#07)"
157.55.32.97 - - [17/Aug/2013:11:02:23 +0800] "GET / HTTP/1.1" 302 72 "-" "Mozilla/5.0 (compatible; bingbot/2.0; +http://www.bing.com/bingbot.htm)"
220.181.89.184 - - [17/Aug/2013:11:02:26 +0800] "GET / HTTP/1.1" 302 72 "-" "Sogou web spider/4.0(+http://www.sogou.com/docs/help/webmasters.htm#07)"
220.181.89.184 - - [17/Aug/2013:11:04:13 +0800] "GET /index.htm HTTP/1.1" 200 24766 "-" "Sogou web spider/4.0(+http://www.sogou.com/docs/help/webmasters.htm#07)"
123.125.71.82 - - [17/Aug/2013:11:05:30 +0800] "GET /robots.txt HTTP/1.1" 404 194 "-" "Mozilla/5.0 (compatible; Baiduspider/2.0; +http://www.baidu.com/search/spider.html)"
220.181.89.184 - - [17/Aug/2013:11:08:37 +0800] "GET /Jewelry-9/news/article-138600-page6/ HTTP/1.1" 500 3634 "-" "Sogou web spider/4.0(+http://www.sogou.com/docs/help/webmasters.htm#07)"
220.181.89.184 - - [17/Aug/2013:11:15:05 +0800] "GET /Mobile-6/news/article-138859-page7/ HTTP/1.1" 500 3634 "-" "Sogou web spider/4.0(+http://www.sogou.com/docs/help/webmasters.htm#07)"
220.181.89.184 - - [17/Aug/2013:11:18:59 +0800] "GET /Mobile-6/news/article-10381-page7/ HTTP/1.1" 500 3634 "-" "Sogou web spider/4.0(+http://www.sogou.com/docs/help/webmasters.htm#07)"
157.55.32.97 - - [17/Aug/2013:11:39:57 +0800] "GET /Clothing-5/news/article-138893/ HTTP/1.1" 500 3634 "-" "Mozilla/5.0 (compatible; bingbot/2.0; +http://www.bing.com/bingbot.htm)"
157.55.32.97 - - [17/Aug/2013:11:40:58 +0800] "GET /Clothing-5/news/article-138893/ HTTP/1.0" 500 3634 "-" "Mozilla/5.0 (compatible; bingbot/2.0; +http://www.bing.com/bingbot.htm)"
123.125.71.55 - - [17/Aug/2013:12:37:48 +0800] "GET /robots.txt HTTP/1.1" 404 194 "-" "Mozilla/5.0 (compatible; Baiduspider/2.0; +http://www.baidu.com/search/spider.html)"
157.55.32.97 - - [17/Aug/2013:12:41:40 +0800] "GET /Clothing-5/news/article-138893/ HTTP/1.0" 500 3634 "-" "Mozilla/5.0 (compatible; bingbot/2.0; +http://www.bing.com/bingbot.htm)"
65.55.213.66 - - [17/Aug/2013:13:02:54 +0800] "GET /robots.txt HTTP/1.1" 404 194 "-" "msnbot/2.0b (+http://search.msn.com/msnbot.htm)"
65.55.213.66 - - [17/Aug/2013:13:02:55 +0800] "GET /index.htm HTTP/1.1" 200 28578 "-" "msnbot/2.0b (+http://search.msn.com/msnbot.htm)"
65.55.213.66 - - [17/Aug/2013:13:02:58 +0800] "GET / HTTP/1.1" 302 73 "-" "msnbot/2.0b (+http://search.msn.com/msnbot.htm)"
65.55.213.66 - - [17/Aug/2013:13:02:59 +0800] "GET /index.htm HTTP/1.1" 200 28578 "-" "msnbot/2.0b (+http://search.msn.com/msnbot.htm)"
157.55.32.97 - - [17/Aug/2013:13:58:55 +0800] "GET /robots.txt HTTP/1.1" 404 194 "-" "Mozilla/5.0 (compatible; bingbot/2.0; +http://www.bing.com/bingbot.htm)"
157.55.32.97 - - [17/Aug/2013:13:59:39 +0800] "GET /index.htm HTTP/1.1" 200 24766 "-" "Mozilla/5.0 (compatible; bingbot/2.0; +http://www.bing.com/bingbot.htm)"
157.55.32.229 - - [17/Aug/2013:16:41:18 +0800] "GET /robots.txt HTTP/1.1" 404 194 "-" "Mozilla/5.0 (compatible; bingbot/2.0; +http://www.bing.com/bingbot.htm)"
157.55.32.229 - - [17/Aug/2013:16:42:14 +0800] "GET / HTTP/1.1" 302 73 "-" "Mozilla/5.0 (compatible; bingbot/2.0; +http://www.bing.com/bingbot.htm)"
157.55.32.229 - - [17/Aug/2013:16:42:16 +0800] "GET /index.htm HTTP/1.1" 200 28578 "-" "Mozilla/5.0 (compatible; bingbot/2.0; +http://www.bing.com/bingbot.htm)"
66.249.73.163 - - [17/Aug/2013:18:36:57 +0800] "GET /robots.txt HTTP/1.1" 404 194 "-" "Mozilla/5.0 (compatible; Googlebot/2.1; +http://www.google.com/bot.html)"
66.249.73.163 - - [17/Aug/2013:18:36:58 +0800] "GET / HTTP/1.1" 302 72 "-" "DoCoMo/2.0 N905i(c100;TB;W24H16) (compatible; Googlebot-Mobile/2.1; +http://www.google.com/bot.html)"
66.249.73.163 - - [17/Aug/2013:18:36:59 +0800] "GET /index.htm HTTP/1.1" 200 24766 "-" "DoCoMo/2.0 N905i(c100;TB;W24H16) (compatible; Googlebot-Mobile/2.1; +http://www.google.com/bot.html)"
123.125.71.117 - - [17/Aug/2013:18:43:40 +0800] "GET /robots.txt HTTP/1.1" 404 194 "-" "Mozilla/5.0 (compatible; Baiduspider/2.0; +http://www.baidu.com/search/spider.html)"
123.125.71.72 - - [17/Aug/2013:20:06:14 +0800] "GET /Jewelry-9/news/article-138785/ HTTP/1.1" 500 3634 "-" "Mozilla/5.0 (compatible; Baiduspider/2.0; +http://www.baidu.com/search/spider.html)"
123.125.71.35 - - [17/Aug/2013:20:15:45 +0800] "GET /robots.txt HTTP/1.1" 404 194 "-" "Mozilla/5.0 (compatible; Baiduspider/2.0; +http://www.baidu.com/search/spider.html)"
66.249.73.162 - - [17/Aug/2013:20:26:36 +0800] "GET / HTTP/1.1" 302 72 "-" "SAMSUNG-SGH-E250/1.0 Profile/MIDP-2.0 Configuration/CLDC-1.1 UP.Browser/6.2.3.3.c.1.101 (GUI) MMP/2.0 (compatible; Googlebot-Mobile/2.1; +http://www.google.com/bot.html)"
66.249.73.162 - - [17/Aug/2013:20:26:37 +0800] "GET /index.htm HTTP/1.1" 200 24766 "-" "SAMSUNG-SGH-E250/1.0 Profile/MIDP-2.0 Configuration/CLDC-1.1 UP.Browser/6.2.3.3.c.1.101 (GUI) MMP/2.0 (compatible; Googlebot-Mobile/2.1; +http://www.google.com/bot.html)"
220.181.108.114 - - [17/Aug/2013:20:27:21 +0800] "GET /Jewelry-9/news/article-138782/ HTTP/1.1" 500 3634 "-" "Mozilla/5.0 (compatible; Baiduspider/2.0; +http://www.baidu.com/search/spider.html)"
220.181.108.116 - - [17/Aug/2013:20:34:52 +0800] "GET /Jewelry-9/news/article-138662/ HTTP/1.1" 500 3634 "-" "Mozilla/5.0 (compatible; Baiduspider/2.0; +http://www.baidu.com/search/spider.html)"
66.249.73.211 - - [17/Aug/2013:20:49:47 +0800] "GET /robots.txt HTTP/1.1" 404 194 "-" "Mozilla/5.0 (compatible; Googlebot/2.1; +http://www.google.com/bot.html)"
66.249.73.211 - - [17/Aug/2013:20:49:47 +0800] "GET / HTTP/1.1" 302 73 "-" "Mozilla/5.0 (compatible; Googlebot/2.1; +http://www.google.com/bot.html)"
66.249.73.211 - - [17/Aug/2013:20:49:48 +0800] "GET /index.htm HTTP/1.1" 200 28578 "-" "Mozilla/5.0 (compatible; Googlebot/2.1; +http://www.google.com/bot.html)"
123.125.71.75 - - [17/Aug/2013:20:49:54 +0800] "GET /Jewelry-9/news/article-138661/ HTTP/1.1" 500 3634 "-" "Mozilla/5.0 (compatible; Baiduspider/2.0; +http://www.baidu.com/search/spider.html)"
220.181.89.184 - - [17/Aug/2013:21:15:05 +0800] "GET /Mobile-6/news/article-138859-page5/ HTTP/1.1" 500 3634 "-" "Sogou web spider/4.0(+http://www.sogou.com/docs/help/webmasters.htm#07)"
220.181.89.184 - - [17/Aug/2013:21:15:24 +0800] "GET /jewelry-9/news/article-138635-page2/ HTTP/1.1" 500 3634 "-" "Sogou web spider/4.0(+http://www.sogou.com/docs/help/webmasters.htm#07)"
77.88.25.26 - - [17/Aug/2013:21:16:16 +0800] "GET /robots.txt HTTP/1.1" 404 194 "-" "Mozilla/5.0 (compatible; YandexBot/3.0; +http://yandex.com/bots)"
220.181.89.184 - - [17/Aug/2013:21:24:38 +0800] "GET /news/news-info.do?article_id=138783&prso_id_one=9&prso_name_one_en=&current_page=11 HTTP/1.1" 500 3183 "-" "Sogou web spider/4.0(+http://www.sogou.com/docs/help/webmasters.htm#07)"
220.181.89.184 - - [17/Aug/2013:21:28:36 +0800] "GET /Mobile-6/news/article-10383-page5/ HTTP/1.1" 500 3634 "-" "Sogou web spider/4.0(+http://www.sogou.com/docs/help/webmasters.htm#07)"
220.181.89.184 - - [17/Aug/2013:21:33:18 +0800] "GET /Jewelry-9/news/article-138631-page3/ HTTP/1.1" 500 3634 "-" "Sogou web spider/4.0(+http://www.sogou.com/docs/help/webmasters.htm#07)"
220.181.89.184 - - [17/Aug/2013:21:50:40 +0800] "GET /Mobile-6/news/article-138859-page5/ HTTP/1.1" 500 3634 "-" "Sogou web spider/4.0(+http://www.sogou.com/docs/help/webmasters.htm#07)"
220.181.89.184 - - [17/Aug/2013:21:50:55 +0800] "GET /jewelry-9/news/article-138635-page2/ HTTP/1.1" 500 3634 "-" "Sogou web spider/4.0(+http://www.sogou.com/docs/help/webmasters.htm#07)"
220.181.89.184 - - [17/Aug/2013:21:59:28 +0800] "GET /news/news-info.do?article_id=138783&prso_id_one=9&prso_name_one_en=&current_page=11 HTTP/1.1" 500 3183 "-" "Sogou web spider/4.0(+http://www.sogou.com/docs/help/webmasters.htm#07)"
220.181.89.184 - - [17/Aug/2013:22:03:37 +0800] "GET /Mobile-6/news/article-10383-page5/ HTTP/1.1" 500 3634 "-" "Sogou web spider/4.0(+http://www.sogou.com/docs/help/webmasters.htm#07)"
220.181.89.184 - - [17/Aug/2013:22:07:19 +0800] "GET /Jewelry-9/news/article-138631-page3/ HTTP/1.1" 500 3634 "-" "Sogou web spider/4.0(+http://www.sogou.com/docs/help/webmasters.htm#07)"
157.55.32.97 - - [17/Aug/2013:23:01:55 +0800] "GET /robots.txt HTTP/1.1" 404 194 "-" "Mozilla/5.0 (compatible; bingbot/2.0; +http://www.bing.com/bingbot.htm)"
157.55.32.97 - - [17/Aug/2013:23:02:34 +0800] "GET / HTTP/1.1" 302 72 "-" "Mozilla/5.0 (compatible; bingbot/2.0; +http://www.bing.com/bingbot.htm)"
65.55.52.113 - - [17/Aug/2013:23:23:23 +0800] "GET /robots.txt HTTP/1.1" 404 194 "-" "Mozilla/5.0 (compatible; bingbot/2.0; +http://www.bing.com/bingbot.htm)"
65.55.52.113 - - [17/Aug/2013:23:23:53 +0800] "GET /Clothing-5/news/article-138924/ HTTP/1.1" 500 3634 "-" "Mozilla/5.0 (compatible; bingbot/2.0; +http://www.bing.com/bingbot.htm)"
65.55.52.113 - - [17/Aug/2013:23:24:55 +0800] "GET /Clothing-5/news/article-138924/ HTTP/1.0" 500 3634 "-" "Mozilla/5.0 (compatible; bingbot/2.0; +http://www.bing.com/bingbot.htm)"
157.55.32.229 - - [17/Aug/2013:23:34:14 +0800] "GET / HTTP/1.1" 302 73 "-" "Mozilla/5.0 (compatible; bingbot/2.0; +http://www.bing.com/bingbot.htm)"
