5.10.83.55 - - [29/Aug/2013:02:20:09 +0800] "GET /jingpin-9/news/article-138786/ HTTP/1.1" 500 3634 "-" "Mozilla/5.0 (compatible; AhrefsBot/5.0; +http://ahrefs.com/robot/)"
66.249.73.162 - - [29/Aug/2013:02:36:42 +0800] "GET /Mobile-6/news/article-138557-page2/ HTTP/1.1" 500 3634 "-" "Mozilla/5.0 (compatible; Googlebot/2.1; +http://www.google.com/bot.html)"
157.55.32.190 - - [29/Aug/2013:03:05:13 +0800] "GET /robots.txt HTTP/1.1" 404 194 "-" "Mozilla/5.0 (compatible; bingbot/2.0; +http://www.bing.com/bingbot.htm)"
157.55.32.190 - - [29/Aug/2013:03:05:51 +0800] "GET /Clothing-5/news/article-138924/ HTTP/1.1" 500 3634 "-" "Mozilla/5.0 (compatible; bingbot/2.0; +http://www.bing.com/bingbot.htm)"
157.55.32.190 - - [29/Aug/2013:03:06:52 +0800] "GET /Clothing-5/news/article-138924/ HTTP/1.0" 500 3634 "-" "Mozilla/5.0 (compatible; bingbot/2.0; +http://www.bing.com/bingbot.htm)"
65.55.24.219 - - [29/Aug/2013:03:13:22 +0800] "GET /robots.txt HTTP/1.1" 404 194 "-" "Mozilla/5.0 (compatible; bingbot/2.0; +http://www.bing.com/bingbot.htm)"
65.55.24.219 - - [29/Aug/2013:03:13:52 +0800] "GET / HTTP/1.1" 302 72 "-" "Mozilla/5.0 (compatible; bingbot/2.0; +http://www.bing.com/bingbot.htm)"
65.55.24.219 - - [29/Aug/2013:03:13:53 +0800] "GET / HTTP/1.1" 302 72 "-" "Mozilla/5.0 (compatible; bingbot/2.0; +http://www.bing.com/bingbot.htm)"
157.55.32.190 - - [29/Aug/2013:03:18:30 +0800] "GET /Clothing-5/news/article-138924/ HTTP/1.0" 500 3634 "-" "Mozilla/5.0 (compatible; bingbot/2.0; +http://www.bing.com/bingbot.htm)"
208.115.113.84 - - [29/Aug/2013:03:24:43 +0800] "GET /Clothing-5/news/article-138598-page3/ HTTP/1.1" 500 3634 "-" "Mozilla/5.0 (compatible; Ezooms/1.0; ezooms.bot@gmail.com)"
65.55.24.219 - - [29/Aug/2013:03:25:32 +0800] "GET /Clothing-5/news/article-8887/ HTTP/1.1" 500 3634 "-" "Mozilla/5.0 (compatible; bingbot/2.0; +http://www.bing.com/bingbot.htm)"
65.55.24.219 - - [29/Aug/2013:03:26:33 +0800] "GET /Clothing-5/news/article-8887/ HTTP/1.0" 500 3634 "-" "Mozilla/5.0 (compatible; bingbot/2.0; +http://www.bing.com/bingbot.htm)"
66.249.73.162 - - [29/Aug/2013:04:01:50 +0800] "GET /Mobile-6/news/article-10382-page3/ HTTP/1.1" 500 3634 "-" "Mozilla/5.0 (compatible; Googlebot/2.1; +http://www.google.com/bot.html)"
220.181.89.184 - - [29/Aug/2013:04:03:13 +0800] "GET /robots.txt HTTP/1.1" 404 194 "-" "Sogou web spider/4.0"
157.56.92.164 - - [29/Aug/2013:04:08:56 +0800] "GET /Clothing-5/news/article-8895/ HTTP/1.1" 500 3634 "-" "Mozilla/5.0 (compatible; bingbot/2.0; +http://www.bing.com/bingbot.htm)"
157.56.92.164 - - [29/Aug/2013:04:10:56 +0800] "GET /Clothing-5/news/article-8895/ HTTP/1.0" 500 3634 "-" "Mozilla/5.0 (compatible; bingbot/2.0; +http://www.bing.com/bingbot.htm)"
157.56.92.164 - - [29/Aug/2013:04:25:13 +0800] "GET /index.htm HTTP/1.1" 200 28578 "-" "Mozilla/5.0 (compatible; bingbot/2.0; +http://www.bing.com/bingbot.htm)"
65.55.24.219 - - [29/Aug/2013:04:27:12 +0800] "GET /Clothing-5/news/article-8887/ HTTP/1.0" 500 3634 "-" "Mozilla/5.0 (compatible; bingbot/2.0; +http://www.bing.com/bingbot.htm)"
5.10.83.14 - - [29/Aug/2013:04:33:29 +0800] "GET /clothing-5/news/article-138925/ HTTP/1.1" 500 3634 "-" "Mozilla/5.0 (compatible; AhrefsBot/5.0; +http://ahrefs.com/robot/)"
5.10.83.104 - - [29/Aug/2013:04:34:19 +0800] "GET /jingpin-9/news/article-138782/ HTTP/1.1" 500 3634 "-" "Mozilla/5.0 (compatible; AhrefsBot/5.0; +http://ahrefs.com/robot/)"
5.10.83.14 - - [29/Aug/2013:04:49:28 +0800] "GET /jingpin-9/news/article-138779/ HTTP/1.1" 500 3634 "-" "Mozilla/5.0 (compatible; AhrefsBot/5.0; +http://ahrefs.com/robot/)"
66.249.73.167 - - [29/Aug/2013:05:00:57 +0800] "GET /Mobile-6/news/article-10393-page1/ HTTP/1.1" 500 3634 "-" "Mozilla/5.0 (compatible; Googlebot/2.1; +http://www.google.com/bot.html)"
157.56.92.164 - - [29/Aug/2013:05:10:58 +0800] "GET /Clothing-5/news/article-8895/ HTTP/1.0" 500 3634 "-" "Mozilla/5.0 (compatible; bingbot/2.0; +http://www.bing.com/bingbot.htm)"
220.181.89.184 - - [29/Aug/2013:05:15:51 +0800] "GET /Mobile-6/news/article-138553-page2/ HTTP/1.1" 500 3634 "-" "Sogou web spider/4.0(+http://www.sogou.com/docs/help/webmasters.htm#07)"
220.181.89.184 - - [29/Aug/2013:05:19:52 +0800] "GET /Jewelry-9/news/article-138784-page11/ HTTP/1.1" 500 3634 "-" "Sogou web spider/4.0(+http://www.sogou.com/docs/help/webmasters.htm#07)"
220.181.89.184 - - [29/Aug/2013:05:26:03 +0800] "GET /Clothing-5/news/article-138598-page2/ HTTP/1.1" 500 3634 "-" "Sogou web spider/4.0(+http://www.sogou.com/docs/help/webmasters.htm#07)"
220.181.89.184 - - [29/Aug/2013:05:27:27 +0800] "GET /Mobile-6/news/article-138860-page1/ HTTP/1.1" 500 3634 "-" "Sogou web spider/4.0(+http://www.sogou.com/docs/help/webmasters.htm#07)"
66.249.73.162 - - [29/Aug/2013:05:32:06 +0800] "GET /Mobile-6/news/article-138556-page4/ HTTP/1.1" 500 3634 "-" "Mozilla/5.0 (compatible; Googlebot/2.1; +http://www.google.com/bot.html)"
220.181.89.184 - - [29/Aug/2013:05:37:24 +0800] "GET / HTTP/1.1" 302 72 "-" "Sogou web spider/4.0(+http://www.sogou.com/docs/help/webmasters.htm#07)"
65.55.24.219 - - [29/Aug/2013:05:39:13 +0800] "GET /robots.txt HTTP/1.1" 404 194 "-" "Mozilla/5.0 (compatible; bingbot/2.0; +http://www.bing.com/bingbot.htm)"
65.55.24.219 - - [29/Aug/2013:05:39:50 +0800] "GET /Clothing-5/news/article-8897/ HTTP/1.1" 500 3634 "-" "Mozilla/5.0 (compatible; bingbot/2.0; +http://www.bing.com/bingbot.htm)"
220.181.89.184 - - [29/Aug/2013:05:39:51 +0800] "GET /index.htm HTTP/1.1" 200 24766 "-" "Sogou web spider/4.0(+http://www.sogou.com/docs/help/webmasters.htm#07)"
65.55.24.219 - - [29/Aug/2013:05:40:51 +0800] "GET /Clothing-5/news/article-8897/ HTTP/1.0" 500 3634 "-" "Mozilla/5.0 (compatible; bingbot/2.0; +http://www.bing.com/bingbot.htm)"
220.181.89.184 - - [29/Aug/2013:05:44:31 +0800] "GET /Jewelry-9/news/article-138600-page2/ HTTP/1.1" 500 3634 "-" "Sogou web spider/4.0(+http://www.sogou.com/docs/help/webmasters.htm#07)"
220.181.89.184 - - [29/Aug/2013:05:52:34 +0800] "GET /Mobile-6/news/article-138553-page2/ HTTP/1.1" 500 3634 "-" "Sogou web spider/4.0(+http://www.sogou.com/docs/help/webmasters.htm#07)"
220.181.89.184 - - [29/Aug/2013:05:56:45 +0800] "GET /Jewelry-9/news/article-138784-page11/ HTTP/1.1" 500 3634 "-" "Sogou web spider/4.0(+http://www.sogou.com/docs/help/webmasters.htm#07)"
220.181.108.96 - - [29/Aug/2013:05:58:07 +0800] "GET /css3.0/te.css HTTP/1.1" 304 - "-" "Mozilla/5.0 (compatible; Baiduspider/2.0; +http://www.baidu.com/search/spider.html)"
208.115.113.84 - - [29/Aug/2013:05:59:53 +0800] "GET /robots.txt HTTP/1.1" 404 194 "-" "Mozilla/5.0 (compatible; Ezooms/1.0; ezooms.bot@gmail.com)"
208.115.113.84 - - [29/Aug/2013:05:59:53 +0800] "GET /robots.txt HTTP/1.1" 404 194 "-" "Mozilla/5.0 (compatible; Ezooms/1.0; ezooms.bot@gmail.com)"
220.181.89.184 - - [29/Aug/2013:06:07:20 +0800] "GET /Clothing-5/news/article-138598-page2/ HTTP/1.1" 500 3634 "-" "Sogou web spider/4.0(+http://www.sogou.com/docs/help/webmasters.htm#07)"
220.181.89.184 - - [29/Aug/2013:06:08:32 +0800] "GET /Mobile-6/news/article-138860-page1/ HTTP/1.1" 500 3634 "-" "Sogou web spider/4.0(+http://www.sogou.com/docs/help/webmasters.htm#07)"
5.10.83.91 - - [29/Aug/2013:06:20:00 +0800] "GET /jingpin-9/news/sort-53/ HTTP/1.1" 500 3633 "-" "Mozilla/5.0 (compatible; AhrefsBot/5.0; +http://ahrefs.com/robot/)"
66.249.73.166 - - [29/Aug/2013:06:23:44 +0800] "GET /Mobile-6/news/article-138556/ HTTP/1.1" 500 3634 "-" "Mozilla/5.0 (compatible; Googlebot/2.1; +http://www.google.com/bot.html)"
220.181.89.184 - - [29/Aug/2013:06:25:00 +0800] "GET / HTTP/1.1" 302 72 "-" "Sogou web spider/4.0(+http://www.sogou.com/docs/help/webmasters.htm#07)"
220.181.89.184 - - [29/Aug/2013:06:25:50 +0800] "GET /index.htm HTTP/1.1" 200 24766 "-" "Sogou web spider/4.0(+http://www.sogou.com/docs/help/webmasters.htm#07)"
65.55.24.219 - - [29/Aug/2013:06:41:40 +0800] "GET /Clothing-5/news/article-8897/ HTTP/1.0" 500 3634 "-" "Mozilla/5.0 (compatible; bingbot/2.0; +http://www.bing.com/bingbot.htm)"
5.10.83.97 - - [29/Aug/2013:06:47:55 +0800] "GET /clothing-5/news/article-138595/ HTTP/1.1" 500 3634 "-" "Mozilla/5.0 (compatible; AhrefsBot/5.0; +http://ahrefs.com/robot/)"
208.115.113.84 - - [29/Aug/2013:07:41:34 +0800] "GET /Jewelry-9/news/article-138635-page6/ HTTP/1.1" 500 3634 "-" "Mozilla/5.0 (compatible; Ezooms/1.0; ezooms.bot@gmail.com)"
208.115.111.68 - - [29/Aug/2013:07:58:06 +0800] "GET /robots.txt HTTP/1.1" 404 194 "-" "Mozilla/5.0 (compatible; Ezooms/1.0; ezooms.bot@gmail.com)"
66.249.73.168 - - [29/Aug/2013:08:16:10 +0800] "GET /robots.txt HTTP/1.1" 404 194 "-" "Mozilla/5.0 (compatible; Googlebot/2.1; +http://www.google.com/bot.html)"
66.249.73.168 - - [29/Aug/2013:08:16:12 +0800] "GET /Mobile-6/news/article-138552-page13/ HTTP/1.1" 500 3634 "-" "Mozilla/5.0 (compatible; Googlebot/2.1; +http://www.google.com/bot.html)"
111.161.55.86 - - [29/Aug/2013:09:32:29 +0800] "GET /robots.txt HTTP/1.1" 404 944 "http://clothing.ding9.com/" "Mozilla/5.0 (compatible; MSIE 8.0; Windows NT 6.1)"
208.115.111.68 - - [29/Aug/2013:09:54:54 +0800] "GET /Clothing-5/news/article-8900-page8/ HTTP/1.1" 500 3634 "-" "Mozilla/5.0 (compatible; Ezooms/1.0; ezooms.bot@gmail.com)"
66.249.73.162 - - [29/Aug/2013:10:04:09 +0800] "GET /Mobile-6/news/article-10381/ HTTP/1.1" 500 3634 "-" "Mozilla/5.0 (compatible; Googlebot/2.1; +http://www.google.com/bot.html)"
1.202.218.137 - - [29/Aug/2013:10:38:29 +0800] "GET /robots.txt HTTP/1.1" 404 194 "-" "Mozilla/5.0 ()"
65.55.24.219 - - [29/Aug/2013:10:41:08 +0800] "GET /robots.txt HTTP/1.1" 404 194 "-" "Mozilla/5.0 (compatible; bingbot/2.0; +http://www.bing.com/bingbot.htm)"
65.55.24.219 - - [29/Aug/2013:10:41:32 +0800] "GET / HTTP/1.1" 302 72 "-" "Mozilla/5.0 (compatible; bingbot/2.0; +http://www.bing.com/bingbot.htm)"
123.125.71.14 - - [29/Aug/2013:10:41:45 +0800] "GET /clothing-5/news/article-138891/ HTTP/1.1" 500 3634 "-" "Mozilla/5.0 (compatible; Baiduspider/2.0; +http://www.baidu.com/search/spider.html)"
1.202.218.132 - - [29/Aug/2013:10:45:59 +0800] "HEAD /Jewelry-9/news/article-138782/ HTTP/1.1" 500 0 "-" "Mozilla/5.0 (compatible; JikeSpider; +http://shoulu.jike.com/spider.html)"
1.202.218.72 - - [29/Aug/2013:10:46:26 +0800] "GET /Jewelry-9/news/article-138782/ HTTP/1.1" 500 3634 "-" "Mozilla/5.0 (compatible; JikeSpider; +http://shoulu.jike.com/spider.html)"
5.10.83.91 - - [29/Aug/2013:10:59:02 +0800] "GET /jingpin-9/news/article-138635/ HTTP/1.1" 500 3634 "-" "Mozilla/5.0 (compatible; AhrefsBot/5.0; +http://ahrefs.com/robot/)"
101.226.166.241 - - [29/Aug/2013:11:43:12 +0800] "GET / HTTP/1.1" 302 73 "http://clothing.ding9.com/" "Mozilla/4.0 (compatible; MSIE 8.0; Windows NT 6.1; Trident/4.0; SLCC2; .NET CLR 2.0.50727; .NET CLR 3.5.30729; .NET CLR 3.0.30729; Media Center PC 6.0; MDDR; .NET4.0C; .NET4.0E; .NET CLR 1.1.4322; Tablet PC 2.0); 360Spider"
101.226.166.242 - - [29/Aug/2013:11:43:12 +0800] "GET /Clothing-5/news/article-8886-page2/ HTTP/1.1" 500 4384 "http://clothing.ding9.com/Clothing-5/news/article-8886-page2/" "Mozilla/4.0 (compatible; MSIE 8.0; Windows NT 6.1; Trident/4.0; SLCC2; .NET CLR 2.0.50727; .NET CLR 3.5.30729; .NET CLR 3.0.30729; Media Center PC 6.0; MDDR; .NET4.0C; .NET4.0E; .NET CLR 1.1.4322; Tablet PC 2.0); 360Spider"
101.226.166.241 - - [29/Aug/2013:11:43:13 +0800] "GET /index.htm HTTP/1.1" 200 28578 "http://clothing.ding9.com/index.htm" "Mozilla/4.0 (compatible; MSIE 8.0; Windows NT 6.1; Trident/4.0; SLCC2; .NET CLR 2.0.50727; .NET CLR 3.5.30729; .NET CLR 3.0.30729; Media Center PC 6.0; MDDR; .NET4.0C; .NET4.0E; .NET CLR 1.1.4322; Tablet PC 2.0); 360Spider"
182.118.32.149 - - [29/Aug/2013:11:43:14 +0800] "GET /index.htm HTTP/1.1" 200 28578 "-" "Mozilla/4.0 (compatible; MSIE 8.0; Windows NT 5.1; Trident/4.0)"
182.118.32.149 - - [29/Aug/2013:11:43:14 +0800] "GET /css3.0/tefont.css HTTP/1.1" 200 634 "http://clothing.ding9.com/index.htm" "Mozilla/4.0 (compatible; MSIE 8.0; Windows NT 5.1; Trident/4.0)"
182.118.32.149 - - [29/Aug/2013:11:43:14 +0800] "GET /css3.0/te.css HTTP/1.1" 200 3436 "http://clothing.ding9.com/index.htm" "Mozilla/4.0 (compatible; MSIE 8.0; Windows NT 5.1; Trident/4.0)"
101.226.166.238 - - [29/Aug/2013:11:43:22 +0800] "GET /Clothing-5/news/article-8888/ HTTP/1.1" 500 4384 "http://clothing.ding9.com/Clothing-5/news/article-8888/" "Mozilla/4.0 (compatible; MSIE 8.0; Windows NT 6.1; Trident/4.0; SLCC2; .NET CLR 2.0.50727; .NET CLR 3.5.30729; .NET CLR 3.0.30729; Media Center PC 6.0; MDDR; .NET4.0C; .NET4.0E; .NET CLR 1.1.4322; Tablet PC 2.0); 360Spider"
101.226.166.241 - - [29/Aug/2013:11:43:22 +0800] "GET /clothing-5/news/article-8885-page6/ HTTP/1.1" 500 4384 "http://clothing.ding9.com/clothing-5/news/article-8885-page6/" "Mozilla/4.0 (compatible; MSIE 8.0; Windows NT 6.1; Trident/4.0; SLCC2; .NET CLR 2.0.50727; .NET CLR 3.5.30729; .NET CLR 3.0.30729; Media Center PC 6.0; MDDR; .NET4.0C; .NET4.0E; .NET CLR 1.1.4322; Tablet PC 2.0); 360Spider"
101.226.166.242 - - [29/Aug/2013:11:43:28 +0800] "GET /index.htm HTTP/1.1" 200 28578 "http://clothing.ding9.com/index.htm" "Mozilla/4.0 (compatible; MSIE 8.0; Windows NT 6.1; Trident/4.0; SLCC2; .NET CLR 2.0.50727; .NET CLR 3.5.30729; .NET CLR 3.0.30729; Media Center PC 6.0; MDDR; .NET4.0C; .NET4.0E; .NET CLR 1.1.4322; Tablet PC 2.0); 360Spider"
182.118.48.68 - - [29/Aug/2013:11:43:29 +0800] "GET /index.htm HTTP/1.1" 200 28578 "-" "Mozilla/4.0 (compatible; MSIE 8.0; Windows NT 5.1; Trident/4.0)"
182.118.48.68 - - [29/Aug/2013:11:43:29 +0800] "GET /css3.0/tefont.css HTTP/1.1" 200 634 "http://clothing.ding9.com/index.htm" "Mozilla/4.0 (compatible; MSIE 8.0; Windows NT 5.1; Trident/4.0)"
182.118.48.68 - - [29/Aug/2013:11:43:29 +0800] "GET /css3.0/te.css HTTP/1.1" 200 3436 "http://clothing.ding9.com/index.htm" "Mozilla/4.0 (compatible; MSIE 8.0; Windows NT 5.1; Trident/4.0)"
5.10.83.55 - - [29/Aug/2013:11:48:47 +0800] "GET /jingpin-9/news/article-138785/ HTTP/1.1" 500 3634 "-" "Mozilla/5.0 (compatible; AhrefsBot/5.0; +http://ahrefs.com/robot/)"
101.226.168.226 - - [29/Aug/2013:11:48:55 +0800] "GET / HTTP/1.1" 302 72 "http://jingpin.ding9.com/" "Mozilla/4.0 (compatible; MSIE 8.0; Windows NT 6.1; Trident/4.0; SLCC2; .NET CLR 2.0.50727; .NET CLR 3.5.30729; .NET CLR 3.0.30729; Media Center PC 6.0; MDDR; .NET4.0C; .NET4.0E; .NET CLR 1.1.4322; Tablet PC 2.0); 360Spider"
101.226.168.226 - - [29/Aug/2013:11:48:55 +0800] "GET /index.htm HTTP/1.1" 200 24766 "http://jingpin.ding9.com/index.htm" "Mozilla/4.0 (compatible; MSIE 8.0; Windows NT 6.1; Trident/4.0; SLCC2; .NET CLR 2.0.50727; .NET CLR 3.5.30729; .NET CLR 3.0.30729; Media Center PC 6.0; MDDR; .NET4.0C; .NET4.0E; .NET CLR 1.1.4322; Tablet PC 2.0); 360Spider"
182.118.48.166 - - [29/Aug/2013:11:48:56 +0800] "GET /index.htm HTTP/1.1" 200 24766 "-" "Mozilla/4.0 (compatible; MSIE 8.0; Windows NT 5.1; Trident/4.0)"
182.118.48.166 - - [29/Aug/2013:11:48:56 +0800] "GET /css3.0/tefont.css HTTP/1.1" 200 634 "http://jingpin.ding9.com/index.htm" "Mozilla/4.0 (compatible; MSIE 8.0; Windows NT 5.1; Trident/4.0)"
182.118.48.166 - - [29/Aug/2013:11:48:56 +0800] "GET /css3.0/te.css HTTP/1.1" 200 3436 "http://jingpin.ding9.com/index.htm" "Mozilla/4.0 (compatible; MSIE 8.0; Windows NT 5.1; Trident/4.0)"
182.118.25.209 - - [29/Aug/2013:11:52:51 +0800] "GET /jewelry-9/news/article-138662/ HTTP/1.1" 500 3634 "http://jingpin.ding9.com/jewelry-9/news/article-138662/" "Mozilla/5.0 (Windows; U; Windows NT 5.1; zh-CN; rv:1.8.0.11)  Firefox/1.5.0.11; 360Spider"
182.118.20.221 - - [29/Aug/2013:11:53:06 +0800] "GET /jingpin-9/news/article-138635/ HTTP/1.1" 500 3634 "http://jingpin.ding9.com/jingpin-9/news/article-138635/" "Mozilla/5.0 (Windows; U; Windows NT 5.1; zh-CN; rv:1.8.0.11)  Firefox/1.5.0.11; 360Spider"
182.118.20.222 - - [29/Aug/2013:11:53:09 +0800] "GET /jingpin-9/news/article-138662/ HTTP/1.1" 500 3634 "http://jingpin.ding9.com/jingpin-9/news/article-138662/" "Mozilla/5.0 (Windows; U; Windows NT 5.1; zh-CN; rv:1.8.0.11)  Firefox/1.5.0.11; 360Spider"
182.118.20.220 - - [29/Aug/2013:11:53:13 +0800] "GET /jingpin-9/news/article-138664/ HTTP/1.1" 500 3634 "http://jingpin.ding9.com/jingpin-9/news/article-138664/" "Mozilla/5.0 (Windows; U; Windows NT 5.1; zh-CN; rv:1.8.0.11)  Firefox/1.5.0.11; 360Spider"
182.118.20.221 - - [29/Aug/2013:11:53:13 +0800] "GET /jingpin-9/news/article-138667/ HTTP/1.1" 500 3634 "http://jingpin.ding9.com/jingpin-9/news/article-138667/" "Mozilla/5.0 (Windows; U; Windows NT 5.1; zh-CN; rv:1.8.0.11)  Firefox/1.5.0.11; 360Spider"
182.118.20.220 - - [29/Aug/2013:11:53:17 +0800] "GET /jingpin-9/news/article-138669/ HTTP/1.1" 500 3634 "http://jingpin.ding9.com/jingpin-9/news/article-138669/" "Mozilla/5.0 (Windows; U; Windows NT 5.1; zh-CN; rv:1.8.0.11)  Firefox/1.5.0.11; 360Spider"
182.118.20.220 - - [29/Aug/2013:11:53:17 +0800] "GET /jingpin-9/news/article-138778/ HTTP/1.1" 500 3634 "http://jingpin.ding9.com/jingpin-9/news/article-138778/" "Mozilla/5.0 (Windows; U; Windows NT 5.1; zh-CN; rv:1.8.0.11)  Firefox/1.5.0.11; 360Spider"
182.118.20.221 - - [29/Aug/2013:11:53:20 +0800] "GET /jingpin-9/news/article-138783/ HTTP/1.1" 500 3634 "http://jingpin.ding9.com/jingpin-9/news/article-138783/" "Mozilla/5.0 (Windows; U; Windows NT 5.1; zh-CN; rv:1.8.0.11)  Firefox/1.5.0.11; 360Spider"
182.118.20.222 - - [29/Aug/2013:11:53:20 +0800] "GET /jingpin-9/news/article-138781/ HTTP/1.1" 500 3634 "http://jingpin.ding9.com/jingpin-9/news/article-138781/" "Mozilla/5.0 (Windows; U; Windows NT 5.1; zh-CN; rv:1.8.0.11)  Firefox/1.5.0.11; 360Spider"
182.118.20.202 - - [29/Aug/2013:11:53:23 +0800] "GET /jingpin-9/news/sort-53/ HTTP/1.1" 500 3633 "http://jingpin.ding9.com/jingpin-9/news/sort-53/" "Mozilla/5.0 (Windows; U; Windows NT 5.1; zh-CN; rv:1.8.0.11)  Firefox/1.5.0.11; 360Spider"
182.118.20.202 - - [29/Aug/2013:11:53:23 +0800] "GET /jingpin-9/news/article-138785/ HTTP/1.1" 500 3634 "http://jingpin.ding9.com/jingpin-9/news/article-138785/" "Mozilla/5.0 (Windows; U; Windows NT 5.1; zh-CN; rv:1.8.0.11)  Firefox/1.5.0.11; 360Spider"
208.115.111.68 - - [29/Aug/2013:11:53:24 +0800] "GET /robots.txt HTTP/1.1" 404 194 "-" "Mozilla/5.0 (compatible; Ezooms/1.0; ezooms.bot@gmail.com)"
66.249.73.215 - - [29/Aug/2013:12:04:46 +0800] "GET /robots.txt HTTP/1.1" 404 194 "-" "Mozilla/5.0 (compatible; Googlebot/2.1; +http://www.google.com/bot.html)"
66.249.73.215 - - [29/Aug/2013:12:04:46 +0800] "GET /Clothing-5/news/article-8885-page4/ HTTP/1.1" 500 3634 "-" "Mozilla/5.0 (compatible; Googlebot/2.1; +http://www.google.com/bot.html)"
157.55.32.83 - - [29/Aug/2013:13:06:39 +0800] "GET /robots.txt HTTP/1.1" 404 194 "-" "Mozilla/5.0 (compatible; bingbot/2.0; +http://www.bing.com/bingbot.htm)"
5.10.83.14 - - [29/Aug/2013:13:18:45 +0800] "GET /clothing-5/news/article-138921/ HTTP/1.1" 500 3634 "-" "Mozilla/5.0 (compatible; AhrefsBot/5.0; +http://ahrefs.com/robot/)"
208.115.111.68 - - [29/Aug/2013:13:27:51 +0800] "GET /Jewelry-9/news/article-138634-page4/ HTTP/1.1" 500 3634 "-" "Mozilla/5.0 (compatible; Ezooms/1.0; ezooms.bot@gmail.com)"
157.55.32.83 - - [29/Aug/2013:13:28:20 +0800] "GET /Clothing-5/news/article-8888/ HTTP/1.1" 500 3634 "-" "Mozilla/5.0 (compatible; bingbot/2.0; +http://www.bing.com/bingbot.htm)"
208.115.111.68 - - [29/Aug/2013:13:28:21 +0800] "GET /Jewelry-9/news/article-138783-page10/ HTTP/1.1" 500 3634 "-" "Mozilla/5.0 (compatible; Ezooms/1.0; ezooms.bot@gmail.com)"
157.55.32.83 - - [29/Aug/2013:13:35:28 +0800] "GET /Clothing-5/news/article-8888/ HTTP/1.0" 500 3634 "-" "Mozilla/5.0 (compatible; bingbot/2.0; +http://www.bing.com/bingbot.htm)"
123.125.71.103 - - [29/Aug/2013:13:50:57 +0800] "GET /robots.txt HTTP/1.1" 404 194 "-" "Mozilla/5.0 (compatible; Baiduspider/2.0; +http://www.baidu.com/search/spider.html)"
208.115.113.84 - - [29/Aug/2013:13:58:34 +0800] "GET /robots.txt HTTP/1.1" 404 194 "-" "Mozilla/5.0 (compatible; Ezooms/1.0; ezooms.bot@gmail.com)"
65.55.24.215 - - [29/Aug/2013:14:41:15 +0800] "GET /robots.txt HTTP/1.1" 404 194 "-" "Mozilla/5.0 (compatible; bingbot/2.0; +http://www.bing.com/bingbot.htm)"
65.55.24.215 - - [29/Aug/2013:14:44:23 +0800] "GET / HTTP/1.1" 302 73 "-" "Mozilla/5.0 (compatible; bingbot/2.0; +http://www.bing.com/bingbot.htm)"
65.55.24.215 - - [29/Aug/2013:15:09:15 +0800] "GET / HTTP/1.1" 302 73 "-" "Mozilla/5.0 (compatible; bingbot/2.0; +http://www.bing.com/bingbot.htm)"
66.249.73.163 - - [29/Aug/2013:15:24:55 +0800] "GET /Mobile-6/news/article-138552-page13/ HTTP/1.1" 500 3634 "-" "Mozilla/5.0 (compatible; Googlebot/2.1; +http://www.google.com/bot.html)"
208.115.113.84 - - [29/Aug/2013:15:26:02 +0800] "GET /Clothing-5/news/article-8880-page1/ HTTP/1.1" 500 3634 "-" "Mozilla/5.0 (compatible; Ezooms/1.0; ezooms.bot@gmail.com)"
5.10.83.55 - - [29/Aug/2013:15:33:39 +0800] "GET /clothing-5/news/article-138893/ HTTP/1.1" 500 3634 "-" "Mozilla/5.0 (compatible; AhrefsBot/5.0; +http://ahrefs.com/robot/)"
5.10.83.14 - - [29/Aug/2013:15:55:04 +0800] "GET /clothing-5/news/article-8895/ HTTP/1.1" 500 3634 "-" "Mozilla/5.0 (compatible; AhrefsBot/5.0; +http://ahrefs.com/robot/)"
208.115.111.68 - - [29/Aug/2013:15:55:10 +0800] "GET /robots.txt HTTP/1.1" 404 194 "-" "Mozilla/5.0 (compatible; Ezooms/1.0; ezooms.bot@gmail.com)"
5.10.83.14 - - [29/Aug/2013:16:18:32 +0800] "GET /jingpin-9/news/article-138783/ HTTP/1.1" 500 3634 "-" "Mozilla/5.0 (compatible; AhrefsBot/5.0; +http://ahrefs.com/robot/)"
220.181.89.184 - - [29/Aug/2013:17:18:38 +0800] "GET /Mobile-6/news/article-138864-page2/ HTTP/1.1" 500 3634 "-" "Sogou web spider/4.0(+http://www.sogou.com/docs/help/webmasters.htm#07)"
220.181.89.184 - - [29/Aug/2013:17:20:54 +0800] "GET /Mobile-6/news/article-138861-page5/ HTTP/1.1" 500 3634 "-" "Sogou web spider/4.0(+http://www.sogou.com/docs/help/webmasters.htm#07)"
220.181.89.184 - - [29/Aug/2013:17:21:13 +0800] "GET /jingpin-9/news/article-138782-page6/ HTTP/1.1" 500 3634 "-" "Sogou web spider/4.0(+http://www.sogou.com/docs/help/webmasters.htm#07)"
5.10.83.104 - - [29/Aug/2013:17:31:03 +0800] "GET /jingpin-9/news/article-138666/ HTTP/1.1" 500 3634 "-" "Mozilla/5.0 (compatible; AhrefsBot/5.0; +http://ahrefs.com/robot/)"
5.10.83.55 - - [29/Aug/2013:17:32:21 +0800] "GET /clothing-5/news/article-8900/ HTTP/1.1" 500 3634 "-" "Mozilla/5.0 (compatible; AhrefsBot/5.0; +http://ahrefs.com/robot/)"
220.181.89.184 - - [29/Aug/2013:17:33:35 +0800] "GET /Jewelry-9/news/article-138632-page4/ HTTP/1.1" 500 3634 "-" "Sogou web spider/4.0(+http://www.sogou.com/docs/help/webmasters.htm#07)"
220.181.89.184 - - [29/Aug/2013:17:35:38 +0800] "GET /jingpin-9/news/article-138630-page1/ HTTP/1.1" 500 3634 "-" "Sogou web spider/4.0(+http://www.sogou.com/docs/help/webmasters.htm#07)"
220.181.89.184 - - [29/Aug/2013:17:41:34 +0800] "GET /Jewelry-9/news/article-138780-page1/ HTTP/1.1" 500 3634 "-" "Sogou web spider/4.0(+http://www.sogou.com/docs/help/webmasters.htm#07)"
220.181.89.184 - - [29/Aug/2013:17:49:51 +0800] "GET /Mobile-6/news/article-138864-page2/ HTTP/1.1" 500 3634 "-" "Sogou web spider/4.0(+http://www.sogou.com/docs/help/webmasters.htm#07)"
220.181.89.184 - - [29/Aug/2013:17:53:28 +0800] "GET /Mobile-6/news/article-138861-page5/ HTTP/1.1" 500 3634 "-" "Sogou web spider/4.0(+http://www.sogou.com/docs/help/webmasters.htm#07)"
220.181.89.184 - - [29/Aug/2013:17:53:40 +0800] "GET /jingpin-9/news/article-138782-page6/ HTTP/1.1" 500 3634 "-" "Sogou web spider/4.0(+http://www.sogou.com/docs/help/webmasters.htm#07)"
220.181.89.184 - - [29/Aug/2013:18:08:13 +0800] "GET /Jewelry-9/news/article-138632-page4/ HTTP/1.1" 500 3634 "-" "Sogou web spider/4.0(+http://www.sogou.com/docs/help/webmasters.htm#07)"
220.181.89.184 - - [29/Aug/2013:18:08:17 +0800] "GET /jingpin-9/news/article-138630-page1/ HTTP/1.1" 500 3634 "-" "Sogou web spider/4.0(+http://www.sogou.com/docs/help/webmasters.htm#07)"
220.181.89.184 - - [29/Aug/2013:18:15:24 +0800] "GET /Jewelry-9/news/article-138780-page1/ HTTP/1.1" 500 3634 "-" "Sogou web spider/4.0(+http://www.sogou.com/docs/help/webmasters.htm#07)"
123.125.71.95 - - [29/Aug/2013:18:36:18 +0800] "GET /Jewelry-9/news/article-138662/ HTTP/1.1" 500 3634 "-" "Mozilla/5.0 (compatible; Baiduspider/2.0; +http://www.baidu.com/search/spider.html)"
123.125.71.102 - - [29/Aug/2013:19:15:17 +0800] "GET /robots.txt HTTP/1.1" 404 194 "-" "Mozilla/5.0 (compatible; Baiduspider/2.0; +http://www.baidu.com/search/spider.html)"
66.249.73.162 - - [29/Aug/2013:19:16:15 +0800] "GET /favicon.ico HTTP/1.1" 404 195 "-" "Googlebot-Image/1.0"
66.249.73.167 - - [29/Aug/2013:19:49:57 +0800] "GET /Mobile-6/news/article-138552-page13/ HTTP/1.1" 500 3634 "-" "Mozilla/5.0 (compatible; Googlebot/2.1; +http://www.google.com/bot.html)"
208.115.111.68 - - [29/Aug/2013:19:57:05 +0800] "GET /robots.txt HTTP/1.1" 404 194 "-" "Mozilla/5.0 (compatible; Ezooms/1.0; ezooms.bot@gmail.com)"
208.115.111.68 - - [29/Aug/2013:19:57:05 +0800] "GET /robots.txt HTTP/1.1" 404 194 "-" "Mozilla/5.0 (compatible; Ezooms/1.0; ezooms.bot@gmail.com)"
5.10.83.91 - - [29/Aug/2013:20:11:18 +0800] "GET /jingpin-9/news/article-138661/ HTTP/1.1" 500 3634 "-" "Mozilla/5.0 (compatible; AhrefsBot/5.0; +http://ahrefs.com/robot/)"
5.10.83.104 - - [29/Aug/2013:20:27:40 +0800] "GET /jingpin-9/news/article-138781/ HTTP/1.1" 500 3634 "-" "Mozilla/5.0 (compatible; AhrefsBot/5.0; +http://ahrefs.com/robot/)"
220.181.108.82 - - [29/Aug/2013:20:30:21 +0800] "GET /clothing-5/news/article-8896/ HTTP/1.1" 500 3634 "-" "Mozilla/5.0 (compatible; Baiduspider/2.0; +http://www.baidu.com/search/spider.html)"
182.118.21.214 - - [29/Aug/2013:20:32:54 +0800] "GET /clothing-5/news/article-8886-page1/ HTTP/1.1" 500 3634 "http://clothing.ding9.com/clothing-5/news/article-8886-page1/" "Mozilla/5.0 (Windows; U; Windows NT 5.1; zh-CN; rv:1.8.0.11)  Firefox/1.5.0.11; 360Spider"
182.118.21.219 - - [29/Aug/2013:20:32:54 +0800] "GET /Clothing-5/news/article-8885-page6/ HTTP/1.1" 500 3634 "http://clothing.ding9.com/Clothing-5/news/article-8885-page6/" "Mozilla/5.0 (Windows; U; Windows NT 5.1; zh-CN; rv:1.8.0.11)  Firefox/1.5.0.11; 360Spider"
182.118.20.211 - - [29/Aug/2013:20:35:46 +0800] "GET /Jewelry-9/news/article-138664/ HTTP/1.1" 500 3634 "http://jingpin.ding9.com/Jewelry-9/news/article-138664/" "Mozilla/5.0 (Windows; U; Windows NT 5.1; zh-CN; rv:1.8.0.11)  Firefox/1.5.0.11; 360Spider"
182.118.20.214 - - [29/Aug/2013:20:35:46 +0800] "GET /jingpin-9/news/article-138661/ HTTP/1.1" 500 3634 "http://jingpin.ding9.com/jingpin-9/news/article-138661/" "Mozilla/5.0 (Windows; U; Windows NT 5.1; zh-CN; rv:1.8.0.11)  Firefox/1.5.0.11; 360Spider"
123.125.71.106 - - [29/Aug/2013:21:13:15 +0800] "GET /clothing-5/news/article-138925/ HTTP/1.1" 500 3634 "-" "Mozilla/5.0 (compatible; Baiduspider/2.0; +http://www.baidu.com/search/spider.html)"
208.115.111.68 - - [29/Aug/2013:21:33:17 +0800] "GET /Clothing-5/news/article-138595/ HTTP/1.1" 500 3634 "-" "Mozilla/5.0 (compatible; Ezooms/1.0; ezooms.bot@gmail.com)"
208.115.111.68 - - [29/Aug/2013:21:35:18 +0800] "GET /Clothing-5/news/article-8884-page1/ HTTP/1.1" 500 3634 "-" "Mozilla/5.0 (compatible; Ezooms/1.0; ezooms.bot@gmail.com)"
208.115.111.68 - - [29/Aug/2013:21:39:19 +0800] "GET /Jewelry-9/news/sort-52/ HTTP/1.1" 500 3633 "-" "Mozilla/5.0 (compatible; Ezooms/1.0; ezooms.bot@gmail.com)"
178.154.179.248 - - [29/Aug/2013:21:43:15 +0800] "GET /robots.txt HTTP/1.1" 404 194 "-" "Mozilla/5.0 (compatible; YandexBot/3.0; +http://yandex.com/bots)"
208.115.113.84 - - [29/Aug/2013:22:01:14 +0800] "GET /robots.txt HTTP/1.1" 404 194 "-" "Mozilla/5.0 (compatible; Ezooms/1.0; ezooms.bot@gmail.com)"
123.125.71.46 - - [29/Aug/2013:22:04:48 +0800] "GET /robots.txt HTTP/1.1" 404 194 "-" "Mozilla/5.0 (compatible; Baiduspider/2.0; +http://www.baidu.com/search/spider.html)"
65.55.24.215 - - [29/Aug/2013:22:12:59 +0800] "GET /robots.txt HTTP/1.1" 404 194 "-" "Mozilla/5.0 (compatible; bingbot/2.0; +http://www.bing.com/bingbot.htm)"
65.55.24.215 - - [29/Aug/2013:22:17:17 +0800] "GET / HTTP/1.1" 302 73 "-" "Mozilla/5.0 (compatible; bingbot/2.0; +http://www.bing.com/bingbot.htm)"
65.55.24.219 - - [29/Aug/2013:22:25:46 +0800] "GET /robots.txt HTTP/1.1" 404 194 "-" "Mozilla/5.0 (compatible; bingbot/2.0; +http://www.bing.com/bingbot.htm)"
65.55.24.219 - - [29/Aug/2013:22:26:34 +0800] "GET / HTTP/1.1" 302 72 "-" "Mozilla/5.0 (compatible; bingbot/2.0; +http://www.bing.com/bingbot.htm)"
208.115.113.84 - - [29/Aug/2013:23:21:03 +0800] "GET /Clothing-5/news/article-8900-page9/ HTTP/1.1" 500 3634 "-" "Mozilla/5.0 (compatible; Ezooms/1.0; ezooms.bot@gmail.com)"
208.115.111.68 - - [29/Aug/2013:23:53:58 +0800] "GET /robots.txt HTTP/1.1" 404 194 "-" "Mozilla/5.0 (compatible; Ezooms/1.0; ezooms.bot@gmail.com)"
178.154.179.248 - - [30/Aug/2013:01:00:31 +0800] "GET / HTTP/1.1" 302 73 "-" "Mozilla/5.0 (compatible; YandexBot/3.0; +http://yandex.com/bots)"
178.154.179.248 - - [30/Aug/2013:01:00:34 +0800] "GET /index.htm HTTP/1.1" 200 28578 "-" "Mozilla/5.0 (compatible; YandexBot/3.0; +http://yandex.com/bots)"
208.115.111.68 - - [30/Aug/2013:01:34:33 +0800] "GET /Clothing-5/news/article-8885-page6/ HTTP/1.1" 500 3634 "-" "Mozilla/5.0 (compatible; Ezooms/1.0; ezooms.bot@gmail.com)"
208.115.113.84 - - [30/Aug/2013:01:59:27 +0800] "GET /robots.txt HTTP/1.1" 404 194 "-" "Mozilla/5.0 (compatible; Ezooms/1.0; ezooms.bot@gmail.com)"
220.181.108.159 - - [30/Aug/2013:02:22:51 +0800] "GET / HTTP/1.1" 302 73 "-" "Mozilla/5.0 (compatible; Baiduspider/2.0; +http://www.baidu.com/search/spider.html)"
220.181.108.79 - - [30/Aug/2013:02:22:52 +0800] "GET /index.htm HTTP/1.1" 200 28578 "-" "Mozilla/5.0 (compatible; Baiduspider/2.0; +http://www.baidu.com/search/spider.html)"
208.115.113.84 - - [30/Aug/2013:03:20:08 +0800] "GET /Clothing-5/news/article-8825-page3/ HTTP/1.1" 500 3634 "-" "Mozilla/5.0 (compatible; Ezooms/1.0; ezooms.bot@gmail.com)"
123.125.71.35 - - [30/Aug/2013:03:27:35 +0800] "GET /robots.txt HTTP/1.1" 404 194 "-" "Mozilla/5.0 (compatible; Baiduspider/2.0; +http://www.baidu.com/search/spider.html)"
65.55.24.219 - - [30/Aug/2013:03:34:00 +0800] "GET /robots.txt HTTP/1.1" 404 194 "-" "Mozilla/5.0 (compatible; bingbot/2.0; +http://www.bing.com/bingbot.htm)"
65.55.24.219 - - [30/Aug/2013:03:36:05 +0800] "GET / HTTP/1.1" 302 72 "-" "Mozilla/5.0 (compatible; bingbot/2.0; +http://www.bing.com/bingbot.htm)"
65.55.24.219 - - [30/Aug/2013:03:36:07 +0800] "GET /index.htm HTTP/1.1" 200 24766 "-" "Mozilla/5.0 (compatible; bingbot/2.0; +http://www.bing.com/bingbot.htm)"
5.10.83.104 - - [30/Aug/2013:04:28:04 +0800] "GET /jingpin-9/news/sort-52/ HTTP/1.1" 500 3633 "-" "Mozilla/5.0 (compatible; AhrefsBot/5.0; +http://ahrefs.com/robot/)"
220.181.89.184 - - [30/Aug/2013:05:09:01 +0800] "GET /Jewelry-9/news/article-138783-page11/ HTTP/1.1" 500 3634 "-" "Sogou web spider/4.0(+http://www.sogou.com/docs/help/webmasters.htm#07)"
220.181.89.184 - - [30/Aug/2013:05:10:37 +0800] "GET /Mobile-6/news/article-10397-page6/ HTTP/1.1" 500 3634 "-" "Sogou web spider/4.0(+http://www.sogou.com/docs/help/webmasters.htm#07)"
220.181.89.184 - - [30/Aug/2013:05:20:16 +0800] "GET /Mobile-6/news/article-10396-page5/ HTTP/1.1" 500 3634 "-" "Sogou web spider/4.0(+http://www.sogou.com/docs/help/webmasters.htm#07)"
220.181.108.159 - - [30/Aug/2013:05:23:50 +0800] "GET /css3.0/tefont.css HTTP/1.1" 304 - "-" "Mozilla/5.0 (compatible; Baiduspider/2.0; +http://www.baidu.com/search/spider.html)"
220.181.89.184 - - [30/Aug/2013:05:23:55 +0800] "GET /Jewelry-9/news/article-138785-page1/ HTTP/1.1" 500 3634 "-" "Sogou web spider/4.0(+http://www.sogou.com/docs/help/webmasters.htm#07)"
220.181.89.184 - - [30/Aug/2013:05:45:01 +0800] "GET /Jewelry-9/news/article-138783-page11/ HTTP/1.1" 500 3634 "-" "Sogou web spider/4.0(+http://www.sogou.com/docs/help/webmasters.htm#07)"
220.181.89.184 - - [30/Aug/2013:05:46:42 +0800] "GET /Mobile-6/news/article-10397-page6/ HTTP/1.1" 500 3634 "-" "Sogou web spider/4.0(+http://www.sogou.com/docs/help/webmasters.htm#07)"
220.181.89.184 - - [30/Aug/2013:05:57:04 +0800] "GET /Mobile-6/news/article-10396-page5/ HTTP/1.1" 500 3634 "-" "Sogou web spider/4.0(+http://www.sogou.com/docs/help/webmasters.htm#07)"
220.181.89.184 - - [30/Aug/2013:05:59:20 +0800] "GET /Jewelry-9/news/article-138785-page1/ HTTP/1.1" 500 3634 "-" "Sogou web spider/4.0(+http://www.sogou.com/docs/help/webmasters.htm#07)"
123.125.71.47 - - [30/Aug/2013:06:17:08 +0800] "GET /robots.txt HTTP/1.1" 404 194 "-" "Mozilla/5.0 (compatible; Baiduspider/2.0; +http://www.baidu.com/search/spider.html)"
5.10.83.104 - - [30/Aug/2013:06:29:04 +0800] "GET /jingpin-9/news/article-138777/ HTTP/1.1" 500 3634 "-" "Mozilla/5.0 (compatible; AhrefsBot/5.0; +http://ahrefs.com/robot/)"
208.115.111.68 - - [30/Aug/2013:07:52:37 +0800] "GET /robots.txt HTTP/1.1" 404 194 "-" "Mozilla/5.0 (compatible; Ezooms/1.0; ezooms.bot@gmail.com)"
5.10.83.91 - - [30/Aug/2013:08:51:26 +0800] "GET / HTTP/1.1" 302 73 "-" "Mozilla/5.0 (compatible; AhrefsBot/5.0; +http://ahrefs.com/robot/)"
5.10.83.91 - - [30/Aug/2013:09:15:59 +0800] "GET /clothing-5/news/article-138876/ HTTP/1.1" 500 3634 "-" "Mozilla/5.0 (compatible; AhrefsBot/5.0; +http://ahrefs.com/robot/)"
157.56.93.37 - - [30/Aug/2013:09:44:34 +0800] "GET /robots.txt HTTP/1.1" 404 194 "-" "Mozilla/5.0 (compatible; bingbot/2.0; +http://www.bing.com/bingbot.htm)"
157.56.93.37 - - [30/Aug/2013:09:46:04 +0800] "GET / HTTP/1.1" 302 73 "-" "Mozilla/5.0 (compatible; bingbot/2.0; +http://www.bing.com/bingbot.htm)"
59.42.236.126 - - [30/Aug/2013:09:56:05 +0800] "GET / HTTP/1.1" 302 72 "http://office.ding9.com/" "Mozilla/4.0 (compatible; MSIE 7.0; Windows NT 5.1; Trident/4.0; InfoPath.2; .NET CLR 2.0.50727; .NET CLR 3.0.4506.2152; .NET CLR 3.5.30729; .NET CLR 1.1.4322; SE 2.X MetaSr 1.0)"
59.42.236.126 - - [30/Aug/2013:09:56:05 +0800] "GET /index.htm HTTP/1.1" 200 24766 "http://office.ding9.com/" "Mozilla/4.0 (compatible; MSIE 7.0; Windows NT 5.1; Trident/4.0; InfoPath.2; .NET CLR 2.0.50727; .NET CLR 3.0.4506.2152; .NET CLR 3.5.30729; .NET CLR 1.1.4322; SE 2.X MetaSr 1.0)"
59.42.236.126 - - [30/Aug/2013:09:56:05 +0800] "GET /css3.0/tefont.css HTTP/1.1" 200 634 "http://jingpin.ding9.com/index.htm" "Mozilla/4.0 (compatible; MSIE 7.0; Windows NT 5.1; Trident/4.0; InfoPath.2; .NET CLR 2.0.50727; .NET CLR 3.0.4506.2152; .NET CLR 3.5.30729; .NET CLR 1.1.4322; SE 2.X MetaSr 1.0)"
59.42.236.126 - - [30/Aug/2013:09:56:05 +0800] "GET /css3.0/te.css HTTP/1.1" 200 3436 "http://jingpin.ding9.com/index.htm" "Mozilla/4.0 (compatible; MSIE 7.0; Windows NT 5.1; Trident/4.0; InfoPath.2; .NET CLR 2.0.50727; .NET CLR 3.0.4506.2152; .NET CLR 3.5.30729; .NET CLR 1.1.4322; SE 2.X MetaSr 1.0)"
59.42.236.126 - - [30/Aug/2013:09:56:06 +0800] "GET /images/menubg_03.jpg HTTP/1.1" 200 453 "http://jingpin.ding9.com/index.htm" "Mozilla/4.0 (compatible; MSIE 7.0; Windows NT 5.1; Trident/4.0; InfoPath.2; .NET CLR 2.0.50727; .NET CLR 3.0.4506.2152; .NET CLR 3.5.30729; .NET CLR 1.1.4322; SE 2.X MetaSr 1.0)"
59.42.236.126 - - [30/Aug/2013:09:56:06 +0800] "GET /teimages/arrow_022.gif HTTP/1.1" 200 63 "http://jingpin.ding9.com/index.htm" "Mozilla/4.0 (compatible; MSIE 7.0; Windows NT 5.1; Trident/4.0; InfoPath.2; .NET CLR 2.0.50727; .NET CLR 3.0.4506.2152; .NET CLR 3.5.30729; .NET CLR 1.1.4322; SE 2.X MetaSr 1.0)"
59.42.236.126 - - [30/Aug/2013:09:56:06 +0800] "GET /images/focus2.swf HTTP/1.1" 200 10755 "http://jingpin.ding9.com/index.htm" "Mozilla/4.0 (compatible; MSIE 7.0; Windows NT 5.1; Trident/4.0; InfoPath.2; .NET CLR 2.0.50727; .NET CLR 3.0.4506.2152; .NET CLR 3.5.30729; .NET CLR 1.1.4322; SE 2.X MetaSr 1.0)"
59.42.236.126 - - [30/Aug/2013:09:56:06 +0800] "GET /images/menubg_08.jpg HTTP/1.1" 200 480 "http://jingpin.ding9.com/index.htm" "Mozilla/4.0 (compatible; MSIE 7.0; Windows NT 5.1; Trident/4.0; InfoPath.2; .NET CLR 2.0.50727; .NET CLR 3.0.4506.2152; .NET CLR 3.5.30729; .NET CLR 1.1.4322; SE 2.X MetaSr 1.0)"
59.42.236.126 - - [30/Aug/2013:09:56:06 +0800] "GET /images/sssb/more.jpg HTTP/1.1" 200 954 "http://jingpin.ding9.com/index.htm" "Mozilla/4.0 (compatible; MSIE 7.0; Windows NT 5.1; Trident/4.0; InfoPath.2; .NET CLR 2.0.50727; .NET CLR 3.0.4506.2152; .NET CLR 3.5.30729; .NET CLR 1.1.4322; SE 2.X MetaSr 1.0)"
59.42.236.126 - - [30/Aug/2013:09:56:06 +0800] "GET /undefined HTTP/1.1" 404 943 "http://jingpin.ding9.com/images/focus2.swf" "Mozilla/4.0 (compatible; MSIE 7.0; Windows NT 5.1; Trident/4.0; InfoPath.2; .NET CLR 2.0.50727; .NET CLR 3.0.4506.2152; .NET CLR 3.5.30729; .NET CLR 1.1.4322; SE 2.X MetaSr 1.0)"
59.42.236.126 - - [30/Aug/2013:09:56:07 +0800] "GET /undefined HTTP/1.1" 404 943 "http://jingpin.ding9.com/images/focus2.swf" "Mozilla/4.0 (compatible; MSIE 7.0; Windows NT 5.1; Trident/4.0; InfoPath.2; .NET CLR 2.0.50727; .NET CLR 3.0.4506.2152; .NET CLR 3.5.30729; .NET CLR 1.1.4322; SE 2.X MetaSr 1.0)"
59.42.236.126 - - [30/Aug/2013:09:56:07 +0800] "GET /favicon.ico HTTP/1.1" 404 195 "-" "Mozilla/5.0 (Windows NT 5.1) AppleWebKit/537.17 (KHTML, like Gecko) Chrome/24.0.1312.57 Safari/537.17 SE 2.X MetaSr 1.0"
59.42.236.126 - - [30/Aug/2013:09:56:07 +0800] "GET /undefined HTTP/1.1" 404 943 "http://jingpin.ding9.com/images/focus2.swf" "Mozilla/4.0 (compatible; MSIE 7.0; Windows NT 5.1; Trident/4.0; InfoPath.2; .NET CLR 2.0.50727; .NET CLR 3.0.4506.2152; .NET CLR 3.5.30729; .NET CLR 1.1.4322; SE 2.X MetaSr 1.0)"
59.42.236.126 - - [30/Aug/2013:09:56:08 +0800] "GET / HTTP/1.1" 302 72 "-" "Mozilla/5.0 (Windows NT 5.1) AppleWebKit/537.17 (KHTML, like Gecko) Chrome/24.0.1312.57 Safari/537.17 SE 2.X MetaSr 1.0"
59.42.236.126 - - [30/Aug/2013:09:56:08 +0800] "GET /index.htm HTTP/1.1" 200 24766 "-" "Mozilla/5.0 (Windows NT 5.1) AppleWebKit/537.17 (KHTML, like Gecko) Chrome/24.0.1312.57 Safari/537.17 SE 2.X MetaSr 1.0"
59.42.236.126 - - [30/Aug/2013:09:56:08 +0800] "GET /undefined HTTP/1.1" 404 943 "http://jingpin.ding9.com/images/focus2.swf" "Mozilla/4.0 (compatible; MSIE 7.0; Windows NT 5.1; Trident/4.0; InfoPath.2; .NET CLR 2.0.50727; .NET CLR 3.0.4506.2152; .NET CLR 3.5.30729; .NET CLR 1.1.4322; SE 2.X MetaSr 1.0)"
59.42.236.126 - - [30/Aug/2013:09:56:09 +0800] "GET /images/menubg_04.jpg HTTP/1.1" 200 382 "http://jingpin.ding9.com/index.htm" "Mozilla/4.0 (compatible; MSIE 7.0; Windows NT 5.1; Trident/4.0; InfoPath.2; .NET CLR 2.0.50727; .NET CLR 3.0.4506.2152; .NET CLR 3.5.30729; .NET CLR 1.1.4322; SE 2.X MetaSr 1.0)"
59.42.236.126 - - [30/Aug/2013:09:56:09 +0800] "GET /images/menubg_m.jpg HTTP/1.1" 200 4390 "http://jingpin.ding9.com/index.htm" "Mozilla/4.0 (compatible; MSIE 7.0; Windows NT 5.1; Trident/4.0; InfoPath.2; .NET CLR 2.0.50727; .NET CLR 3.0.4506.2152; .NET CLR 3.5.30729; .NET CLR 1.1.4322; SE 2.X MetaSr 1.0)"
65.55.24.219 - - [30/Aug/2013:10:00:53 +0800] "GET /robots.txt HTTP/1.1" 404 194 "-" "Mozilla/5.0 (compatible; bingbot/2.0; +http://www.bing.com/bingbot.htm)"
65.55.24.219 - - [30/Aug/2013:10:01:25 +0800] "GET / HTTP/1.1" 302 72 "-" "Mozilla/5.0 (compatible; bingbot/2.0; +http://www.bing.com/bingbot.htm)"
5.10.83.97 - - [30/Aug/2013:10:15:52 +0800] "GET /jingpin-9/news/article-138667/ HTTP/1.1" 500 3634 "-" "Mozilla/5.0 (compatible; AhrefsBot/5.0; +http://ahrefs.com/robot/)"
66.249.73.162 - - [30/Aug/2013:10:19:23 +0800] "GET /robots.txt HTTP/1.1" 404 194 "-" "Mozilla/5.0 (compatible; Googlebot/2.1; +http://www.google.com/bot.html)"
66.249.73.162 - - [30/Aug/2013:10:19:23 +0800] "GET /Mobile-6/news/article-138554-page7/ HTTP/1.1" 500 3634 "-" "Mozilla/5.0 (compatible; Googlebot/2.1; +http://www.google.com/bot.html)"
66.249.73.167 - - [30/Aug/2013:10:33:10 +0800] "GET /Mobile-6/news/article-138556/ HTTP/1.1" 500 3634 "-" "Mozilla/5.0 (compatible; Googlebot/2.1; +http://www.google.com/bot.html)"
5.10.83.104 - - [30/Aug/2013:10:37:04 +0800] "GET /jingpin-9/news/article-138663/ HTTP/1.1" 500 3634 "-" "Mozilla/5.0 (compatible; AhrefsBot/5.0; +http://ahrefs.com/robot/)"
66.249.73.168 - - [30/Aug/2013:10:42:10 +0800] "GET /Mobile-6/news/article-138557-page2/ HTTP/1.1" 500 3634 "-" "Mozilla/5.0 (compatible; Googlebot/2.1; +http://www.google.com/bot.html)"
66.249.73.162 - - [30/Aug/2013:10:42:52 +0800] "GET /Mobile-6/news/article-10393-page1/ HTTP/1.1" 500 3634 "-" "Mozilla/5.0 (compatible; Googlebot/2.1; +http://www.google.com/bot.html)"
66.249.73.165 - - [30/Aug/2013:10:52:26 +0800] "GET /Mobile-6/news/article-10382-page3/ HTTP/1.1" 500 3634 "-" "Mozilla/5.0 (compatible; Googlebot/2.1; +http://www.google.com/bot.html)"
66.249.73.164 - - [30/Aug/2013:10:54:42 +0800] "GET /Mobile-6/news/article-10381/ HTTP/1.1" 500 3634 "-" "Mozilla/5.0 (compatible; Googlebot/2.1; +http://www.google.com/bot.html)"
220.181.108.82 - - [30/Aug/2013:10:58:05 +0800] "GET /clothing-5/news/article-138891/ HTTP/1.1" 500 3634 "-" "Mozilla/5.0 (compatible; Baiduspider/2.0; +http://www.baidu.com/search/spider.html)"
123.125.71.53 - - [30/Aug/2013:11:39:59 +0800] "GET /robots.txt HTTP/1.1" 404 194 "-" "Mozilla/5.0 (compatible; Baiduspider/2.0; +http://www.baidu.com/search/spider.html)"
5.10.83.31 - - [30/Aug/2013:11:43:57 +0800] "GET /jingpin-9/news/article-138669/ HTTP/1.1" 500 3634 "-" "Mozilla/5.0 (compatible; AhrefsBot/5.0; +http://ahrefs.com/robot/)"
5.10.83.91 - - [30/Aug/2013:13:19:32 +0800] "GET /clothing-5/news/article-8887/ HTTP/1.1" 500 3634 "-" "Mozilla/5.0 (compatible; AhrefsBot/5.0; +http://ahrefs.com/robot/)"
5.10.83.91 - - [30/Aug/2013:13:27:57 +0800] "GET / HTTP/1.1" 302 72 "-" "Mozilla/5.0 (compatible; AhrefsBot/5.0; +http://ahrefs.com/robot/)"
111.161.53.17 - - [30/Aug/2013:14:00:27 +0800] "GET /robots.txt HTTP/1.1" 404 944 "http://clothing.ding9.com/" "Mozilla/5.0 (compatible; MSIE 8.0; Windows NT 6.1)"
123.125.71.99 - - [30/Aug/2013:14:29:29 +0800] "GET /robots.txt HTTP/1.1" 404 194 "-" "Mozilla/5.0 (compatible; Baiduspider/2.0; +http://www.baidu.com/search/spider.html)"
5.10.83.91 - - [30/Aug/2013:14:37:11 +0800] "GET /jingpin-9/news/article-138665/ HTTP/1.1" 500 3634 "-" "Mozilla/5.0 (compatible; AhrefsBot/5.0; +http://ahrefs.com/robot/)"
5.10.83.97 - - [30/Aug/2013:15:29:14 +0800] "GET /clothing-5/news/article-8897/ HTTP/1.1" 500 3634 "-" "Mozilla/5.0 (compatible; AhrefsBot/5.0; +http://ahrefs.com/robot/)"
208.115.111.68 - - [30/Aug/2013:15:53:18 +0800] "GET /robots.txt HTTP/1.1" 404 194 "-" "Mozilla/5.0 (compatible; Ezooms/1.0; ezooms.bot@gmail.com)"
208.115.111.68 - - [30/Aug/2013:15:53:18 +0800] "GET /robots.txt HTTP/1.1" 404 194 "-" "Mozilla/5.0 (compatible; Ezooms/1.0; ezooms.bot@gmail.com)"
81.144.138.34 - - [30/Aug/2013:17:01:04 +0800] "GET /robots.txt HTTP/1.1" 404 194 "-" "Wotbox/2.01 (+http://www.wotbox.com/bot/)"
81.144.138.34 - - [30/Aug/2013:17:01:15 +0800] "GET / HTTP/1.1" 302 73 "-" "Wotbox/2.01 (+http://www.wotbox.com/bot/)"
81.144.138.34 - - [30/Aug/2013:17:01:21 +0800] "GET /index.htm HTTP/1.1" 200 28578 "-" "Wotbox/2.01 (+http://www.wotbox.com/bot/)"
81.144.138.34 - - [30/Aug/2013:17:01:27 +0800] "GET /clothing-5/news/article-138925/ HTTP/1.1" 500 3634 "-" "Wotbox/2.01 (+http://www.wotbox.com/bot/)"
81.144.138.34 - - [30/Aug/2013:17:01:33 +0800] "GET /clothing-5/news/article-138924/ HTTP/1.1" 500 3634 "-" "Wotbox/2.01 (+http://www.wotbox.com/bot/)"
81.144.138.34 - - [30/Aug/2013:17:01:39 +0800] "GET /clothing-5/news/article-138921/ HTTP/1.1" 500 3634 "-" "Wotbox/2.01 (+http://www.wotbox.com/bot/)"
81.144.138.34 - - [30/Aug/2013:17:01:44 +0800] "GET /clothing-5/news/article-138893/ HTTP/1.1" 500 3634 "-" "Wotbox/2.01 (+http://www.wotbox.com/bot/)"
81.144.138.34 - - [30/Aug/2013:17:01:50 +0800] "GET /clothing-5/news/article-138877/ HTTP/1.1" 500 3634 "-" "Wotbox/2.01 (+http://www.wotbox.com/bot/)"
81.144.138.34 - - [30/Aug/2013:17:01:56 +0800] "GET /clothing-5/news/article-138876/ HTTP/1.1" 500 3634 "-" "Wotbox/2.01 (+http://www.wotbox.com/bot/)"
81.144.138.34 - - [30/Aug/2013:17:02:01 +0800] "GET /clothing-5/news/article-8888/ HTTP/1.1" 500 3634 "-" "Wotbox/2.01 (+http://www.wotbox.com/bot/)"
81.144.138.34 - - [30/Aug/2013:17:02:07 +0800] "GET /clothing-5/news/article-8887/ HTTP/1.1" 500 3634 "-" "Wotbox/2.01 (+http://www.wotbox.com/bot/)"
81.144.138.34 - - [30/Aug/2013:17:02:14 +0800] "GET /clothing-5/news/sort-51/ HTTP/1.1" 500 3633 "-" "Wotbox/2.01 (+http://www.wotbox.com/bot/)"
81.144.138.34 - - [30/Aug/2013:17:02:20 +0800] "GET /clothing-5/news/article-138892/ HTTP/1.1" 500 3634 "-" "Wotbox/2.01 (+http://www.wotbox.com/bot/)"
81.144.138.34 - - [30/Aug/2013:17:02:25 +0800] "GET /clothing-5/news/article-138891/ HTTP/1.1" 500 3634 "-" "Wotbox/2.01 (+http://www.wotbox.com/bot/)"
208.115.111.68 - - [30/Aug/2013:17:37:32 +0800] "GET /Clothing-5/news/article-138893-page2/ HTTP/1.1" 500 3634 "-" "Mozilla/5.0 (compatible; Ezooms/1.0; ezooms.bot@gmail.com)"
208.115.111.68 - - [30/Aug/2013:17:39:33 +0800] "GET /Jewelry-9/news/article-138777/ HTTP/1.1" 500 3634 "-" "Mozilla/5.0 (compatible; Ezooms/1.0; ezooms.bot@gmail.com)"
208.115.113.84 - - [30/Aug/2013:17:57:33 +0800] "GET /robots.txt HTTP/1.1" 404 194 "-" "Mozilla/5.0 (compatible; Ezooms/1.0; ezooms.bot@gmail.com)"
123.125.71.23 - - [30/Aug/2013:19:52:44 +0800] "GET /robots.txt HTTP/1.1" 404 194 "-" "Mozilla/5.0 (compatible; Baiduspider/2.0; +http://www.baidu.com/search/spider.html)"
208.115.111.68 - - [30/Aug/2013:19:54:52 +0800] "GET /robots.txt HTTP/1.1" 404 194 "-" "Mozilla/5.0 (compatible; Ezooms/1.0; ezooms.bot@gmail.com)"
123.125.71.72 - - [30/Aug/2013:20:50:01 +0800] "GET /clothing-5/news/article-138891/ HTTP/1.1" 500 3634 "-" "Mozilla/5.0 (compatible; Baiduspider/2.0; +http://www.baidu.com/search/spider.html)"
65.55.24.219 - - [30/Aug/2013:21:00:39 +0800] "GET /robots.txt HTTP/1.1" 404 194 "-" "Mozilla/5.0 (compatible; bingbot/2.0; +http://www.bing.com/bingbot.htm)"
157.55.32.57 - - [30/Aug/2013:21:01:10 +0800] "GET /jingpin-9/news/article-138663/ HTTP/1.1" 500 3634 "-" "Mozilla/5.0 (compatible; bingbot/2.0; +http://www.bing.com/bingbot.htm)"
65.55.24.219 - - [30/Aug/2013:21:01:31 +0800] "GET /jingpin-9/news/article-138666/ HTTP/1.1" 500 3634 "-" "Mozilla/5.0 (compatible; bingbot/2.0; +http://www.bing.com/bingbot.htm)"
65.55.24.219 - - [30/Aug/2013:21:01:32 +0800] "GET /jingpin-9/news/article-138661/ HTTP/1.1" 500 3634 "-" "Mozilla/5.0 (compatible; bingbot/2.0; +http://www.bing.com/bingbot.htm)"
157.55.32.57 - - [30/Aug/2013:21:02:10 +0800] "GET /jingpin-9/news/article-138663/ HTTP/1.0" 500 3634 "-" "Mozilla/5.0 (compatible; bingbot/2.0; +http://www.bing.com/bingbot.htm)"
65.55.24.219 - - [30/Aug/2013:21:02:32 +0800] "GET /jingpin-9/news/article-138666/ HTTP/1.0" 500 3634 "-" "Mozilla/5.0 (compatible; bingbot/2.0; +http://www.bing.com/bingbot.htm)"
65.55.24.219 - - [30/Aug/2013:21:02:34 +0800] "GET /jingpin-9/news/article-138661/ HTTP/1.0" 500 3634 "-" "Mozilla/5.0 (compatible; bingbot/2.0; +http://www.bing.com/bingbot.htm)"
220.181.89.184 - - [30/Aug/2013:21:05:58 +0800] "GET /robots.txt HTTP/1.1" 404 194 "-" "Sogou web spider/4.0"
220.181.89.184 - - [30/Aug/2013:21:07:36 +0800] "GET /Jewelry-9/news/article-138785-page2/ HTTP/1.1" 500 3634 "-" "Sogou web spider/4.0(+http://www.sogou.com/docs/help/webmasters.htm#07)"
220.181.89.184 - - [30/Aug/2013:21:09:52 +0800] "GET /Clothing-5/news/article-138893-page1/ HTTP/1.1" 500 3634 "-" "Sogou web spider/4.0(+http://www.sogou.com/docs/help/webmasters.htm#07)"
220.181.89.184 - - [30/Aug/2013:21:09:56 +0800] "GET /news/news-info.do?article_id=138635&prso_id_one=9&prso_name_one_en=&current_page=5 HTTP/1.1" 500 3183 "-" "Sogou web spider/4.0(+http://www.sogou.com/docs/help/webmasters.htm#07)"
220.181.89.184 - - [30/Aug/2013:21:16:38 +0800] "GET /Mobile-6/news/article-10381-page7/ HTTP/1.1" 500 3634 "-" "Sogou web spider/4.0(+http://www.sogou.com/docs/help/webmasters.htm#07)"
220.181.89.184 - - [30/Aug/2013:21:30:52 +0800] "GET /Mobile-6/news/article-138607-page1/ HTTP/1.1" 500 3634 "-" "Sogou web spider/4.0(+http://www.sogou.com/docs/help/webmasters.htm#07)"
220.181.89.184 - - [30/Aug/2013:21:31:00 +0800] "GET /news/news-info.do?article_id=138782&prso_id_one=9&prso_name_one_en= HTTP/1.1" 500 3183 "-" "Sogou web spider/4.0(+http://www.sogou.com/docs/help/webmasters.htm#07)"
220.181.89.184 - - [30/Aug/2013:21:31:08 +0800] "GET /Clothing-5/news/article-8893-page2/ HTTP/1.1" 500 3634 "-" "Sogou web spider/4.0(+http://www.sogou.com/docs/help/webmasters.htm#07)"
157.56.93.37 - - [30/Aug/2013:21:33:56 +0800] "GET /jingpin-9/news/article-138777/ HTTP/1.1" 500 3634 "-" "Mozilla/5.0 (compatible; bingbot/2.0; +http://www.bing.com/bingbot.htm)"
157.56.93.37 - - [30/Aug/2013:21:36:30 +0800] "GET /jingpin-9/news/article-138777/ HTTP/1.0" 500 3634 "-" "Mozilla/5.0 (compatible; bingbot/2.0; +http://www.bing.com/bingbot.htm)"
220.181.89.184 - - [30/Aug/2013:21:40:09 +0800] "GET / HTTP/1.1" 302 72 "-" "Sogou web spider/4.0(+http://www.sogou.com/docs/help/webmasters.htm#07)"
220.181.89.184 - - [30/Aug/2013:21:40:17 +0800] "GET /jewelry-9/news/article-138635-page7/ HTTP/1.1" 500 3634 "-" "Sogou web spider/4.0(+http://www.sogou.com/docs/help/webmasters.htm#07)"
65.55.24.219 - - [30/Aug/2013:21:40:59 +0800] "GET / HTTP/1.1" 302 72 "-" "Mozilla/5.0 (compatible; bingbot/2.0; +http://www.bing.com/bingbot.htm)"
220.181.89.184 - - [30/Aug/2013:21:41:45 +0800] "GET /index.htm HTTP/1.1" 200 24766 "-" "Sogou web spider/4.0(+http://www.sogou.com/docs/help/webmasters.htm#07)"
220.181.89.184 - - [30/Aug/2013:21:42:05 +0800] "GET /jingpin-9/news/article-138635-page4/ HTTP/1.1" 500 3634 "-" "Sogou web spider/4.0(+http://www.sogou.com/docs/help/webmasters.htm#07)"
220.181.89.184 - - [30/Aug/2013:21:44:49 +0800] "GET /Jewelry-9/news/article-138785-page2/ HTTP/1.1" 500 3634 "-" "Sogou web spider/4.0(+http://www.sogou.com/docs/help/webmasters.htm#07)"
1.202.218.133 - - [30/Aug/2013:21:44:55 +0800] "GET /robots.txt HTTP/1.1" 404 194 "-" "Mozilla/5.0 ()"
1.202.218.134 - - [30/Aug/2013:21:44:56 +0800] "HEAD /Jewelry-9/news/article-138669/ HTTP/1.1" 500 0 "-" "Mozilla/5.0 (compatible; JikeSpider; +http://shoulu.jike.com/spider.html)"
1.202.218.135 - - [30/Aug/2013:21:44:56 +0800] "GET /Jewelry-9/news/article-138669/ HTTP/1.1" 500 3634 "-" "Mozilla/5.0 (compatible; JikeSpider; +http://shoulu.jike.com/spider.html)"
220.181.89.184 - - [30/Aug/2013:21:48:43 +0800] "GET /Clothing-5/news/article-138893-page1/ HTTP/1.1" 500 3634 "-" "Sogou web spider/4.0(+http://www.sogou.com/docs/help/webmasters.htm#07)"
