220.181.51.201 - - [06/Aug/2013:08:48:26 +0800] "GET /index.htm HTTP/1.0" 200 27053 "http://www.baidu.com/s?wd=site%3Ajingpin.ding9.com" "Mozilla/4.0 (compatible; MSIE 7.0; Windows NT 5.1)"
220.181.51.207 - - [06/Aug/2013:08:48:26 +0800] "GET /css3.0/tefont.css HTTP/1.0" 200 634 "http://www.baidu.com/s?wd=site%3Ajingpin.ding9.com" "Mozilla/4.0 (compatible; MSIE 7.0; Windows NT 5.1)"
220.181.51.204 - - [06/Aug/2013:08:48:26 +0800] "GET /css3.0/te.css HTTP/1.0" 200 3436 "http://www.baidu.com/s?wd=site%3Ajingpin.ding9.com" "Mozilla/4.0 (compatible; MSIE 7.0; Windows NT 5.1)"
123.125.71.29 - - [06/Aug/2013:08:49:31 +0800] "GET /robots.txt HTTP/1.1" 404 194 "-" "Mozilla/5.0 (compatible; Baiduspider/2.0; +http://www.baidu.com/search/spider.html)"
66.249.73.162 - - [06/Aug/2013:08:59:53 +0800] "GET /robots.txt HTTP/1.1" 404 194 "-" "Mozilla/5.0 (compatible; Googlebot/2.1; +http://www.google.com/bot.html)"
66.249.73.162 - - [06/Aug/2013:08:59:53 +0800] "GET /images/focus2.swf HTTP/1.1" 200 10755 "-" "SAMSUNG-SGH-E250/1.0 Profile/MIDP-2.0 Configuration/CLDC-1.1 UP.Browser/6.2.3.3.c.1.101 (GUI) MMP/2.0 (compatible; Googlebot-Mobile/2.1; +http://www.google.com/bot.html)"
208.115.111.68 - - [06/Aug/2013:09:24:37 +0800] "GET /Jewelry-9/news/article-138667/ HTTP/1.1" 500 3634 "-" "Mozilla/5.0 (compatible; Ezooms/1.0; ezooms.bot@gmail.com)"
208.115.111.68 - - [06/Aug/2013:09:25:30 +0800] "GET /Jewelry-9/news/article-138631/ HTTP/1.1" 500 3634 "-" "Mozilla/5.0 (compatible; Ezooms/1.0; ezooms.bot@gmail.com)"
66.249.73.167 - - [06/Aug/2013:09:41:08 +0800] "GET /images/focus2.swf HTTP/1.1" 200 10755 "-" "DoCoMo/2.0 N905i(c100;TB;W24H16) (compatible; Googlebot-Mobile/2.1; +http://www.google.com/bot.html)"
208.115.113.84 - - [06/Aug/2013:09:54:08 +0800] "GET /robots.txt HTTP/1.1" 404 194 "-" "Mozilla/5.0 (compatible; Ezooms/1.0; ezooms.bot@gmail.com)"
123.125.71.50 - - [06/Aug/2013:10:42:25 +0800] "GET /robots.txt HTTP/1.1" 404 194 "-" "Mozilla/5.0 (compatible; Baiduspider/2.0; +http://www.baidu.com/search/spider.html)"
157.55.32.114 - - [06/Aug/2013:11:07:33 +0800] "GET /robots.txt HTTP/1.1" 404 194 "-" "Mozilla/5.0 (compatible; bingbot/2.0; +http://www.bing.com/bingbot.htm)"
157.55.32.114 - - [06/Aug/2013:11:08:49 +0800] "GET / HTTP/1.1" 302 73 "-" "Mozilla/5.0 (compatible; bingbot/2.0; +http://www.bing.com/bingbot.htm)"
208.115.113.84 - - [06/Aug/2013:11:14:22 +0800] "GET /Clothing-5/news/article-138925-page1/ HTTP/1.1" 500 3634 "-" "Mozilla/5.0 (compatible; Ezooms/1.0; ezooms.bot@gmail.com)"
208.115.113.84 - - [06/Aug/2013:11:14:53 +0800] "GET /Clothing-5/news/article-8892/ HTTP/1.1" 500 3634 "-" "Mozilla/5.0 (compatible; Ezooms/1.0; ezooms.bot@gmail.com)"
208.115.111.68 - - [06/Aug/2013:11:50:17 +0800] "GET /robots.txt HTTP/1.1" 404 194 "-" "Mozilla/5.0 (compatible; Ezooms/1.0; ezooms.bot@gmail.com)"
157.55.32.99 - - [06/Aug/2013:11:54:27 +0800] "GET /robots.txt HTTP/1.1" 404 194 "-" "Mozilla/5.0 (compatible; bingbot/2.0; +http://www.bing.com/bingbot.htm)"
157.55.32.99 - - [06/Aug/2013:11:55:12 +0800] "GET / HTTP/1.1" 302 72 "-" "Mozilla/5.0 (compatible; bingbot/2.0; +http://www.bing.com/bingbot.htm)"
208.115.111.68 - - [06/Aug/2013:13:24:07 +0800] "GET /Clothing-5/news/article-8886-page1/ HTTP/1.1" 500 3634 "-" "Mozilla/5.0 (compatible; Ezooms/1.0; ezooms.bot@gmail.com)"
65.55.213.66 - - [06/Aug/2013:13:40:21 +0800] "GET /robots.txt HTTP/1.1" 404 194 "-" "msnbot/2.0b (+http://search.msn.com/msnbot.htm)"
65.55.213.66 - - [06/Aug/2013:13:40:23 +0800] "GET /index.htm HTTP/1.1" 200 31507 "-" "msnbot/2.0b (+http://search.msn.com/msnbot.htm)"
203.208.60.57 - - [06/Aug/2013:14:27:58 +0800] "GET /robots.txt HTTP/1.1" 404 194 "-" "Mozilla/5.0 (compatible; Googlebot/2.1; +http://www.google.com/bot.html)"
66.249.74.148 - - [06/Aug/2013:14:27:58 +0800] "GET / HTTP/1.1" 302 73 "-" "DoCoMo/2.0 N905i(c100;TB;W24H16) (compatible; Googlebot-Mobile/2.1; +http://www.google.com/bot.html)"
66.249.74.148 - - [06/Aug/2013:14:27:59 +0800] "GET /index.htm HTTP/1.1" 200 31507 "-" "DoCoMo/2.0 N905i(c100;TB;W24H16) (compatible; Googlebot-Mobile/2.1; +http://www.google.com/bot.html)"
157.55.35.90 - - [06/Aug/2013:14:51:59 +0800] "GET /robots.txt HTTP/1.1" 404 194 "-" "Mozilla/5.0 (compatible; bingbot/2.0; +http://www.bing.com/bingbot.htm)"
5.10.83.34 - - [06/Aug/2013:15:28:01 +0800] "GET / HTTP/1.1" 302 73 "-" "Mozilla/5.0 (compatible; AhrefsBot/5.0; +http://ahrefs.com/robot/)"
5.10.83.46 - - [06/Aug/2013:15:28:13 +0800] "GET /robots.txt HTTP/1.1" 404 194 "-" "Mozilla/5.0 (compatible; AhrefsBot/5.0; +http://ahrefs.com/robot/)"
5.10.83.46 - - [06/Aug/2013:15:28:16 +0800] "GET /robots.txt HTTP/1.1" 404 194 "-" "Mozilla/5.0 (compatible; AhrefsBot/5.0; +http://ahrefs.com/robot/)"
173.252.211.6 - - [06/Aug/2013:15:41:11 +0800] "GET / HTTP/1.1" 302 73 "-" "Java/1.6.0_45"
173.252.211.6 - - [06/Aug/2013:15:41:11 +0800] "GET / HTTP/1.1" 302 72 "-" "Java/1.6.0_45"
157.55.35.90 - - [06/Aug/2013:16:09:03 +0800] "GET /Clothing-5/news/sort-51/ HTTP/1.1" 500 3633 "-" "Mozilla/5.0 (compatible; bingbot/2.0; +http://www.bing.com/bingbot.htm)"
157.55.35.90 - - [06/Aug/2013:16:38:13 +0800] "GET /Clothing-5/news/sort-51/ HTTP/1.0" 500 3633 "-" "Mozilla/5.0 (compatible; bingbot/2.0; +http://www.bing.com/bingbot.htm)"
5.10.83.47 - - [06/Aug/2013:16:45:44 +0800] "GET /index.htm HTTP/1.1" 200 27053 "-" "Mozilla/5.0 (compatible; AhrefsBot/5.0; +http://ahrefs.com/robot/)"
157.56.93.51 - - [06/Aug/2013:16:53:19 +0800] "GET /robots.txt HTTP/1.1" 404 194 "-" "Mozilla/5.0 (compatible; bingbot/2.0; +http://www.bing.com/bingbot.htm)"
157.56.93.51 - - [06/Aug/2013:16:54:14 +0800] "GET /Clothing-5/news/article-8888/ HTTP/1.1" 500 3634 "-" "Mozilla/5.0 (compatible; bingbot/2.0; +http://www.bing.com/bingbot.htm)"
157.56.93.51 - - [06/Aug/2013:16:56:15 +0800] "GET /Clothing-5/news/article-8888/ HTTP/1.0" 500 3634 "-" "Mozilla/5.0 (compatible; bingbot/2.0; +http://www.bing.com/bingbot.htm)"
182.118.20.237 - - [06/Aug/2013:17:01:51 +0800] "GET /Clothing-5/news/article-8885-page2/ HTTP/1.1" 500 3634 "http://clothing.ding9.com/Clothing-5/news/article-8885-page2/" "Mozilla/5.0 (Windows; U; Windows NT 5.1; zh-CN; rv:1.8.0.11)  Firefox/1.5.0.11; 360Spider"
182.118.20.237 - - [06/Aug/2013:17:01:52 +0800] "GET /clothing-5/news/article-138925/ HTTP/1.1" 500 3634 "http://clothing.ding9.com/clothing-5/news/article-138925/" "Mozilla/5.0 (Windows; U; Windows NT 5.1; zh-CN; rv:1.8.0.11)  Firefox/1.5.0.11; 360Spider"
123.125.71.115 - - [06/Aug/2013:17:40:21 +0800] "GET /robots.txt HTTP/1.1" 404 194 "-" "Mozilla/5.0 (compatible; Baiduspider/2.0; +http://www.baidu.com/search/spider.html)"
157.56.93.51 - - [06/Aug/2013:17:56:42 +0800] "GET /Clothing-5/news/article-8888/ HTTP/1.0" 500 3634 "-" "Mozilla/5.0 (compatible; bingbot/2.0; +http://www.bing.com/bingbot.htm)"
208.115.113.84 - - [06/Aug/2013:18:00:18 +0800] "GET /robots.txt HTTP/1.1" 404 194 "-" "Mozilla/5.0 (compatible; Ezooms/1.0; ezooms.bot@gmail.com)"
157.55.35.90 - - [06/Aug/2013:18:06:12 +0800] "GET /Clothing-5/news/sort-51/ HTTP/1.0" 500 3633 "-" "Mozilla/5.0 (compatible; bingbot/2.0; +http://www.bing.com/bingbot.htm)"
220.181.89.184 - - [06/Aug/2013:18:46:10 +0800] "GET /Mobile-6/news/article-10396-page2/ HTTP/1.1" 500 3634 "-" "Sogou web spider/4.0(+http://www.sogou.com/docs/help/webmasters.htm#07)"
123.125.71.85 - - [06/Aug/2013:18:59:17 +0800] "GET /robots.txt HTTP/1.1" 404 194 "-" "Mozilla/5.0 (compatible; Baiduspider/2.0; +http://www.baidu.com/search/spider.html)"
220.181.89.184 - - [06/Aug/2013:19:09:15 +0800] "GET /Mobile-6/news/article-138881-page2/ HTTP/1.1" 500 3634 "-" "Sogou web spider/4.0(+http://www.sogou.com/docs/help/webmasters.htm#07)"
157.55.35.90 - - [06/Aug/2013:19:11:14 +0800] "GET /robots.txt HTTP/1.1" 404 194 "-" "Mozilla/5.0 (compatible; bingbot/2.0; +http://www.bing.com/bingbot.htm)"
157.55.32.114 - - [06/Aug/2013:19:16:42 +0800] "GET /Clothing-5/news/article-8896/ HTTP/1.1" 500 3634 "-" "Mozilla/5.0 (compatible; bingbot/2.0; +http://www.bing.com/bingbot.htm)"
157.55.32.114 - - [06/Aug/2013:19:19:44 +0800] "GET /Clothing-5/news/article-8896/ HTTP/1.0" 500 3634 "-" "Mozilla/5.0 (compatible; bingbot/2.0; +http://www.bing.com/bingbot.htm)"
157.55.35.90 - - [06/Aug/2013:19:31:15 +0800] "GET /Clothing-5/news/article-8895/ HTTP/1.1" 500 3634 "-" "Mozilla/5.0 (compatible; bingbot/2.0; +http://www.bing.com/bingbot.htm)"
208.115.111.68 - - [06/Aug/2013:19:51:24 +0800] "GET /robots.txt HTTP/1.1" 404 194 "-" "Mozilla/5.0 (compatible; Ezooms/1.0; ezooms.bot@gmail.com)"
208.115.111.68 - - [06/Aug/2013:19:51:24 +0800] "GET /robots.txt HTTP/1.1" 404 194 "-" "Mozilla/5.0 (compatible; Ezooms/1.0; ezooms.bot@gmail.com)"
157.55.35.90 - - [06/Aug/2013:20:03:02 +0800] "GET /Clothing-5/news/article-8895/ HTTP/1.0" 500 3634 "-" "Mozilla/5.0 (compatible; bingbot/2.0; +http://www.bing.com/bingbot.htm)"
188.190.98.18 - - [06/Aug/2013:20:10:03 +0800] "POST /?%2D%64+%61%6C%6C%6F%77%5F%75%72%6C%5F%69%6E%63%6C%75%64%65%3D%6F%6E+%2D%64+%73%61%66%65%5F%6D%6F%64%65%3D%6F%66%66+%2D%64+%73%75%68%6F%73%69%6E%2E%73%69%6D%75%6C%61%74%69%6F%6E%3D%6F%6E+%2D%64+%64%69%73%61%62%6C%65%5F%66%75%6E%63%74%69%6F%6E%73%3D%22%22+%2D%64+%6F%70%65%6E%5F%62%61%73%65%64%69%72%3D%6E%6F%6E%65+%2D%64+%61%75%74%6F%5F%70%72%65%70%65%6E%64%5F%66%69%6C%65%3D%70%68%70%3A%2F%2F%69%6E%70%75%74+%2D%6E HTTP/1.1" 302 72 "-" "Python-urllib/2.6"
188.190.98.18 - - [06/Aug/2013:20:10:04 +0800] "GET /index.htm HTTP/1.1" 200 27053 "-" "Python-urllib/2.6"
188.190.98.18 - - [06/Aug/2013:20:10:10 +0800] "POST /?%2D%64+%61%6C%6C%6F%77%5F%75%72%6C%5F%69%6E%63%6C%75%64%65%3D%6F%6E+%2D%64+%73%61%66%65%5F%6D%6F%64%65%3D%6F%66%66+%2D%64+%73%75%68%6F%73%69%6E%2E%73%69%6D%75%6C%61%74%69%6F%6E%3D%6F%6E+%2D%64+%64%69%73%61%62%6C%65%5F%66%75%6E%63%74%69%6F%6E%73%3D%22%22+%2D%64+%6F%70%65%6E%5F%62%61%73%65%64%69%72%3D%6E%6F%6E%65+%2D%64+%61%75%74%6F%5F%70%72%65%70%65%6E%64%5F%66%69%6C%65%3D%70%68%70%3A%2F%2F%69%6E%70%75%74+%2D%6E HTTP/1.1" 302 73 "-" "Python-urllib/2.6"
188.190.98.18 - - [06/Aug/2013:20:10:11 +0800] "GET /index.htm HTTP/1.1" 200 31507 "-" "Python-urllib/2.6"
157.55.32.114 - - [06/Aug/2013:20:19:45 +0800] "GET /Clothing-5/news/article-8896/ HTTP/1.0" 500 3634 "-" "Mozilla/5.0 (compatible; bingbot/2.0; +http://www.bing.com/bingbot.htm)"
157.55.35.90 - - [06/Aug/2013:21:15:11 +0800] "GET /Clothing-5/news/article-8895/ HTTP/1.0" 500 3634 "-" "Mozilla/5.0 (compatible; bingbot/2.0; +http://www.bing.com/bingbot.htm)"
157.56.93.51 - - [06/Aug/2013:21:21:02 +0800] "GET /robots.txt HTTP/1.1" 404 194 "-" "Mozilla/5.0 (compatible; bingbot/2.0; +http://www.bing.com/bingbot.htm)"
157.56.93.51 - - [06/Aug/2013:21:21:31 +0800] "GET /Clothing-5/news/article-8888/ HTTP/1.1" 500 3634 "-" "Mozilla/5.0 (compatible; bingbot/2.0; +http://www.bing.com/bingbot.htm)"
157.55.35.90 - - [06/Aug/2013:21:24:28 +0800] "GET /Clothing-5/news/article-8895/ HTTP/1.1" 500 3634 "-" "Mozilla/5.0 (compatible; bingbot/2.0; +http://www.bing.com/bingbot.htm)"
157.56.93.51 - - [06/Aug/2013:21:24:29 +0800] "GET /Clothing-5/news/article-8888/ HTTP/1.0" 500 3634 "-" "Mozilla/5.0 (compatible; bingbot/2.0; +http://www.bing.com/bingbot.htm)"
208.115.111.68 - - [06/Aug/2013:21:25:22 +0800] "GET /Clothing-5/news/article-8897-page1/ HTTP/1.1" 500 3634 "-" "Mozilla/5.0 (compatible; Ezooms/1.0; ezooms.bot@gmail.com)"
157.55.35.90 - - [06/Aug/2013:21:25:59 +0800] "GET /Clothing-5/news/article-8895/ HTTP/1.0" 500 3634 "-" "Mozilla/5.0 (compatible; bingbot/2.0; +http://www.bing.com/bingbot.htm)"
208.115.111.68 - - [06/Aug/2013:21:38:01 +0800] "GET / HTTP/1.1" 302 72 "-" "Mozilla/5.0 (compatible; Ezooms/1.0; ezooms.bot@gmail.com)"
208.115.113.84 - - [06/Aug/2013:21:55:19 +0800] "GET /robots.txt HTTP/1.1" 404 194 "-" "Mozilla/5.0 (compatible; Ezooms/1.0; ezooms.bot@gmail.com)"
208.115.113.84 - - [06/Aug/2013:21:55:19 +0800] "GET /robots.txt HTTP/1.1" 404 194 "-" "Mozilla/5.0 (compatible; Ezooms/1.0; ezooms.bot@gmail.com)"
123.125.71.41 - - [06/Aug/2013:22:16:54 +0800] "GET / HTTP/1.1" 302 72 "-" "Mozilla/5.0 (compatible; Baiduspider/2.0; +http://www.baidu.com/search/spider.html)"
123.125.71.39 - - [06/Aug/2013:22:16:56 +0800] "GET /index.htm HTTP/1.1" 200 27053 "-" "Mozilla/5.0 (compatible; Baiduspider/2.0; +http://www.baidu.com/search/spider.html)"
123.125.71.14 - - [06/Aug/2013:22:19:18 +0800] "GET / HTTP/1.1" 302 73 "-" "Mozilla/5.0 (compatible; Baiduspider/2.0; +http://www.baidu.com/search/spider.html)"
123.125.71.15 - - [06/Aug/2013:22:19:20 +0800] "GET /index.htm HTTP/1.1" 200 31507 "-" "Mozilla/5.0 (compatible; Baiduspider/2.0; +http://www.baidu.com/search/spider.html)"
157.56.93.51 - - [06/Aug/2013:22:24:31 +0800] "GET /Clothing-5/news/article-8888/ HTTP/1.0" 500 3634 "-" "Mozilla/5.0 (compatible; bingbot/2.0; +http://www.bing.com/bingbot.htm)"
157.55.35.90 - - [06/Aug/2013:22:31:22 +0800] "GET /Clothing-5/news/article-8895/ HTTP/1.0" 500 3634 "-" "Mozilla/5.0 (compatible; bingbot/2.0; +http://www.bing.com/bingbot.htm)"
157.55.32.114 - - [06/Aug/2013:22:34:34 +0800] "GET /robots.txt HTTP/1.1" 404 194 "-" "Mozilla/5.0 (compatible; bingbot/2.0; +http://www.bing.com/bingbot.htm)"
157.55.32.114 - - [06/Aug/2013:22:35:43 +0800] "GET / HTTP/1.1" 302 73 "-" "Mozilla/5.0 (compatible; bingbot/2.0; +http://www.bing.com/bingbot.htm)"
123.125.71.32 - - [06/Aug/2013:23:36:57 +0800] "GET / HTTP/1.1" 302 73 "-" "Mozilla/5.0 (compatible; Baiduspider/2.0; +http://www.baidu.com/search/spider.html)"
220.181.108.110 - - [06/Aug/2013:23:37:31 +0800] "GET / HTTP/1.1" 302 73 "-" "Mozilla/5.0 (compatible; Baiduspider/2.0; +http://www.baidu.com/search/spider.html)"
117.79.144.165 - - [07/Aug/2013:00:13:34 +0800] "GET / HTTP/1.1" 302 73 "-" "Mozilla/4.0 (compatible; MSIE 8.0; Windows NT 5.1; Trident/4.0)"
117.79.144.165 - - [07/Aug/2013:00:13:35 +0800] "GET /index.htm HTTP/1.1" 200 31507 "-" "Mozilla/4.0 (compatible; MSIE 8.0; Windows NT 5.1; Trident/4.0)"
117.79.144.165 - - [07/Aug/2013:00:13:36 +0800] "GET /css3.0/tefont.css HTTP/1.1" 200 634 "-" "Mozilla/4.0 (compatible; MSIE 8.0; Windows NT 5.1; Trident/4.0)"
117.79.144.165 - - [07/Aug/2013:00:13:47 +0800] "GET /css3.0/te.css HTTP/1.1" 200 3436 "-" "Mozilla/4.0 (compatible; MSIE 8.0; Windows NT 5.1; Trident/4.0)"
117.79.144.165 - - [07/Aug/2013:00:21:21 +0800] "GET / HTTP/1.1" 302 72 "-" "Mozilla/4.0 (compatible; MSIE 8.0; Windows NT 5.1; Trident/4.0)"
117.79.144.165 - - [07/Aug/2013:00:21:22 +0800] "GET /index.htm HTTP/1.1" 200 27053 "-" "Mozilla/4.0 (compatible; MSIE 8.0; Windows NT 5.1; Trident/4.0)"
117.79.144.165 - - [07/Aug/2013:00:21:33 +0800] "GET /css3.0/tefont.css HTTP/1.1" 200 634 "-" "Mozilla/4.0 (compatible; MSIE 8.0; Windows NT 5.1; Trident/4.0)"
117.79.144.165 - - [07/Aug/2013:00:21:34 +0800] "GET /css3.0/te.css HTTP/1.1" 200 3436 "-" "Mozilla/4.0 (compatible; MSIE 8.0; Windows NT 5.1; Trident/4.0)"
1.202.218.136 - - [07/Aug/2013:00:48:39 +0800] "GET /robots.txt HTTP/1.1" 404 194 "-" "Mozilla/5.0 ()"
1.202.218.130 - - [07/Aug/2013:00:50:00 +0800] "HEAD / HTTP/1.1" 302 0 "-" "Mozilla/5.0 (compatible; JikeSpider; +http://shoulu.jike.com/spider.html)"
1.202.218.133 - - [07/Aug/2013:00:50:25 +0800] "GET / HTTP/1.1" 302 72 "-" "Mozilla/5.0 (compatible; JikeSpider; +http://shoulu.jike.com/spider.html)"
5.10.83.87 - - [07/Aug/2013:01:41:46 +0800] "GET /Jewelry-9/news/article-138635/ HTTP/1.1" 500 3634 "-" "Mozilla/5.0 (compatible; AhrefsBot/5.0; +http://ahrefs.com/robot/)"
5.10.83.95 - - [07/Aug/2013:01:45:09 +0800] "GET /Jewelry-9/news/article-138784/ HTTP/1.1" 500 3634 "-" "Mozilla/5.0 (compatible; AhrefsBot/5.0; +http://ahrefs.com/robot/)"
208.115.113.84 - - [07/Aug/2013:01:54:12 +0800] "GET /robots.txt HTTP/1.1" 404 194 "-" "Mozilla/5.0 (compatible; Ezooms/1.0; ezooms.bot@gmail.com)"
5.10.83.95 - - [07/Aug/2013:02:00:54 +0800] "GET /Jewelry-9/news/article-138777/ HTTP/1.1" 500 3634 "-" "Mozilla/5.0 (compatible; AhrefsBot/5.0; +http://ahrefs.com/robot/)"
5.10.83.95 - - [07/Aug/2013:02:04:29 +0800] "GET /index.htm HTTP/1.1" 200 31507 "-" "Mozilla/5.0 (compatible; AhrefsBot/5.0; +http://ahrefs.com/robot/)"
119.33.202.66 - - [07/Aug/2013:02:50:23 +0800] "GET / HTTP/1.1" 302 73 "http://www.ding9.com/" "Mozilla/4.0 (compatible; MSIE 8.0; Windows NT 5.1; Trident/4.0)"
119.33.202.66 - - [07/Aug/2013:02:50:24 +0800] "GET /index.htm HTTP/1.1" 200 31507 "http://www.ding9.com/" "Mozilla/4.0 (compatible; MSIE 8.0; Windows NT 5.1; Trident/4.0)"
119.33.202.66 - - [07/Aug/2013:02:50:24 +0800] "GET /css3.0/tefont.css HTTP/1.1" 200 634 "http://clothing.ding9.com/index.htm" "Mozilla/4.0 (compatible; MSIE 8.0; Windows NT 5.1; Trident/4.0)"
119.33.202.66 - - [07/Aug/2013:02:50:24 +0800] "GET /css3.0/te.css HTTP/1.1" 200 3436 "http://clothing.ding9.com/index.htm" "Mozilla/4.0 (compatible; MSIE 8.0; Windows NT 5.1; Trident/4.0)"
119.33.202.66 - - [07/Aug/2013:02:50:24 +0800] "GET /teimages/arrow_022.gif HTTP/1.1" 200 63 "http://clothing.ding9.com/index.htm" "Mozilla/4.0 (compatible; MSIE 8.0; Windows NT 5.1; Trident/4.0)"
119.33.202.66 - - [07/Aug/2013:02:50:24 +0800] "GET /images/menubg_03.jpg HTTP/1.1" 200 453 "http://clothing.ding9.com/index.htm" "Mozilla/4.0 (compatible; MSIE 8.0; Windows NT 5.1; Trident/4.0)"
119.33.202.66 - - [07/Aug/2013:02:50:24 +0800] "GET /images/menubg_08.jpg HTTP/1.1" 200 480 "http://clothing.ding9.com/index.htm" "Mozilla/4.0 (compatible; MSIE 8.0; Windows NT 5.1; Trident/4.0)"
119.33.202.66 - - [07/Aug/2013:02:50:25 +0800] "GET /images/fzfs/more.jpg HTTP/1.1" 200 1165 "http://clothing.ding9.com/index.htm" "Mozilla/4.0 (compatible; MSIE 8.0; Windows NT 5.1; Trident/4.0)"
119.33.202.66 - - [07/Aug/2013:02:50:25 +0800] "GET /images/menubg_04.jpg HTTP/1.1" 200 382 "http://clothing.ding9.com/index.htm" "Mozilla/4.0 (compatible; MSIE 8.0; Windows NT 5.1; Trident/4.0)"
119.33.202.66 - - [07/Aug/2013:02:50:25 +0800] "GET /images/focus2.swf HTTP/1.1" 200 10755 "http://clothing.ding9.com/index.htm" "Mozilla/4.0 (compatible; MSIE 8.0; Windows NT 5.1; Trident/4.0)"
119.33.202.66 - - [07/Aug/2013:02:50:25 +0800] "GET /images/menubg_m.jpg HTTP/1.1" 200 4390 "http://clothing.ding9.com/index.htm" "Mozilla/4.0 (compatible; MSIE 8.0; Windows NT 5.1; Trident/4.0)"
119.33.202.66 - - [07/Aug/2013:02:50:25 +0800] "GET /undefined HTTP/1.1" 404 943 "http://clothing.ding9.com/images/focus2.swf" "Mozilla/4.0 (compatible; MSIE 8.0; Windows NT 5.1; Trident/4.0)"
119.33.202.66 - - [07/Aug/2013:02:50:26 +0800] "GET /undefined HTTP/1.1" 404 943 "http://clothing.ding9.com/images/focus2.swf" "Mozilla/4.0 (compatible; MSIE 8.0; Windows NT 5.1; Trident/4.0)"
119.33.202.66 - - [07/Aug/2013:02:50:26 +0800] "GET /favicon.ico HTTP/1.1" 404 945 "-" "Mozilla/4.0 (compatible; MSIE 8.0; Windows NT 5.1; Trident/4.0)"
119.33.202.66 - - [07/Aug/2013:02:50:26 +0800] "GET /undefined HTTP/1.1" 404 943 "http://clothing.ding9.com/images/focus2.swf" "Mozilla/4.0 (compatible; MSIE 8.0; Windows NT 5.1; Trident/4.0)"
119.33.202.66 - - [07/Aug/2013:02:50:27 +0800] "GET /undefined HTTP/1.1" 404 943 "http://clothing.ding9.com/images/focus2.swf" "Mozilla/4.0 (compatible; MSIE 8.0; Windows NT 5.1; Trident/4.0)"
119.33.202.66 - - [07/Aug/2013:02:50:31 +0800] "GET / HTTP/1.1" 302 72 "http://www.ding9.com/" "Mozilla/4.0 (compatible; MSIE 8.0; Windows NT 5.1; Trident/4.0)"
119.33.202.66 - - [07/Aug/2013:02:50:32 +0800] "GET /index.htm HTTP/1.1" 200 27053 "http://www.ding9.com/" "Mozilla/4.0 (compatible; MSIE 8.0; Windows NT 5.1; Trident/4.0)"
119.33.202.66 - - [07/Aug/2013:02:50:32 +0800] "GET /css3.0/tefont.css HTTP/1.1" 200 634 "http://jingpin.ding9.com/index.htm" "Mozilla/4.0 (compatible; MSIE 8.0; Windows NT 5.1; Trident/4.0)"
119.33.202.66 - - [07/Aug/2013:02:50:32 +0800] "GET /css3.0/te.css HTTP/1.1" 200 3436 "http://jingpin.ding9.com/index.htm" "Mozilla/4.0 (compatible; MSIE 8.0; Windows NT 5.1; Trident/4.0)"
119.33.202.66 - - [07/Aug/2013:02:50:32 +0800] "GET /teimages/arrow_022.gif HTTP/1.1" 200 63 "http://jingpin.ding9.com/index.htm" "Mozilla/4.0 (compatible; MSIE 8.0; Windows NT 5.1; Trident/4.0)"
119.33.202.66 - - [07/Aug/2013:02:50:32 +0800] "GET /images/menubg_03.jpg HTTP/1.1" 200 453 "http://jingpin.ding9.com/index.htm" "Mozilla/4.0 (compatible; MSIE 8.0; Windows NT 5.1; Trident/4.0)"
119.33.202.66 - - [07/Aug/2013:02:50:32 +0800] "GET /images/menubg_04.jpg HTTP/1.1" 200 382 "http://jingpin.ding9.com/index.htm" "Mozilla/4.0 (compatible; MSIE 8.0; Windows NT 5.1; Trident/4.0)"
119.33.202.66 - - [07/Aug/2013:02:50:32 +0800] "GET /images/menubg_08.jpg HTTP/1.1" 200 480 "http://jingpin.ding9.com/index.htm" "Mozilla/4.0 (compatible; MSIE 8.0; Windows NT 5.1; Trident/4.0)"
119.33.202.66 - - [07/Aug/2013:02:50:32 +0800] "GET /images/sssb/more.jpg HTTP/1.1" 200 954 "http://jingpin.ding9.com/index.htm" "Mozilla/4.0 (compatible; MSIE 8.0; Windows NT 5.1; Trident/4.0)"
119.33.202.66 - - [07/Aug/2013:02:50:32 +0800] "GET /images/menubg_m.jpg HTTP/1.1" 200 4390 "http://jingpin.ding9.com/index.htm" "Mozilla/4.0 (compatible; MSIE 8.0; Windows NT 5.1; Trident/4.0)"
119.33.202.66 - - [07/Aug/2013:02:50:32 +0800] "GET /images/focus2.swf HTTP/1.1" 200 10755 "http://jingpin.ding9.com/index.htm" "Mozilla/4.0 (compatible; MSIE 8.0; Windows NT 5.1; Trident/4.0)"
119.33.202.66 - - [07/Aug/2013:02:50:33 +0800] "GET /favicon.ico HTTP/1.1" 404 945 "-" "Mozilla/4.0 (compatible; MSIE 8.0; Windows NT 5.1; Trident/4.0)"
119.33.202.66 - - [07/Aug/2013:02:50:33 +0800] "GET /undefined HTTP/1.1" 404 943 "http://jingpin.ding9.com/images/focus2.swf" "Mozilla/4.0 (compatible; MSIE 8.0; Windows NT 5.1; Trident/4.0)"
119.33.202.66 - - [07/Aug/2013:02:50:33 +0800] "GET /undefined HTTP/1.1" 404 943 "http://jingpin.ding9.com/images/focus2.swf" "Mozilla/4.0 (compatible; MSIE 8.0; Windows NT 5.1; Trident/4.0)"
119.33.202.66 - - [07/Aug/2013:02:50:33 +0800] "GET /undefined HTTP/1.1" 404 943 "http://jingpin.ding9.com/images/focus2.swf" "Mozilla/4.0 (compatible; MSIE 8.0; Windows NT 5.1; Trident/4.0)"
119.33.202.66 - - [07/Aug/2013:02:50:33 +0800] "GET /undefined HTTP/1.1" 404 943 "http://jingpin.ding9.com/images/focus2.swf" "Mozilla/4.0 (compatible; MSIE 8.0; Windows NT 5.1; Trident/4.0)"
5.10.83.14 - - [07/Aug/2013:02:52:09 +0800] "GET /Jewelry-9/news/article-138666/ HTTP/1.1" 500 3634 "-" "Mozilla/5.0 (compatible; AhrefsBot/5.0; +http://ahrefs.com/robot/)"
5.10.83.87 - - [07/Aug/2013:02:58:07 +0800] "GET /Jewelry-9/news/article-138662/ HTTP/1.1" 500 3634 "-" "Mozilla/5.0 (compatible; AhrefsBot/5.0; +http://ahrefs.com/robot/)"
203.208.60.87 - - [07/Aug/2013:03:06:45 +0800] "GET /robots.txt HTTP/1.1" 404 194 "-" "Mozilla/5.0 (compatible; Googlebot/2.1; +http://www.google.com/bot.html)"
203.208.60.87 - - [07/Aug/2013:03:06:46 +0800] "GET / HTTP/1.1" 302 72 "-" "SAMSUNG-SGH-E250/1.0 Profile/MIDP-2.0 Configuration/CLDC-1.1 UP.Browser/6.2.3.3.c.1.101 (GUI) MMP/2.0 (compatible; Googlebot-Mobile/2.1; +http://www.google.com/bot.html)"
203.208.60.87 - - [07/Aug/2013:03:06:47 +0800] "GET /index.htm HTTP/1.1" 200 27053 "-" "SAMSUNG-SGH-E250/1.0 Profile/MIDP-2.0 Configuration/CLDC-1.1 UP.Browser/6.2.3.3.c.1.101 (GUI) MMP/2.0 (compatible; Googlebot-Mobile/2.1; +http://www.google.com/bot.html)"
157.55.32.99 - - [07/Aug/2013:03:20:30 +0800] "GET /robots.txt HTTP/1.1" 404 194 "-" "Mozilla/5.0 (compatible; bingbot/2.0; +http://www.bing.com/bingbot.htm)"
157.55.32.99 - - [07/Aug/2013:03:21:30 +0800] "GET / HTTP/1.1" 302 72 "-" "Mozilla/5.0 (compatible; bingbot/2.0; +http://www.bing.com/bingbot.htm)"
1.202.218.133 - - [07/Aug/2013:03:37:38 +0800] "GET /robots.txt HTTP/1.1" 404 194 "-" "Mozilla/5.0 ()"
1.202.218.138 - - [07/Aug/2013:03:42:49 +0800] "HEAD /index.htm HTTP/1.1" 200 0 "-" "Mozilla/5.0 (compatible; JikeSpider; +http://shoulu.jike.com/spider.html)"
1.202.218.136 - - [07/Aug/2013:03:43:24 +0800] "GET /index.htm HTTP/1.1" 200 27053 "-" "Mozilla/5.0 (compatible; JikeSpider; +http://shoulu.jike.com/spider.html)"
208.115.111.68 - - [07/Aug/2013:03:49:14 +0800] "GET /robots.txt HTTP/1.1" 404 194 "-" "Mozilla/5.0 (compatible; Ezooms/1.0; ezooms.bot@gmail.com)"
208.115.111.68 - - [07/Aug/2013:03:49:14 +0800] "GET /robots.txt HTTP/1.1" 404 194 "-" "Mozilla/5.0 (compatible; Ezooms/1.0; ezooms.bot@gmail.com)"
114.254.40.185 - - [07/Aug/2013:03:57:12 +0800] "GET / HTTP/1.1" 302 73 "http://office.ding9.com/" "Mozilla/5.0 (Macintosh; Intel Mac OS X 10_8_4) AppleWebKit/536.30.1 (KHTML, like Gecko) Version/6.0.5 Safari/536.30.1"
114.254.40.185 - - [07/Aug/2013:03:57:14 +0800] "GET /index.htm HTTP/1.1" 200 31507 "http://office.ding9.com/" "Mozilla/5.0 (Macintosh; Intel Mac OS X 10_8_4) AppleWebKit/536.30.1 (KHTML, like Gecko) Version/6.0.5 Safari/536.30.1"
114.254.40.185 - - [07/Aug/2013:03:57:14 +0800] "GET /css3.0/tefont.css HTTP/1.1" 200 634 "http://clothing.ding9.com/index.htm" "Mozilla/5.0 (Macintosh; Intel Mac OS X 10_8_4) AppleWebKit/536.30.1 (KHTML, like Gecko) Version/6.0.5 Safari/536.30.1"
114.254.40.185 - - [07/Aug/2013:03:57:15 +0800] "GET /css3.0/te.css HTTP/1.1" 200 3436 "http://clothing.ding9.com/index.htm" "Mozilla/5.0 (Macintosh; Intel Mac OS X 10_8_4) AppleWebKit/536.30.1 (KHTML, like Gecko) Version/6.0.5 Safari/536.30.1"
114.254.40.185 - - [07/Aug/2013:03:57:16 +0800] "GET /teimages/arrow_022.gif HTTP/1.1" 200 63 "http://clothing.ding9.com/index.htm" "Mozilla/5.0 (Macintosh; Intel Mac OS X 10_8_4) AppleWebKit/536.30.1 (KHTML, like Gecko) Version/6.0.5 Safari/536.30.1"
114.254.40.185 - - [07/Aug/2013:03:57:16 +0800] "GET /images/menubg_03.jpg HTTP/1.1" 200 453 "http://clothing.ding9.com/index.htm" "Mozilla/5.0 (Macintosh; Intel Mac OS X 10_8_4) AppleWebKit/536.30.1 (KHTML, like Gecko) Version/6.0.5 Safari/536.30.1"
114.254.40.185 - - [07/Aug/2013:03:57:16 +0800] "GET /images/menubg_m.jpg HTTP/1.1" 200 4390 "http://clothing.ding9.com/index.htm" "Mozilla/5.0 (Macintosh; Intel Mac OS X 10_8_4) AppleWebKit/536.30.1 (KHTML, like Gecko) Version/6.0.5 Safari/536.30.1"
114.254.40.185 - - [07/Aug/2013:03:57:16 +0800] "GET /images/fzfs/more.jpg HTTP/1.1" 200 1165 "http://clothing.ding9.com/index.htm" "Mozilla/5.0 (Macintosh; Intel Mac OS X 10_8_4) AppleWebKit/536.30.1 (KHTML, like Gecko) Version/6.0.5 Safari/536.30.1"
114.254.40.185 - - [07/Aug/2013:03:57:16 +0800] "GET /images/menubg_08.jpg HTTP/1.1" 200 480 "http://clothing.ding9.com/index.htm" "Mozilla/5.0 (Macintosh; Intel Mac OS X 10_8_4) AppleWebKit/536.30.1 (KHTML, like Gecko) Version/6.0.5 Safari/536.30.1"
114.254.40.185 - - [07/Aug/2013:03:57:16 +0800] "GET /images/menubg_04.jpg HTTP/1.1" 200 382 "http://clothing.ding9.com/index.htm" "Mozilla/5.0 (Macintosh; Intel Mac OS X 10_8_4) AppleWebKit/536.30.1 (KHTML, like Gecko) Version/6.0.5 Safari/536.30.1"
5.10.83.95 - - [07/Aug/2013:03:59:10 +0800] "GET /Jewelry-9/news/article-138663/ HTTP/1.1" 500 3634 "-" "Mozilla/5.0 (compatible; AhrefsBot/5.0; +http://ahrefs.com/robot/)"
5.10.83.101 - - [07/Aug/2013:04:29:23 +0800] "GET /Jewelry-9/news/sort-53/ HTTP/1.1" 500 3633 "-" "Mozilla/5.0 (compatible; AhrefsBot/5.0; +http://ahrefs.com/robot/)"
157.55.32.114 - - [07/Aug/2013:04:31:23 +0800] "GET /robots.txt HTTP/1.1" 404 194 "-" "Mozilla/5.0 (compatible; bingbot/2.0; +http://www.bing.com/bingbot.htm)"
157.55.32.114 - - [07/Aug/2013:04:34:13 +0800] "GET / HTTP/1.1" 302 73 "-" "Mozilla/5.0 (compatible; bingbot/2.0; +http://www.bing.com/bingbot.htm)"
5.10.83.95 - - [07/Aug/2013:04:40:16 +0800] "GET / HTTP/1.1" 302 72 "-" "Mozilla/5.0 (compatible; AhrefsBot/5.0; +http://ahrefs.com/robot/)"
5.10.83.101 - - [07/Aug/2013:04:45:29 +0800] "GET /Jewelry-9/news/article-138664/ HTTP/1.1" 500 3634 "-" "Mozilla/5.0 (compatible; AhrefsBot/5.0; +http://ahrefs.com/robot/)"
220.181.89.184 - - [07/Aug/2013:05:02:37 +0800] "GET /Mobile-6/news/article-138860-page5/ HTTP/1.1" 500 3634 "-" "Sogou web spider/4.0(+http://www.sogou.com/docs/help/webmasters.htm#07)"
220.181.89.184 - - [07/Aug/2013:05:45:00 +0800] "GET /Mobile-6/news/article-138863-page3/ HTTP/1.1" 500 3634 "-" "Sogou web spider/4.0(+http://www.sogou.com/docs/help/webmasters.htm#07)"
5.10.83.14 - - [07/Aug/2013:05:46:45 +0800] "GET /Jewelry-9/news/article-138782/ HTTP/1.1" 500 3634 "-" "Mozilla/5.0 (compatible; AhrefsBot/5.0; +http://ahrefs.com/robot/)"
5.10.83.87 - - [07/Aug/2013:05:53:26 +0800] "GET /Jewelry-9/news/article-138786/ HTTP/1.1" 500 3634 "-" "Mozilla/5.0 (compatible; AhrefsBot/5.0; +http://ahrefs.com/robot/)"
208.115.113.84 - - [07/Aug/2013:05:54:16 +0800] "GET /robots.txt HTTP/1.1" 404 194 "-" "Mozilla/5.0 (compatible; Ezooms/1.0; ezooms.bot@gmail.com)"
220.181.89.184 - - [07/Aug/2013:06:08:03 +0800] "GET /Mobile-6/news/article-138860-page5/ HTTP/1.1" 500 3634 "-" "Sogou web spider/4.0(+http://www.sogou.com/docs/help/webmasters.htm#07)"
66.249.74.132 - - [07/Aug/2013:06:20:46 +0800] "GET / HTTP/1.1" 302 72 "-" "DoCoMo/2.0 N905i(c100;TB;W24H16) (compatible; Googlebot-Mobile/2.1; +http://www.google.com/bot.html)"
66.249.74.132 - - [07/Aug/2013:06:20:46 +0800] "GET /index.htm HTTP/1.1" 200 27053 "-" "DoCoMo/2.0 N905i(c100;TB;W24H16) (compatible; Googlebot-Mobile/2.1; +http://www.google.com/bot.html)"
5.10.83.101 - - [07/Aug/2013:06:20:55 +0800] "GET /Jewelry-9/news/article-138785/ HTTP/1.1" 500 3634 "-" "Mozilla/5.0 (compatible; AhrefsBot/5.0; +http://ahrefs.com/robot/)"
5.10.83.101 - - [07/Aug/2013:06:34:55 +0800] "GET /Jewelry-9/news/article-138780/ HTTP/1.1" 500 3634 "-" "Mozilla/5.0 (compatible; AhrefsBot/5.0; +http://ahrefs.com/robot/)"
5.10.83.101 - - [07/Aug/2013:06:44:00 +0800] "GET /Jewelry-9/news/article-138778/ HTTP/1.1" 500 3634 "-" "Mozilla/5.0 (compatible; AhrefsBot/5.0; +http://ahrefs.com/robot/)"
5.10.83.14 - - [07/Aug/2013:07:01:57 +0800] "GET /Jewelry-9/news/article-138661/ HTTP/1.1" 500 3634 "-" "Mozilla/5.0 (compatible; AhrefsBot/5.0; +http://ahrefs.com/robot/)"
5.10.83.87 - - [07/Aug/2013:07:13:58 +0800] "GET /Jewelry-9/news/sort-52/ HTTP/1.1" 500 3633 "-" "Mozilla/5.0 (compatible; AhrefsBot/5.0; +http://ahrefs.com/robot/)"
5.10.83.101 - - [07/Aug/2013:07:15:22 +0800] "GET /Jewelry-9/news/article-138667/ HTTP/1.1" 500 3634 "-" "Mozilla/5.0 (compatible; AhrefsBot/5.0; +http://ahrefs.com/robot/)"
123.125.71.44 - - [07/Aug/2013:07:16:27 +0800] "GET /robots.txt HTTP/1.1" 404 194 "-" "Mozilla/5.0 (compatible; Baiduspider/2.0; +http://www.baidu.com/search/spider.html)"
208.115.113.84 - - [07/Aug/2013:07:18:23 +0800] "GET /Clothing-5/news/article-8896-page2/ HTTP/1.1" 500 3634 "-" "Mozilla/5.0 (compatible; Ezooms/1.0; ezooms.bot@gmail.com)"
5.10.83.95 - - [07/Aug/2013:07:18:55 +0800] "GET /Jewelry-9/news/article-138779/ HTTP/1.1" 500 3634 "-" "Mozilla/5.0 (compatible; AhrefsBot/5.0; +http://ahrefs.com/robot/)"
5.10.83.101 - - [07/Aug/2013:08:31:18 +0800] "GET /Jewelry-9/news/article-138668/ HTTP/1.1" 500 3634 "-" "Mozilla/5.0 (compatible; AhrefsBot/5.0; +http://ahrefs.com/robot/)"
5.10.83.14 - - [07/Aug/2013:08:41:03 +0800] "GET /Jewelry-9/news/article-138669/ HTTP/1.1" 500 3634 "-" "Mozilla/5.0 (compatible; AhrefsBot/5.0; +http://ahrefs.com/robot/)"
5.10.83.101 - - [07/Aug/2013:09:07:23 +0800] "GET /Jewelry-9/news/article-138781/ HTTP/1.1" 500 3634 "-" "Mozilla/5.0 (compatible; AhrefsBot/5.0; +http://ahrefs.com/robot/)"
5.10.83.95 - - [07/Aug/2013:09:16:18 +0800] "GET /Jewelry-9/news/article-138665/ HTTP/1.1" 500 3634 "-" "Mozilla/5.0 (compatible; AhrefsBot/5.0; +http://ahrefs.com/robot/)"
5.10.83.87 - - [07/Aug/2013:09:21:03 +0800] "GET /Jewelry-9/news/article-138783/ HTTP/1.1" 500 3634 "-" "Mozilla/5.0 (compatible; AhrefsBot/5.0; +http://ahrefs.com/robot/)"
208.115.111.68 - - [07/Aug/2013:11:50:36 +0800] "GET /robots.txt HTTP/1.1" 404 194 "-" "Mozilla/5.0 (compatible; Ezooms/1.0; ezooms.bot@gmail.com)"
66.249.75.141 - - [07/Aug/2013:12:11:23 +0800] "GET /robots.txt HTTP/1.1" 404 194 "-" "Mozilla/5.0 (compatible; Googlebot/2.1; +http://www.google.com/bot.html)"
66.249.75.141 - - [07/Aug/2013:12:11:24 +0800] "GET /index.htm HTTP/1.1" 200 27053 "-" "DoCoMo/2.0 N905i(c100;TB;W24H16) (compatible; Googlebot-Mobile/2.1; +http://www.google.com/bot.html)"
180.76.5.138 - - [07/Aug/2013:13:15:53 +0800] "GET / HTTP/1.1" 302 72 "-" "Mozilla/5.0 (compatible; Baiduspider/2.0; +http://www.baidu.com/search/spider.html)"
180.76.5.53 - - [07/Aug/2013:13:15:54 +0800] "GET /index.htm HTTP/1.1" 200 27053 "-" "Mozilla/5.0 (compatible; Baiduspider/2.0; +http://www.baidu.com/search/spider.html)"
208.115.113.84 - - [07/Aug/2013:14:15:51 +0800] "GET /robots.txt HTTP/1.1" 404 194 "-" "Mozilla/5.0 (compatible; Ezooms/1.0; ezooms.bot@gmail.com)"
208.115.113.84 - - [07/Aug/2013:14:15:51 +0800] "GET /robots.txt HTTP/1.1" 404 194 "-" "Mozilla/5.0 (compatible; Ezooms/1.0; ezooms.bot@gmail.com)"
157.55.32.99 - - [07/Aug/2013:14:47:16 +0800] "GET /robots.txt HTTP/1.1" 404 194 "-" "Mozilla/5.0 (compatible; bingbot/2.0; +http://www.bing.com/bingbot.htm)"
157.55.32.99 - - [07/Aug/2013:14:48:02 +0800] "GET / HTTP/1.1" 302 72 "-" "Mozilla/5.0 (compatible; bingbot/2.0; +http://www.bing.com/bingbot.htm)"
66.249.75.146 - - [07/Aug/2013:15:03:23 +0800] "GET /robots.txt HTTP/1.1" 404 194 "-" "Mozilla/5.0 (compatible; Googlebot/2.1; +http://www.google.com/bot.html)"
66.249.75.146 - - [07/Aug/2013:15:03:23 +0800] "GET / HTTP/1.1" 302 73 "-" "Mozilla/5.0 (iPhone; U; CPU iPhone OS 4_1 like Mac OS X; en-us) AppleWebKit/532.9 (KHTML, like Gecko) Version/4.0.5 Mobile/8B117 Safari/6531.22.7 (compatible; Googlebot-Mobile/2.1; +http://www.google.com/bot.html)"
66.249.75.148 - - [07/Aug/2013:15:03:38 +0800] "GET /index.htm HTTP/1.1" 200 31507 "-" "Mozilla/5.0 (iPhone; U; CPU iPhone OS 4_1 like Mac OS X; en-us) AppleWebKit/532.9 (KHTML, like Gecko) Version/4.0.5 Mobile/8B117 Safari/6531.22.7 (compatible; Googlebot-Mobile/2.1; +http://www.google.com/bot.html)"
5.10.83.93 - - [07/Aug/2013:15:18:37 +0800] "GET /Clothing-5/news/article-138598/ HTTP/1.1" 500 3634 "-" "Mozilla/5.0 (compatible; AhrefsBot/5.0; +http://ahrefs.com/robot/)"
5.10.83.65 - - [07/Aug/2013:15:25:36 +0800] "GET /Clothing-5/news/article-138597/ HTTP/1.1" 500 3634 "-" "Mozilla/5.0 (compatible; AhrefsBot/5.0; +http://ahrefs.com/robot/)"
157.55.32.114 - - [07/Aug/2013:15:33:23 +0800] "GET /robots.txt HTTP/1.1" 404 194 "-" "Mozilla/5.0 (compatible; bingbot/2.0; +http://www.bing.com/bingbot.htm)"
157.55.32.114 - - [07/Aug/2013:15:34:06 +0800] "GET / HTTP/1.1" 302 73 "-" "Mozilla/5.0 (compatible; bingbot/2.0; +http://www.bing.com/bingbot.htm)"
123.125.71.27 - - [07/Aug/2013:15:36:49 +0800] "GET /robots.txt HTTP/1.1" 404 194 "-" "Mozilla/5.0 (compatible; Baiduspider/2.0; +http://www.baidu.com/search/spider.html)"
5.10.83.65 - - [07/Aug/2013:15:41:51 +0800] "GET /Clothing-5/news/article-138893/ HTTP/1.1" 500 3634 "-" "Mozilla/5.0 (compatible; AhrefsBot/5.0; +http://ahrefs.com/robot/)"
220.181.89.184 - - [07/Aug/2013:15:46:57 +0800] "GET /robots.txt HTTP/1.1" 404 194 "-" "Sogou web spider/4.0"
220.181.89.184 - - [07/Aug/2013:15:48:09 +0800] "GET /Mobile-6/news/article-138555-page4/ HTTP/1.1" 500 3634 "-" "Sogou web spider/4.0(+http://www.sogou.com/docs/help/webmasters.htm#07)"
5.10.83.77 - - [07/Aug/2013:15:49:45 +0800] "GET /Clothing-5/news/article-8897/ HTTP/1.1" 500 3634 "-" "Mozilla/5.0 (compatible; AhrefsBot/5.0; +http://ahrefs.com/robot/)"
208.115.111.68 - - [07/Aug/2013:15:51:20 +0800] "GET /robots.txt HTTP/1.1" 404 194 "-" "Mozilla/5.0 (compatible; Ezooms/1.0; ezooms.bot@gmail.com)"
208.115.111.68 - - [07/Aug/2013:15:51:20 +0800] "GET /robots.txt HTTP/1.1" 404 194 "-" "Mozilla/5.0 (compatible; Ezooms/1.0; ezooms.bot@gmail.com)"
208.115.113.84 - - [07/Aug/2013:15:53:59 +0800] "GET /Jewelry-9/news/article-138785-page3/ HTTP/1.1" 500 3634 "-" "Mozilla/5.0 (compatible; Ezooms/1.0; ezooms.bot@gmail.com)"
220.181.89.184 - - [07/Aug/2013:15:54:25 +0800] "GET /Mobile-6/news/article-138552-page13/ HTTP/1.1" 500 3634 "-" "Sogou web spider/4.0(+http://www.sogou.com/docs/help/webmasters.htm#07)"
208.115.113.84 - - [07/Aug/2013:16:14:44 +0800] "GET /Clothing-5/news/article-8895-page2/ HTTP/1.1" 500 3634 "-" "Mozilla/5.0 (compatible; Ezooms/1.0; ezooms.bot@gmail.com)"
5.10.83.77 - - [07/Aug/2013:16:16:46 +0800] "GET /Clothing-5/news/article-138595/ HTTP/1.1" 500 3634 "-" "Mozilla/5.0 (compatible; AhrefsBot/5.0; +http://ahrefs.com/robot/)"
5.10.83.93 - - [07/Aug/2013:16:19:07 +0800] "GET /Clothing-5/news/article-138921/ HTTP/1.1" 500 3634 "-" "Mozilla/5.0 (compatible; AhrefsBot/5.0; +http://ahrefs.com/robot/)"
5.10.83.77 - - [07/Aug/2013:16:30:41 +0800] "GET /Clothing-5/news/article-138891/ HTTP/1.1" 500 3634 "-" "Mozilla/5.0 (compatible; AhrefsBot/5.0; +http://ahrefs.com/robot/)"
123.125.71.56 - - [07/Aug/2013:16:44:27 +0800] "GET / HTTP/1.1" 302 72 "-" "Mozilla/5.0 (compatible; Baiduspider/2.0; +http://www.baidu.com/search/spider.html)"
220.181.108.97 - - [07/Aug/2013:16:45:08 +0800] "GET / HTTP/1.1" 302 72 "-" "Mozilla/5.0 (compatible; Baiduspider/2.0; +http://www.baidu.com/search/spider.html)"
5.10.83.77 - - [07/Aug/2013:16:50:05 +0800] "GET /Clothing-5/news/article-138596/ HTTP/1.1" 500 3634 "-" "Mozilla/5.0 (compatible; AhrefsBot/5.0; +http://ahrefs.com/robot/)"
5.10.83.77 - - [07/Aug/2013:16:50:45 +0800] "GET /Clothing-5/news/article-138892/ HTTP/1.1" 500 3634 "-" "Mozilla/5.0 (compatible; AhrefsBot/5.0; +http://ahrefs.com/robot/)"
220.181.89.184 - - [07/Aug/2013:16:52:47 +0800] "GET /Mobile-6/news/article-138555-page4/ HTTP/1.1" 500 3634 "-" "Sogou web spider/4.0(+http://www.sogou.com/docs/help/webmasters.htm#07)"
220.181.89.184 - - [07/Aug/2013:17:13:23 +0800] "GET /Mobile-6/news/article-138552-page13/ HTTP/1.1" 500 3634 "-" "Sogou web spider/4.0(+http://www.sogou.com/docs/help/webmasters.htm#07)"
5.10.83.65 - - [07/Aug/2013:17:35:24 +0800] "GET /Clothing-5/news/article-8899/ HTTP/1.1" 500 3634 "-" "Mozilla/5.0 (compatible; AhrefsBot/5.0; +http://ahrefs.com/robot/)"
5.10.83.93 - - [07/Aug/2013:17:46:16 +0800] "GET /Clothing-5/news/article-138924/ HTTP/1.1" 500 3634 "-" "Mozilla/5.0 (compatible; AhrefsBot/5.0; +http://ahrefs.com/robot/)"
5.10.83.30 - - [07/Aug/2013:18:26:17 +0800] "GET /Clothing-5/news/sort-50/ HTTP/1.1" 500 3633 "-" "Mozilla/5.0 (compatible; AhrefsBot/5.0; +http://ahrefs.com/robot/)"
5.10.83.65 - - [07/Aug/2013:18:41:42 +0800] "GET /Clothing-5/news/article-138877/ HTTP/1.1" 500 3634 "-" "Mozilla/5.0 (compatible; AhrefsBot/5.0; +http://ahrefs.com/robot/)"
5.10.83.30 - - [07/Aug/2013:19:14:11 +0800] "GET /Clothing-5/news/article-8898/ HTTP/1.1" 500 3634 "-" "Mozilla/5.0 (compatible; AhrefsBot/5.0; +http://ahrefs.com/robot/)"
5.10.83.93 - - [07/Aug/2013:19:32:56 +0800] "GET /Clothing-5/news/sort-51/ HTTP/1.1" 500 3633 "-" "Mozilla/5.0 (compatible; AhrefsBot/5.0; +http://ahrefs.com/robot/)"
5.10.83.77 - - [07/Aug/2013:20:04:04 +0800] "GET /Clothing-5/news/article-8896/ HTTP/1.1" 500 3634 "-" "Mozilla/5.0 (compatible; AhrefsBot/5.0; +http://ahrefs.com/robot/)"
5.10.83.30 - - [07/Aug/2013:20:12:51 +0800] "GET /Clothing-5/news/article-8895/ HTTP/1.1" 500 3634 "-" "Mozilla/5.0 (compatible; AhrefsBot/5.0; +http://ahrefs.com/robot/)"
123.125.71.41 - - [07/Aug/2013:20:37:08 +0800] "GET /Jewelry-9/news/article-138783/ HTTP/1.1" 500 3634 "-" "Mozilla/5.0 (compatible; Baiduspider/2.0; +http://www.baidu.com/search/spider.html)"
5.10.83.77 - - [07/Aug/2013:21:01:30 +0800] "GET /Clothing-5/news/article-8888/ HTTP/1.1" 500 3634 "-" "Mozilla/5.0 (compatible; AhrefsBot/5.0; +http://ahrefs.com/robot/)"
123.125.71.69 - - [07/Aug/2013:21:12:16 +0800] "GET /Jewelry-9/news/article-138781/ HTTP/1.1" 500 3634 "-" "Mozilla/5.0 (compatible; Baiduspider/2.0; +http://www.baidu.com/search/spider.html)"
5.10.83.30 - - [07/Aug/2013:21:21:04 +0800] "GET /Clothing-5/news/article-138925/ HTTP/1.1" 500 3634 "-" "Mozilla/5.0 (compatible; AhrefsBot/5.0; +http://ahrefs.com/robot/)"
5.10.83.30 - - [07/Aug/2013:21:36:29 +0800] "GET /Clothing-5/news/article-8887/ HTTP/1.1" 500 3634 "-" "Mozilla/5.0 (compatible; AhrefsBot/5.0; +http://ahrefs.com/robot/)"
5.10.83.77 - - [07/Aug/2013:21:37:09 +0800] "GET /Clothing-5/news/article-8900/ HTTP/1.1" 500 3634 "-" "Mozilla/5.0 (compatible; AhrefsBot/5.0; +http://ahrefs.com/robot/)"
123.125.71.14 - - [07/Aug/2013:21:40:58 +0800] "GET /Jewelry-9/news/article-138663/ HTTP/1.1" 500 3634 "-" "Mozilla/5.0 (compatible; Baiduspider/2.0; +http://www.baidu.com/search/spider.html)"
101.226.168.228 - - [07/Aug/2013:22:25:13 +0800] "GET /robots.txt HTTP/1.1" 404 944 "http://jingpin.ding9.com/robots.txt" "Mozilla/4.0 (compatible; MSIE 8.0; Windows NT 6.1; Trident/4.0; SLCC2; .NET CLR 2.0.50727; .NET CLR 3.5.30729; .NET CLR 3.0.30729; Media Center PC 6.0; MDDR; .NET4.0C; .NET4.0E; .NET CLR 1.1.4322; Tablet PC 2.0); 360Spider"
5.10.83.77 - - [07/Aug/2013:22:32:52 +0800] "GET /Clothing-5/news/article-138876/ HTTP/1.1" 500 3634 "-" "Mozilla/5.0 (compatible; AhrefsBot/5.0; +http://ahrefs.com/robot/)"
101.226.167.195 - - [07/Aug/2013:22:40:09 +0800] "GET /robots.txt HTTP/1.1" 404 944 "http://clothing.ding9.com/robots.txt" "Mozilla/4.0 (compatible; MSIE 8.0; Windows NT 6.1; Trident/4.0; SLCC2; .NET CLR 2.0.50727; .NET CLR 3.5.30729; .NET CLR 3.0.30729; Media Center PC 6.0; MDDR; .NET4.0C; .NET4.0E; .NET CLR 1.1.4322; Tablet PC 2.0); 360Spider"
123.125.71.31 - - [07/Aug/2013:23:31:09 +0800] "GET /Clothing-5/news/sort-50/ HTTP/1.1" 500 3633 "-" "Mozilla/5.0 (compatible; Baiduspider/2.0; +http://www.baidu.com/search/spider.html)"
123.125.71.50 - - [07/Aug/2013:23:55:54 +0800] "GET /robots.txt HTTP/1.1" 404 194 "-" "Mozilla/5.0 (compatible; Baiduspider/2.0; +http://www.baidu.com/search/spider.html)"
220.181.108.148 - - [07/Aug/2013:23:58:31 +0800] "GET /Clothing-5/news/article-8900/ HTTP/1.1" 500 3634 "-" "Mozilla/5.0 (compatible; Baiduspider/2.0; +http://www.baidu.com/search/spider.html)"
220.181.108.155 - - [08/Aug/2013:00:33:28 +0800] "GET /Clothing-5/news/article-8897/ HTTP/1.1" 500 3634 "-" "Mozilla/5.0 (compatible; Baiduspider/2.0; +http://www.baidu.com/search/spider.html)"
123.125.71.83 - - [08/Aug/2013:01:10:05 +0800] "GET /Clothing-5/news/article-138876/ HTTP/1.1" 500 3634 "-" "Mozilla/5.0 (compatible; Baiduspider/2.0; +http://www.baidu.com/search/spider.html)"
123.125.71.70 - - [08/Aug/2013:01:26:16 +0800] "GET / HTTP/1.1" 302 73 "-" "Mozilla/5.0 (compatible; Baiduspider/2.0; +http://www.baidu.com/search/spider.html)"
123.125.71.95 - - [08/Aug/2013:01:26:19 +0800] "GET /index.htm HTTP/1.1" 200 31507 "-" "Mozilla/5.0 (compatible; Baiduspider/2.0; +http://www.baidu.com/search/spider.html)"
157.55.32.114 - - [08/Aug/2013:01:54:37 +0800] "GET /robots.txt HTTP/1.1" 404 194 "-" "Mozilla/5.0 (compatible; bingbot/2.0; +http://www.bing.com/bingbot.htm)"
157.55.32.114 - - [08/Aug/2013:01:55:31 +0800] "GET / HTTP/1.1" 302 73 "-" "Mozilla/5.0 (compatible; bingbot/2.0; +http://www.bing.com/bingbot.htm)"
220.181.89.184 - - [08/Aug/2013:02:33:53 +0800] "GET /Mobile-6/news/article-10400-page1/ HTTP/1.1" 500 3634 "-" "Sogou web spider/4.0(+http://www.sogou.com/docs/help/webmasters.htm#07)"
157.55.35.117 - - [08/Aug/2013:02:34:42 +0800] "GET /robots.txt HTTP/1.1" 404 194 "-" "Mozilla/5.0 (compatible; bingbot/2.0; +http://www.bing.com/bingbot.htm)"
157.55.35.117 - - [08/Aug/2013:02:37:32 +0800] "GET / HTTP/1.1" 302 72 "-" "Mozilla/5.0 (compatible; bingbot/2.0; +http://www.bing.com/bingbot.htm)"
157.55.35.117 - - [08/Aug/2013:02:37:34 +0800] "GET /index.htm HTTP/1.1" 200 27053 "-" "Mozilla/5.0 (compatible; bingbot/2.0; +http://www.bing.com/bingbot.htm)"
220.181.89.184 - - [08/Aug/2013:02:47:58 +0800] "GET /Mobile-6/news/article-138864-page5/ HTTP/1.1" 500 3634 "-" "Sogou web spider/4.0(+http://www.sogou.com/docs/help/webmasters.htm#07)"
157.55.35.117 - - [08/Aug/2013:03:20:08 +0800] "GET /robots.txt HTTP/1.1" 404 194 "-" "Mozilla/5.0 (compatible; bingbot/2.0; +http://www.bing.com/bingbot.htm)"
157.55.35.117 - - [08/Aug/2013:03:21:30 +0800] "GET / HTTP/1.1" 302 72 "-" "Mozilla/5.0 (compatible; bingbot/2.0; +http://www.bing.com/bingbot.htm)"
157.55.35.117 - - [08/Aug/2013:04:00:59 +0800] "GET / HTTP/1.1" 302 72 "-" "Mozilla/5.0 (compatible; bingbot/2.0; +http://www.bing.com/bingbot.htm)"
157.55.35.117 - - [08/Aug/2013:05:09:40 +0800] "GET /robots.txt HTTP/1.1" 404 194 "-" "Mozilla/5.0 (compatible; bingbot/2.0; +http://www.bing.com/bingbot.htm)"
157.55.35.117 - - [08/Aug/2013:05:10:36 +0800] "GET / HTTP/1.1" 302 72 "-" "Mozilla/5.0 (compatible; bingbot/2.0; +http://www.bing.com/bingbot.htm)"
157.55.35.117 - - [08/Aug/2013:05:30:16 +0800] "GET / HTTP/1.1" 302 72 "-" "Mozilla/5.0 (compatible; bingbot/2.0; +http://www.bing.com/bingbot.htm)"
101.226.167.202 - - [08/Aug/2013:05:35:16 +0800] "GET /Clothing-5/news/sort-51/ HTTP/1.1" 500 4383 "http://clothing.ding9.com/Clothing-5/news/sort-51/" "Mozilla/4.0 (compatible; MSIE 8.0; Windows NT 6.1; Trident/4.0; SLCC2; .NET CLR 2.0.50727; .NET CLR 3.5.30729; .NET CLR 3.0.30729; Media Center PC 6.0; MDDR; .NET4.0C; .NET4.0E; .NET CLR 1.1.4322; Tablet PC 2.0); 360Spider"
101.226.167.201 - - [08/Aug/2013:05:35:17 +0800] "GET /Clothing-5/news/article-8885-page3/ HTTP/1.1" 500 4384 "http://clothing.ding9.com/Clothing-5/news/article-8885-page3/" "Mozilla/4.0 (compatible; MSIE 8.0; Windows NT 6.1; Trident/4.0; SLCC2; .NET CLR 2.0.50727; .NET CLR 3.5.30729; .NET CLR 3.0.30729; Media Center PC 6.0; MDDR; .NET4.0C; .NET4.0E; .NET CLR 1.1.4322; Tablet PC 2.0); 360Spider"
101.226.167.206 - - [08/Aug/2013:05:35:17 +0800] "GET /clothing-5/news/article-8880-page2/ HTTP/1.1" 500 4384 "http://clothing.ding9.com/clothing-5/news/article-8880-page2/" "Mozilla/4.0 (compatible; MSIE 8.0; Windows NT 6.1; Trident/4.0; SLCC2; .NET CLR 2.0.50727; .NET CLR 3.5.30729; .NET CLR 3.0.30729; Media Center PC 6.0; MDDR; .NET4.0C; .NET4.0E; .NET CLR 1.1.4322; Tablet PC 2.0); 360Spider"
182.118.21.232 - - [08/Aug/2013:05:50:50 +0800] "GET /Jewelry-9/news/article-138661/ HTTP/1.1" 500 3634 "http://jingpin.ding9.com/Jewelry-9/news/article-138661/" "Mozilla/5.0 (Windows; U; Windows NT 5.1; zh-CN; rv:1.8.0.11)  Firefox/1.5.0.11; 360Spider"
182.118.21.236 - - [08/Aug/2013:05:50:52 +0800] "GET /Jewelry-9/news/article-138780/ HTTP/1.1" 500 3634 "http://jingpin.ding9.com/Jewelry-9/news/article-138780/" "Mozilla/5.0 (Windows; U; Windows NT 5.1; zh-CN; rv:1.8.0.11)  Firefox/1.5.0.11; 360Spider"
182.118.21.235 - - [08/Aug/2013:05:50:58 +0800] "GET /Jewelry-9/news/article-138783/ HTTP/1.1" 500 3634 "http://jingpin.ding9.com/Jewelry-9/news/article-138783/" "Mozilla/5.0 (Windows; U; Windows NT 5.1; zh-CN; rv:1.8.0.11)  Firefox/1.5.0.11; 360Spider"
123.125.71.88 - - [08/Aug/2013:07:34:33 +0800] "GET /robots.txt HTTP/1.1" 404 194 "-" "Mozilla/5.0 (compatible; Baiduspider/2.0; +http://www.baidu.com/search/spider.html)"
220.181.108.84 - - [08/Aug/2013:07:55:24 +0800] "GET /Jewelry-9/news/article-138779/ HTTP/1.1" 500 3634 "-" "Mozilla/5.0 (compatible; Baiduspider/2.0; +http://www.baidu.com/search/spider.html)"
220.181.108.108 - - [08/Aug/2013:08:40:54 +0800] "GET /Jewelry-9/news/article-138668/ HTTP/1.1" 500 3634 "-" "Mozilla/5.0 (compatible; Baiduspider/2.0; +http://www.baidu.com/search/spider.html)"
123.125.71.24 - - [08/Aug/2013:09:00:15 +0800] "GET /robots.txt HTTP/1.1" 404 194 "-" "Mozilla/5.0 (compatible; Baiduspider/2.0; +http://www.baidu.com/search/spider.html)"
220.181.108.140 - - [08/Aug/2013:09:21:47 +0800] "GET /Jewelry-9/news/article-138667/ HTTP/1.1" 500 3634 "-" "Mozilla/5.0 (compatible; Baiduspider/2.0; +http://www.baidu.com/search/spider.html)"
220.181.108.174 - - [08/Aug/2013:09:52:27 +0800] "GET /Jewelry-9/news/article-138665/ HTTP/1.1" 500 3634 "-" "Mozilla/5.0 (compatible; Baiduspider/2.0; +http://www.baidu.com/search/spider.html)"
182.118.20.214 - - [08/Aug/2013:10:11:18 +0800] "GET /robots.txt HTTP/1.1" 404 194 "http://clothing.ding9.com/robots.txt" "Mozilla/5.0 (Windows; U; Windows NT 5.1; zh-CN; rv:1.8.0.11)  Firefox/1.5.0.11; 360Spider"
123.125.71.21 - - [08/Aug/2013:11:02:43 +0800] "GET /Clothing-5/news/article-8899/ HTTP/1.1" 500 3634 "-" "Mozilla/5.0 (compatible; Baiduspider/2.0; +http://www.baidu.com/search/spider.html)"
123.125.71.115 - - [08/Aug/2013:11:25:17 +0800] "GET / HTTP/1.1" 302 72 "-" "Mozilla/5.0 (compatible; Baiduspider/2.0; +http://www.baidu.com/search/spider.html)"
123.125.71.78 - - [08/Aug/2013:11:25:21 +0800] "GET /index.htm HTTP/1.1" 200 27053 "-" "Mozilla/5.0 (compatible; Baiduspider/2.0; +http://www.baidu.com/search/spider.html)"
220.181.89.184 - - [08/Aug/2013:11:38:10 +0800] "GET /Mobile-6/news/article-138552-page10/ HTTP/1.1" 500 3634 "-" "Sogou web spider/4.0(+http://www.sogou.com/docs/help/webmasters.htm#07)"
220.181.89.184 - - [08/Aug/2013:11:43:24 +0800] "GET /Mobile-6/news/article-138553-page9/ HTTP/1.1" 500 3634 "-" "Sogou web spider/4.0(+http://www.sogou.com/docs/help/webmasters.htm#07)"
123.125.71.34 - - [08/Aug/2013:11:53:43 +0800] "GET /Clothing-5/news/article-8898/ HTTP/1.1" 500 3634 "-" "Mozilla/5.0 (compatible; Baiduspider/2.0; +http://www.baidu.com/search/spider.html)"
220.181.108.96 - - [08/Aug/2013:12:24:05 +0800] "GET /Clothing-5/news/article-138893/ HTTP/1.1" 500 3634 "-" "Mozilla/5.0 (compatible; Baiduspider/2.0; +http://www.baidu.com/search/spider.html)"
220.181.89.184 - - [08/Aug/2013:12:44:48 +0800] "GET /Mobile-6/news/article-138552-page10/ HTTP/1.1" 500 3634 "-" "Sogou web spider/4.0(+http://www.sogou.com/docs/help/webmasters.htm#07)"
220.181.89.184 - - [08/Aug/2013:12:48:30 +0800] "GET /Mobile-6/news/article-138553-page9/ HTTP/1.1" 500 3634 "-" "Sogou web spider/4.0(+http://www.sogou.com/docs/help/webmasters.htm#07)"
113.246.167.158 - - [08/Aug/2013:12:57:27 +0800] "GET / HTTP/1.1" 302 72 "http://www.ding9.com/" "Mozilla/4.0 (compatible; MSIE 8.0; Windows NT 5.1; Trident/4.0; .NET CLR 2.0.50727; .NET4.0E; .NET4.0C; .NET CLR 3.0.4506.2152; .NET CLR 3.5.30729; .NET CLR 1.1.4322)"
113.246.167.158 - - [08/Aug/2013:12:57:28 +0800] "GET /index.htm HTTP/1.1" 200 27053 "http://www.ding9.com/" "Mozilla/4.0 (compatible; MSIE 8.0; Windows NT 5.1; Trident/4.0; .NET CLR 2.0.50727; .NET4.0E; .NET4.0C; .NET CLR 3.0.4506.2152; .NET CLR 3.5.30729; .NET CLR 1.1.4322)"
