220.181.89.184 - - [30/Aug/2013:21:48:47 +0800] "GET /news/news-info.do?article_id=138635&prso_id_one=9&prso_name_one_en=&current_page=5 HTTP/1.1" 500 3183 "-" "Sogou web spider/4.0(+http://www.sogou.com/docs/help/webmasters.htm#07)"
203.208.60.63 - - [30/Aug/2013:21:49:32 +0800] "GET /robots.txt HTTP/1.1" 404 194 "-" "Mozilla/5.0 (compatible; Googlebot/2.1; +http://www.google.com/bot.html)"
203.208.60.63 - - [30/Aug/2013:21:49:32 +0800] "GET / HTTP/1.1" 302 73 "-" "Mozilla/5.0 (compatible; Googlebot/2.1; +http://www.google.com/bot.html)"
203.208.60.63 - - [30/Aug/2013:21:49:33 +0800] "GET /index.htm HTTP/1.1" 200 28578 "-" "Mozilla/5.0 (compatible; Googlebot/2.1; +http://www.google.com/bot.html)"
220.181.89.184 - - [30/Aug/2013:21:54:55 +0800] "GET /Mobile-6/news/article-10381-page7/ HTTP/1.1" 500 3634 "-" "Sogou web spider/4.0(+http://www.sogou.com/docs/help/webmasters.htm#07)"
208.115.113.84 - - [30/Aug/2013:22:00:37 +0800] "GET /robots.txt HTTP/1.1" 404 194 "-" "Mozilla/5.0 (compatible; Ezooms/1.0; ezooms.bot@gmail.com)"
208.115.113.84 - - [30/Aug/2013:22:00:37 +0800] "GET /robots.txt HTTP/1.1" 404 194 "-" "Mozilla/5.0 (compatible; Ezooms/1.0; ezooms.bot@gmail.com)"
65.55.52.86 - - [30/Aug/2013:22:02:01 +0800] "GET /jingpin-9/news/article-138663/ HTTP/1.1" 500 3634 "-" "Mozilla/5.0 (compatible; bingbot/2.0; +http://www.bing.com/bingbot.htm)"
65.55.24.219 - - [30/Aug/2013:22:02:33 +0800] "GET /jingpin-9/news/article-138666/ HTTP/1.0" 500 3634 "-" "Mozilla/5.0 (compatible; bingbot/2.0; +http://www.bing.com/bingbot.htm)"
65.55.24.219 - - [30/Aug/2013:22:02:34 +0800] "GET /jingpin-9/news/article-138661/ HTTP/1.0" 500 3634 "-" "Mozilla/5.0 (compatible; bingbot/2.0; +http://www.bing.com/bingbot.htm)"
65.55.52.86 - - [30/Aug/2013:22:03:03 +0800] "GET /jingpin-9/news/article-138663/ HTTP/1.0" 500 3634 "-" "Mozilla/5.0 (compatible; bingbot/2.0; +http://www.bing.com/bingbot.htm)"
157.55.32.57 - - [30/Aug/2013:22:03:22 +0800] "GET /jingpin-9/news/article-138663/ HTTP/1.0" 500 3634 "-" "Mozilla/5.0 (compatible; bingbot/2.0; +http://www.bing.com/bingbot.htm)"
220.181.89.184 - - [30/Aug/2013:22:10:12 +0800] "GET /Mobile-6/news/article-138607-page1/ HTTP/1.1" 500 3634 "-" "Sogou web spider/4.0(+http://www.sogou.com/docs/help/webmasters.htm#07)"
220.181.89.184 - - [30/Aug/2013:22:10:15 +0800] "GET /news/news-info.do?article_id=138782&prso_id_one=9&prso_name_one_en= HTTP/1.1" 500 3183 "-" "Sogou web spider/4.0(+http://www.sogou.com/docs/help/webmasters.htm#07)"
220.181.89.184 - - [30/Aug/2013:22:10:19 +0800] "GET /Clothing-5/news/article-8893-page2/ HTTP/1.1" 500 3634 "-" "Sogou web spider/4.0(+http://www.sogou.com/docs/help/webmasters.htm#07)"
157.56.93.37 - - [30/Aug/2013:22:12:02 +0800] "GET /robots.txt HTTP/1.1" 404 194 "-" "Mozilla/5.0 (compatible; bingbot/2.0; +http://www.bing.com/bingbot.htm)"
157.56.93.37 - - [30/Aug/2013:22:13:00 +0800] "GET / HTTP/1.1" 302 73 "-" "Mozilla/5.0 (compatible; bingbot/2.0; +http://www.bing.com/bingbot.htm)"
101.226.166.198 - - [30/Aug/2013:22:23:29 +0800] "GET /Clothing-5/news/article-8886-page3/ HTTP/1.1" 500 4384 "http://clothing.ding9.com/Clothing-5/news/article-8886-page3/" "Mozilla/4.0 (compatible; MSIE 8.0; Windows NT 6.1; Trident/4.0; SLCC2; .NET CLR 2.0.50727; .NET CLR 3.5.30729; .NET CLR 3.0.30729; Media Center PC 6.0; MDDR; .NET4.0C; .NET4.0E; .NET CLR 1.1.4322; Tablet PC 2.0); 360Spider"
101.226.166.198 - - [30/Aug/2013:22:23:30 +0800] "GET /clothing-5/news/article-8886-page3/ HTTP/1.1" 500 4384 "http://clothing.ding9.com/clothing-5/news/article-8886-page3/" "Mozilla/4.0 (compatible; MSIE 8.0; Windows NT 6.1; Trident/4.0; SLCC2; .NET CLR 2.0.50727; .NET CLR 3.5.30729; .NET CLR 3.0.30729; Media Center PC 6.0; MDDR; .NET4.0C; .NET4.0E; .NET CLR 1.1.4322; Tablet PC 2.0); 360Spider"
182.118.25.204 - - [30/Aug/2013:22:36:05 +0800] "GET /Jewelry-9/news/article-138781-page1/ HTTP/1.1" 500 3634 "http://jingpin.ding9.com/Jewelry-9/news/article-138781-page1/" "Mozilla/5.0 (Windows; U; Windows NT 5.1; zh-CN; rv:1.8.0.11)  Firefox/1.5.0.11; 360Spider"
157.56.93.37 - - [30/Aug/2013:22:37:17 +0800] "GET /jingpin-9/news/article-138777/ HTTP/1.0" 500 3634 "-" "Mozilla/5.0 (compatible; bingbot/2.0; +http://www.bing.com/bingbot.htm)"
123.125.71.101 - - [30/Aug/2013:22:42:10 +0800] "GET /robots.txt HTTP/1.1" 404 194 "-" "Mozilla/5.0 (compatible; Baiduspider/2.0; +http://www.baidu.com/search/spider.html)"
157.56.93.37 - - [30/Aug/2013:22:49:45 +0800] "GET /jingpin-9/news/article-138777/ HTTP/1.1" 500 3634 "-" "Mozilla/5.0 (compatible; bingbot/2.0; +http://www.bing.com/bingbot.htm)"
157.56.93.37 - - [30/Aug/2013:22:51:21 +0800] "GET /jingpin-9/news/article-138777/ HTTP/1.0" 500 3634 "-" "Mozilla/5.0 (compatible; bingbot/2.0; +http://www.bing.com/bingbot.htm)"
65.55.52.86 - - [30/Aug/2013:23:03:03 +0800] "GET /jingpin-9/news/article-138663/ HTTP/1.0" 500 3634 "-" "Mozilla/5.0 (compatible; bingbot/2.0; +http://www.bing.com/bingbot.htm)"
65.55.52.86 - - [30/Aug/2013:23:13:18 +0800] "GET /jingpin-9/news/article-138663/ HTTP/1.1" 500 3634 "-" "Mozilla/5.0 (compatible; bingbot/2.0; +http://www.bing.com/bingbot.htm)"
65.55.52.86 - - [30/Aug/2013:23:14:20 +0800] "GET /jingpin-9/news/article-138663/ HTTP/1.0" 500 3634 "-" "Mozilla/5.0 (compatible; bingbot/2.0; +http://www.bing.com/bingbot.htm)"
65.55.24.219 - - [30/Aug/2013:23:33:26 +0800] "GET /robots.txt HTTP/1.1" 404 194 "-" "Mozilla/5.0 (compatible; bingbot/2.0; +http://www.bing.com/bingbot.htm)"
65.55.24.219 - - [30/Aug/2013:23:34:48 +0800] "GET / HTTP/1.1" 302 72 "-" "Mozilla/5.0 (compatible; bingbot/2.0; +http://www.bing.com/bingbot.htm)"
65.55.24.219 - - [30/Aug/2013:23:34:54 +0800] "GET /index.htm HTTP/1.1" 200 24766 "-" "Mozilla/5.0 (compatible; bingbot/2.0; +http://www.bing.com/bingbot.htm)"
65.55.52.86 - - [30/Aug/2013:23:39:22 +0800] "GET /jingpin-9/news/article-138663/ HTTP/1.1" 500 3634 "-" "Mozilla/5.0 (compatible; bingbot/2.0; +http://www.bing.com/bingbot.htm)"
157.56.93.37 - - [30/Aug/2013:23:39:42 +0800] "GET /jingpin-9/news/article-138777/ HTTP/1.1" 500 3634 "-" "Mozilla/5.0 (compatible; bingbot/2.0; +http://www.bing.com/bingbot.htm)"
65.55.52.86 - - [30/Aug/2013:23:40:23 +0800] "GET /jingpin-9/news/article-138663/ HTTP/1.0" 500 3634 "-" "Mozilla/5.0 (compatible; bingbot/2.0; +http://www.bing.com/bingbot.htm)"
157.56.93.37 - - [30/Aug/2013:23:40:43 +0800] "GET /jingpin-9/news/article-138777/ HTTP/1.0" 500 3634 "-" "Mozilla/5.0 (compatible; bingbot/2.0; +http://www.bing.com/bingbot.htm)"
208.115.111.68 - - [30/Aug/2013:23:52:33 +0800] "GET /robots.txt HTTP/1.1" 404 194 "-" "Mozilla/5.0 (compatible; Ezooms/1.0; ezooms.bot@gmail.com)"
203.208.60.59 - - [31/Aug/2013:00:07:14 +0800] "GET /Clothing-5/news/article-8885-page4/ HTTP/1.1" 500 3634 "-" "Mozilla/5.0 (compatible; Googlebot/2.1; +http://www.google.com/bot.html)"
65.55.52.86 - - [31/Aug/2013:00:41:01 +0800] "GET /jingpin-9/news/article-138663/ HTTP/1.0" 500 3634 "-" "Mozilla/5.0 (compatible; bingbot/2.0; +http://www.bing.com/bingbot.htm)"
157.56.93.37 - - [31/Aug/2013:00:41:20 +0800] "GET /jingpin-9/news/article-138777/ HTTP/1.0" 500 3634 "-" "Mozilla/5.0 (compatible; bingbot/2.0; +http://www.bing.com/bingbot.htm)"
157.56.93.37 - - [31/Aug/2013:00:44:34 +0800] "GET /robots.txt HTTP/1.1" 404 194 "-" "Mozilla/5.0 (compatible; bingbot/2.0; +http://www.bing.com/bingbot.htm)"
157.56.93.37 - - [31/Aug/2013:00:45:01 +0800] "GET / HTTP/1.1" 302 73 "-" "Mozilla/5.0 (compatible; bingbot/2.0; +http://www.bing.com/bingbot.htm)"
157.56.93.37 - - [31/Aug/2013:00:45:03 +0800] "GET /index.htm HTTP/1.1" 200 28578 "-" "Mozilla/5.0 (compatible; bingbot/2.0; +http://www.bing.com/bingbot.htm)"
65.55.52.86 - - [31/Aug/2013:00:58:34 +0800] "GET /robots.txt HTTP/1.1" 404 194 "-" "Mozilla/5.0 (compatible; bingbot/2.0; +http://www.bing.com/bingbot.htm)"
65.55.52.86 - - [31/Aug/2013:00:59:01 +0800] "GET /jingpin-9/news/article-138663/ HTTP/1.1" 500 3634 "-" "Mozilla/5.0 (compatible; bingbot/2.0; +http://www.bing.com/bingbot.htm)"
65.55.52.86 - - [31/Aug/2013:01:00:02 +0800] "GET /jingpin-9/news/article-138663/ HTTP/1.0" 500 3634 "-" "Mozilla/5.0 (compatible; bingbot/2.0; +http://www.bing.com/bingbot.htm)"
157.56.93.37 - - [31/Aug/2013:01:01:21 +0800] "GET /jingpin-9/news/article-138777/ HTTP/1.1" 500 3634 "-" "Mozilla/5.0 (compatible; bingbot/2.0; +http://www.bing.com/bingbot.htm)"
157.56.93.37 - - [31/Aug/2013:01:02:22 +0800] "GET /jingpin-9/news/article-138777/ HTTP/1.0" 500 3634 "-" "Mozilla/5.0 (compatible; bingbot/2.0; +http://www.bing.com/bingbot.htm)"
208.115.111.68 - - [31/Aug/2013:01:44:09 +0800] "GET /Jewelry-9/news/article-138600-page5/ HTTP/1.1" 500 3634 "-" "Mozilla/5.0 (compatible; Ezooms/1.0; ezooms.bot@gmail.com)"
208.115.113.84 - - [31/Aug/2013:01:57:40 +0800] "GET /robots.txt HTTP/1.1" 404 194 "-" "Mozilla/5.0 (compatible; Ezooms/1.0; ezooms.bot@gmail.com)"
65.55.52.86 - - [31/Aug/2013:02:01:34 +0800] "GET /jingpin-9/news/article-138663/ HTTP/1.0" 500 3634 "-" "Mozilla/5.0 (compatible; bingbot/2.0; +http://www.bing.com/bingbot.htm)"
157.56.93.37 - - [31/Aug/2013:02:02:53 +0800] "GET /jingpin-9/news/article-138777/ HTTP/1.0" 500 3634 "-" "Mozilla/5.0 (compatible; bingbot/2.0; +http://www.bing.com/bingbot.htm)"
157.56.93.37 - - [31/Aug/2013:02:17:07 +0800] "GET /robots.txt HTTP/1.1" 404 194 "-" "Mozilla/5.0 (compatible; bingbot/2.0; +http://www.bing.com/bingbot.htm)"
157.56.93.37 - - [31/Aug/2013:02:17:33 +0800] "GET /Clothing-5/news/article-8900/ HTTP/1.1" 500 3634 "-" "Mozilla/5.0 (compatible; bingbot/2.0; +http://www.bing.com/bingbot.htm)"
157.56.93.37 - - [31/Aug/2013:02:18:36 +0800] "GET /Clothing-5/news/article-8900/ HTTP/1.0" 500 3634 "-" "Mozilla/5.0 (compatible; bingbot/2.0; +http://www.bing.com/bingbot.htm)"
157.56.93.37 - - [31/Aug/2013:03:18:51 +0800] "GET /Clothing-5/news/article-8900/ HTTP/1.0" 500 3634 "-" "Mozilla/5.0 (compatible; bingbot/2.0; +http://www.bing.com/bingbot.htm)"
208.115.113.84 - - [31/Aug/2013:03:19:39 +0800] "GET /Clothing-5/news/article-138877/ HTTP/1.1" 500 3634 "-" "Mozilla/5.0 (compatible; Ezooms/1.0; ezooms.bot@gmail.com)"
157.56.93.37 - - [31/Aug/2013:03:43:59 +0800] "GET /robots.txt HTTP/1.1" 404 194 "-" "Mozilla/5.0 (compatible; bingbot/2.0; +http://www.bing.com/bingbot.htm)"
208.115.111.68 - - [31/Aug/2013:03:56:02 +0800] "GET /robots.txt HTTP/1.1" 404 194 "-" "Mozilla/5.0 (compatible; Ezooms/1.0; ezooms.bot@gmail.com)"
65.55.24.219 - - [31/Aug/2013:04:02:05 +0800] "GET /robots.txt HTTP/1.1" 404 194 "-" "Mozilla/5.0 (compatible; bingbot/2.0; +http://www.bing.com/bingbot.htm)"
65.55.24.219 - - [31/Aug/2013:04:02:44 +0800] "GET /Clothing-5/news/article-138595/ HTTP/1.1" 500 3634 "-" "Mozilla/5.0 (compatible; bingbot/2.0; +http://www.bing.com/bingbot.htm)"
65.55.24.219 - - [31/Aug/2013:04:03:45 +0800] "GET /Clothing-5/news/article-138595/ HTTP/1.0" 500 3634 "-" "Mozilla/5.0 (compatible; bingbot/2.0; +http://www.bing.com/bingbot.htm)"
65.55.24.219 - - [31/Aug/2013:05:04:24 +0800] "GET /Clothing-5/news/article-138595/ HTTP/1.0" 500 3634 "-" "Mozilla/5.0 (compatible; bingbot/2.0; +http://www.bing.com/bingbot.htm)"
5.10.83.73 - - [31/Aug/2013:07:22:53 +0800] "GET /index.htm HTTP/1.1" 200 28578 "-" "Mozilla/5.0 (compatible; AhrefsBot/5.0; +http://ahrefs.com/robot/)"
203.208.60.91 - - [31/Aug/2013:07:44:05 +0800] "GET /robots.txt HTTP/1.1" 404 194 "-" "Mozilla/5.0 (compatible; Googlebot/2.1; +http://www.google.com/bot.html)"
203.208.60.91 - - [31/Aug/2013:07:44:06 +0800] "GET /Mobile-6/news/article-138552-page13/ HTTP/1.1" 500 3634 "-" "Mozilla/5.0 (compatible; Googlebot/2.1; +http://www.google.com/bot.html)"
208.115.111.68 - - [31/Aug/2013:07:52:38 +0800] "GET /robots.txt HTTP/1.1" 404 194 "-" "Mozilla/5.0 (compatible; Ezooms/1.0; ezooms.bot@gmail.com)"
220.181.89.184 - - [31/Aug/2013:08:15:06 +0800] "GET /news/news-info.do?article_id=138630&prso_id_one=9&prso_name_one_en=&current_page=5 HTTP/1.1" 500 3183 "-" "Sogou web spider/4.0(+http://www.sogou.com/docs/help/webmasters.htm#07)"
220.181.89.184 - - [31/Aug/2013:08:17:38 +0800] "GET /Mobile-6/news/article-138865-page6/ HTTP/1.1" 500 3634 "-" "Sogou web spider/4.0(+http://www.sogou.com/docs/help/webmasters.htm#07)"
220.181.89.184 - - [31/Aug/2013:08:17:41 +0800] "GET /Clothing-5/news/article-8825-page5/ HTTP/1.1" 500 3634 "-" "Sogou web spider/4.0(+http://www.sogou.com/docs/help/webmasters.htm#07)"
220.181.89.184 - - [31/Aug/2013:08:29:27 +0800] "GET /Clothing-5/news/article-8825-page8/ HTTP/1.1" 500 3634 "-" "Sogou web spider/4.0(+http://www.sogou.com/docs/help/webmasters.htm#07)"
220.181.89.184 - - [31/Aug/2013:08:29:31 +0800] "GET /Jewelry-9/news/article-138600-page6/ HTTP/1.1" 500 3634 "-" "Sogou web spider/4.0(+http://www.sogou.com/docs/help/webmasters.htm#07)"
220.181.89.184 - - [31/Aug/2013:08:37:30 +0800] "GET /Mobile-6/news/article-138558-page5/ HTTP/1.1" 500 3634 "-" "Sogou web spider/4.0(+http://www.sogou.com/docs/help/webmasters.htm#07)"
220.181.89.184 - - [31/Aug/2013:08:40:11 +0800] "GET /jewelry-9/news/article-138783-page2/ HTTP/1.1" 500 3634 "-" "Sogou web spider/4.0(+http://www.sogou.com/docs/help/webmasters.htm#07)"
220.181.89.184 - - [31/Aug/2013:08:56:21 +0800] "GET /news/news-info.do?article_id=138630&prso_id_one=9&prso_name_one_en=&current_page=5 HTTP/1.1" 500 3183 "-" "Sogou web spider/4.0(+http://www.sogou.com/docs/help/webmasters.htm#07)"
157.56.93.37 - - [31/Aug/2013:08:57:32 +0800] "GET /robots.txt HTTP/1.1" 404 194 "-" "Mozilla/5.0 (compatible; bingbot/2.0; +http://www.bing.com/bingbot.htm)"
157.56.93.37 - - [31/Aug/2013:08:58:09 +0800] "GET / HTTP/1.1" 302 73 "-" "Mozilla/5.0 (compatible; bingbot/2.0; +http://www.bing.com/bingbot.htm)"
220.181.89.184 - - [31/Aug/2013:08:58:33 +0800] "GET /Mobile-6/news/article-138865-page6/ HTTP/1.1" 500 3634 "-" "Sogou web spider/4.0(+http://www.sogou.com/docs/help/webmasters.htm#07)"
220.181.89.184 - - [31/Aug/2013:08:58:40 +0800] "GET /Clothing-5/news/article-8825-page5/ HTTP/1.1" 500 3634 "-" "Sogou web spider/4.0(+http://www.sogou.com/docs/help/webmasters.htm#07)"
220.181.89.184 - - [31/Aug/2013:09:08:34 +0800] "GET /Clothing-5/news/article-8825-page8/ HTTP/1.1" 500 3634 "-" "Sogou web spider/4.0(+http://www.sogou.com/docs/help/webmasters.htm#07)"
220.181.89.184 - - [31/Aug/2013:09:08:41 +0800] "GET /Jewelry-9/news/article-138600-page6/ HTTP/1.1" 500 3634 "-" "Sogou web spider/4.0(+http://www.sogou.com/docs/help/webmasters.htm#07)"
208.115.111.68 - - [31/Aug/2013:09:11:26 +0800] "GET /Clothing-5/news/article-8886-page4/ HTTP/1.1" 500 3634 "-" "Mozilla/5.0 (compatible; Ezooms/1.0; ezooms.bot@gmail.com)"
220.181.89.184 - - [31/Aug/2013:09:16:18 +0800] "GET /Mobile-6/news/article-138558-page5/ HTTP/1.1" 500 3634 "-" "Sogou web spider/4.0(+http://www.sogou.com/docs/help/webmasters.htm#07)"
220.181.89.184 - - [31/Aug/2013:09:21:22 +0800] "GET /jewelry-9/news/article-138783-page2/ HTTP/1.1" 500 3634 "-" "Sogou web spider/4.0(+http://www.sogou.com/docs/help/webmasters.htm#07)"
208.115.113.84 - - [31/Aug/2013:09:55:58 +0800] "GET /robots.txt HTTP/1.1" 404 194 "-" "Mozilla/5.0 (compatible; Ezooms/1.0; ezooms.bot@gmail.com)"
208.115.113.84 - - [31/Aug/2013:09:55:58 +0800] "GET /robots.txt HTTP/1.1" 404 194 "-" "Mozilla/5.0 (compatible; Ezooms/1.0; ezooms.bot@gmail.com)"
123.125.71.26 - - [31/Aug/2013:10:19:41 +0800] "GET /robots.txt HTTP/1.1" 404 194 "-" "Mozilla/5.0 (compatible; Baiduspider/2.0; +http://www.baidu.com/search/spider.html)"
220.181.89.184 - - [31/Aug/2013:10:23:31 +0800] "GET /robots.txt HTTP/1.1" 404 194 "-" "Sogou web spider/4.0"
220.181.89.184 - - [31/Aug/2013:10:23:38 +0800] "GET /null-5/news/article-8892-page2/ HTTP/1.1" 500 3634 "-" "Sogou web spider/4.0(+http://www.sogou.com/docs/help/webmasters.htm#07)"
65.55.24.219 - - [31/Aug/2013:10:46:14 +0800] "GET /robots.txt HTTP/1.1" 404 194 "-" "Mozilla/5.0 (compatible; bingbot/2.0; +http://www.bing.com/bingbot.htm)"
65.55.24.219 - - [31/Aug/2013:10:46:47 +0800] "GET / HTTP/1.1" 302 72 "-" "Mozilla/5.0 (compatible; bingbot/2.0; +http://www.bing.com/bingbot.htm)"
65.55.24.219 - - [31/Aug/2013:10:46:52 +0800] "GET /index.htm HTTP/1.1" 200 24766 "-" "Mozilla/5.0 (compatible; bingbot/2.0; +http://www.bing.com/bingbot.htm)"
220.181.89.184 - - [31/Aug/2013:10:56:09 +0800] "GET /null-5/news/article-8885-page6/ HTTP/1.1" 500 3634 "-" "Sogou web spider/4.0(+http://www.sogou.com/docs/help/webmasters.htm#07)"
220.181.89.184 - - [31/Aug/2013:10:58:31 +0800] "GET /null-5/news/article-8892-page2/ HTTP/1.1" 500 3634 "-" "Sogou web spider/4.0(+http://www.sogou.com/docs/help/webmasters.htm#07)"
208.115.113.84 - - [31/Aug/2013:11:00:41 +0800] "GET /Clothing-5/news/article-138893/ HTTP/1.1" 500 3634 "-" "Mozilla/5.0 (compatible; Ezooms/1.0; ezooms.bot@gmail.com)"
208.115.113.84 - - [31/Aug/2013:11:00:42 +0800] "GET /Jewelry-9/news/article-138785-page6/ HTTP/1.1" 500 3634 "-" "Mozilla/5.0 (compatible; Ezooms/1.0; ezooms.bot@gmail.com)"
220.181.89.184 - - [31/Aug/2013:11:22:52 +0800] "GET /Clothing-5/news/article-8895-page2/ HTTP/1.1" 500 3634 "-" "Sogou web spider/4.0(+http://www.sogou.com/docs/help/webmasters.htm#07)"
220.181.89.184 - - [31/Aug/2013:11:25:05 +0800] "GET /null-0/news/article-8900-page8/ HTTP/1.1" 500 3634 "-" "Sogou web spider/4.0(+http://www.sogou.com/docs/help/webmasters.htm#07)"
220.181.89.184 - - [31/Aug/2013:11:28:56 +0800] "GET /Clothing-5/news/article-8895-page2/ HTTP/1.1" 500 3634 "-" "Sogou web spider/4.0(+http://www.sogou.com/docs/help/webmasters.htm#07)"
220.181.89.184 - - [31/Aug/2013:11:31:01 +0800] "GET /null-5/news/article-8885-page6/ HTTP/1.1" 500 3634 "-" "Sogou web spider/4.0(+http://www.sogou.com/docs/help/webmasters.htm#07)"
123.125.68.28 - - [31/Aug/2013:11:31:36 +0800] "GET /clothing-5/news/article-8896/ HTTP/1.1" 500 3634 "-" "Mozilla/5.0 (Windows; U; Windows NT 5.1; zh-CN; rv:1.9.1.2) Firefox/3.5.2"
220.181.89.184 - - [31/Aug/2013:11:32:56 +0800] "GET /Clothing-5/news/article-8886-page2/ HTTP/1.1" 500 3634 "-" "Sogou web spider/4.0(+http://www.sogou.com/docs/help/webmasters.htm#07)"
123.125.68.36 - - [31/Aug/2013:11:56:38 +0800] "GET /Clothing-5/news/article-8888/ HTTP/1.1" 500 3634 "-" "Mozilla/5.0 (Windows; U; Windows NT 5.1; zh-CN; rv:1.9.1.2) Firefox/3.5.2"
220.181.89.184 - - [31/Aug/2013:11:59:25 +0800] "GET /Clothing-5/news/article-8892-page4/ HTTP/1.1" 500 3634 "-" "Sogou web spider/4.0(+http://www.sogou.com/docs/help/webmasters.htm#07)"
220.181.89.184 - - [31/Aug/2013:12:01:34 +0800] "GET /Clothing-5/news/article-8892-page4/ HTTP/1.1" 500 3634 "-" "Sogou web spider/4.0(+http://www.sogou.com/docs/help/webmasters.htm#07)"
220.181.89.184 - - [31/Aug/2013:12:03:29 +0800] "GET /Clothing-5/news/article-8886-page2/ HTTP/1.1" 500 3634 "-" "Sogou web spider/4.0(+http://www.sogou.com/docs/help/webmasters.htm#07)"
220.181.89.184 - - [31/Aug/2013:12:05:23 +0800] "GET /Clothing-5/news/article-138982/ HTTP/1.1" 500 3634 "-" "Sogou web spider/4.0(+http://www.sogou.com/docs/help/webmasters.htm#07)"
220.181.89.184 - - [31/Aug/2013:12:09:48 +0800] "GET /Clothing-5/news/article-138891-page1/ HTTP/1.1" 500 3634 "-" "Sogou web spider/4.0(+http://www.sogou.com/docs/help/webmasters.htm#07)"
123.125.71.101 - - [31/Aug/2013:12:35:18 +0800] "GET /robots.txt HTTP/1.1" 404 194 "-" "Mozilla/5.0 (compatible; Baiduspider/2.0; +http://www.baidu.com/search/spider.html)"
220.181.89.184 - - [31/Aug/2013:12:37:50 +0800] "GET /Clothing-5/news/article-8896/ HTTP/1.1" 500 3634 "-" "Sogou web spider/4.0(+http://www.sogou.com/docs/help/webmasters.htm#07)"
220.181.89.184 - - [31/Aug/2013:12:41:54 +0800] "GET /null-5/news/article-8892-page1/ HTTP/1.1" 500 3634 "-" "Sogou web spider/4.0(+http://www.sogou.com/docs/help/webmasters.htm#07)"
220.181.89.184 - - [31/Aug/2013:12:44:11 +0800] "GET /Clothing-5/news/article-138891-page1/ HTTP/1.1" 500 3634 "-" "Sogou web spider/4.0(+http://www.sogou.com/docs/help/webmasters.htm#07)"
1.202.218.132 - - [31/Aug/2013:12:50:14 +0800] "GET /robots.txt HTTP/1.1" 404 194 "-" "Mozilla/5.0 ()"
1.202.218.137 - - [31/Aug/2013:12:50:15 +0800] "HEAD /Jewelry-9/news/article-138784/ HTTP/1.1" 500 0 "-" "Mozilla/5.0 (compatible; JikeSpider; +http://shoulu.jike.com/spider.html)"
1.202.218.132 - - [31/Aug/2013:12:50:15 +0800] "GET /Jewelry-9/news/article-138784/ HTTP/1.1" 500 3634 "-" "Mozilla/5.0 (compatible; JikeSpider; +http://shoulu.jike.com/spider.html)"
113.105.154.53 - - [31/Aug/2013:13:08:58 +0800] "GET /robots.txt HTTP/1.1" 404 944 "http://clothing.ding9.com/" "Mozilla/5.0 (compatible; MSIE 8.0; Windows NT 6.1)"
220.181.89.184 - - [31/Aug/2013:13:10:18 +0800] "GET /null-5/news/article-8892-page1/ HTTP/1.1" 500 3634 "-" "Sogou web spider/4.0(+http://www.sogou.com/docs/help/webmasters.htm#07)"
220.181.89.184 - - [31/Aug/2013:13:12:20 +0800] "GET /Clothing-5/news/article-138924-page1/ HTTP/1.1" 500 3634 "-" "Sogou web spider/4.0(+http://www.sogou.com/docs/help/webmasters.htm#07)"
209.200.44.215 - - [31/Aug/2013:13:19:18 +0800] "GET //sites/all/modules/civicrm/packages/openflashchart/php-ofc-library/ofc_upload_image.php HTTP/1.1" 500 1250 "-" "Mozilla/4.0 (compatible; MSIE 6.0; Windows 98)"
209.200.44.215 - - [31/Aug/2013:13:19:19 +0800] "GET //components/com_acymailing/inc/openflash/php-ofc-library/ofc_upload_image.php HTTP/1.1" 500 1250 "-" "Mozilla/4.0 (compatible; MSIE 6.0; Windows 98)"
209.200.44.215 - - [31/Aug/2013:13:19:20 +0800] "GET //components/com_jnews/includes/openflashchart/php-ofc-library/ofc_upload_image.php HTTP/1.1" 500 1250 "-" "Mozilla/4.0 (compatible; MSIE 6.0; Windows 98)"
209.200.44.215 - - [31/Aug/2013:13:19:21 +0800] "GET //components/com_civicrm/civicrm/packages/OpenFlashChart/php-ofc-library/ofc_upload_image.php HTTP/1.1" 500 1250 "-" "Mozilla/4.0 (compatible; MSIE 6.0; Windows 98)"
209.200.44.215 - - [31/Aug/2013:13:19:22 +0800] "GET //components/com_jinc/classes/graphics/php-ofc-library/ofc_upload_image.php HTTP/1.1" 500 1250 "-" "Mozilla/4.0 (compatible; MSIE 6.0; Windows 98)"
209.200.44.215 - - [31/Aug/2013:13:19:23 +0800] "GET //library/openflashchart/php-ofc-library/ofc_upload_image.php HTTP/1.1" 500 1250 "-" "Mozilla/4.0 (compatible; MSIE 6.0; Windows 98)"
209.200.44.215 - - [31/Aug/2013:13:19:26 +0800] "GET //sites/all/modules/civicrm/packages/openflashchart/php-ofc-library/ofc_upload_image.php HTTP/1.1" 500 1250 "-" "Mozilla/4.0 (compatible; MSIE 6.0; Windows 98)"
209.200.44.215 - - [31/Aug/2013:13:19:27 +0800] "GET //components/com_acymailing/inc/openflash/php-ofc-library/ofc_upload_image.php HTTP/1.1" 500 1250 "-" "Mozilla/4.0 (compatible; MSIE 6.0; Windows 98)"
209.200.44.215 - - [31/Aug/2013:13:19:34 +0800] "GET //components/com_jnews/includes/openflashchart/php-ofc-library/ofc_upload_image.php HTTP/1.1" 500 1250 "-" "Mozilla/4.0 (compatible; MSIE 6.0; Windows 98)"
209.200.44.215 - - [31/Aug/2013:13:19:34 +0800] "GET //components/com_civicrm/civicrm/packages/OpenFlashChart/php-ofc-library/ofc_upload_image.php HTTP/1.1" 500 1250 "-" "Mozilla/4.0 (compatible; MSIE 6.0; Windows 98)"
209.200.44.215 - - [31/Aug/2013:13:19:37 +0800] "GET //components/com_jinc/classes/graphics/php-ofc-library/ofc_upload_image.php HTTP/1.1" 500 1250 "-" "Mozilla/4.0 (compatible; MSIE 6.0; Windows 98)"
209.200.44.215 - - [31/Aug/2013:13:19:37 +0800] "GET //library/openflashchart/php-ofc-library/ofc_upload_image.php HTTP/1.1" 500 1250 "-" "Mozilla/4.0 (compatible; MSIE 6.0; Windows 98)"
209.200.44.215 - - [31/Aug/2013:13:19:38 +0800] "GET //components/com_jnewsletter/includes/openflashchart/php-ofc-library/ofc_upload_image.php HTTP/1.1" 500 1250 "-" "Mozilla/4.0 (compatible; MSIE 6.0; Windows 98)"
209.200.44.215 - - [31/Aug/2013:13:19:39 +0800] "GET / HTTP/1.1" 302 73 "-" "Mozilla/4.0 (compatible; MSIE 6.0; Windows 98)"
209.200.44.215 - - [31/Aug/2013:13:19:40 +0800] "GET / HTTP/1.1" 302 72 "-" "Mozilla/4.0 (compatible; MSIE 6.0; Windows 98)"
5.10.83.36 - - [31/Aug/2013:13:50:58 +0800] "GET /index.htm HTTP/1.1" 200 24766 "-" "Mozilla/5.0 (compatible; AhrefsBot/5.0; +http://ahrefs.com/robot/)"
208.115.113.84 - - [31/Aug/2013:13:51:24 +0800] "GET /robots.txt HTTP/1.1" 404 194 "-" "Mozilla/5.0 (compatible; Ezooms/1.0; ezooms.bot@gmail.com)"
5.10.83.47 - - [31/Aug/2013:15:00:13 +0800] "GET /clothing-5/news/sort-50/ HTTP/1.1" 500 3633 "-" "Mozilla/5.0 (compatible; AhrefsBot/5.0; +http://ahrefs.com/robot/)"
66.249.73.162 - - [31/Aug/2013:15:00:48 +0800] "GET /robots.txt HTTP/1.1" 404 194 "-" "Mozilla/5.0 (compatible; Googlebot/2.1; +http://www.google.com/bot.html)"
66.249.73.162 - - [31/Aug/2013:15:00:49 +0800] "GET /Mobile-6/news/article-138552-page13/ HTTP/1.1" 500 3634 "-" "Mozilla/5.0 (compatible; Googlebot/2.1; +http://www.google.com/bot.html)"
66.249.73.211 - - [31/Aug/2013:15:02:48 +0800] "GET /robots.txt HTTP/1.1" 404 194 "-" "Mozilla/5.0 (compatible; Googlebot/2.1; +http://www.google.com/bot.html)"
66.249.73.211 - - [31/Aug/2013:15:02:49 +0800] "GET /Clothing-5/news/article-8885-page4/ HTTP/1.1" 500 3634 "-" "Mozilla/5.0 (compatible; Googlebot/2.1; +http://www.google.com/bot.html)"
123.125.68.36 - - [31/Aug/2013:15:18:10 +0800] "GET /Clothing-5/news/article-138891/ HTTP/1.1" 500 3634 "-" "Mozilla/5.0 (Windows; U; Windows NT 5.1; zh-CN; rv:1.9.1.2) Firefox/3.5.2"
208.115.111.68 - - [31/Aug/2013:15:45:53 +0800] "GET /robots.txt HTTP/1.1" 404 194 "-" "Mozilla/5.0 (compatible; Ezooms/1.0; ezooms.bot@gmail.com)"
208.115.111.68 - - [31/Aug/2013:15:45:54 +0800] "GET /robots.txt HTTP/1.1" 404 194 "-" "Mozilla/5.0 (compatible; Ezooms/1.0; ezooms.bot@gmail.com)"
66.249.73.168 - - [31/Aug/2013:16:57:42 +0800] "GET /Mobile-6/news/article-10381/ HTTP/1.1" 500 3634 "-" "Mozilla/5.0 (compatible; Googlebot/2.1; +http://www.google.com/bot.html)"
208.115.111.68 - - [31/Aug/2013:17:18:26 +0800] "GET /Clothing-5/news/article-8880-page2/ HTTP/1.1" 500 3634 "-" "Mozilla/5.0 (compatible; Ezooms/1.0; ezooms.bot@gmail.com)"
208.115.113.84 - - [31/Aug/2013:17:52:52 +0800] "GET /robots.txt HTTP/1.1" 404 194 "-" "Mozilla/5.0 (compatible; Ezooms/1.0; ezooms.bot@gmail.com)"
208.115.113.84 - - [31/Aug/2013:17:52:52 +0800] "GET /robots.txt HTTP/1.1" 404 194 "-" "Mozilla/5.0 (compatible; Ezooms/1.0; ezooms.bot@gmail.com)"
66.249.73.168 - - [31/Aug/2013:17:58:58 +0800] "GET /Mobile-6/news/article-10382-page3/ HTTP/1.1" 500 3634 "-" "Mozilla/5.0 (compatible; Googlebot/2.1; +http://www.google.com/bot.html)"
66.249.73.167 - - [31/Aug/2013:18:44:56 +0800] "GET /Mobile-6/news/article-138554-page7/ HTTP/1.1" 500 3634 "-" "Mozilla/5.0 (compatible; Googlebot/2.1; +http://www.google.com/bot.html)"
220.181.89.184 - - [31/Aug/2013:19:23:21 +0800] "GET /news/news-info.do?article_id=8901&prso_id_one=9&prso_name_one_en= HTTP/1.1" 500 3183 "-" "Sogou web spider/4.0(+http://www.sogou.com/docs/help/webmasters.htm#07)"
220.181.108.105 - - [31/Aug/2013:19:24:46 +0800] "GET /clothing-5/news/article-8896/ HTTP/1.1" 500 3634 "-" "Mozilla/5.0 (compatible; Baiduspider/2.0; +http://www.baidu.com/search/spider.html)"
157.56.93.62 - - [31/Aug/2013:19:25:31 +0800] "GET /robots.txt HTTP/1.1" 404 194 "-" "Mozilla/5.0 (compatible; bingbot/2.0; +http://www.bing.com/bingbot.htm)"
208.115.113.84 - - [31/Aug/2013:19:27:58 +0800] "GET /Clothing-5/news/article-8885-page2/ HTTP/1.1" 500 3634 "-" "Mozilla/5.0 (compatible; Ezooms/1.0; ezooms.bot@gmail.com)"
157.56.93.153 - - [31/Aug/2013:19:30:33 +0800] "GET /robots.txt HTTP/1.1" 404 194 "-" "Mozilla/5.0 (compatible; bingbot/2.0; +http://www.bing.com/bingbot.htm)"
157.56.93.62 - - [31/Aug/2013:19:30:43 +0800] "GET / HTTP/1.1" 302 73 "-" "Mozilla/5.0 (compatible; bingbot/2.0; +http://www.bing.com/bingbot.htm)"
157.56.93.153 - - [31/Aug/2013:19:32:09 +0800] "GET / HTTP/1.1" 302 72 "-" "Mozilla/5.0 (compatible; bingbot/2.0; +http://www.bing.com/bingbot.htm)"
66.249.73.163 - - [31/Aug/2013:19:42:14 +0800] "GET /Mobile-6/news/article-138557-page2/ HTTP/1.1" 500 3634 "-" "Mozilla/5.0 (compatible; Googlebot/2.1; +http://www.google.com/bot.html)"
208.115.111.68 - - [31/Aug/2013:19:48:29 +0800] "GET /robots.txt HTTP/1.1" 404 194 "-" "Mozilla/5.0 (compatible; Ezooms/1.0; ezooms.bot@gmail.com)"
220.181.89.184 - - [31/Aug/2013:19:55:47 +0800] "GET /news/news-info.do?article_id=8901&prso_id_one=9&prso_name_one_en= HTTP/1.1" 500 3183 "-" "Sogou web spider/4.0(+http://www.sogou.com/docs/help/webmasters.htm#07)"
123.125.71.55 - - [31/Aug/2013:20:00:25 +0800] "GET /clothing-5/news/article-138925/ HTTP/1.1" 500 3634 "-" "Mozilla/5.0 (compatible; Baiduspider/2.0; +http://www.baidu.com/search/spider.html)"
208.115.111.68 - - [31/Aug/2013:21:18:02 +0800] "GET /Clothing-5/news/article-138596/ HTTP/1.1" 500 3634 "-" "Mozilla/5.0 (compatible; Ezooms/1.0; ezooms.bot@gmail.com)"
66.249.73.165 - - [31/Aug/2013:21:20:55 +0800] "GET /Mobile-6/news/article-138552-page13/ HTTP/1.1" 500 3634 "-" "Mozilla/5.0 (compatible; Googlebot/2.1; +http://www.google.com/bot.html)"
66.249.73.161 - - [31/Aug/2013:21:27:03 +0800] "GET /Mobile-6/news/article-138556/ HTTP/1.1" 500 3634 "-" "Mozilla/5.0 (compatible; Googlebot/2.1; +http://www.google.com/bot.html)"
208.115.113.84 - - [31/Aug/2013:21:55:38 +0800] "GET /robots.txt HTTP/1.1" 404 194 "-" "Mozilla/5.0 (compatible; Ezooms/1.0; ezooms.bot@gmail.com)"
208.115.113.84 - - [31/Aug/2013:23:15:34 +0800] "GET /Jewelry-9/news/article-138784-page9/ HTTP/1.1" 500 3634 "-" "Mozilla/5.0 (compatible; Ezooms/1.0; ezooms.bot@gmail.com)"
208.115.111.68 - - [31/Aug/2013:23:46:34 +0800] "GET /robots.txt HTTP/1.1" 404 194 "-" "Mozilla/5.0 (compatible; Ezooms/1.0; ezooms.bot@gmail.com)"
