101.226.166.201 - - [27/Aug/2013:08:13:15 +0800] "GET /jingpin-9/news/article-138663/ HTTP/1.1" 500 4384 "http://jingpin.ding9.com/jingpin-9/news/article-138663/" "Mozilla/4.0 (compatible; MSIE 8.0; Windows NT 6.1; Trident/4.0; SLCC2; .NET CLR 2.0.50727; .NET CLR 3.5.30729; .NET CLR 3.0.30729; Media Center PC 6.0; MDDR; .NET4.0C; .NET4.0E; .NET CLR 1.1.4322; Tablet PC 2.0); 360Spider"
123.125.71.47 - - [27/Aug/2013:08:16:11 +0800] "GET /robots.txt HTTP/1.1" 404 194 "-" "Mozilla/5.0 (compatible; Baiduspider/2.0; +http://www.baidu.com/search/spider.html)"
182.118.21.217 - - [27/Aug/2013:08:31:56 +0800] "GET /clothing-5/news/article-8886-page2/ HTTP/1.1" 500 3634 "http://clothing.ding9.com/clothing-5/news/article-8886-page2/" "Mozilla/5.0 (Windows; U; Windows NT 5.1; zh-CN; rv:1.8.0.11)  Firefox/1.5.0.11; 360Spider"
66.249.72.150 - - [27/Aug/2013:08:50:45 +0800] "GET /Mobile-6/news/article-138552-page13/ HTTP/1.1" 500 3634 "-" "Mozilla/5.0 (compatible; Googlebot/2.1; +http://www.google.com/bot.html)"
66.249.72.147 - - [27/Aug/2013:09:28:50 +0800] "GET /robots.txt HTTP/1.1" 404 194 "-" "Mozilla/5.0 (compatible; Googlebot/2.1; +http://www.google.com/bot.html)"
66.249.72.147 - - [27/Aug/2013:09:28:51 +0800] "GET /clothing-5/news/sort-50/ HTTP/1.1" 500 3633 "-" "Mozilla/5.0 (compatible; Googlebot/2.1; +http://www.google.com/bot.html)"
66.249.72.141 - - [27/Aug/2013:09:37:57 +0800] "GET /clothing-5/news/sort-51/ HTTP/1.1" 500 3633 "-" "Mozilla/5.0 (compatible; Googlebot/2.1; +http://www.google.com/bot.html)"
208.115.111.68 - - [27/Aug/2013:09:43:59 +0800] "GET /Clothing-5/news/article-138921/ HTTP/1.1" 500 3634 "-" "Mozilla/5.0 (compatible; Ezooms/1.0; ezooms.bot@gmail.com)"
208.115.111.68 - - [27/Aug/2013:09:46:00 +0800] "GET /Clothing-5/news/article-8900-page1/ HTTP/1.1" 500 3634 "-" "Mozilla/5.0 (compatible; Ezooms/1.0; ezooms.bot@gmail.com)"
66.249.75.148 - - [27/Aug/2013:09:54:40 +0800] "GET /robots.txt HTTP/1.1" 404 194 "-" "Mozilla/5.0 (compatible; Googlebot/2.1; +http://www.google.com/bot.html)"
66.249.75.148 - - [27/Aug/2013:09:54:41 +0800] "GET /clothing-5/news/article-8899/ HTTP/1.1" 500 3634 "-" "Mozilla/5.0 (compatible; Googlebot/2.1; +http://www.google.com/bot.html)"
208.115.113.84 - - [27/Aug/2013:09:57:30 +0800] "GET /robots.txt HTTP/1.1" 404 194 "-" "Mozilla/5.0 (compatible; Ezooms/1.0; ezooms.bot@gmail.com)"
208.115.113.84 - - [27/Aug/2013:09:57:30 +0800] "GET /robots.txt HTTP/1.1" 404 194 "-" "Mozilla/5.0 (compatible; Ezooms/1.0; ezooms.bot@gmail.com)"
66.249.72.149 - - [27/Aug/2013:10:13:02 +0800] "GET /clothing-5/news/article-8887/ HTTP/1.1" 500 3634 "-" "Mozilla/5.0 (compatible; Googlebot/2.1; +http://www.google.com/bot.html)"
66.249.72.148 - - [27/Aug/2013:10:29:49 +0800] "GET /clothing-5/news/article-8900/ HTTP/1.1" 500 3634 "-" "Mozilla/5.0 (compatible; Googlebot/2.1; +http://www.google.com/bot.html)"
66.249.72.146 - - [27/Aug/2013:10:36:26 +0800] "GET /clothing-5/news/article-8895/ HTTP/1.1" 500 3634 "-" "Mozilla/5.0 (compatible; Googlebot/2.1; +http://www.google.com/bot.html)"
66.249.72.144 - - [27/Aug/2013:10:47:07 +0800] "GET /clothing-5/news/article-8896/ HTTP/1.1" 500 3634 "-" "Mozilla/5.0 (compatible; Googlebot/2.1; +http://www.google.com/bot.html)"
66.249.72.144 - - [27/Aug/2013:10:58:01 +0800] "GET /clothing-5/news/article-8897/ HTTP/1.1" 500 3634 "-" "Mozilla/5.0 (compatible; Googlebot/2.1; +http://www.google.com/bot.html)"
66.249.72.144 - - [27/Aug/2013:11:05:21 +0800] "GET /clothing-5/news/article-8888/ HTTP/1.1" 500 3634 "-" "Mozilla/5.0 (compatible; Googlebot/2.1; +http://www.google.com/bot.html)"
66.249.72.150 - - [27/Aug/2013:11:20:25 +0800] "GET /clothing-5/news/article-8898/ HTTP/1.1" 500 3634 "-" "Mozilla/5.0 (compatible; Googlebot/2.1; +http://www.google.com/bot.html)"
66.249.72.144 - - [27/Aug/2013:11:27:57 +0800] "GET /clothing-5/news/article-138596/ HTTP/1.1" 500 3634 "-" "Mozilla/5.0 (compatible; Googlebot/2.1; +http://www.google.com/bot.html)"
208.115.113.84 - - [27/Aug/2013:11:28:40 +0800] "GET /Jewelry-9/news/article-138632/ HTTP/1.1" 500 3634 "-" "Mozilla/5.0 (compatible; Ezooms/1.0; ezooms.bot@gmail.com)"
208.115.113.84 - - [27/Aug/2013:11:30:42 +0800] "GET /Jewelry-9/news/article-138635-page3/ HTTP/1.1" 500 3634 "-" "Mozilla/5.0 (compatible; Ezooms/1.0; ezooms.bot@gmail.com)"
208.115.113.84 - - [27/Aug/2013:11:32:43 +0800] "GET /Jewelry-9/news/article-138666/ HTTP/1.1" 500 3634 "-" "Mozilla/5.0 (compatible; Ezooms/1.0; ezooms.bot@gmail.com)"
66.249.72.148 - - [27/Aug/2013:11:35:32 +0800] "GET /clothing-5/news/article-138595/ HTTP/1.1" 500 3634 "-" "Mozilla/5.0 (compatible; Googlebot/2.1; +http://www.google.com/bot.html)"
208.115.111.68 - - [27/Aug/2013:11:57:21 +0800] "GET /robots.txt HTTP/1.1" 404 194 "-" "Mozilla/5.0 (compatible; Ezooms/1.0; ezooms.bot@gmail.com)"
157.55.35.53 - - [27/Aug/2013:12:36:59 +0800] "GET /robots.txt HTTP/1.1" 404 194 "-" "Mozilla/5.0 (compatible; bingbot/2.0; +http://www.bing.com/bingbot.htm)"
157.55.35.53 - - [27/Aug/2013:12:37:56 +0800] "GET / HTTP/1.1" 302 72 "-" "Mozilla/5.0 (compatible; bingbot/2.0; +http://www.bing.com/bingbot.htm)"
66.249.72.150 - - [27/Aug/2013:12:55:06 +0800] "GET /clothing-5/news/article-138891/ HTTP/1.1" 500 3634 "-" "Mozilla/5.0 (compatible; Googlebot/2.1; +http://www.google.com/bot.html)"
157.55.35.53 - - [27/Aug/2013:12:58:42 +0800] "GET /robots.txt HTTP/1.1" 404 194 "-" "Mozilla/5.0 (compatible; bingbot/2.0; +http://www.bing.com/bingbot.htm)"
157.55.35.53 - - [27/Aug/2013:13:00:18 +0800] "GET /Clothing-5/news/article-138595/ HTTP/1.1" 500 3634 "-" "Mozilla/5.0 (compatible; bingbot/2.0; +http://www.bing.com/bingbot.htm)"
157.55.35.53 - - [27/Aug/2013:13:02:38 +0800] "GET /Clothing-5/news/article-138595/ HTTP/1.0" 500 3634 "-" "Mozilla/5.0 (compatible; bingbot/2.0; +http://www.bing.com/bingbot.htm)"
66.249.72.145 - - [27/Aug/2013:13:08:45 +0800] "GET /clothing-5/news/article-138597/ HTTP/1.1" 500 3634 "-" "Mozilla/5.0 (compatible; Googlebot/2.1; +http://www.google.com/bot.html)"
66.249.72.148 - - [27/Aug/2013:13:23:14 +0800] "GET /clothing-5/news/article-138893/ HTTP/1.1" 500 3634 "-" "Mozilla/5.0 (compatible; Googlebot/2.1; +http://www.google.com/bot.html)"
208.115.111.68 - - [27/Aug/2013:13:31:43 +0800] "GET /Clothing-5/news/article-138598/ HTTP/1.1" 500 3634 "-" "Mozilla/5.0 (compatible; Ezooms/1.0; ezooms.bot@gmail.com)"
66.249.72.146 - - [27/Aug/2013:13:40:15 +0800] "GET /clothing-5/news/article-138921/ HTTP/1.1" 500 3634 "-" "Mozilla/5.0 (compatible; Googlebot/2.1; +http://www.google.com/bot.html)"
66.249.72.148 - - [27/Aug/2013:13:49:08 +0800] "GET /robots.txt HTTP/1.1" 404 194 "-" "Mozilla/5.0 (compatible; Googlebot/2.1; +http://www.google.com/bot.html)"
66.249.72.148 - - [27/Aug/2013:13:49:09 +0800] "GET /Mobile-6/news/article-10381/ HTTP/1.1" 500 3634 "-" "Mozilla/5.0 (compatible; Googlebot/2.1; +http://www.google.com/bot.html)"
66.249.72.143 - - [27/Aug/2013:13:52:29 +0800] "GET /clothing-5/news/article-138876/ HTTP/1.1" 500 3634 "-" "Mozilla/5.0 (compatible; Googlebot/2.1; +http://www.google.com/bot.html)"
208.115.113.84 - - [27/Aug/2013:14:00:16 +0800] "GET /robots.txt HTTP/1.1" 404 194 "-" "Mozilla/5.0 (compatible; Ezooms/1.0; ezooms.bot@gmail.com)"
208.115.113.84 - - [27/Aug/2013:14:00:16 +0800] "GET /robots.txt HTTP/1.1" 404 194 "-" "Mozilla/5.0 (compatible; Ezooms/1.0; ezooms.bot@gmail.com)"
157.55.35.53 - - [27/Aug/2013:14:02:55 +0800] "GET /Clothing-5/news/article-138595/ HTTP/1.0" 500 3634 "-" "Mozilla/5.0 (compatible; bingbot/2.0; +http://www.bing.com/bingbot.htm)"
66.249.72.148 - - [27/Aug/2013:14:14:54 +0800] "GET /clothing-5/news/article-138892/ HTTP/1.1" 500 3634 "-" "Mozilla/5.0 (compatible; Googlebot/2.1; +http://www.google.com/bot.html)"
66.249.72.145 - - [27/Aug/2013:14:29:47 +0800] "GET /clothing-5/news/article-138924/ HTTP/1.1" 500 3634 "-" "Mozilla/5.0 (compatible; Googlebot/2.1; +http://www.google.com/bot.html)"
123.125.71.77 - - [27/Aug/2013:14:32:55 +0800] "GET /robots.txt HTTP/1.1" 404 194 "-" "Mozilla/5.0 (compatible; Baiduspider/2.0; +http://www.baidu.com/search/spider.html)"
66.249.72.142 - - [27/Aug/2013:14:39:33 +0800] "GET /clothing-5/news/article-138925/ HTTP/1.1" 500 3634 "-" "Mozilla/5.0 (compatible; Googlebot/2.1; +http://www.google.com/bot.html)"
65.55.52.89 - - [27/Aug/2013:14:45:54 +0800] "GET /robots.txt HTTP/1.1" 404 194 "-" "Mozilla/5.0 (compatible; bingbot/2.0; +http://www.bing.com/bingbot.htm)"
66.249.72.150 - - [27/Aug/2013:14:51:16 +0800] "GET /clothing-5/news/article-138877/ HTTP/1.1" 500 3634 "-" "Mozilla/5.0 (compatible; Googlebot/2.1; +http://www.google.com/bot.html)"
65.55.52.89 - - [27/Aug/2013:14:52:07 +0800] "GET / HTTP/1.1" 302 73 "-" "Mozilla/5.0 (compatible; bingbot/2.0; +http://www.bing.com/bingbot.htm)"
66.249.72.141 - - [27/Aug/2013:14:52:41 +0800] "GET /Mobile-6/news/article-10393-page1/ HTTP/1.1" 500 3634 "-" "Mozilla/5.0 (compatible; Googlebot/2.1; +http://www.google.com/bot.html)"
65.55.52.89 - - [27/Aug/2013:14:57:58 +0800] "GET /index.htm HTTP/1.1" 200 28578 "-" "Mozilla/5.0 (compatible; bingbot/2.0; +http://www.bing.com/bingbot.htm)"
66.249.72.143 - - [27/Aug/2013:15:08:21 +0800] "GET /clothing-5/news/article-138598/ HTTP/1.1" 500 3634 "-" "Mozilla/5.0 (compatible; Googlebot/2.1; +http://www.google.com/bot.html)"
182.118.20.177 - - [27/Aug/2013:15:20:30 +0800] "GET /robots.txt HTTP/1.1" 404 194 "http://clothing.ding9.com/robots.txt" "Mozilla/5.0 (Windows; U; Windows NT 5.1; zh-CN; rv:1.8.0.11)  Firefox/1.5.0.11; 360Spider"
208.115.113.84 - - [27/Aug/2013:15:22:33 +0800] "GET /Clothing-5/news/article-8900-page5/ HTTP/1.1" 500 3634 "-" "Mozilla/5.0 (compatible; Ezooms/1.0; ezooms.bot@gmail.com)"
66.249.72.143 - - [27/Aug/2013:15:49:05 +0800] "GET /Mobile-6/news/article-10382-page3/ HTTP/1.1" 500 3634 "-" "Mozilla/5.0 (compatible; Googlebot/2.1; +http://www.google.com/bot.html)"
208.115.111.68 - - [27/Aug/2013:15:55:27 +0800] "GET /robots.txt HTTP/1.1" 404 194 "-" "Mozilla/5.0 (compatible; Ezooms/1.0; ezooms.bot@gmail.com)"
66.249.72.143 - - [27/Aug/2013:15:57:45 +0800] "GET /Mobile-6/news/article-138554-page7/ HTTP/1.1" 500 3634 "-" "Mozilla/5.0 (compatible; Googlebot/2.1; +http://www.google.com/bot.html)"
61.164.150.69 - - [27/Aug/2013:16:32:07 +0800] "GET / HTTP/1.1" 302 73 "-" "Mozilla/4.0 (compatible; MSIE 7.0; Windows NT 6.1; Trident/4.0; Maxthon; SLCC2; .NET CLR 2.0.50727; .NET CLR 3.5.30729; .NET CLR 3.0.30729; Media Center PC 6.0; .NET4.0C)"
66.249.72.148 - - [27/Aug/2013:16:36:47 +0800] "GET /Mobile-6/news/article-138556-page4/ HTTP/1.1" 500 3634 "-" "Mozilla/5.0 (compatible; Googlebot/2.1; +http://www.google.com/bot.html)"
66.249.72.142 - - [27/Aug/2013:16:51:58 +0800] "GET /Mobile-6/news/article-138556-page3/ HTTP/1.1" 500 3634 "-" "Mozilla/5.0 (compatible; Googlebot/2.1; +http://www.google.com/bot.html)"
208.115.111.68 - - [27/Aug/2013:17:34:18 +0800] "GET /Clothing-5/news/article-8825-page7/ HTTP/1.1" 500 3634 "-" "Mozilla/5.0 (compatible; Ezooms/1.0; ezooms.bot@gmail.com)"
66.249.72.147 - - [27/Aug/2013:17:39:10 +0800] "GET /Mobile-6/news/article-138556/ HTTP/1.1" 500 3634 "-" "Mozilla/5.0 (compatible; Googlebot/2.1; +http://www.google.com/bot.html)"
157.55.35.112 - - [27/Aug/2013:17:52:31 +0800] "GET /robots.txt HTTP/1.1" 404 194 "-" "Mozilla/5.0 (compatible; bingbot/2.0; +http://www.bing.com/bingbot.htm)"
66.249.72.148 - - [27/Aug/2013:17:52:57 +0800] "GET /Mobile-6/news/article-138557-page2/ HTTP/1.1" 500 3634 "-" "Mozilla/5.0 (compatible; Googlebot/2.1; +http://www.google.com/bot.html)"
157.55.35.112 - - [27/Aug/2013:17:54:37 +0800] "GET /Clothing-5/news/article-138596/ HTTP/1.1" 500 3634 "-" "Mozilla/5.0 (compatible; bingbot/2.0; +http://www.bing.com/bingbot.htm)"
123.125.71.18 - - [27/Aug/2013:17:55:12 +0800] "GET /Jewelry-9/news/article-138662/ HTTP/1.1" 500 3634 "-" "Mozilla/5.0 (compatible; Baiduspider/2.0; +http://www.baidu.com/search/spider.html)"
157.55.35.112 - - [27/Aug/2013:17:58:57 +0800] "GET /Clothing-5/news/article-138596/ HTTP/1.0" 500 3634 "-" "Mozilla/5.0 (compatible; bingbot/2.0; +http://www.bing.com/bingbot.htm)"
66.249.72.142 - - [27/Aug/2013:18:01:17 +0800] "GET /Clothing-5/news/article-8900/ HTTP/1.1" 500 3634 "-" "Mozilla/5.0 (compatible; Googlebot/2.1; +http://www.google.com/bot.html)"
66.249.72.148 - - [27/Aug/2013:18:11:14 +0800] "GET /Clothing-5/news/article-8895/ HTTP/1.1" 500 3634 "-" "Mozilla/5.0 (compatible; Googlebot/2.1; +http://www.google.com/bot.html)"
66.249.72.141 - - [27/Aug/2013:18:21:04 +0800] "GET /Clothing-5/news/article-8898/ HTTP/1.1" 500 3634 "-" "Mozilla/5.0 (compatible; Googlebot/2.1; +http://www.google.com/bot.html)"
66.249.72.150 - - [27/Aug/2013:18:34:32 +0800] "GET /Clothing-5/news/article-138876/ HTTP/1.1" 500 3634 "-" "Mozilla/5.0 (compatible; Googlebot/2.1; +http://www.google.com/bot.html)"
66.249.72.143 - - [27/Aug/2013:18:46:49 +0800] "GET /Clothing-5/news/article-138598/ HTTP/1.1" 500 3634 "-" "Mozilla/5.0 (compatible; Googlebot/2.1; +http://www.google.com/bot.html)"
66.249.72.147 - - [27/Aug/2013:18:56:55 +0800] "GET /Clothing-5/news/article-138891/ HTTP/1.1" 500 3634 "-" "Mozilla/5.0 (compatible; Googlebot/2.1; +http://www.google.com/bot.html)"
157.55.35.112 - - [27/Aug/2013:19:03:13 +0800] "GET /Clothing-5/news/article-138596/ HTTP/1.0" 500 3634 "-" "Mozilla/5.0 (compatible; bingbot/2.0; +http://www.bing.com/bingbot.htm)"
220.181.108.99 - - [27/Aug/2013:19:06:00 +0800] "GET /clothing-5/news/article-8896/ HTTP/1.1" 500 3634 "-" "Mozilla/5.0 (compatible; Baiduspider/2.0; +http://www.baidu.com/search/spider.html)"
66.249.72.150 - - [27/Aug/2013:19:09:12 +0800] "GET /Clothing-5/news/article-138921/ HTTP/1.1" 500 3634 "-" "Mozilla/5.0 (compatible; Googlebot/2.1; +http://www.google.com/bot.html)"
220.181.89.184 - - [27/Aug/2013:19:15:31 +0800] "GET / HTTP/1.1" 302 72 "-" "Sogou web spider/4.0(+http://www.sogou.com/docs/help/webmasters.htm#07)"
220.181.89.184 - - [27/Aug/2013:19:17:56 +0800] "GET /index.htm HTTP/1.1" 200 24766 "-" "Sogou web spider/4.0(+http://www.sogou.com/docs/help/webmasters.htm#07)"
220.181.89.184 - - [27/Aug/2013:19:19:56 +0800] "GET /Mobile-6/news/article-138618-page4/ HTTP/1.1" 500 3634 "-" "Sogou web spider/4.0(+http://www.sogou.com/docs/help/webmasters.htm#07)"
66.249.72.147 - - [27/Aug/2013:19:21:07 +0800] "GET /Mobile-6/news/article-138552-page13/ HTTP/1.1" 500 3634 "-" "Mozilla/5.0 (compatible; Googlebot/2.1; +http://www.google.com/bot.html)"
220.181.89.184 - - [27/Aug/2013:19:24:14 +0800] "GET /Mobile-6/news/article-138618-page5/ HTTP/1.1" 500 3634 "-" "Sogou web spider/4.0(+http://www.sogou.com/docs/help/webmasters.htm#07)"
220.181.89.184 - - [27/Aug/2013:19:27:09 +0800] "GET /jewelry-9/news/article-138633-page6/ HTTP/1.1" 500 3634 "-" "Sogou web spider/4.0(+http://www.sogou.com/docs/help/webmasters.htm#07)"
220.181.89.184 - - [27/Aug/2013:19:31:28 +0800] "GET /jewelry-9/news/article-138783-page7/ HTTP/1.1" 500 3634 "-" "Sogou web spider/4.0(+http://www.sogou.com/docs/help/webmasters.htm#07)"
66.249.72.150 - - [27/Aug/2013:19:39:56 +0800] "GET /Clothing-5/news/article-138921/ HTTP/1.1" 500 3634 "-" "Mozilla/5.0 (compatible; Googlebot/2.1; +http://www.google.com/bot.html)"
5.10.83.36 - - [27/Aug/2013:19:47:57 +0800] "GET /clothing-5/news/article-8899/ HTTP/1.1" 500 3634 "-" "Mozilla/5.0 (compatible; AhrefsBot/5.0; +http://ahrefs.com/robot/)"
220.181.89.184 - - [27/Aug/2013:19:51:11 +0800] "GET / HTTP/1.1" 302 72 "-" "Sogou web spider/4.0(+http://www.sogou.com/docs/help/webmasters.htm#07)"
220.181.89.184 - - [27/Aug/2013:19:53:01 +0800] "GET /index.htm HTTP/1.1" 200 24766 "-" "Sogou web spider/4.0(+http://www.sogou.com/docs/help/webmasters.htm#07)"
66.249.72.141 - - [27/Aug/2013:19:53:33 +0800] "GET /Clothing-5/news/article-138925/ HTTP/1.1" 500 3634 "-" "Mozilla/5.0 (compatible; Googlebot/2.1; +http://www.google.com/bot.html)"
220.181.89.184 - - [27/Aug/2013:19:55:23 +0800] "GET /Mobile-6/news/article-138618-page4/ HTTP/1.1" 500 3634 "-" "Sogou web spider/4.0(+http://www.sogou.com/docs/help/webmasters.htm#07)"
220.181.89.184 - - [27/Aug/2013:19:59:51 +0800] "GET /Mobile-6/news/article-138618-page5/ HTTP/1.1" 500 3634 "-" "Sogou web spider/4.0(+http://www.sogou.com/docs/help/webmasters.htm#07)"
220.181.89.184 - - [27/Aug/2013:20:02:13 +0800] "GET /jewelry-9/news/article-138633-page6/ HTTP/1.1" 500 3634 "-" "Sogou web spider/4.0(+http://www.sogou.com/docs/help/webmasters.htm#07)"
220.181.89.184 - - [27/Aug/2013:20:06:12 +0800] "GET /jewelry-9/news/article-138783-page7/ HTTP/1.1" 500 3634 "-" "Sogou web spider/4.0(+http://www.sogou.com/docs/help/webmasters.htm#07)"
66.249.72.147 - - [27/Aug/2013:20:06:38 +0800] "GET /Clothing-5/news/article-138877/ HTTP/1.1" 500 3634 "-" "Mozilla/5.0 (compatible; Googlebot/2.1; +http://www.google.com/bot.html)"
182.118.22.227 - - [27/Aug/2013:20:12:00 +0800] "GET /robots.txt HTTP/1.1" 404 194 "http://jingpin.ding9.com/robots.txt" "Mozilla/5.0 (Windows; U; Windows NT 5.1; zh-CN; rv:1.8.0.11)  Firefox/1.5.0.11; 360Spider"
66.249.72.149 - - [27/Aug/2013:20:16:21 +0800] "GET /Clothing-5/news/article-138924/ HTTP/1.1" 500 3634 "-" "Mozilla/5.0 (compatible; Googlebot/2.1; +http://www.google.com/bot.html)"
66.249.72.142 - - [27/Aug/2013:20:32:15 +0800] "GET /Clothing-5/news/article-138596/ HTTP/1.1" 500 3634 "-" "Mozilla/5.0 (compatible; Googlebot/2.1; +http://www.google.com/bot.html)"
66.249.72.148 - - [27/Aug/2013:20:40:34 +0800] "GET /Clothing-5/news/article-138892/ HTTP/1.1" 500 3634 "-" "Mozilla/5.0 (compatible; Googlebot/2.1; +http://www.google.com/bot.html)"
66.249.72.144 - - [27/Aug/2013:20:50:02 +0800] "GET /Clothing-5/news/article-138597/ HTTP/1.1" 500 3634 "-" "Mozilla/5.0 (compatible; Googlebot/2.1; +http://www.google.com/bot.html)"
66.249.72.141 - - [27/Aug/2013:21:05:42 +0800] "GET /Clothing-5/news/article-138893/ HTTP/1.1" 500 3634 "-" "Mozilla/5.0 (compatible; Googlebot/2.1; +http://www.google.com/bot.html)"
66.249.72.150 - - [27/Aug/2013:21:20:19 +0800] "GET /Clothing-5/news/article-138595/ HTTP/1.1" 500 3634 "-" "Mozilla/5.0 (compatible; Googlebot/2.1; +http://www.google.com/bot.html)"
66.249.72.143 - - [27/Aug/2013:22:11:15 +0800] "GET /images/focus2.swf HTTP/1.1" 200 10755 "-" "Googlebot-Video/1.0"
180.76.5.137 - - [27/Aug/2013:22:20:11 +0800] "GET /robots.txt HTTP/1.1" 404 194 "-" "Mozilla/5.0 (Windows NT 5.1; rv:6.0.2) Gecko/20100101 Firefox/6.0.2"
66.249.72.141 - - [27/Aug/2013:23:00:10 +0800] "GET /robots.txt HTTP/1.1" 404 194 "-" "Mozilla/5.0 (compatible; Googlebot/2.1; +http://www.google.com/bot.html)"
66.249.72.141 - - [27/Aug/2013:23:00:10 +0800] "GET / HTTP/1.1" 302 73 "-" "Mozilla/5.0 (compatible; Googlebot/2.1; +http://www.google.com/bot.html)"
66.249.72.141 - - [27/Aug/2013:23:00:11 +0800] "GET /index.htm HTTP/1.1" 200 28578 "-" "Mozilla/5.0 (compatible; Googlebot/2.1; +http://www.google.com/bot.html)"
5.10.83.36 - - [27/Aug/2013:23:08:57 +0800] "GET /jingpin-9/news/article-138780/ HTTP/1.1" 500 3634 "-" "Mozilla/5.0 (compatible; AhrefsBot/5.0; +http://ahrefs.com/robot/)"
5.10.83.36 - - [27/Aug/2013:23:09:43 +0800] "GET /clothing-5/news/article-138924/ HTTP/1.1" 500 3634 "-" "Mozilla/5.0 (compatible; AhrefsBot/5.0; +http://ahrefs.com/robot/)"
66.249.72.141 - - [27/Aug/2013:23:11:18 +0800] "GET / HTTP/1.1" 302 72 "-" "SAMSUNG-SGH-E250/1.0 Profile/MIDP-2.0 Configuration/CLDC-1.1 UP.Browser/6.2.3.3.c.1.101 (GUI) MMP/2.0 (compatible; Googlebot-Mobile/2.1; +http://www.google.com/bot.html)"
66.249.72.141 - - [27/Aug/2013:23:11:18 +0800] "GET /index.htm HTTP/1.1" 200 24766 "-" "SAMSUNG-SGH-E250/1.0 Profile/MIDP-2.0 Configuration/CLDC-1.1 UP.Browser/6.2.3.3.c.1.101 (GUI) MMP/2.0 (compatible; Googlebot-Mobile/2.1; +http://www.google.com/bot.html)"
208.115.111.68 - - [28/Aug/2013:00:07:34 +0800] "GET /robots.txt HTTP/1.1" 404 194 "-" "Mozilla/5.0 (compatible; Ezooms/1.0; ezooms.bot@gmail.com)"
66.249.72.143 - - [28/Aug/2013:00:29:08 +0800] "GET /clothing-5/news/article-138598/ HTTP/1.1" 500 3634 "-" "Mozilla/5.0 (compatible; Googlebot/2.1; +http://www.google.com/bot.html)"
66.249.72.144 - - [28/Aug/2013:00:36:42 +0800] "GET /clothing-5/news/article-138598/ HTTP/1.1" 500 3634 "-" "Mozilla/5.0 (compatible; Googlebot/2.1; +http://www.google.com/bot.html)"
137.175.63.132 - - [28/Aug/2013:01:19:53 +0800] "GET /plugins/album/data.asp HTTP/1.0" 404 956 "-" "Mozilla/4.0 (compatible; MSIE 9.0; Windows NT 6.1; WOW64; Trident/5.0; SLCC2; .NET CLR 2.0.50727; .NET CLR 3.5.30729; .NET CLR 3.0.30729; Media Center PC 6.0; .NET4.0C; .NET4.0E)"
137.175.63.132 - - [28/Aug/2013:01:19:54 +0800] "GET /upfilea.asp HTTP/1.0" 404 945 "-" "Mozilla/4.0 (compatible; MSIE 9.0; Windows NT 6.1; WOW64; Trident/5.0; SLCC2; .NET CLR 2.0.50727; .NET CLR 3.5.30729; .NET CLR 3.0.30729; Media Center PC 6.0; .NET4.0C; .NET4.0E)"
137.175.63.132 - - [28/Aug/2013:01:19:54 +0800] "GET /blog/plugins/album/data.asp HTTP/1.0" 404 961 "-" "Mozilla/4.0 (compatible; MSIE 9.0; Windows NT 6.1; WOW64; Trident/5.0; SLCC2; .NET CLR 2.0.50727; .NET CLR 3.5.30729; .NET CLR 3.0.30729; Media Center PC 6.0; .NET4.0C; .NET4.0E)"
208.115.111.68 - - [28/Aug/2013:01:36:49 +0800] "GET /Jewelry-9/news/article-138784-page6/ HTTP/1.1" 500 3634 "-" "Mozilla/5.0 (compatible; Ezooms/1.0; ezooms.bot@gmail.com)"
208.115.113.84 - - [28/Aug/2013:01:58:34 +0800] "GET /robots.txt HTTP/1.1" 404 194 "-" "Mozilla/5.0 (compatible; Ezooms/1.0; ezooms.bot@gmail.com)"
65.55.24.238 - - [28/Aug/2013:02:49:56 +0800] "GET /robots.txt HTTP/1.1" 404 194 "-" "Mozilla/5.0 (compatible; bingbot/2.0; +http://www.bing.com/bingbot.htm)"
65.55.52.108 - - [28/Aug/2013:02:50:02 +0800] "GET /robots.txt HTTP/1.1" 404 194 "-" "Mozilla/5.0 (compatible; bingbot/2.0; +http://www.bing.com/bingbot.htm)"
65.55.52.108 - - [28/Aug/2013:02:51:29 +0800] "GET / HTTP/1.1" 302 73 "-" "Mozilla/5.0 (compatible; bingbot/2.0; +http://www.bing.com/bingbot.htm)"
65.55.24.238 - - [28/Aug/2013:02:52:15 +0800] "GET / HTTP/1.1" 302 72 "-" "Mozilla/5.0 (compatible; bingbot/2.0; +http://www.bing.com/bingbot.htm)"
5.10.83.36 - - [28/Aug/2013:02:55:26 +0800] "GET /clothing-5/news/article-138877/ HTTP/1.1" 500 3634 "-" "Mozilla/5.0 (compatible; AhrefsBot/5.0; +http://ahrefs.com/robot/)"
220.181.108.176 - - [28/Aug/2013:03:13:46 +0800] "GET / HTTP/1.1" 302 73 "-" "Mozilla/5.0 (compatible; Baiduspider/2.0; +http://www.baidu.com/search/spider.html)"
220.181.108.174 - - [28/Aug/2013:03:13:46 +0800] "GET /index.htm HTTP/1.1" 200 28578 "-" "Mozilla/5.0 (compatible; Baiduspider/2.0; +http://www.baidu.com/search/spider.html)"
66.249.72.145 - - [28/Aug/2013:03:16:47 +0800] "GET /clothing-5/news/article-138598/ HTTP/1.1" 500 3634 "-" "Mozilla/5.0 (compatible; Googlebot/2.1; +http://www.google.com/bot.html)"
137.175.63.132 - - [28/Aug/2013:03:34:18 +0800] "GET /plugins/album/data.asp HTTP/1.0" 404 956 "-" "Mozilla/4.0 (compatible; MSIE 9.0; Windows NT 6.1; WOW64; Trident/5.0; SLCC2; .NET CLR 2.0.50727; .NET CLR 3.5.30729; .NET CLR 3.0.30729; Media Center PC 6.0; .NET4.0C; .NET4.0E)"
137.175.63.132 - - [28/Aug/2013:03:34:18 +0800] "GET /upfilea.asp HTTP/1.0" 404 945 "-" "Mozilla/4.0 (compatible; MSIE 9.0; Windows NT 6.1; WOW64; Trident/5.0; SLCC2; .NET CLR 2.0.50727; .NET CLR 3.5.30729; .NET CLR 3.0.30729; Media Center PC 6.0; .NET4.0C; .NET4.0E)"
137.175.63.132 - - [28/Aug/2013:03:34:19 +0800] "GET /blog/plugins/album/data.asp HTTP/1.0" 404 961 "-" "Mozilla/4.0 (compatible; MSIE 9.0; Windows NT 6.1; WOW64; Trident/5.0; SLCC2; .NET CLR 2.0.50727; .NET CLR 3.5.30729; .NET CLR 3.0.30729; Media Center PC 6.0; .NET4.0C; .NET4.0E)"
66.249.72.141 - - [28/Aug/2013:03:50:47 +0800] "GET /favicon.ico HTTP/1.1" 404 195 "-" "Googlebot-Image/1.0"
66.249.72.146 - - [28/Aug/2013:04:27:04 +0800] "GET /robots.txt HTTP/1.1" 404 194 "-" "Mozilla/5.0 (compatible; Googlebot/2.1; +http://www.google.com/bot.html)"
66.249.72.146 - - [28/Aug/2013:04:27:04 +0800] "GET / HTTP/1.1" 302 72 "-" "DoCoMo/2.0 N905i(c100;TB;W24H16) (compatible; Googlebot-Mobile/2.1; +http://www.google.com/bot.html)"
66.249.72.146 - - [28/Aug/2013:04:27:05 +0800] "GET /index.htm HTTP/1.1" 200 24766 "-" "DoCoMo/2.0 N905i(c100;TB;W24H16) (compatible; Googlebot-Mobile/2.1; +http://www.google.com/bot.html)"
123.125.71.54 - - [28/Aug/2013:04:47:35 +0800] "GET /Jewelry-9/news/article-138782/ HTTP/1.1" 500 3634 "-" "Mozilla/5.0 (compatible; Baiduspider/2.0; +http://www.baidu.com/search/spider.html)"
66.249.72.143 - - [28/Aug/2013:05:23:38 +0800] "GET /apple-touch-icon-precomposed.png HTTP/1.1" 404 216 "-" "Googlebot-Image/1.0"
220.181.108.75 - - [28/Aug/2013:05:26:13 +0800] "GET /css3.0/te.css HTTP/1.1" 304 - "-" "Mozilla/5.0 (compatible; Baiduspider/2.0; +http://www.baidu.com/search/spider.html)"
101.226.166.246 - - [28/Aug/2013:05:27:57 +0800] "GET /Clothing-5/news/article-8886-page4/ HTTP/1.1" 500 4384 "http://clothing.ding9.com/Clothing-5/news/article-8886-page4/" "Mozilla/4.0 (compatible; MSIE 8.0; Windows NT 6.1; Trident/4.0; SLCC2; .NET CLR 2.0.50727; .NET CLR 3.5.30729; .NET CLR 3.0.30729; Media Center PC 6.0; MDDR; .NET4.0C; .NET4.0E; .NET CLR 1.1.4322; Tablet PC 2.0); 360Spider"
101.226.167.252 - - [28/Aug/2013:05:33:00 +0800] "GET /Jewelry-9/news/article-138666-page1/ HTTP/1.1" 500 4384 "http://jingpin.ding9.com/Jewelry-9/news/article-138666-page1/" "Mozilla/4.0 (compatible; MSIE 8.0; Windows NT 6.1; Trident/4.0; SLCC2; .NET CLR 2.0.50727; .NET CLR 3.5.30729; .NET CLR 3.0.30729; Media Center PC 6.0; MDDR; .NET4.0C; .NET4.0E; .NET CLR 1.1.4322; Tablet PC 2.0); 360Spider"
65.55.24.238 - - [28/Aug/2013:05:56:46 +0800] "GET /robots.txt HTTP/1.1" 404 194 "-" "Mozilla/5.0 (compatible; bingbot/2.0; +http://www.bing.com/bingbot.htm)"
65.55.24.238 - - [28/Aug/2013:05:57:22 +0800] "GET /index.htm HTTP/1.1" 200 24766 "-" "Mozilla/5.0 (compatible; bingbot/2.0; +http://www.bing.com/bingbot.htm)"
208.115.113.84 - - [28/Aug/2013:05:58:29 +0800] "GET /robots.txt HTTP/1.1" 404 194 "-" "Mozilla/5.0 (compatible; Ezooms/1.0; ezooms.bot@gmail.com)"
66.249.72.147 - - [28/Aug/2013:06:12:26 +0800] "GET /Clothing-5/news/article-138595/ HTTP/1.1" 500 3634 "-" "Mozilla/5.0 (compatible; Googlebot/2.1; +http://www.google.com/bot.html)"
188.190.98.18 - - [28/Aug/2013:06:36:13 +0800] "GET /?_SERVER[DOCUMENT_ROOT]=http://www.google.com/humans.txt? HTTP/1.1" 302 72 "http://jingpin.ding9.com/" "Mozilla/5.0 (Windows NT 5.1; rv:11.0) Gecko Firefox/11.0"
66.249.72.147 - - [28/Aug/2013:06:45:04 +0800] "GET /robots.txt HTTP/1.1" 404 194 "-" "Mozilla/5.0 (compatible; Googlebot/2.1; +http://www.google.com/bot.html)"
66.249.72.147 - - [28/Aug/2013:06:45:05 +0800] "GET /Clothing-5/news/article-8885-page4/ HTTP/1.1" 500 3634 "-" "Mozilla/5.0 (compatible; Googlebot/2.1; +http://www.google.com/bot.html)"
220.181.89.184 - - [28/Aug/2013:06:54:16 +0800] "GET /Mobile-6/news/article-138555-page3/ HTTP/1.1" 500 3634 "-" "Sogou web spider/4.0(+http://www.sogou.com/docs/help/webmasters.htm#07)"
220.181.89.184 - - [28/Aug/2013:06:58:16 +0800] "GET /Mobile-6/news/article-138552-page12/ HTTP/1.1" 500 3634 "-" "Sogou web spider/4.0(+http://www.sogou.com/docs/help/webmasters.htm#07)"
220.181.89.184 - - [28/Aug/2013:06:58:24 +0800] "GET /Jewelry-9/news/article-138630-page2/ HTTP/1.1" 500 3634 "-" "Sogou web spider/4.0(+http://www.sogou.com/docs/help/webmasters.htm#07)"
123.125.71.33 - - [28/Aug/2013:06:58:31 +0800] "GET /clothing-5/news/article-138891/ HTTP/1.1" 500 3634 "-" "Mozilla/5.0 (compatible; Baiduspider/2.0; +http://www.baidu.com/search/spider.html)"
220.181.89.184 - - [28/Aug/2013:07:09:47 +0800] "GET /jewelry-9/news/article-138599-page3/ HTTP/1.1" 500 3634 "-" "Sogou web spider/4.0(+http://www.sogou.com/docs/help/webmasters.htm#07)"
220.181.89.184 - - [28/Aug/2013:07:23:58 +0800] "GET /Mobile-6/news/article-138555-page3/ HTTP/1.1" 500 3634 "-" "Sogou web spider/4.0(+http://www.sogou.com/docs/help/webmasters.htm#07)"
220.181.89.184 - - [28/Aug/2013:07:27:31 +0800] "GET /Mobile-6/news/article-138552-page12/ HTTP/1.1" 500 3634 "-" "Sogou web spider/4.0(+http://www.sogou.com/docs/help/webmasters.htm#07)"
220.181.89.184 - - [28/Aug/2013:07:27:43 +0800] "GET /Jewelry-9/news/article-138630-page2/ HTTP/1.1" 500 3634 "-" "Sogou web spider/4.0(+http://www.sogou.com/docs/help/webmasters.htm#07)"
220.181.89.184 - - [28/Aug/2013:07:40:06 +0800] "GET /jewelry-9/news/article-138599-page3/ HTTP/1.1" 500 3634 "-" "Sogou web spider/4.0(+http://www.sogou.com/docs/help/webmasters.htm#07)"
208.115.111.68 - - [28/Aug/2013:07:55:32 +0800] "GET /robots.txt HTTP/1.1" 404 194 "-" "Mozilla/5.0 (compatible; Ezooms/1.0; ezooms.bot@gmail.com)"
66.249.72.143 - - [28/Aug/2013:09:15:44 +0800] "GET /Clothing-5/news/article-138595/ HTTP/1.1" 500 3634 "-" "Mozilla/5.0 (compatible; Googlebot/2.1; +http://www.google.com/bot.html)"
208.115.111.68 - - [28/Aug/2013:09:38:32 +0800] "GET /Jewelry-9/news/article-138666-page1/ HTTP/1.1" 500 3634 "-" "Mozilla/5.0 (compatible; Ezooms/1.0; ezooms.bot@gmail.com)"
66.249.72.144 - - [28/Aug/2013:10:02:24 +0800] "GET /apple-touch-icon.png HTTP/1.1" 404 204 "-" "Googlebot-Image/1.0"
66.249.73.210 - - [28/Aug/2013:11:34:08 +0800] "GET /robots.txt HTTP/1.1" 404 194 "-" "Mozilla/5.0 (compatible; Googlebot/2.1; +http://www.google.com/bot.html)"
66.249.73.210 - - [28/Aug/2013:11:34:08 +0800] "GET /apple-touch-icon-precomposed.png HTTP/1.1" 404 216 "-" "Googlebot-Image/1.0"
5.10.83.36 - - [28/Aug/2013:11:46:50 +0800] "GET /jingpin-9/news/article-138778/ HTTP/1.1" 500 3634 "-" "Mozilla/5.0 (compatible; AhrefsBot/5.0; +http://ahrefs.com/robot/)"
66.249.73.212 - - [28/Aug/2013:12:11:42 +0800] "GET /clothing-5/news/article-138598/ HTTP/1.1" 500 3634 "-" "Mozilla/5.0 (compatible; Googlebot/2.1; +http://www.google.com/bot.html)"
123.114.45.153 - - [28/Aug/2013:12:25:24 +0800] "GET / HTTP/1.1" 302 73 "http://office.ding9.com/" "Mozilla/5.0 (compatible; MSIE 10.0; Windows NT 6.1; Trident/6.0)"
123.114.45.153 - - [28/Aug/2013:12:25:25 +0800] "GET /index.htm HTTP/1.1" 200 28578 "http://office.ding9.com/" "Mozilla/5.0 (compatible; MSIE 10.0; Windows NT 6.1; Trident/6.0)"
123.114.45.153 - - [28/Aug/2013:12:25:25 +0800] "GET /css3.0/tefont.css HTTP/1.1" 200 634 "http://clothing.ding9.com/index.htm" "Mozilla/5.0 (compatible; MSIE 10.0; Windows NT 6.1; Trident/6.0)"
123.114.45.153 - - [28/Aug/2013:12:25:25 +0800] "GET /css3.0/te.css HTTP/1.1" 200 3436 "http://clothing.ding9.com/index.htm" "Mozilla/5.0 (compatible; MSIE 10.0; Windows NT 6.1; Trident/6.0)"
123.114.45.153 - - [28/Aug/2013:12:25:25 +0800] "GET /images/menubg_03.jpg HTTP/1.1" 200 453 "http://clothing.ding9.com/index.htm" "Mozilla/5.0 (compatible; MSIE 10.0; Windows NT 6.1; Trident/6.0)"
123.114.45.153 - - [28/Aug/2013:12:25:25 +0800] "GET /teimages/arrow_022.gif HTTP/1.1" 200 63 "http://clothing.ding9.com/index.htm" "Mozilla/5.0 (compatible; MSIE 10.0; Windows NT 6.1; Trident/6.0)"
123.114.45.153 - - [28/Aug/2013:12:25:25 +0800] "GET /images/menubg_08.jpg HTTP/1.1" 200 480 "http://clothing.ding9.com/index.htm" "Mozilla/5.0 (compatible; MSIE 10.0; Windows NT 6.1; Trident/6.0)"
123.114.45.153 - - [28/Aug/2013:12:25:25 +0800] "GET /images/focus2.swf HTTP/1.1" 200 10755 "http://clothing.ding9.com/index.htm" "Mozilla/5.0 (compatible; MSIE 10.0; Windows NT 6.1; Trident/6.0)"
123.114.45.153 - - [28/Aug/2013:12:25:25 +0800] "GET /images/menubg_m.jpg HTTP/1.1" 200 4390 "http://clothing.ding9.com/index.htm" "Mozilla/5.0 (compatible; MSIE 10.0; Windows NT 6.1; Trident/6.0)"
123.114.45.153 - - [28/Aug/2013:12:25:25 +0800] "GET /images/menubg_04.jpg HTTP/1.1" 200 382 "http://clothing.ding9.com/index.htm" "Mozilla/5.0 (compatible; MSIE 10.0; Windows NT 6.1; Trident/6.0)"
5.10.83.36 - - [28/Aug/2013:12:25:25 +0800] "GET /clothing-5/news/article-138892/ HTTP/1.1" 500 3634 "-" "Mozilla/5.0 (compatible; AhrefsBot/5.0; +http://ahrefs.com/robot/)"
123.114.45.153 - - [28/Aug/2013:12:25:25 +0800] "GET /images/fzfs/more.jpg HTTP/1.1" 200 1165 "http://clothing.ding9.com/index.htm" "Mozilla/5.0 (compatible; MSIE 10.0; Windows NT 6.1; Trident/6.0)"
123.114.45.153 - - [28/Aug/2013:12:25:26 +0800] "GET /favicon.ico HTTP/1.1" 404 945 "-" "Mozilla/5.0 (compatible; MSIE 10.0; Windows NT 6.1; Trident/6.0)"
123.114.45.153 - - [28/Aug/2013:12:25:28 +0800] "GET /undefined HTTP/1.1" 404 943 "http://clothing.ding9.com/images/focus2.swf" "Mozilla/5.0 (compatible; MSIE 10.0; Windows NT 6.1; Trident/6.0)"
123.114.45.153 - - [28/Aug/2013:12:25:28 +0800] "GET /undefined HTTP/1.1" 404 943 "http://clothing.ding9.com/images/focus2.swf" "Mozilla/5.0 (compatible; MSIE 10.0; Windows NT 6.1; Trident/6.0)"
123.114.45.153 - - [28/Aug/2013:12:25:28 +0800] "GET /undefined HTTP/1.1" 404 943 "http://clothing.ding9.com/images/focus2.swf" "Mozilla/5.0 (compatible; MSIE 10.0; Windows NT 6.1; Trident/6.0)"
123.114.45.153 - - [28/Aug/2013:12:25:29 +0800] "GET /undefined HTTP/1.1" 404 943 "http://clothing.ding9.com/images/focus2.swf" "Mozilla/5.0 (compatible; MSIE 10.0; Windows NT 6.1; Trident/6.0)"
123.114.45.153 - - [28/Aug/2013:12:25:30 +0800] "GET / HTTP/1.1" 302 72 "http://clothing.ding9.com/index.htm" "Mozilla/5.0 (compatible; MSIE 10.0; Windows NT 6.1; Trident/6.0)"
123.114.45.153 - - [28/Aug/2013:12:25:31 +0800] "GET /index.htm HTTP/1.1" 200 24766 "http://clothing.ding9.com/index.htm" "Mozilla/5.0 (compatible; MSIE 10.0; Windows NT 6.1; Trident/6.0)"
123.114.45.153 - - [28/Aug/2013:12:25:31 +0800] "GET /css3.0/tefont.css HTTP/1.1" 200 634 "http://jingpin.ding9.com/index.htm" "Mozilla/5.0 (compatible; MSIE 10.0; Windows NT 6.1; Trident/6.0)"
123.114.45.153 - - [28/Aug/2013:12:25:31 +0800] "GET /css3.0/te.css HTTP/1.1" 200 3436 "http://jingpin.ding9.com/index.htm" "Mozilla/5.0 (compatible; MSIE 10.0; Windows NT 6.1; Trident/6.0)"
123.114.45.153 - - [28/Aug/2013:12:25:31 +0800] "GET /images/menubg_03.jpg HTTP/1.1" 200 453 "http://jingpin.ding9.com/index.htm" "Mozilla/5.0 (compatible; MSIE 10.0; Windows NT 6.1; Trident/6.0)"
123.114.45.153 - - [28/Aug/2013:12:25:31 +0800] "GET /teimages/arrow_022.gif HTTP/1.1" 200 63 "http://jingpin.ding9.com/index.htm" "Mozilla/5.0 (compatible; MSIE 10.0; Windows NT 6.1; Trident/6.0)"
123.114.45.153 - - [28/Aug/2013:12:25:31 +0800] "GET /images/menubg_08.jpg HTTP/1.1" 200 480 "http://jingpin.ding9.com/index.htm" "Mozilla/5.0 (compatible; MSIE 10.0; Windows NT 6.1; Trident/6.0)"
123.114.45.153 - - [28/Aug/2013:12:25:31 +0800] "GET /images/sssb/more.jpg HTTP/1.1" 200 954 "http://jingpin.ding9.com/index.htm" "Mozilla/5.0 (compatible; MSIE 10.0; Windows NT 6.1; Trident/6.0)"
123.114.45.153 - - [28/Aug/2013:12:25:32 +0800] "GET /images/focus2.swf HTTP/1.1" 200 10755 "http://jingpin.ding9.com/index.htm" "Mozilla/5.0 (compatible; MSIE 10.0; Windows NT 6.1; Trident/6.0)"
123.114.45.153 - - [28/Aug/2013:12:25:32 +0800] "GET /images/menubg_04.jpg HTTP/1.1" 200 382 "http://jingpin.ding9.com/index.htm" "Mozilla/5.0 (compatible; MSIE 10.0; Windows NT 6.1; Trident/6.0)"
123.114.45.153 - - [28/Aug/2013:12:25:32 +0800] "GET /images/menubg_m.jpg HTTP/1.1" 200 4390 "http://jingpin.ding9.com/index.htm" "Mozilla/5.0 (compatible; MSIE 10.0; Windows NT 6.1; Trident/6.0)"
123.114.45.153 - - [28/Aug/2013:12:25:32 +0800] "GET /favicon.ico HTTP/1.1" 404 945 "-" "Mozilla/5.0 (compatible; MSIE 10.0; Windows NT 6.1; Trident/6.0)"
123.114.45.153 - - [28/Aug/2013:12:25:34 +0800] "GET /undefined HTTP/1.1" 404 943 "http://jingpin.ding9.com/images/focus2.swf" "Mozilla/5.0 (compatible; MSIE 10.0; Windows NT 6.1; Trident/6.0)"
123.114.45.153 - - [28/Aug/2013:12:25:34 +0800] "GET /undefined HTTP/1.1" 404 943 "http://jingpin.ding9.com/images/focus2.swf" "Mozilla/5.0 (compatible; MSIE 10.0; Windows NT 6.1; Trident/6.0)"
123.114.45.153 - - [28/Aug/2013:12:25:35 +0800] "GET /undefined HTTP/1.1" 404 943 "http://jingpin.ding9.com/images/focus2.swf" "Mozilla/5.0 (compatible; MSIE 10.0; Windows NT 6.1; Trident/6.0)"
123.114.45.153 - - [28/Aug/2013:12:25:35 +0800] "GET /undefined HTTP/1.1" 404 943 "http://jingpin.ding9.com/images/focus2.swf" "Mozilla/5.0 (compatible; MSIE 10.0; Windows NT 6.1; Trident/6.0)"
123.114.45.153 - - [28/Aug/2013:12:25:43 +0800] "GET /undefined HTTP/1.1" 404 943 "http://jingpin.ding9.com/images/focus2.swf" "Mozilla/5.0 (compatible; MSIE 10.0; Windows NT 6.1; Trident/6.0)"
123.114.45.153 - - [28/Aug/2013:12:25:43 +0800] "GET /favicon.ico HTTP/1.1" 404 945 "-" "Mozilla/5.0 (compatible; MSIE 10.0; Windows NT 6.1; Trident/6.0)"
123.114.45.153 - - [28/Aug/2013:12:25:43 +0800] "GET /undefined HTTP/1.1" 404 943 "http://jingpin.ding9.com/images/focus2.swf" "Mozilla/5.0 (compatible; MSIE 10.0; Windows NT 6.1; Trident/6.0)"
123.114.45.153 - - [28/Aug/2013:12:25:44 +0800] "GET /undefined HTTP/1.1" 404 943 "http://jingpin.ding9.com/images/focus2.swf" "Mozilla/5.0 (compatible; MSIE 10.0; Windows NT 6.1; Trident/6.0)"
123.114.45.153 - - [28/Aug/2013:12:25:45 +0800] "GET /undefined HTTP/1.1" 404 943 "http://jingpin.ding9.com/images/focus2.swf" "Mozilla/5.0 (compatible; MSIE 10.0; Windows NT 6.1; Trident/6.0)"
123.114.45.153 - - [28/Aug/2013:12:25:50 +0800] "GET /undefined HTTP/1.1" 404 943 "http://jingpin.ding9.com/images/focus2.swf" "Mozilla/5.0 (compatible; MSIE 10.0; Windows NT 6.1; Trident/6.0)"
123.114.45.153 - - [28/Aug/2013:12:25:51 +0800] "GET /undefined HTTP/1.1" 404 943 "http://jingpin.ding9.com/images/focus2.swf" "Mozilla/5.0 (compatible; MSIE 10.0; Windows NT 6.1; Trident/6.0)"
123.114.45.153 - - [28/Aug/2013:12:25:51 +0800] "GET /undefined HTTP/1.1" 404 943 "http://jingpin.ding9.com/images/focus2.swf" "Mozilla/5.0 (compatible; MSIE 10.0; Windows NT 6.1; Trident/6.0)"
123.114.45.153 - - [28/Aug/2013:12:25:52 +0800] "GET /undefined HTTP/1.1" 404 943 "http://jingpin.ding9.com/images/focus2.swf" "Mozilla/5.0 (compatible; MSIE 10.0; Windows NT 6.1; Trident/6.0)"
123.114.45.153 - - [28/Aug/2013:12:26:01 +0800] "GET /undefined HTTP/1.1" 404 943 "http://jingpin.ding9.com/images/focus2.swf" "Mozilla/5.0 (compatible; MSIE 10.0; Windows NT 6.1; Trident/6.0)"
123.114.45.153 - - [28/Aug/2013:12:26:01 +0800] "GET /undefined HTTP/1.1" 404 943 "http://jingpin.ding9.com/images/focus2.swf" "Mozilla/5.0 (compatible; MSIE 10.0; Windows NT 6.1; Trident/6.0)"
123.114.45.153 - - [28/Aug/2013:12:26:01 +0800] "GET /undefined HTTP/1.1" 404 943 "http://jingpin.ding9.com/images/focus2.swf" "Mozilla/5.0 (compatible; MSIE 10.0; Windows NT 6.1; Trident/6.0)"
123.114.45.153 - - [28/Aug/2013:12:26:03 +0800] "GET /undefined HTTP/1.1" 404 943 "http://jingpin.ding9.com/images/focus2.swf" "Mozilla/5.0 (compatible; MSIE 10.0; Windows NT 6.1; Trident/6.0)"
124.238.215.59 - - [28/Aug/2013:12:35:01 +0800] "GET / HTTP/1.0" 302 73 "http://clothing.ding9.com/" "Mozilla/4.0 (compatible; MSIE 8.0; Windows NT 5.1; Trident/4.0; .NET CLR 2.0.50727; .NET CLR 3.0.4506.2152; .NET CLR 3.5.30729)"
124.238.215.59 - - [28/Aug/2013:12:35:02 +0800] "GET /index.htm HTTP/1.0" 200 28578 "http://clothing.ding9.com/index.htm" "Mozilla/4.0 (compatible; MSIE 8.0; Windows NT 5.1; Trident/4.0; .NET CLR 2.0.50727; .NET CLR 3.0.4506.2152; .NET CLR 3.5.30729)"
124.238.215.59 - - [28/Aug/2013:12:35:03 +0800] "GET /index.htm HTTP/1.0" 200 28578 "http://clothing.ding9.com/index.htm" "Mozilla/4.0 (compatible; MSIE 8.0; Windows NT 5.1; Trident/4.0; .NET CLR 2.0.50727; .NET CLR 3.0.4506.2152; .NET CLR 3.5.30729)"
5.10.83.36 - - [28/Aug/2013:13:52:16 +0800] "GET /clothing-5/news/article-138597/ HTTP/1.1" 500 3634 "-" "Mozilla/5.0 (compatible; AhrefsBot/5.0; +http://ahrefs.com/robot/)"
208.115.113.84 - - [28/Aug/2013:13:57:55 +0800] "GET /robots.txt HTTP/1.1" 404 194 "-" "Mozilla/5.0 (compatible; Ezooms/1.0; ezooms.bot@gmail.com)"
1.202.218.132 - - [28/Aug/2013:14:00:21 +0800] "GET /robots.txt HTTP/1.1" 404 194 "-" "Mozilla/5.0 ()"
1.202.218.137 - - [28/Aug/2013:14:00:22 +0800] "HEAD /Jewelry-9/news/article-138666/ HTTP/1.1" 500 0 "-" "Mozilla/5.0 (compatible; JikeSpider; +http://shoulu.jike.com/spider.html)"
1.202.218.133 - - [28/Aug/2013:14:00:22 +0800] "GET /Jewelry-9/news/article-138666/ HTTP/1.1" 500 3634 "-" "Mozilla/5.0 (compatible; JikeSpider; +http://shoulu.jike.com/spider.html)"
65.55.213.66 - - [28/Aug/2013:15:41:19 +0800] "GET /robots.txt HTTP/1.1" 404 194 "-" "msnbot/2.0b (+http://search.msn.com/msnbot.htm)"
65.55.213.66 - - [28/Aug/2013:15:41:20 +0800] "GET / HTTP/1.1" 302 72 "-" "msnbot/2.0b (+http://search.msn.com/msnbot.htm)"
65.55.213.66 - - [28/Aug/2013:15:41:22 +0800] "GET /index.htm HTTP/1.1" 200 24766 "-" "msnbot/2.0b (+http://search.msn.com/msnbot.htm)"
65.55.213.66 - - [28/Aug/2013:15:41:58 +0800] "GET /robots.txt HTTP/1.1" 404 194 "-" "msnbot/2.0b (+http://search.msn.com/msnbot.htm)"
65.55.213.66 - - [28/Aug/2013:15:41:59 +0800] "GET / HTTP/1.1" 302 73 "-" "msnbot/2.0b (+http://search.msn.com/msnbot.htm)"
65.55.213.66 - - [28/Aug/2013:15:42:04 +0800] "GET /index.htm HTTP/1.1" 200 28578 "-" "msnbot/2.0b (+http://search.msn.com/msnbot.htm)"
65.55.213.66 - - [28/Aug/2013:15:43:24 +0800] "GET /index.htm HTTP/1.1" 200 24766 "-" "msnbot/2.0b (+http://search.msn.com/msnbot.htm)"
65.55.213.66 - - [28/Aug/2013:15:43:51 +0800] "GET /index.htm HTTP/1.1" 200 28578 "-" "msnbot/2.0b (+http://search.msn.com/msnbot.htm)"
66.249.73.210 - - [28/Aug/2013:17:35:10 +0800] "GET /robots.txt HTTP/1.1" 404 194 "-" "Mozilla/5.0 (compatible; Googlebot/2.1; +http://www.google.com/bot.html)"
66.249.73.210 - - [28/Aug/2013:17:35:11 +0800] "GET /Clothing-5/news/article-138595/ HTTP/1.1" 500 3634 "-" "Mozilla/5.0 (compatible; Googlebot/2.1; +http://www.google.com/bot.html)"
220.181.89.184 - - [28/Aug/2013:17:42:12 +0800] "GET /Mobile-6/news/article-138618-page3/ HTTP/1.1" 500 3634 "-" "Sogou web spider/4.0(+http://www.sogou.com/docs/help/webmasters.htm#07)"
220.181.89.184 - - [28/Aug/2013:17:42:48 +0800] "GET /Jewelry-9/news/article-138666-page4/ HTTP/1.1" 500 3634 "-" "Sogou web spider/4.0(+http://www.sogou.com/docs/help/webmasters.htm#07)"
220.181.89.184 - - [28/Aug/2013:17:51:54 +0800] "GET /Clothing-5/news/article-8899-page2/ HTTP/1.1" 500 3634 "-" "Sogou web spider/4.0(+http://www.sogou.com/docs/help/webmasters.htm#07)"
220.181.89.184 - - [28/Aug/2013:17:52:38 +0800] "GET /Mobile-6/news/article-138619-page1/ HTTP/1.1" 500 3634 "-" "Sogou web spider/4.0(+http://www.sogou.com/docs/help/webmasters.htm#07)"
220.181.89.184 - - [28/Aug/2013:17:57:02 +0800] "GET /jewelry-9/news/article-138631-page2/ HTTP/1.1" 500 3634 "-" "Sogou web spider/4.0(+http://www.sogou.com/docs/help/webmasters.htm#07)"
208.115.113.84 - - [28/Aug/2013:17:57:42 +0800] "GET /robots.txt HTTP/1.1" 404 194 "-" "Mozilla/5.0 (compatible; Ezooms/1.0; ezooms.bot@gmail.com)"
208.115.113.84 - - [28/Aug/2013:17:57:42 +0800] "GET /robots.txt HTTP/1.1" 404 194 "-" "Mozilla/5.0 (compatible; Ezooms/1.0; ezooms.bot@gmail.com)"
220.181.89.184 - - [28/Aug/2013:18:07:21 +0800] "GET /news/news-info.do?article_id=138635&prso_id_one=9&prso_name_one_en=&current_page=2 HTTP/1.1" 500 3183 "-" "Sogou web spider/4.0(+http://www.sogou.com/docs/help/webmasters.htm#07)"
220.181.89.184 - - [28/Aug/2013:18:19:40 +0800] "GET /Mobile-6/news/article-138618-page3/ HTTP/1.1" 500 3634 "-" "Sogou web spider/4.0(+http://www.sogou.com/docs/help/webmasters.htm#07)"
220.181.89.184 - - [28/Aug/2013:18:19:51 +0800] "GET /Jewelry-9/news/article-138666-page4/ HTTP/1.1" 500 3634 "-" "Sogou web spider/4.0(+http://www.sogou.com/docs/help/webmasters.htm#07)"
220.181.89.184 - - [28/Aug/2013:18:24:03 +0800] "GET /Clothing-5/news/article-8899-page2/ HTTP/1.1" 500 3634 "-" "Sogou web spider/4.0(+http://www.sogou.com/docs/help/webmasters.htm#07)"
220.181.89.184 - - [28/Aug/2013:18:25:40 +0800] "GET /Mobile-6/news/article-138619-page1/ HTTP/1.1" 500 3634 "-" "Sogou web spider/4.0(+http://www.sogou.com/docs/help/webmasters.htm#07)"
220.181.89.184 - - [28/Aug/2013:18:30:04 +0800] "GET /jewelry-9/news/article-138631-page2/ HTTP/1.1" 500 3634 "-" "Sogou web spider/4.0(+http://www.sogou.com/docs/help/webmasters.htm#07)"
220.181.89.184 - - [28/Aug/2013:18:37:28 +0800] "GET /news/news-info.do?article_id=138631&prso_id_one=9&prso_name_one_en=&current_page=8 HTTP/1.1" 500 3183 "-" "Sogou web spider/4.0(+http://www.sogou.com/docs/help/webmasters.htm#07)"
66.249.73.215 - - [28/Aug/2013:18:52:18 +0800] "GET /Clothing-5/news/article-138595/ HTTP/1.1" 500 3634 "-" "Mozilla/5.0 (compatible; Googlebot/2.1; +http://www.google.com/bot.html)"
123.125.71.89 - - [28/Aug/2013:19:26:50 +0800] "GET /clothing-5/news/article-8888/ HTTP/1.1" 500 3634 "-" "Mozilla/5.0 (compatible; Baiduspider/2.0; +http://www.baidu.com/search/spider.html)"
5.10.83.104 - - [28/Aug/2013:19:45:37 +0800] "GET /clothing-5/news/article-138891/ HTTP/1.1" 500 3634 "-" "Mozilla/5.0 (compatible; AhrefsBot/5.0; +http://ahrefs.com/robot/)"
66.249.73.164 - - [28/Aug/2013:19:46:21 +0800] "GET /robots.txt HTTP/1.1" 404 194 "-" "Mozilla/5.0 (compatible; Googlebot/2.1; +http://www.google.com/bot.html)"
66.249.73.164 - - [28/Aug/2013:19:46:22 +0800] "GET /Mobile-6/news/article-10381/ HTTP/1.1" 500 3634 "-" "Mozilla/5.0 (compatible; Googlebot/2.1; +http://www.google.com/bot.html)"
208.115.113.84 - - [28/Aug/2013:19:48:20 +0800] "GET /Clothing-5/news/article-138893-page1/ HTTP/1.1" 500 3634 "-" "Mozilla/5.0 (compatible; Ezooms/1.0; ezooms.bot@gmail.com)"
208.115.111.68 - - [28/Aug/2013:19:57:49 +0800] "GET /robots.txt HTTP/1.1" 404 194 "-" "Mozilla/5.0 (compatible; Ezooms/1.0; ezooms.bot@gmail.com)"
220.181.108.99 - - [28/Aug/2013:20:09:29 +0800] "GET /clothing-5/news/article-8896/ HTTP/1.1" 500 3634 "-" "Mozilla/5.0 (compatible; Baiduspider/2.0; +http://www.baidu.com/search/spider.html)"
65.55.24.219 - - [28/Aug/2013:21:00:25 +0800] "GET /robots.txt HTTP/1.1" 404 194 "-" "Mozilla/5.0 (compatible; bingbot/2.0; +http://www.bing.com/bingbot.htm)"
5.10.83.31 - - [28/Aug/2013:21:00:29 +0800] "GET /clothing-5/news/article-8896/ HTTP/1.1" 500 3634 "-" "Mozilla/5.0 (compatible; AhrefsBot/5.0; +http://ahrefs.com/robot/)"
157.55.34.175 - - [28/Aug/2013:21:05:56 +0800] "GET /robots.txt HTTP/1.1" 404 194 "-" "Mozilla/5.0 (compatible; bingbot/2.0; +http://www.bing.com/bingbot.htm)"
220.181.108.99 - - [28/Aug/2013:21:05:57 +0800] "GET /Jewelry-9/news/article-138635/ HTTP/1.1" 500 3634 "-" "Mozilla/5.0 (compatible; Baiduspider/2.0; +http://www.baidu.com/search/spider.html)"
65.55.24.219 - - [28/Aug/2013:21:08:56 +0800] "GET / HTTP/1.1" 302 72 "-" "Mozilla/5.0 (compatible; bingbot/2.0; +http://www.bing.com/bingbot.htm)"
65.55.24.219 - - [28/Aug/2013:21:09:01 +0800] "GET /index.htm HTTP/1.1" 200 24766 "-" "Mozilla/5.0 (compatible; bingbot/2.0; +http://www.bing.com/bingbot.htm)"
157.55.34.175 - - [28/Aug/2013:21:10:20 +0800] "GET / HTTP/1.1" 302 73 "-" "Mozilla/5.0 (compatible; bingbot/2.0; +http://www.bing.com/bingbot.htm)"
65.55.24.219 - - [28/Aug/2013:21:21:55 +0800] "GET / HTTP/1.1" 302 72 "-" "Mozilla/5.0 (compatible; bingbot/2.0; +http://www.bing.com/bingbot.htm)"
65.55.24.219 - - [28/Aug/2013:21:23:34 +0800] "GET / HTTP/1.1" 302 72 "-" "Mozilla/5.0 (compatible; bingbot/2.0; +http://www.bing.com/bingbot.htm)"
208.115.111.68 - - [28/Aug/2013:21:34:12 +0800] "GET /Clothing-5/news/article-138597-page4/ HTTP/1.1" 500 3634 "-" "Mozilla/5.0 (compatible; Ezooms/1.0; ezooms.bot@gmail.com)"
123.125.71.78 - - [28/Aug/2013:21:35:51 +0800] "GET / HTTP/1.1" 302 73 "-" "Mozilla/5.0 (compatible; Baiduspider/2.0; +http://www.baidu.com/search/spider.html)"
123.125.71.73 - - [28/Aug/2013:21:35:52 +0800] "GET /index.htm HTTP/1.1" 200 28578 "-" "Mozilla/5.0 (compatible; Baiduspider/2.0; +http://www.baidu.com/search/spider.html)"
66.249.73.212 - - [28/Aug/2013:21:46:22 +0800] "GET /Clothing-5/news/article-138595/ HTTP/1.1" 500 3634 "-" "Mozilla/5.0 (compatible; Googlebot/2.1; +http://www.google.com/bot.html)"
208.115.113.84 - - [28/Aug/2013:21:58:18 +0800] "GET /robots.txt HTTP/1.1" 404 194 "-" "Mozilla/5.0 (compatible; Ezooms/1.0; ezooms.bot@gmail.com)"
208.115.113.84 - - [28/Aug/2013:21:58:19 +0800] "GET /robots.txt HTTP/1.1" 404 194 "-" "Mozilla/5.0 (compatible; Ezooms/1.0; ezooms.bot@gmail.com)"
157.55.32.190 - - [28/Aug/2013:23:09:57 +0800] "GET /robots.txt HTTP/1.1" 404 194 "-" "Mozilla/5.0 (compatible; bingbot/2.0; +http://www.bing.com/bingbot.htm)"
157.55.32.190 - - [28/Aug/2013:23:10:43 +0800] "GET /Clothing-5/news/article-138924/ HTTP/1.1" 500 3634 "-" "Mozilla/5.0 (compatible; bingbot/2.0; +http://www.bing.com/bingbot.htm)"
5.10.83.104 - - [28/Aug/2013:23:10:48 +0800] "GET /clothing-5/news/sort-51/ HTTP/1.1" 500 3633 "-" "Mozilla/5.0 (compatible; AhrefsBot/5.0; +http://ahrefs.com/robot/)"
157.55.32.190 - - [28/Aug/2013:23:12:16 +0800] "GET /Clothing-5/news/article-138924/ HTTP/1.0" 500 3634 "-" "Mozilla/5.0 (compatible; bingbot/2.0; +http://www.bing.com/bingbot.htm)"
208.115.113.84 - - [28/Aug/2013:23:48:39 +0800] "GET /Clothing-5/news/article-138595-page4/ HTTP/1.1" 500 3634 "-" "Mozilla/5.0 (compatible; Ezooms/1.0; ezooms.bot@gmail.com)"
208.115.113.84 - - [28/Aug/2013:23:56:41 +0800] "GET /Jewelry-9/news/article-138783-page8/ HTTP/1.1" 500 3634 "-" "Mozilla/5.0 (compatible; Ezooms/1.0; ezooms.bot@gmail.com)"
5.10.83.55 - - [29/Aug/2013:00:33:14 +0800] "GET /clothing-5/news/article-138596/ HTTP/1.1" 500 3634 "-" "Mozilla/5.0 (compatible; AhrefsBot/5.0; +http://ahrefs.com/robot/)"
5.10.83.91 - - [29/Aug/2013:00:34:31 +0800] "GET /clothing-5/news/article-8898/ HTTP/1.1" 500 3634 "-" "Mozilla/5.0 (compatible; AhrefsBot/5.0; +http://ahrefs.com/robot/)"
1.202.218.72 - - [29/Aug/2013:00:36:21 +0800] "GET /robots.txt HTTP/1.1" 404 194 "-" "Mozilla/5.0 ()"
1.202.218.139 - - [29/Aug/2013:00:36:23 +0800] "HEAD /Jewelry-9/news/article-138781/ HTTP/1.1" 500 0 "-" "Mozilla/5.0 (compatible; JikeSpider; +http://shoulu.jike.com/spider.html)"
1.202.218.130 - - [29/Aug/2013:00:36:23 +0800] "GET /Jewelry-9/news/article-138781/ HTTP/1.1" 500 3634 "-" "Mozilla/5.0 (compatible; JikeSpider; +http://shoulu.jike.com/spider.html)"
208.115.113.84 - - [29/Aug/2013:01:57:27 +0800] "GET /robots.txt HTTP/1.1" 404 194 "-" "Mozilla/5.0 (compatible; Ezooms/1.0; ezooms.bot@gmail.com)"
66.249.73.162 - - [29/Aug/2013:02:03:24 +0800] "GET /Mobile-6/news/article-138554-page7/ HTTP/1.1" 500 3634 "-" "Mozilla/5.0 (compatible; Googlebot/2.1; +http://www.google.com/bot.html)"
