123.125.71.97 - - [13/Aug/2013:12:23:49 +0800] "GET /Clothing-5/news/article-138877/ HTTP/1.1" 500 3634 "-" "Mozilla/5.0 (compatible; Baiduspider/2.0; +http://www.baidu.com/search/spider.html)"
220.181.108.112 - - [13/Aug/2013:12:30:09 +0800] "GET /Clothing-5/news/article-138598/ HTTP/1.1" 500 3634 "-" "Mozilla/5.0 (compatible; Baiduspider/2.0; +http://www.baidu.com/search/spider.html)"
115.236.138.84 - - [13/Aug/2013:12:33:15 +0800] "GET /robots.txt HTTP/1.1" 404 944 "http://clothing.ding9.com/" "Mozilla/5.0 (compatible; MSIE 8.0; Windows NT 6.1)"
157.56.92.178 - - [13/Aug/2013:12:48:20 +0800] "GET /robots.txt HTTP/1.1" 404 194 "-" "Mozilla/5.0 (compatible; bingbot/2.0; +http://www.bing.com/bingbot.htm)"
220.181.108.114 - - [13/Aug/2013:13:08:07 +0800] "GET /Jewelry-9/news/article-138668/ HTTP/1.1" 500 3634 "-" "Mozilla/5.0 (compatible; Baiduspider/2.0; +http://www.baidu.com/search/spider.html)"
123.125.71.50 - - [13/Aug/2013:13:41:27 +0800] "GET /Jewelry-9/news/article-138664/ HTTP/1.1" 500 3634 "-" "Mozilla/5.0 (compatible; Baiduspider/2.0; +http://www.baidu.com/search/spider.html)"
101.226.166.246 - - [13/Aug/2013:13:51:24 +0800] "GET /clothing-5/news/article-8884-page2/ HTTP/1.1" 500 4384 "http://clothing.ding9.com/clothing-5/news/article-8884-page2/" "Mozilla/4.0 (compatible; MSIE 8.0; Windows NT 6.1; Trident/4.0; SLCC2; .NET CLR 2.0.50727; .NET CLR 3.5.30729; .NET CLR 3.0.30729; Media Center PC 6.0; MDDR; .NET4.0C; .NET4.0E; .NET CLR 1.1.4322; Tablet PC 2.0); 360Spider"
220.181.108.182 - - [13/Aug/2013:14:14:47 +0800] "GET /Jewelry-9/news/article-138665/ HTTP/1.1" 500 3634 "-" "Mozilla/5.0 (compatible; Baiduspider/2.0; +http://www.baidu.com/search/spider.html)"
157.55.32.229 - - [13/Aug/2013:14:14:48 +0800] "GET /robots.txt HTTP/1.1" 404 194 "-" "Mozilla/5.0 (compatible; bingbot/2.0; +http://www.bing.com/bingbot.htm)"
157.55.32.229 - - [13/Aug/2013:14:15:38 +0800] "GET / HTTP/1.1" 302 73 "-" "Mozilla/5.0 (compatible; bingbot/2.0; +http://www.bing.com/bingbot.htm)"
157.56.92.178 - - [13/Aug/2013:14:38:32 +0800] "GET /Clothing-5/news/article-8888/ HTTP/1.0" 500 3634 "-" "Mozilla/5.0 (compatible; bingbot/2.0; +http://www.bing.com/bingbot.htm)"
220.181.108.106 - - [13/Aug/2013:14:48:07 +0800] "GET /Jewelry-9/news/article-138667/ HTTP/1.1" 500 3634 "-" "Mozilla/5.0 (compatible; Baiduspider/2.0; +http://www.baidu.com/search/spider.html)"
220.181.89.184 - - [13/Aug/2013:14:49:33 +0800] "GET /Mobile-6/news/article-138556-page5/ HTTP/1.1" 500 3634 "-" "Sogou web spider/4.0(+http://www.sogou.com/docs/help/webmasters.htm#07)"
220.181.89.184 - - [13/Aug/2013:15:01:32 +0800] "GET /Mobile-6/news/article-138552-page3/ HTTP/1.1" 500 3634 "-" "Sogou web spider/4.0(+http://www.sogou.com/docs/help/webmasters.htm#07)"
66.249.72.143 - - [13/Aug/2013:15:25:22 +0800] "GET /robots.txt HTTP/1.1" 404 194 "-" "Mozilla/5.0 (compatible; Googlebot/2.1; +http://www.google.com/bot.html)"
66.249.72.143 - - [13/Aug/2013:15:25:23 +0800] "GET /Mobile-6/news/article-138553-page2/ HTTP/1.1" 500 3634 "-" "Mozilla/5.0 (compatible; Googlebot/2.1; +http://www.google.com/bot.html)"
66.249.72.143 - - [13/Aug/2013:15:36:51 +0800] "GET /Mobile-6/news/article-138552-page8/ HTTP/1.1" 500 3634 "-" "Mozilla/5.0 (compatible; Googlebot/2.1; +http://www.google.com/bot.html)"
220.181.89.184 - - [13/Aug/2013:15:40:15 +0800] "GET /Mobile-6/news/article-138556-page5/ HTTP/1.1" 500 3634 "-" "Sogou web spider/4.0(+http://www.sogou.com/docs/help/webmasters.htm#07)"
157.56.92.178 - - [13/Aug/2013:15:40:49 +0800] "GET /Clothing-5/news/article-8888/ HTTP/1.0" 500 3634 "-" "Mozilla/5.0 (compatible; bingbot/2.0; +http://www.bing.com/bingbot.htm)"
220.181.89.184 - - [13/Aug/2013:15:55:30 +0800] "GET /Mobile-6/news/article-138552-page3/ HTTP/1.1" 500 3634 "-" "Sogou web spider/4.0(+http://www.sogou.com/docs/help/webmasters.htm#07)"
66.249.72.141 - - [13/Aug/2013:16:08:43 +0800] "GET /Mobile-6/news/article-138553-page9/ HTTP/1.1" 500 3634 "-" "Mozilla/5.0 (compatible; Googlebot/2.1; +http://www.google.com/bot.html)"
66.249.72.143 - - [13/Aug/2013:16:10:36 +0800] "GET /Mobile-6/news/article-138557-page6/ HTTP/1.1" 500 3634 "-" "Mozilla/5.0 (compatible; Googlebot/2.1; +http://www.google.com/bot.html)"
66.249.72.148 - - [13/Aug/2013:16:14:22 +0800] "GET /Mobile-6/news/article-138864-page3/ HTTP/1.1" 500 3634 "-" "Mozilla/5.0 (compatible; Googlebot/2.1; +http://www.google.com/bot.html)"
66.249.72.145 - - [13/Aug/2013:16:21:54 +0800] "GET /Mobile-6/news/article-138865-page5/ HTTP/1.1" 500 3634 "-" "Mozilla/5.0 (compatible; Googlebot/2.1; +http://www.google.com/bot.html)"
119.33.202.66 - - [13/Aug/2013:16:24:19 +0800] "GET / HTTP/1.1" 302 72 "http://www.ding9.com/" "Mozilla/5.0 (compatible; MSIE 9.0; Windows NT 6.1; WOW64; Trident/5.0)"
119.33.202.66 - - [13/Aug/2013:16:24:21 +0800] "GET /index.htm HTTP/1.1" 200 24766 "http://www.ding9.com/" "Mozilla/5.0 (compatible; MSIE 9.0; Windows NT 6.1; WOW64; Trident/5.0)"
119.33.202.66 - - [13/Aug/2013:16:24:21 +0800] "GET /css3.0/tefont.css HTTP/1.1" 200 634 "http://jingpin.ding9.com/index.htm" "Mozilla/5.0 (compatible; MSIE 9.0; Windows NT 6.1; WOW64; Trident/5.0)"
119.33.202.66 - - [13/Aug/2013:16:24:21 +0800] "GET /images/menubg_03.jpg HTTP/1.1" 200 453 "http://jingpin.ding9.com/index.htm" "Mozilla/5.0 (compatible; MSIE 9.0; Windows NT 6.1; WOW64; Trident/5.0)"
119.33.202.66 - - [13/Aug/2013:16:24:21 +0800] "GET /css3.0/te.css HTTP/1.1" 200 3436 "http://jingpin.ding9.com/index.htm" "Mozilla/5.0 (compatible; MSIE 9.0; Windows NT 6.1; WOW64; Trident/5.0)"
119.33.202.66 - - [13/Aug/2013:16:24:21 +0800] "GET /teimages/arrow_022.gif HTTP/1.1" 200 63 "http://jingpin.ding9.com/index.htm" "Mozilla/5.0 (compatible; MSIE 9.0; Windows NT 6.1; WOW64; Trident/5.0)"
119.33.202.66 - - [13/Aug/2013:16:24:21 +0800] "GET /images/menubg_08.jpg HTTP/1.1" 200 480 "http://jingpin.ding9.com/index.htm" "Mozilla/5.0 (compatible; MSIE 9.0; Windows NT 6.1; WOW64; Trident/5.0)"
119.33.202.66 - - [13/Aug/2013:16:24:21 +0800] "GET /images/sssb/more.jpg HTTP/1.1" 200 954 "http://jingpin.ding9.com/index.htm" "Mozilla/5.0 (compatible; MSIE 9.0; Windows NT 6.1; WOW64; Trident/5.0)"
119.33.202.66 - - [13/Aug/2013:16:24:21 +0800] "GET /images/focus2.swf HTTP/1.1" 200 10755 "http://jingpin.ding9.com/index.htm" "Mozilla/5.0 (compatible; MSIE 9.0; Windows NT 6.1; WOW64; Trident/5.0)"
119.33.202.66 - - [13/Aug/2013:16:24:21 +0800] "GET /images/menubg_m.jpg HTTP/1.1" 200 4390 "http://jingpin.ding9.com/index.htm" "Mozilla/5.0 (compatible; MSIE 9.0; Windows NT 6.1; WOW64; Trident/5.0)"
119.33.202.66 - - [13/Aug/2013:16:24:21 +0800] "GET /images/menubg_04.jpg HTTP/1.1" 200 382 "http://jingpin.ding9.com/index.htm" "Mozilla/5.0 (compatible; MSIE 9.0; Windows NT 6.1; WOW64; Trident/5.0)"
119.33.202.66 - - [13/Aug/2013:16:24:21 +0800] "GET /undefined HTTP/1.1" 404 943 "http://jingpin.ding9.com/images/focus2.swf" "Mozilla/5.0 (compatible; MSIE 9.0; Windows NT 6.1; WOW64; Trident/5.0)"
119.33.202.66 - - [13/Aug/2013:16:24:21 +0800] "GET /favicon.ico HTTP/1.1" 404 945 "-" "Mozilla/5.0 (compatible; MSIE 9.0; Windows NT 6.1; WOW64; Trident/5.0)"
119.33.202.66 - - [13/Aug/2013:16:24:21 +0800] "GET /undefined HTTP/1.1" 404 943 "http://jingpin.ding9.com/images/focus2.swf" "Mozilla/5.0 (compatible; MSIE 9.0; Windows NT 6.1; WOW64; Trident/5.0)"
119.33.202.66 - - [13/Aug/2013:16:24:22 +0800] "GET /undefined HTTP/1.1" 404 943 "http://jingpin.ding9.com/images/focus2.swf" "Mozilla/5.0 (compatible; MSIE 9.0; Windows NT 6.1; WOW64; Trident/5.0)"
119.33.202.66 - - [13/Aug/2013:16:24:22 +0800] "GET /undefined HTTP/1.1" 404 943 "http://jingpin.ding9.com/images/focus2.swf" "Mozilla/5.0 (compatible; MSIE 9.0; Windows NT 6.1; WOW64; Trident/5.0)"
220.181.89.184 - - [14/Aug/2013:02:35:17 +0800] "GET /Mobile-6/news/article-138618-page5/ HTTP/1.1" 500 3634 "-" "Sogou web spider/4.0(+http://www.sogou.com/docs/help/webmasters.htm#07)"
220.181.89.184 - - [14/Aug/2013:02:53:36 +0800] "GET /Mobile-6/news/article-138618-page4/ HTTP/1.1" 500 3634 "-" "Sogou web spider/4.0(+http://www.sogou.com/docs/help/webmasters.htm#07)"
220.181.89.184 - - [14/Aug/2013:02:59:42 +0800] "GET /Mobile-6/news/article-138618-page5/ HTTP/1.1" 500 3634 "-" "Sogou web spider/4.0(+http://www.sogou.com/docs/help/webmasters.htm#07)"
220.181.108.115 - - [14/Aug/2013:03:49:30 +0800] "GET /Clothing-5/news/sort-50/ HTTP/1.1" 500 3633 "-" "Mozilla/5.0 (compatible; Baiduspider/2.0; +http://www.baidu.com/search/spider.html)"
123.125.71.59 - - [14/Aug/2013:04:10:08 +0800] "GET / HTTP/1.1" 302 73 "-" "Mozilla/5.0 (compatible; Baiduspider/2.0; +http://www.baidu.com/search/spider.html)"
123.125.71.32 - - [14/Aug/2013:04:10:11 +0800] "GET /index.htm HTTP/1.1" 200 28578 "-" "Mozilla/5.0 (compatible; Baiduspider/2.0; +http://www.baidu.com/search/spider.html)"
123.125.71.112 - - [14/Aug/2013:04:27:18 +0800] "GET /Clothing-5/news/article-8897/ HTTP/1.1" 500 3634 "-" "Mozilla/5.0 (compatible; Baiduspider/2.0; +http://www.baidu.com/search/spider.html)"
220.181.108.149 - - [14/Aug/2013:04:48:34 +0800] "GET /Clothing-5/news/article-138597/ HTTP/1.1" 500 3634 "-" "Mozilla/5.0 (compatible; Baiduspider/2.0; +http://www.baidu.com/search/spider.html)"
123.125.71.75 - - [14/Aug/2013:04:54:56 +0800] "GET /Clothing-5/news/article-138595/ HTTP/1.1" 500 3634 "-" "Mozilla/5.0 (compatible; Baiduspider/2.0; +http://www.baidu.com/search/spider.html)"
157.55.32.229 - - [14/Aug/2013:05:35:18 +0800] "GET /robots.txt HTTP/1.1" 404 194 "-" "Mozilla/5.0 (compatible; bingbot/2.0; +http://www.bing.com/bingbot.htm)"
157.55.32.229 - - [14/Aug/2013:05:36:00 +0800] "GET / HTTP/1.1" 302 73 "-" "Mozilla/5.0 (compatible; bingbot/2.0; +http://www.bing.com/bingbot.htm)"
157.55.35.42 - - [14/Aug/2013:06:46:04 +0800] "GET /robots.txt HTTP/1.1" 404 194 "-" "Mozilla/5.0 (compatible; bingbot/2.0; +http://www.bing.com/bingbot.htm)"
157.55.35.42 - - [14/Aug/2013:06:48:07 +0800] "GET / HTTP/1.1" 302 72 "-" "Mozilla/5.0 (compatible; bingbot/2.0; +http://www.bing.com/bingbot.htm)"
123.125.71.101 - - [14/Aug/2013:07:08:33 +0800] "GET /Jewelry-9/news/article-138668/ HTTP/1.1" 500 3634 "-" "Mozilla/5.0 (compatible; Baiduspider/2.0; +http://www.baidu.com/search/spider.html)"
157.55.35.42 - - [14/Aug/2013:07:22:13 +0800] "GET / HTTP/1.1" 302 72 "-" "Mozilla/5.0 (compatible; bingbot/2.0; +http://www.bing.com/bingbot.htm)"
157.55.35.42 - - [14/Aug/2013:07:23:54 +0800] "GET /index.htm HTTP/1.1" 200 24766 "-" "Mozilla/5.0 (compatible; bingbot/2.0; +http://www.bing.com/bingbot.htm)"
123.125.71.25 - - [14/Aug/2013:07:41:54 +0800] "GET /Jewelry-9/news/article-138667/ HTTP/1.1" 500 3634 "-" "Mozilla/5.0 (compatible; Baiduspider/2.0; +http://www.baidu.com/search/spider.html)"
123.125.71.71 - - [14/Aug/2013:13:06:16 +0800] "GET /robots.txt HTTP/1.1" 404 194 "-" "Mozilla/5.0 (compatible; Baiduspider/2.0; +http://www.baidu.com/search/spider.html)"
220.181.108.97 - - [14/Aug/2013:13:42:55 +0800] "GET /index.htm HTTP/1.1" 200 28578 "-" "Mozilla/5.0 (compatible; Baiduspider/2.0; +http://www.baidu.com/search/spider.html)"
220.181.108.112 - - [14/Aug/2013:13:42:56 +0800] "GET / HTTP/1.1" 302 73 "-" "Mozilla/5.0 (compatible; Baiduspider/2.0; +http://www.baidu.com/search/spider.html)"
220.181.108.76 - - [14/Aug/2013:13:42:56 +0800] "GET /index.htm HTTP/1.1" 200 28578 "-" "Mozilla/5.0 (compatible; Baiduspider/2.0; +http://www.baidu.com/search/spider.html)"
123.125.71.88 - - [14/Aug/2013:14:07:41 +0800] "GET /Clothing-5/news/article-8899/ HTTP/1.1" 500 3634 "-" "Mozilla/5.0 (compatible; Baiduspider/2.0; +http://www.baidu.com/search/spider.html)"
123.125.71.103 - - [14/Aug/2013:14:34:12 +0800] "GET /Clothing-5/news/article-138924/ HTTP/1.1" 500 3634 "-" "Mozilla/5.0 (compatible; Baiduspider/2.0; +http://www.baidu.com/search/spider.html)"
123.125.71.49 - - [14/Aug/2013:14:38:23 +0800] "GET /robots.txt HTTP/1.1" 404 194 "-" "Mozilla/5.0 (compatible; Baiduspider/2.0; +http://www.baidu.com/search/spider.html)"
220.181.89.184 - - [14/Aug/2013:14:44:51 +0800] "GET /robots.txt HTTP/1.1" 404 194 "-" "Sogou web spider/4.0"
220.181.89.184 - - [14/Aug/2013:14:53:39 +0800] "GET /Mobile-6/news/article-138555-page3/ HTTP/1.1" 500 3634 "-" "Sogou web spider/4.0(+http://www.sogou.com/docs/help/webmasters.htm#07)"
220.181.89.184 - - [14/Aug/2013:14:53:46 +0800] "GET /Jewelry-9/news/article-138666-page4/ HTTP/1.1" 500 3634 "-" "Sogou web spider/4.0(+http://www.sogou.com/docs/help/webmasters.htm#07)"
220.181.89.184 - - [14/Aug/2013:14:59:37 +0800] "GET /Mobile-6/news/article-138552-page12/ HTTP/1.1" 500 3634 "-" "Sogou web spider/4.0(+http://www.sogou.com/docs/help/webmasters.htm#07)"
123.125.71.26 - - [14/Aug/2013:15:02:37 +0800] "GET /Clothing-5/news/article-138892/ HTTP/1.1" 500 3634 "-" "Mozilla/5.0 (compatible; Baiduspider/2.0; +http://www.baidu.com/search/spider.html)"
220.181.89.184 - - [14/Aug/2013:15:31:30 +0800] "GET /Mobile-6/news/article-138555-page3/ HTTP/1.1" 500 3634 "-" "Sogou web spider/4.0(+http://www.sogou.com/docs/help/webmasters.htm#07)"
220.181.89.184 - - [14/Aug/2013:15:31:49 +0800] "GET /Jewelry-9/news/article-138666-page4/ HTTP/1.1" 500 3634 "-" "Sogou web spider/4.0(+http://www.sogou.com/docs/help/webmasters.htm#07)"
117.79.144.165 - - [14/Aug/2013:15:49:28 +0800] "GET / HTTP/1.1" 302 73 "-" "Mozilla/4.0 (compatible; MSIE 8.0; Windows NT 5.1; Trident/4.0)"
117.79.144.165 - - [14/Aug/2013:15:49:29 +0800] "GET /index.htm HTTP/1.1" 200 28578 "-" "Mozilla/4.0 (compatible; MSIE 8.0; Windows NT 5.1; Trident/4.0)"
117.79.144.165 - - [14/Aug/2013:15:49:30 +0800] "GET /css3.0/tefont.css HTTP/1.1" 200 634 "-" "Mozilla/4.0 (compatible; MSIE 8.0; Windows NT 5.1; Trident/4.0)"
117.79.144.165 - - [14/Aug/2013:15:49:35 +0800] "GET /css3.0/te.css HTTP/1.1" 200 3436 "-" "Mozilla/4.0 (compatible; MSIE 8.0; Windows NT 5.1; Trident/4.0)"
220.181.89.184 - - [14/Aug/2013:15:49:50 +0800] "GET /Mobile-6/news/article-138552-page12/ HTTP/1.1" 500 3634 "-" "Sogou web spider/4.0(+http://www.sogou.com/docs/help/webmasters.htm#07)"
117.79.144.165 - - [14/Aug/2013:15:55:15 +0800] "GET / HTTP/1.1" 302 72 "-" "Mozilla/4.0 (compatible; MSIE 8.0; Windows NT 5.1; Trident/4.0)"
117.79.144.165 - - [14/Aug/2013:15:55:15 +0800] "GET /index.htm HTTP/1.1" 200 24766 "-" "Mozilla/4.0 (compatible; MSIE 8.0; Windows NT 5.1; Trident/4.0)"
117.79.144.165 - - [14/Aug/2013:15:55:21 +0800] "GET /css3.0/tefont.css HTTP/1.1" 200 634 "-" "Mozilla/4.0 (compatible; MSIE 8.0; Windows NT 5.1; Trident/4.0)"
117.79.144.165 - - [14/Aug/2013:15:55:22 +0800] "GET /css3.0/te.css HTTP/1.1" 200 3436 "-" "Mozilla/4.0 (compatible; MSIE 8.0; Windows NT 5.1; Trident/4.0)"
65.55.213.66 - - [14/Aug/2013:16:02:23 +0800] "GET /robots.txt HTTP/1.1" 404 194 "-" "msnbot/2.0b (+http://search.msn.com/msnbot.htm)"
65.55.213.66 - - [14/Aug/2013:16:02:23 +0800] "GET / HTTP/1.1" 302 72 "-" "msnbot/2.0b (+http://search.msn.com/msnbot.htm)"
65.55.213.66 - - [14/Aug/2013:16:02:25 +0800] "GET /index.htm HTTP/1.1" 200 24766 "-" "msnbot/2.0b (+http://search.msn.com/msnbot.htm)"
65.55.213.66 - - [14/Aug/2013:16:02:58 +0800] "GET /robots.txt HTTP/1.1" 404 194 "-" "msnbot/2.0b (+http://search.msn.com/msnbot.htm)"
65.55.213.66 - - [14/Aug/2013:16:02:59 +0800] "GET / HTTP/1.1" 302 73 "-" "msnbot/2.0b (+http://search.msn.com/msnbot.htm)"
65.55.213.66 - - [14/Aug/2013:16:03:01 +0800] "GET /index.htm HTTP/1.1" 200 28578 "-" "msnbot/2.0b (+http://search.msn.com/msnbot.htm)"
65.55.213.66 - - [14/Aug/2013:16:03:43 +0800] "GET /index.htm HTTP/1.1" 200 28578 "-" "msnbot/2.0b (+http://search.msn.com/msnbot.htm)"
182.118.22.217 - - [14/Aug/2013:16:52:07 +0800] "GET /robots.txt HTTP/1.1" 404 194 "http://clothing.ding9.com/robots.txt" "Mozilla/5.0 (Windows; U; Windows NT 5.1; zh-CN; rv:1.8.0.11)  Firefox/1.5.0.11; 360Spider"
220.161.115.42 - - [14/Aug/2013:17:14:39 +0800] "GET /index.htm HTTP/1.1" 200 28578 "http://www.ding9.com/www.onlylove.hk" "Mozilla/4.0 (compatible; MSIE 6.0; Windows NT 5.1; SV1;)"
157.55.32.229 - - [14/Aug/2013:18:19:01 +0800] "GET /robots.txt HTTP/1.1" 404 194 "-" "Mozilla/5.0 (compatible; bingbot/2.0; +http://www.bing.com/bingbot.htm)"
157.55.32.229 - - [14/Aug/2013:18:19:28 +0800] "GET / HTTP/1.1" 302 73 "-" "Mozilla/5.0 (compatible; bingbot/2.0; +http://www.bing.com/bingbot.htm)"
220.181.108.154 - - [14/Aug/2013:19:02:24 +0800] "GET /Clothing-5/news/article-8888/ HTTP/1.1" 500 3634 "-" "Mozilla/5.0 (compatible; Baiduspider/2.0; +http://www.baidu.com/search/spider.html)"
123.125.71.74 - - [14/Aug/2013:19:22:37 +0800] "GET /Clothing-5/news/article-8896/ HTTP/1.1" 500 3634 "-" "Mozilla/5.0 (compatible; Baiduspider/2.0; +http://www.baidu.com/search/spider.html)"
123.125.71.49 - - [14/Aug/2013:20:46:11 +0800] "GET /robots.txt HTTP/1.1" 404 194 "-" "Mozilla/5.0 (compatible; Baiduspider/2.0; +http://www.baidu.com/search/spider.html)"
66.249.75.148 - - [14/Aug/2013:20:49:46 +0800] "GET /robots.txt HTTP/1.1" 404 194 "-" "Mozilla/5.0 (compatible; Googlebot/2.1; +http://www.google.com/bot.html)"
66.249.75.148 - - [14/Aug/2013:20:49:46 +0800] "GET / HTTP/1.1" 302 73 "-" "Mozilla/5.0 (compatible; Googlebot/2.1; +http://www.google.com/bot.html)"
66.249.75.148 - - [14/Aug/2013:20:49:49 +0800] "GET /index.htm HTTP/1.1" 200 28578 "-" "Mozilla/5.0 (compatible; Googlebot/2.1; +http://www.google.com/bot.html)"
157.55.32.229 - - [14/Aug/2013:21:39:42 +0800] "GET /robots.txt HTTP/1.1" 404 194 "-" "Mozilla/5.0 (compatible; bingbot/2.0; +http://www.bing.com/bingbot.htm)"
123.125.71.30 - - [14/Aug/2013:22:16:19 +0800] "GET /robots.txt HTTP/1.1" 404 194 "-" "Mozilla/5.0 (compatible; Baiduspider/2.0; +http://www.baidu.com/search/spider.html)"
66.249.75.147 - - [14/Aug/2013:23:49:47 +0800] "GET /robots.txt HTTP/1.1" 404 194 "-" "Mozilla/5.0 (compatible; Googlebot/2.1; +http://www.google.com/bot.html)"
66.249.75.147 - - [14/Aug/2013:23:49:49 +0800] "GET /Mobile-6/news/article-138553-page2/ HTTP/1.1" 500 3634 "-" "Mozilla/5.0 (compatible; Googlebot/2.1; +http://www.google.com/bot.html)"
66.249.75.149 - - [14/Aug/2013:23:55:46 +0800] "GET /Mobile-6/news/article-138552-page8/ HTTP/1.1" 500 3634 "-" "Mozilla/5.0 (compatible; Googlebot/2.1; +http://www.google.com/bot.html)"
66.249.75.145 - - [14/Aug/2013:23:59:45 +0800] "GET /Mobile-6/news/article-138864-page3/ HTTP/1.1" 500 3634 "-" "Mozilla/5.0 (compatible; Googlebot/2.1; +http://www.google.com/bot.html)"
66.249.75.143 - - [15/Aug/2013:00:03:43 +0800] "GET /Mobile-6/news/article-138553-page9/ HTTP/1.1" 500 3634 "-" "Mozilla/5.0 (compatible; Googlebot/2.1; +http://www.google.com/bot.html)"
220.181.51.108 - - [15/Aug/2013:00:19:40 +0800] "GET /Jewelry-9/news/article-138780/ HTTP/1.1" 500 3634 "-" "Mozilla"
220.181.51.103 - - [15/Aug/2013:00:19:45 +0800] "GET /Jewelry-9/news/article-138667/ HTTP/1.1" 500 3634 "-" "Mozilla"
220.181.51.107 - - [15/Aug/2013:00:19:51 +0800] "GET /Jewelry-9/news/article-138785/ HTTP/1.1" 500 3634 "-" "Mozilla"
220.181.51.110 - - [15/Aug/2013:00:19:57 +0800] "GET /Jewelry-9/news/article-138635/ HTTP/1.1" 500 3634 "-" "Mozilla"
220.181.51.105 - - [15/Aug/2013:00:20:02 +0800] "GET /Jewelry-9/news/article-138784/ HTTP/1.1" 500 3634 "-" "Mozilla"
66.249.75.143 - - [15/Aug/2013:00:36:34 +0800] "GET /Mobile-6/news/article-138557-page6/ HTTP/1.1" 500 3634 "-" "Mozilla/5.0 (compatible; Googlebot/2.1; +http://www.google.com/bot.html)"
66.249.75.150 - - [15/Aug/2013:00:38:32 +0800] "GET /Mobile-6/news/article-138865-page5/ HTTP/1.1" 500 3634 "-" "Mozilla/5.0 (compatible; Googlebot/2.1; +http://www.google.com/bot.html)"
66.249.75.144 - - [15/Aug/2013:00:52:29 +0800] "GET /Mobile-6/news/article-138863-page4/ HTTP/1.1" 500 3634 "-" "Mozilla/5.0 (compatible; Googlebot/2.1; +http://www.google.com/bot.html)"
66.249.75.150 - - [15/Aug/2013:00:55:27 +0800] "GET /Mobile-6/news/article-8966-page3/ HTTP/1.1" 500 3634 "-" "Mozilla/5.0 (compatible; Googlebot/2.1; +http://www.google.com/bot.html)"
220.181.108.116 - - [15/Aug/2013:01:44:19 +0800] "GET /Jewelry-9/news/article-138666/ HTTP/1.1" 500 3634 "-" "Mozilla/5.0 (compatible; Baiduspider/2.0; +http://www.baidu.com/search/spider.html)"
220.181.108.163 - - [15/Aug/2013:02:17:39 +0800] "GET /Jewelry-9/news/article-138669/ HTTP/1.1" 500 3634 "-" "Mozilla/5.0 (compatible; Baiduspider/2.0; +http://www.baidu.com/search/spider.html)"
123.125.71.106 - - [15/Aug/2013:02:51:21 +0800] "GET /Jewelry-9/news/article-138777/ HTTP/1.1" 500 3634 "-" "Mozilla/5.0 (compatible; Baiduspider/2.0; +http://www.baidu.com/search/spider.html)"
220.181.89.184 - - [15/Aug/2013:03:03:42 +0800] "GET /Mobile-6/news/article-138618-page3/ HTTP/1.1" 500 3634 "-" "Sogou web spider/4.0(+http://www.sogou.com/docs/help/webmasters.htm#07)"
220.181.89.184 - - [15/Aug/2013:03:19:38 +0800] "GET /Mobile-6/news/article-138619-page1/ HTTP/1.1" 500 3634 "-" "Sogou web spider/4.0(+http://www.sogou.com/docs/help/webmasters.htm#07)"
220.181.89.184 - - [15/Aug/2013:03:20:02 +0800] "GET /jewelry-9/news/article-138631-page2/ HTTP/1.1" 500 3634 "-" "Sogou web spider/4.0(+http://www.sogou.com/docs/help/webmasters.htm#07)"
123.125.71.24 - - [15/Aug/2013:03:24:19 +0800] "GET /Jewelry-9/news/sort-53/ HTTP/1.1" 500 3633 "-" "Mozilla/5.0 (compatible; Baiduspider/2.0; +http://www.baidu.com/search/spider.html)"
220.181.89.184 - - [15/Aug/2013:03:28:20 +0800] "GET /Mobile-6/news/article-138619-page1/ HTTP/1.1" 500 3634 "-" "Sogou web spider/4.0(+http://www.sogou.com/docs/help/webmasters.htm#07)"
220.181.89.184 - - [15/Aug/2013:03:28:28 +0800] "GET /jewelry-9/news/article-138631-page2/ HTTP/1.1" 500 3634 "-" "Sogou web spider/4.0(+http://www.sogou.com/docs/help/webmasters.htm#07)"
220.181.89.184 - - [15/Aug/2013:03:43:09 +0800] "GET /Mobile-6/news/article-138618-page3/ HTTP/1.1" 500 3634 "-" "Sogou web spider/4.0(+http://www.sogou.com/docs/help/webmasters.htm#07)"
66.249.75.149 - - [15/Aug/2013:03:46:26 +0800] "GET / HTTP/1.1" 302 72 "-" "Mozilla/5.0 (compatible; Googlebot/2.1; +http://www.google.com/bot.html)"
66.249.75.149 - - [15/Aug/2013:03:46:30 +0800] "GET /index.htm HTTP/1.1" 200 24766 "-" "Mozilla/5.0 (compatible; Googlebot/2.1; +http://www.google.com/bot.html)"
157.55.32.97 - - [15/Aug/2013:04:34:25 +0800] "GET /robots.txt HTTP/1.1" 404 194 "-" "Mozilla/5.0 (compatible; bingbot/2.0; +http://www.bing.com/bingbot.htm)"
157.55.32.97 - - [15/Aug/2013:04:35:31 +0800] "GET / HTTP/1.1" 302 72 "-" "Mozilla/5.0 (compatible; bingbot/2.0; +http://www.bing.com/bingbot.htm)"
157.55.32.229 - - [15/Aug/2013:04:59:54 +0800] "GET /robots.txt HTTP/1.1" 404 194 "-" "Mozilla/5.0 (compatible; bingbot/2.0; +http://www.bing.com/bingbot.htm)"
157.55.32.229 - - [15/Aug/2013:05:00:34 +0800] "GET / HTTP/1.1" 302 73 "-" "Mozilla/5.0 (compatible; bingbot/2.0; +http://www.bing.com/bingbot.htm)"
123.125.71.27 - - [15/Aug/2013:05:50:45 +0800] "GET /Clothing-5/news/article-138876/ HTTP/1.1" 500 3634 "-" "Mozilla/5.0 (compatible; Baiduspider/2.0; +http://www.baidu.com/search/spider.html)"
220.181.108.166 - - [15/Aug/2013:06:26:18 +0800] "GET / HTTP/1.1" 302 73 "-" "Mozilla/5.0 (compatible; Baiduspider/2.0; +http://www.baidu.com/search/spider.html)"
220.181.108.176 - - [15/Aug/2013:06:26:18 +0800] "GET /index.htm HTTP/1.1" 200 28578 "-" "Mozilla/5.0 (compatible; Baiduspider/2.0; +http://www.baidu.com/search/spider.html)"
123.125.71.101 - - [15/Aug/2013:07:05:00 +0800] "GET /robots.txt HTTP/1.1" 404 194 "-" "Mozilla/5.0 (compatible; Baiduspider/2.0; +http://www.baidu.com/search/spider.html)"
182.118.20.223 - - [15/Aug/2013:07:14:10 +0800] "GET / HTTP/1.1" 302 72 "http://jingpin.ding9.com/" "Mozilla/5.0 (Windows; U; Windows NT 5.1; zh-CN; rv:1.8.0.11)  Firefox/1.5.0.11; 360Spider"
182.118.20.223 - - [15/Aug/2013:07:14:12 +0800] "GET /index.htm HTTP/1.1" 200 24766 "http://jingpin.ding9.com/index.htm" "Mozilla/5.0 (Windows; U; Windows NT 5.1; zh-CN; rv:1.8.0.11)  Firefox/1.5.0.11; 360Spider"
182.118.48.170 - - [15/Aug/2013:07:14:16 +0800] "GET /index.htm HTTP/1.1" 200 24766 "-" "Mozilla/4.0 (compatible; MSIE 8.0; Windows NT 5.1; Trident/4.0)"
182.118.48.170 - - [15/Aug/2013:07:14:16 +0800] "GET /css3.0/tefont.css HTTP/1.1" 200 634 "http://jingpin.ding9.com/index.htm" "Mozilla/4.0 (compatible; MSIE 8.0; Windows NT 5.1; Trident/4.0)"
182.118.48.170 - - [15/Aug/2013:07:14:16 +0800] "GET /css3.0/te.css HTTP/1.1" 200 3436 "http://jingpin.ding9.com/index.htm" "Mozilla/4.0 (compatible; MSIE 8.0; Windows NT 5.1; Trident/4.0)"
66.249.75.141 - - [15/Aug/2013:07:52:34 +0800] "GET /css3.0/te.css HTTP/1.1" 200 3436 "-" "Mozilla/5.0 (compatible; Googlebot/2.1; +http://www.google.com/bot.html)"
66.249.75.141 - - [15/Aug/2013:07:52:38 +0800] "GET /jingpin-9/news/sort-52/ HTTP/1.1" 500 3633 "-" "Mozilla/5.0 (compatible; Googlebot/2.1; +http://www.google.com/bot.html)"
157.55.32.229 - - [15/Aug/2013:07:53:40 +0800] "GET /robots.txt HTTP/1.1" 404 194 "-" "Mozilla/5.0 (compatible; bingbot/2.0; +http://www.bing.com/bingbot.htm)"
157.55.32.229 - - [15/Aug/2013:07:54:18 +0800] "GET /Clothing-5/news/article-138598/ HTTP/1.1" 500 3634 "-" "Mozilla/5.0 (compatible; bingbot/2.0; +http://www.bing.com/bingbot.htm)"
157.55.32.229 - - [15/Aug/2013:07:55:20 +0800] "GET /Clothing-5/news/article-138598/ HTTP/1.0" 500 3634 "-" "Mozilla/5.0 (compatible; bingbot/2.0; +http://www.bing.com/bingbot.htm)"
66.249.75.144 - - [15/Aug/2013:08:05:51 +0800] "GET /jingpin-9/news/sort-53/ HTTP/1.1" 500 3633 "-" "Mozilla/5.0 (compatible; Googlebot/2.1; +http://www.google.com/bot.html)"
66.249.75.141 - - [15/Aug/2013:08:17:50 +0800] "GET /jingpin-9/news/article-138777/ HTTP/1.1" 500 3634 "-" "Mozilla/5.0 (compatible; Googlebot/2.1; +http://www.google.com/bot.html)"
66.249.75.144 - - [15/Aug/2013:08:20:43 +0800] "GET /jingpin-9/news/article-138667/ HTTP/1.1" 500 3634 "-" "Mozilla/5.0 (compatible; Googlebot/2.1; +http://www.google.com/bot.html)"
66.249.75.141 - - [15/Aug/2013:08:29:55 +0800] "GET /jingpin-9/news/article-138779/ HTTP/1.1" 500 3634 "-" "Mozilla/5.0 (compatible; Googlebot/2.1; +http://www.google.com/bot.html)"
66.249.75.144 - - [15/Aug/2013:08:33:28 +0800] "GET /jingpin-9/news/article-138781/ HTTP/1.1" 500 3634 "-" "Mozilla/5.0 (compatible; Googlebot/2.1; +http://www.google.com/bot.html)"
66.249.75.142 - - [15/Aug/2013:08:36:40 +0800] "GET /jingpin-9/news/article-138785/ HTTP/1.1" 500 3634 "-" "Mozilla/5.0 (compatible; Googlebot/2.1; +http://www.google.com/bot.html)"
157.55.32.97 - - [15/Aug/2013:08:43:22 +0800] "GET /robots.txt HTTP/1.1" 404 194 "-" "Mozilla/5.0 (compatible; bingbot/2.0; +http://www.bing.com/bingbot.htm)"
66.249.75.147 - - [15/Aug/2013:08:46:25 +0800] "GET /jingpin-9/news/article-138663/ HTTP/1.1" 500 3634 "-" "Mozilla/5.0 (compatible; Googlebot/2.1; +http://www.google.com/bot.html)"
157.55.32.97 - - [15/Aug/2013:08:50:10 +0800] "GET / HTTP/1.1" 302 72 "-" "Mozilla/5.0 (compatible; bingbot/2.0; +http://www.bing.com/bingbot.htm)"
157.55.32.97 - - [15/Aug/2013:08:50:15 +0800] "GET /index.htm HTTP/1.1" 200 24766 "-" "Mozilla/5.0 (compatible; bingbot/2.0; +http://www.bing.com/bingbot.htm)"
157.55.32.229 - - [15/Aug/2013:08:55:49 +0800] "GET /Clothing-5/news/article-138598/ HTTP/1.0" 500 3634 "-" "Mozilla/5.0 (compatible; bingbot/2.0; +http://www.bing.com/bingbot.htm)"
66.249.75.150 - - [15/Aug/2013:09:04:13 +0800] "GET /jingpin-9/news/article-138778/ HTTP/1.1" 500 3634 "-" "Mozilla/5.0 (compatible; Googlebot/2.1; +http://www.google.com/bot.html)"
66.249.75.149 - - [15/Aug/2013:09:05:37 +0800] "GET /jingpin-9/news/article-138784/ HTTP/1.1" 500 3634 "-" "Mozilla/5.0 (compatible; Googlebot/2.1; +http://www.google.com/bot.html)"
220.181.108.118 - - [15/Aug/2013:09:06:02 +0800] "GET /Clothing-5/news/article-138924/ HTTP/1.1" 500 3634 "-" "Mozilla/5.0 (compatible; Baiduspider/2.0; +http://www.baidu.com/search/spider.html)"
66.249.75.146 - - [15/Aug/2013:09:18:34 +0800] "GET /jingpin-9/news/article-138782/ HTTP/1.1" 500 3634 "-" "Mozilla/5.0 (compatible; Googlebot/2.1; +http://www.google.com/bot.html)"
66.249.75.141 - - [15/Aug/2013:09:20:42 +0800] "GET /jingpin-9/news/article-138666/ HTTP/1.1" 500 3634 "-" "Mozilla/5.0 (compatible; Googlebot/2.1; +http://www.google.com/bot.html)"
123.125.71.69 - - [15/Aug/2013:09:22:04 +0800] "GET /Clothing-5/news/article-8895/ HTTP/1.1" 500 3634 "-" "Mozilla/5.0 (compatible; Baiduspider/2.0; +http://www.baidu.com/search/spider.html)"
101.226.166.216 - - [15/Aug/2013:09:24:41 +0800] "GET /clothing-5/news/article-8888/ HTTP/1.1" 500 4384 "http://clothing.ding9.com/clothing-5/news/article-8888/" "Mozilla/4.0 (compatible; MSIE 8.0; Windows NT 6.1; Trident/4.0; SLCC2; .NET CLR 2.0.50727; .NET CLR 3.5.30729; .NET CLR 3.0.30729; Media Center PC 6.0; MDDR; .NET4.0C; .NET4.0E; .NET CLR 1.1.4322; Tablet PC 2.0); 360Spider"
101.226.166.218 - - [15/Aug/2013:09:24:42 +0800] "GET /clothing-5/news/article-8884-page3/ HTTP/1.1" 500 4384 "http://clothing.ding9.com/clothing-5/news/article-8884-page3/" "Mozilla/4.0 (compatible; MSIE 8.0; Windows NT 6.1; Trident/4.0; SLCC2; .NET CLR 2.0.50727; .NET CLR 3.5.30729; .NET CLR 3.0.30729; Media Center PC 6.0; MDDR; .NET4.0C; .NET4.0E; .NET CLR 1.1.4322; Tablet PC 2.0); 360Spider"
101.226.166.214 - - [15/Aug/2013:09:24:42 +0800] "GET /Clothing-5/news/article-138595-page1/ HTTP/1.1" 500 4384 "http://clothing.ding9.com/Clothing-5/news/article-138595-page1/" "Mozilla/4.0 (compatible; MSIE 8.0; Windows NT 6.1; Trident/4.0; SLCC2; .NET CLR 2.0.50727; .NET CLR 3.5.30729; .NET CLR 3.0.30729; Media Center PC 6.0; MDDR; .NET4.0C; .NET4.0E; .NET CLR 1.1.4322; Tablet PC 2.0); 360Spider"
66.249.75.142 - - [15/Aug/2013:09:29:16 +0800] "GET /jingpin-9/news/article-138786/ HTTP/1.1" 500 3634 "-" "Mozilla/5.0 (compatible; Googlebot/2.1; +http://www.google.com/bot.html)"
66.249.75.143 - - [15/Aug/2013:09:40:45 +0800] "GET /jingpin-9/news/article-138662/ HTTP/1.1" 500 3634 "-" "Mozilla/5.0 (compatible; Googlebot/2.1; +http://www.google.com/bot.html)"
220.181.108.174 - - [15/Aug/2013:09:41:28 +0800] "GET /index.htm HTTP/1.1" 200 28578 "-" "Mozilla/5.0 (compatible; Baiduspider/2.0; +http://www.baidu.com/search/spider.html)"
220.181.108.181 - - [15/Aug/2013:09:41:28 +0800] "GET / HTTP/1.1" 302 73 "-" "Mozilla/5.0 (compatible; Baiduspider/2.0; +http://www.baidu.com/search/spider.html)"
220.181.108.143 - - [15/Aug/2013:09:41:29 +0800] "GET /index.htm HTTP/1.1" 200 28578 "-" "Mozilla/5.0 (compatible; Baiduspider/2.0; +http://www.baidu.com/search/spider.html)"
66.249.75.143 - - [15/Aug/2013:09:42:06 +0800] "GET /jingpin-9/news/article-138669/ HTTP/1.1" 500 3634 "-" "Mozilla/5.0 (compatible; Googlebot/2.1; +http://www.google.com/bot.html)"
66.249.75.141 - - [15/Aug/2013:09:59:34 +0800] "GET /jingpin-9/news/article-138661/ HTTP/1.1" 500 3634 "-" "Mozilla/5.0 (compatible; Googlebot/2.1; +http://www.google.com/bot.html)"
66.249.75.149 - - [15/Aug/2013:10:09:52 +0800] "GET /jingpin-9/news/article-138665/ HTTP/1.1" 500 3634 "-" "Mozilla/5.0 (compatible; Googlebot/2.1; +http://www.google.com/bot.html)"
66.249.75.148 - - [15/Aug/2013:10:22:07 +0800] "GET /jingpin-9/news/article-138635/ HTTP/1.1" 500 3634 "-" "Mozilla/5.0 (compatible; Googlebot/2.1; +http://www.google.com/bot.html)"
66.249.75.145 - - [15/Aug/2013:10:44:12 +0800] "GET /jingpin-9/news/article-138780/ HTTP/1.1" 500 3634 "-" "Mozilla/5.0 (compatible; Googlebot/2.1; +http://www.google.com/bot.html)"
66.249.75.141 - - [15/Aug/2013:11:27:35 +0800] "GET /jingpin-9/news/article-138664/ HTTP/1.1" 500 3634 "-" "Mozilla/5.0 (compatible; Googlebot/2.1; +http://www.google.com/bot.html)"
66.249.75.146 - - [15/Aug/2013:11:44:26 +0800] "GET /jingpin-9/news/article-138783/ HTTP/1.1" 500 3634 "-" "Mozilla/5.0 (compatible; Googlebot/2.1; +http://www.google.com/bot.html)"
66.249.75.148 - - [15/Aug/2013:11:58:57 +0800] "GET /robots.txt HTTP/1.1" 404 194 "-" "Mozilla/5.0 (compatible; Googlebot/2.1; +http://www.google.com/bot.html)"
66.249.75.148 - - [15/Aug/2013:11:59:32 +0800] "GET /jingpin-9/news/article-138668/ HTTP/1.1" 500 3634 "-" "Mozilla/5.0 (compatible; Googlebot/2.1; +http://www.google.com/bot.html)"
123.125.71.72 - - [15/Aug/2013:13:11:20 +0800] "GET /robots.txt HTTP/1.1" 404 194 "-" "Mozilla/5.0 (compatible; Baiduspider/2.0; +http://www.baidu.com/search/spider.html)"
66.249.75.150 - - [15/Aug/2013:14:13:07 +0800] "GET /jingpin-9/news/sort-53/ HTTP/1.1" 500 3633 "-" "Mozilla/5.0 (compatible; Googlebot/2.1; +http://www.google.com/bot.html)"
66.249.75.145 - - [15/Aug/2013:14:14:53 +0800] "GET /jingpin-9/news/sort-52/ HTTP/1.1" 500 3633 "-" "Mozilla/5.0 (compatible; Googlebot/2.1; +http://www.google.com/bot.html)"
220.181.89.184 - - [15/Aug/2013:14:33:05 +0800] "GET /Mobile-6/news/article-138553-page2/ HTTP/1.1" 500 3634 "-" "Sogou web spider/4.0(+http://www.sogou.com/docs/help/webmasters.htm#07)"
66.249.75.145 - - [15/Aug/2013:14:36:26 +0800] "GET /jingpin-9/news/article-138667/ HTTP/1.1" 500 3634 "-" "Mozilla/5.0 (compatible; Googlebot/2.1; +http://www.google.com/bot.html)"
220.181.89.184 - - [15/Aug/2013:14:38:49 +0800] "GET /Jewelry-9/news/article-138784-page11/ HTTP/1.1" 500 3634 "-" "Sogou web spider/4.0(+http://www.sogou.com/docs/help/webmasters.htm#07)"
123.125.71.87 - - [15/Aug/2013:14:43:45 +0800] "GET /robots.txt HTTP/1.1" 404 194 "-" "Mozilla/5.0 (compatible; Baiduspider/2.0; +http://www.baidu.com/search/spider.html)"
220.181.89.184 - - [15/Aug/2013:14:46:38 +0800] "GET /Mobile-6/news/article-138860-page1/ HTTP/1.1" 500 3634 "-" "Sogou web spider/4.0(+http://www.sogou.com/docs/help/webmasters.htm#07)"
66.249.75.149 - - [15/Aug/2013:14:56:09 +0800] "GET /jingpin-9/news/article-138777/ HTTP/1.1" 500 3634 "-" "Mozilla/5.0 (compatible; Googlebot/2.1; +http://www.google.com/bot.html)"
66.249.75.144 - - [15/Aug/2013:15:08:09 +0800] "GET /jingpin-9/news/article-138779/ HTTP/1.1" 500 3634 "-" "Mozilla/5.0 (compatible; Googlebot/2.1; +http://www.google.com/bot.html)"
220.181.89.184 - - [15/Aug/2013:15:09:45 +0800] "GET /Mobile-6/news/article-138553-page2/ HTTP/1.1" 500 3634 "-" "Sogou web spider/4.0(+http://www.sogou.com/docs/help/webmasters.htm#07)"
220.181.89.184 - - [15/Aug/2013:15:16:10 +0800] "GET /Jewelry-9/news/article-138784-page11/ HTTP/1.1" 500 3634 "-" "Sogou web spider/4.0(+http://www.sogou.com/docs/help/webmasters.htm#07)"
220.181.89.184 - - [15/Aug/2013:15:22:03 +0800] "GET /Mobile-6/news/article-138860-page1/ HTTP/1.1" 500 3634 "-" "Sogou web spider/4.0(+http://www.sogou.com/docs/help/webmasters.htm#07)"
66.249.75.150 - - [15/Aug/2013:15:23:20 +0800] "GET /jingpin-9/news/article-138781/ HTTP/1.1" 500 3634 "-" "Mozilla/5.0 (compatible; Googlebot/2.1; +http://www.google.com/bot.html)"
66.249.75.149 - - [15/Aug/2013:15:45:58 +0800] "GET /jingpin-9/news/article-138785/ HTTP/1.1" 500 3634 "-" "Mozilla/5.0 (compatible; Googlebot/2.1; +http://www.google.com/bot.html)"
220.181.108.110 - - [15/Aug/2013:15:56:56 +0800] "GET /Jewelry-9/news/article-138667/ HTTP/1.1" 500 3634 "-" "Mozilla/5.0 (compatible; Baiduspider/2.0; +http://www.baidu.com/search/spider.html)"
66.249.75.149 - - [15/Aug/2013:16:44:06 +0800] "GET /jingpin-9/news/article-138669/ HTTP/1.1" 500 3634 "-" "Mozilla/5.0 (compatible; Googlebot/2.1; +http://www.google.com/bot.html)"
220.181.108.177 - - [15/Aug/2013:17:03:36 +0800] "GET /Jewelry-9/news/article-138668/ HTTP/1.1" 500 3634 "-" "Mozilla/5.0 (compatible; Baiduspider/2.0; +http://www.baidu.com/search/spider.html)"
66.249.75.150 - - [15/Aug/2013:17:04:17 +0800] "GET /jingpin-9/news/article-138663/ HTTP/1.1" 500 3634 "-" "Mozilla/5.0 (compatible; Googlebot/2.1; +http://www.google.com/bot.html)"
66.249.75.145 - - [15/Aug/2013:17:18:05 +0800] "GET /jingpin-9/news/article-138778/ HTTP/1.1" 500 3634 "-" "Mozilla/5.0 (compatible; Googlebot/2.1; +http://www.google.com/bot.html)"
157.55.32.229 - - [15/Aug/2013:17:21:34 +0800] "GET /robots.txt HTTP/1.1" 404 194 "-" "Mozilla/5.0 (compatible; bingbot/2.0; +http://www.bing.com/bingbot.htm)"
157.55.32.229 - - [15/Aug/2013:17:22:02 +0800] "GET / HTTP/1.1" 302 73 "-" "Mozilla/5.0 (compatible; bingbot/2.0; +http://www.bing.com/bingbot.htm)"
5.10.83.46 - - [15/Aug/2013:17:25:14 +0800] "GET /robots.txt HTTP/1.1" 404 194 "-" "Mozilla/5.0 (compatible; AhrefsBot/5.0; +http://ahrefs.com/robot/)"
5.10.83.46 - - [15/Aug/2013:17:25:21 +0800] "GET /robots.txt HTTP/1.1" 404 194 "-" "Mozilla/5.0 (compatible; AhrefsBot/5.0; +http://ahrefs.com/robot/)"
66.249.75.150 - - [15/Aug/2013:17:35:56 +0800] "GET /jingpin-9/news/article-138784/ HTTP/1.1" 500 3634 "-" "Mozilla/5.0 (compatible; Googlebot/2.1; +http://www.google.com/bot.html)"
157.55.32.97 - - [15/Aug/2013:17:49:23 +0800] "GET /robots.txt HTTP/1.1" 404 194 "-" "Mozilla/5.0 (compatible; bingbot/2.0; +http://www.bing.com/bingbot.htm)"
157.55.32.97 - - [15/Aug/2013:17:50:18 +0800] "GET / HTTP/1.1" 302 72 "-" "Mozilla/5.0 (compatible; bingbot/2.0; +http://www.bing.com/bingbot.htm)"
66.249.75.145 - - [15/Aug/2013:17:56:11 +0800] "GET /jingpin-9/news/article-138782/ HTTP/1.1" 500 3634 "-" "Mozilla/5.0 (compatible; Googlebot/2.1; +http://www.google.com/bot.html)"
66.249.75.145 - - [15/Aug/2013:18:14:28 +0800] "GET /jingpin-9/news/article-138666/ HTTP/1.1" 500 3634 "-" "Mozilla/5.0 (compatible; Googlebot/2.1; +http://www.google.com/bot.html)"
157.55.32.97 - - [15/Aug/2013:18:27:26 +0800] "GET /Clothing-5/news/article-138595/ HTTP/1.1" 500 3634 "-" "Mozilla/5.0 (compatible; bingbot/2.0; +http://www.bing.com/bingbot.htm)"
66.249.75.143 - - [15/Aug/2013:18:31:06 +0800] "GET /jingpin-9/news/article-138786/ HTTP/1.1" 500 3634 "-" "Mozilla/5.0 (compatible; Googlebot/2.1; +http://www.google.com/bot.html)"
157.55.32.97 - - [15/Aug/2013:18:34:02 +0800] "GET /Clothing-5/news/article-138595/ HTTP/1.0" 500 3634 "-" "Mozilla/5.0 (compatible; bingbot/2.0; +http://www.bing.com/bingbot.htm)"
157.55.32.97 - - [15/Aug/2013:19:34:10 +0800] "GET /Clothing-5/news/article-138595/ HTTP/1.0" 500 3634 "-" "Mozilla/5.0 (compatible; bingbot/2.0; +http://www.bing.com/bingbot.htm)"
123.125.71.15 - - [15/Aug/2013:20:19:15 +0800] "GET /robots.txt HTTP/1.1" 404 194 "-" "Mozilla/5.0 (compatible; Baiduspider/2.0; +http://www.baidu.com/search/spider.html)"
123.125.71.105 - - [15/Aug/2013:20:53:03 +0800] "GET /Clothing-5/news/article-8888/ HTTP/1.1" 500 3634 "-" "Mozilla/5.0 (compatible; Baiduspider/2.0; +http://www.baidu.com/search/spider.html)"
66.249.73.51 - - [15/Aug/2013:20:58:02 +0800] "GET /jingpin-9/news/sort-52/ HTTP/1.1" 500 3633 "-" "Mozilla/5.0 (compatible; Googlebot/2.1; +http://www.google.com/bot.html)"
123.125.71.85 - - [15/Aug/2013:21:08:04 +0800] "GET /Clothing-5/news/article-8896/ HTTP/1.1" 500 3634 "-" "Mozilla/5.0 (compatible; Baiduspider/2.0; +http://www.baidu.com/search/spider.html)"
66.249.75.148 - - [15/Aug/2013:21:09:45 +0800] "GET /jingpin-9/news/sort-53/ HTTP/1.1" 500 3633 "-" "Mozilla/5.0 (compatible; Googlebot/2.1; +http://www.google.com/bot.html)"
157.55.32.97 - - [15/Aug/2013:21:15:54 +0800] "GET /robots.txt HTTP/1.1" 404 194 "-" "Mozilla/5.0 (compatible; bingbot/2.0; +http://www.bing.com/bingbot.htm)"
157.55.32.97 - - [15/Aug/2013:21:16:33 +0800] "GET / HTTP/1.1" 302 72 "-" "Mozilla/5.0 (compatible; bingbot/2.0; +http://www.bing.com/bingbot.htm)"
157.55.32.97 - - [15/Aug/2013:21:16:35 +0800] "GET /index.htm HTTP/1.1" 200 24766 "-" "Mozilla/5.0 (compatible; bingbot/2.0; +http://www.bing.com/bingbot.htm)"
66.249.75.143 - - [15/Aug/2013:21:19:39 +0800] "GET /jingpin-9/news/article-138667/ HTTP/1.1" 500 3634 "-" "Mozilla/5.0 (compatible; Googlebot/2.1; +http://www.google.com/bot.html)"
66.249.75.146 - - [15/Aug/2013:21:29:00 +0800] "GET /jingpin-9/news/article-138782/ HTTP/1.1" 500 3634 "-" "Mozilla/5.0 (compatible; Googlebot/2.1; +http://www.google.com/bot.html)"
66.249.75.148 - - [15/Aug/2013:21:38:36 +0800] "GET /jingpin-9/news/article-138662/ HTTP/1.1" 500 3634 "-" "Mozilla/5.0 (compatible; Googlebot/2.1; +http://www.google.com/bot.html)"
66.249.75.143 - - [15/Aug/2013:21:48:12 +0800] "GET /jingpin-9/news/article-138661/ HTTP/1.1" 500 3634 "-" "Mozilla/5.0 (compatible; Googlebot/2.1; +http://www.google.com/bot.html)"
66.249.75.150 - - [15/Aug/2013:22:03:17 +0800] "GET /jingpin-9/news/article-138665/ HTTP/1.1" 500 3634 "-" "Mozilla/5.0 (compatible; Googlebot/2.1; +http://www.google.com/bot.html)"
66.249.75.149 - - [15/Aug/2013:22:18:21 +0800] "GET /jingpin-9/news/article-138635/ HTTP/1.1" 500 3634 "-" "Mozilla/5.0 (compatible; Googlebot/2.1; +http://www.google.com/bot.html)"
66.249.75.150 - - [15/Aug/2013:22:26:17 +0800] "GET /jingpin-9/news/article-138780/ HTTP/1.1" 500 3634 "-" "Mozilla/5.0 (compatible; Googlebot/2.1; +http://www.google.com/bot.html)"
66.249.75.142 - - [15/Aug/2013:22:41:00 +0800] "GET /jingpin-9/news/article-138664/ HTTP/1.1" 500 3634 "-" "Mozilla/5.0 (compatible; Googlebot/2.1; +http://www.google.com/bot.html)"
66.249.75.144 - - [15/Aug/2013:22:46:35 +0800] "GET /jingpin-9/news/article-138783/ HTTP/1.1" 500 3634 "-" "Mozilla/5.0 (compatible; Googlebot/2.1; +http://www.google.com/bot.html)"
66.249.75.143 - - [15/Aug/2013:22:56:26 +0800] "GET /jingpin-9/news/article-138668/ HTTP/1.1" 500 3634 "-" "Mozilla/5.0 (compatible; Googlebot/2.1; +http://www.google.com/bot.html)"
123.125.71.99 - - [15/Aug/2013:23:45:14 +0800] "GET /Clothing-5/news/article-138596/ HTTP/1.1" 500 3634 "-" "Mozilla/5.0 (compatible; Baiduspider/2.0; +http://www.baidu.com/search/spider.html)"
123.125.71.76 - - [15/Aug/2013:23:45:18 +0800] "GET /Clothing-5/news/article-138598/ HTTP/1.1" 500 3634 "-" "Mozilla/5.0 (compatible; Baiduspider/2.0; +http://www.baidu.com/search/spider.html)"
123.125.71.88 - - [15/Aug/2013:23:45:22 +0800] "GET /Clothing-5/news/article-138877/ HTTP/1.1" 500 3634 "-" "Mozilla/5.0 (compatible; Baiduspider/2.0; +http://www.baidu.com/search/spider.html)"
123.125.71.107 - - [15/Aug/2013:23:45:26 +0800] "GET /Clothing-5/news/article-138892/ HTTP/1.1" 500 3634 "-" "Mozilla/5.0 (compatible; Baiduspider/2.0; +http://www.baidu.com/search/spider.html)"
123.125.71.13 - - [15/Aug/2013:23:45:30 +0800] "GET /Clothing-5/news/article-8897/ HTTP/1.1" 500 3634 "-" "Mozilla/5.0 (compatible; Baiduspider/2.0; +http://www.baidu.com/search/spider.html)"
220.181.108.141 - - [16/Aug/2013:00:08:51 +0800] "GET /Jewelry-9/news/article-138784/ HTTP/1.1" 500 3634 "-" "Mozilla/5.0 (compatible; Baiduspider/2.0; +http://www.baidu.com/search/spider.html)"
123.125.71.88 - - [16/Aug/2013:00:42:10 +0800] "GET /Jewelry-9/news/article-138780/ HTTP/1.1" 500 3634 "-" "Mozilla/5.0 (compatible; Baiduspider/2.0; +http://www.baidu.com/search/spider.html)"
123.125.71.35 - - [16/Aug/2013:01:15:31 +0800] "GET /Jewelry-9/news/article-138778/ HTTP/1.1" 500 3634 "-" "Mozilla/5.0 (compatible; Baiduspider/2.0; +http://www.baidu.com/search/spider.html)"
199.48.147.41 - - [16/Aug/2013:01:16:27 +0800] "GET / HTTP/1.0" 302 73 "http://www.sitedossier.com/site/clothing.ding9.com" "-"
173.254.216.69 - - [16/Aug/2013:01:16:33 +0800] "GET /index.htm HTTP/1.0" 200 28578 "http://www.sitedossier.com/site/clothing.ding9.com" "-"
220.181.89.184 - - [16/Aug/2013:01:25:22 +0800] "GET /robots.txt HTTP/1.1" 404 194 "-" "Sogou web spider/4.0"
220.181.89.184 - - [16/Aug/2013:01:26:35 +0800] "GET /Jewelry-9/news/article-138600-page2/ HTTP/1.1" 500 3634 "-" "Sogou web spider/4.0(+http://www.sogou.com/docs/help/webmasters.htm#07)"
119.33.202.66 - - [16/Aug/2013:01:32:23 +0800] "GET / HTTP/1.1" 302 73 "http://office.ding9.com/" "Mozilla/5.0 (compatible; MSIE 9.0; Windows NT 6.1; WOW64; Trident/5.0)"
119.33.202.66 - - [16/Aug/2013:01:32:23 +0800] "GET /index.htm HTTP/1.1" 200 28578 "http://office.ding9.com/" "Mozilla/5.0 (compatible; MSIE 9.0; Windows NT 6.1; WOW64; Trident/5.0)"
119.33.202.66 - - [16/Aug/2013:01:32:23 +0800] "GET /css3.0/tefont.css HTTP/1.1" 200 634 "http://clothing.ding9.com/index.htm" "Mozilla/5.0 (compatible; MSIE 9.0; Windows NT 6.1; WOW64; Trident/5.0)"
119.33.202.66 - - [16/Aug/2013:01:32:23 +0800] "GET /images/menubg_03.jpg HTTP/1.1" 200 453 "http://clothing.ding9.com/index.htm" "Mozilla/5.0 (compatible; MSIE 9.0; Windows NT 6.1; WOW64; Trident/5.0)"
119.33.202.66 - - [16/Aug/2013:01:32:23 +0800] "GET /images/menubg_08.jpg HTTP/1.1" 200 480 "http://clothing.ding9.com/index.htm" "Mozilla/5.0 (compatible; MSIE 9.0; Windows NT 6.1; WOW64; Trident/5.0)"
119.33.202.66 - - [16/Aug/2013:01:32:23 +0800] "GET /teimages/arrow_022.gif HTTP/1.1" 200 63 "http://clothing.ding9.com/index.htm" "Mozilla/5.0 (compatible; MSIE 9.0; Windows NT 6.1; WOW64; Trident/5.0)"
119.33.202.66 - - [16/Aug/2013:01:32:23 +0800] "GET /css3.0/te.css HTTP/1.1" 200 3436 "http://clothing.ding9.com/index.htm" "Mozilla/5.0 (compatible; MSIE 9.0; Windows NT 6.1; WOW64; Trident/5.0)"
119.33.202.66 - - [16/Aug/2013:01:32:23 +0800] "GET /images/fzfs/more.jpg HTTP/1.1" 200 1165 "http://clothing.ding9.com/index.htm" "Mozilla/5.0 (compatible; MSIE 9.0; Windows NT 6.1; WOW64; Trident/5.0)"
119.33.202.66 - - [16/Aug/2013:01:32:23 +0800] "GET /images/focus2.swf HTTP/1.1" 200 10755 "http://clothing.ding9.com/index.htm" "Mozilla/5.0 (compatible; MSIE 9.0; Windows NT 6.1; WOW64; Trident/5.0)"
119.33.202.66 - - [16/Aug/2013:01:32:23 +0800] "GET /images/menubg_m.jpg HTTP/1.1" 200 4390 "http://clothing.ding9.com/index.htm" "Mozilla/5.0 (compatible; MSIE 9.0; Windows NT 6.1; WOW64; Trident/5.0)"
119.33.202.66 - - [16/Aug/2013:01:32:24 +0800] "GET /images/menubg_04.jpg HTTP/1.1" 200 382 "http://clothing.ding9.com/index.htm" "Mozilla/5.0 (compatible; MSIE 9.0; Windows NT 6.1; WOW64; Trident/5.0)"
119.33.202.66 - - [16/Aug/2013:01:32:24 +0800] "GET /favicon.ico HTTP/1.1" 404 945 "-" "Mozilla/5.0 (compatible; MSIE 9.0; Windows NT 6.1; WOW64; Trident/5.0)"
119.33.202.66 - - [16/Aug/2013:01:32:24 +0800] "GET /undefined HTTP/1.1" 404 943 "http://clothing.ding9.com/images/focus2.swf" "Mozilla/5.0 (compatible; MSIE 9.0; Windows NT 6.1; WOW64; Trident/5.0)"
119.33.202.66 - - [16/Aug/2013:01:32:24 +0800] "GET /undefined HTTP/1.1" 404 943 "http://clothing.ding9.com/images/focus2.swf" "Mozilla/5.0 (compatible; MSIE 9.0; Windows NT 6.1; WOW64; Trident/5.0)"
119.33.202.66 - - [16/Aug/2013:01:32:24 +0800] "GET /undefined HTTP/1.1" 404 943 "http://clothing.ding9.com/images/focus2.swf" "Mozilla/5.0 (compatible; MSIE 9.0; Windows NT 6.1; WOW64; Trident/5.0)"
119.33.202.66 - - [16/Aug/2013:01:32:24 +0800] "GET /undefined HTTP/1.1" 404 943 "http://clothing.ding9.com/images/focus2.swf" "Mozilla/5.0 (compatible; MSIE 9.0; Windows NT 6.1; WOW64; Trident/5.0)"
119.33.202.66 - - [16/Aug/2013:01:32:54 +0800] "GET / HTTP/1.1" 302 72 "http://office.ding9.com/" "Mozilla/5.0 (compatible; MSIE 9.0; Windows NT 6.1; WOW64; Trident/5.0)"
119.33.202.66 - - [16/Aug/2013:01:32:54 +0800] "GET /index.htm HTTP/1.1" 200 24766 "http://office.ding9.com/" "Mozilla/5.0 (compatible; MSIE 9.0; Windows NT 6.1; WOW64; Trident/5.0)"
119.33.202.66 - - [16/Aug/2013:01:32:54 +0800] "GET /css3.0/tefont.css HTTP/1.1" 200 634 "http://jingpin.ding9.com/index.htm" "Mozilla/5.0 (compatible; MSIE 9.0; Windows NT 6.1; WOW64; Trident/5.0)"
119.33.202.66 - - [16/Aug/2013:01:32:54 +0800] "GET /css3.0/te.css HTTP/1.1" 200 3436 "http://jingpin.ding9.com/index.htm" "Mozilla/5.0 (compatible; MSIE 9.0; Windows NT 6.1; WOW64; Trident/5.0)"
119.33.202.66 - - [16/Aug/2013:01:32:54 +0800] "GET /images/menubg_03.jpg HTTP/1.1" 200 453 "http://jingpin.ding9.com/index.htm" "Mozilla/5.0 (compatible; MSIE 9.0; Windows NT 6.1; WOW64; Trident/5.0)"
119.33.202.66 - - [16/Aug/2013:01:32:54 +0800] "GET /teimages/arrow_022.gif HTTP/1.1" 200 63 "http://jingpin.ding9.com/index.htm" "Mozilla/5.0 (compatible; MSIE 9.0; Windows NT 6.1; WOW64; Trident/5.0)"
119.33.202.66 - - [16/Aug/2013:01:32:54 +0800] "GET /images/menubg_08.jpg HTTP/1.1" 200 480 "http://jingpin.ding9.com/index.htm" "Mozilla/5.0 (compatible; MSIE 9.0; Windows NT 6.1; WOW64; Trident/5.0)"
119.33.202.66 - - [16/Aug/2013:01:32:54 +0800] "GET /images/sssb/more.jpg HTTP/1.1" 200 954 "http://jingpin.ding9.com/index.htm" "Mozilla/5.0 (compatible; MSIE 9.0; Windows NT 6.1; WOW64; Trident/5.0)"
119.33.202.66 - - [16/Aug/2013:01:32:54 +0800] "GET /images/focus2.swf HTTP/1.1" 200 10755 "http://jingpin.ding9.com/index.htm" "Mozilla/5.0 (compatible; MSIE 9.0; Windows NT 6.1; WOW64; Trident/5.0)"
119.33.202.66 - - [16/Aug/2013:01:32:54 +0800] "GET /images/menubg_04.jpg HTTP/1.1" 200 382 "http://jingpin.ding9.com/index.htm" "Mozilla/5.0 (compatible; MSIE 9.0; Windows NT 6.1; WOW64; Trident/5.0)"
119.33.202.66 - - [16/Aug/2013:01:32:54 +0800] "GET /images/menubg_m.jpg HTTP/1.1" 200 4390 "http://jingpin.ding9.com/index.htm" "Mozilla/5.0 (compatible; MSIE 9.0; Windows NT 6.1; WOW64; Trident/5.0)"
119.33.202.66 - - [16/Aug/2013:01:32:54 +0800] "GET /favicon.ico HTTP/1.1" 404 945 "-" "Mozilla/5.0 (compatible; MSIE 9.0; Windows NT 6.1; WOW64; Trident/5.0)"
119.33.202.66 - - [16/Aug/2013:01:32:54 +0800] "GET /undefined HTTP/1.1" 404 943 "http://jingpin.ding9.com/images/focus2.swf" "Mozilla/5.0 (compatible; MSIE 9.0; Windows NT 6.1; WOW64; Trident/5.0)"
119.33.202.66 - - [16/Aug/2013:01:32:55 +0800] "GET /undefined HTTP/1.1" 404 943 "http://jingpin.ding9.com/images/focus2.swf" "Mozilla/5.0 (compatible; MSIE 9.0; Windows NT 6.1; WOW64; Trident/5.0)"
119.33.202.66 - - [16/Aug/2013:01:32:56 +0800] "GET /undefined HTTP/1.1" 404 943 "http://jingpin.ding9.com/images/focus2.swf" "Mozilla/5.0 (compatible; MSIE 9.0; Windows NT 6.1; WOW64; Trident/5.0)"
119.33.202.66 - - [16/Aug/2013:01:32:56 +0800] "GET /undefined HTTP/1.1" 404 943 "http://jingpin.ding9.com/images/focus2.swf" "Mozilla/5.0 (compatible; MSIE 9.0; Windows NT 6.1; WOW64; Trident/5.0)"
66.249.75.144 - - [16/Aug/2013:01:33:12 +0800] "GET /robots.txt HTTP/1.1" 404 194 "-" "Mozilla/5.0 (compatible; Googlebot/2.1; +http://www.google.com/bot.html)"
66.249.75.144 - - [16/Aug/2013:01:33:12 +0800] "GET / HTTP/1.1" 302 73 "-" "SAMSUNG-SGH-E250/1.0 Profile/MIDP-2.0 Configuration/CLDC-1.1 UP.Browser/6.2.3.3.c.1.101 (GUI) MMP/2.0 (compatible; Googlebot-Mobile/2.1; +http://www.google.com/bot.html)"
66.249.75.144 - - [16/Aug/2013:01:33:14 +0800] "GET /index.htm HTTP/1.1" 200 28578 "-" "SAMSUNG-SGH-E250/1.0 Profile/MIDP-2.0 Configuration/CLDC-1.1 UP.Browser/6.2.3.3.c.1.101 (GUI) MMP/2.0 (compatible; Googlebot-Mobile/2.1; +http://www.google.com/bot.html)"
